485  [restartedMain] INFO  c.sujith.project.ProjectApplication - Starting ProjectApplication using Java 17.0.7 with PID 17840 (C:\Users\ssama\Desktop\project\springproject\build\classes\java\main started by ssama in C:\Users\ssama\Desktop\project\springproject)
485  [restartedMain] DEBUG c.sujith.project.ProjectApplication - Running with Spring Boot v3.1.1, Spring v6.0.10
486  [restartedMain] INFO  c.sujith.project.ProjectApplication - No active profile set, falling back to 1 default profile: "default"
3605 [restartedMain] INFO  c.sujith.project.ProjectApplication - Started ProjectApplication in 3.368 seconds (process running for 3.934)
6105 [http-nio-8080-exec-1] INFO  c.s.p.interceptor.ApiInterceptor - preHandle method is invoked /api/employee/insertAll POST 1.689754207864E12
6690 [http-nio-8080-exec-1] INFO  c.s.p.interceptor.ApiInterceptor - postHandle method is invoked /api/employee/insertAll POST 1.689754208449E12
6691 [http-nio-8080-exec-1] INFO  c.s.p.interceptor.ApiInterceptor - after completion is invoked Time took is 0.585 seconds.
1432 [restartedMain] INFO  c.sujith.project.ProjectApplication - Starting ProjectApplication using Java 17.0.7 with PID 2628 (C:\Users\ssama\Desktop\project\springproject\build\classes\java\main started by ssama in C:\Users\ssama\Desktop\project\springproject)
1433 [restartedMain] DEBUG c.sujith.project.ProjectApplication - Running with Spring Boot v3.1.1, Spring v6.0.10
1434 [restartedMain] INFO  c.sujith.project.ProjectApplication - No active profile set, falling back to 1 default profile: "default"
974  [restartedMain] INFO  c.sujith.project.ProjectApplication - Starting ProjectApplication using Java 17.0.7 with PID 6152 (C:\Users\ssama\Desktop\project\springproject\build\classes\java\main started by ssama in C:\Users\ssama\Desktop\project\springproject)
975  [restartedMain] DEBUG c.sujith.project.ProjectApplication - Running with Spring Boot v3.1.1, Spring v6.0.10
977  [restartedMain] INFO  c.sujith.project.ProjectApplication - No active profile set, falling back to 1 default profile: "default"
3042 [Test worker] INFO  c.s.p.c.AddressControllerTest - Starting AddressControllerTest using Java 17.0.7 with PID 32564 (started by ssama in C:\Users\ssama\Desktop\project\springproject)
3044 [Test worker] DEBUG c.s.p.c.AddressControllerTest - Running with Spring Boot v3.1.1, Spring v6.0.10
3045 [Test worker] INFO  c.s.p.c.AddressControllerTest - No active profile set, falling back to 1 default profile: "default"
13747 [Test worker] INFO  c.s.p.c.AddressControllerTest - Started AddressControllerTest in 11.521 seconds (process running for 16.191)
13911 [Test worker] INFO  c.s.p.interceptor.ApiInterceptor - preHandle method is invoked /api/address GET 1.689754758835E12
14137 [Test worker] INFO  c.s.p.interceptor.ApiInterceptor - postHandle method is invoked /api/address GET 1.689754759061E12
14140 [Test worker] INFO  c.s.p.interceptor.ApiInterceptor - after completion is invoked Time took is 0.226 seconds.
14183 [Test worker] INFO  c.s.p.interceptor.ApiInterceptor - preHandle method is invoked /api/address GET 1.689754759107E12
14211 [Test worker] INFO  c.s.p.interceptor.ApiInterceptor - after completion is invoked Time took is -0.046 seconds.
14357 [Test worker] INFO  c.s.p.c.CourseControllerTest - Starting CourseControllerTest using Java 17.0.7 with PID 32564 (started by ssama in C:\Users\ssama\Desktop\project\springproject)
14359 [Test worker] DEBUG c.s.p.c.CourseControllerTest - Running with Spring Boot v3.1.1, Spring v6.0.10
14359 [Test worker] INFO  c.s.p.c.CourseControllerTest - No active profile set, falling back to 1 default profile: "default"
15560 [Test worker] INFO  c.s.p.c.CourseControllerTest - Started CourseControllerTest in 1.237 seconds (process running for 18.005)
15570 [Test worker] INFO  c.s.p.interceptor.ApiInterceptor - preHandle method is invoked /api/courses GET 1.689754760494E12
15575 [Test worker] INFO  c.s.p.interceptor.ApiInterceptor - postHandle method is invoked /api/courses GET 1.689754760499E12
15576 [Test worker] INFO  c.s.p.interceptor.ApiInterceptor - after completion is invoked Time took is 0.005 seconds.
15585 [Test worker] INFO  c.s.p.interceptor.ApiInterceptor - preHandle method is invoked /api/courses/insertMany POST 1.689754760509E12
15659 [Test worker] INFO  c.s.p.interceptor.ApiInterceptor - postHandle method is invoked /api/courses/insertMany POST 1.689754760583E12
15660 [Test worker] INFO  c.s.p.interceptor.ApiInterceptor - after completion is invoked Time took is 0.074 seconds.
15668 [Test worker] INFO  c.s.p.interceptor.ApiInterceptor - preHandle method is invoked /api/courses POST 1.689754760592E12
15676 [Test worker] INFO  c.s.p.interceptor.ApiInterceptor - after completion is invoked Time took is -0.009 seconds.
15695 [Test worker] INFO  c.s.p.interceptor.ApiInterceptor - preHandle method is invoked /api/courses POST 1.689754760619E12
15699 [Test worker] INFO  c.s.p.interceptor.ApiInterceptor - postHandle method is invoked /api/courses POST 1.689754760623E12
15700 [Test worker] INFO  c.s.p.interceptor.ApiInterceptor - after completion is invoked Time took is 0.004 seconds.
15709 [Test worker] INFO  c.s.p.interceptor.ApiInterceptor - preHandle method is invoked /api/courses GET 1.689754760633E12
15713 [Test worker] INFO  c.s.p.interceptor.ApiInterceptor - after completion is invoked Time took is -0.01 seconds.
15723 [Test worker] INFO  c.s.p.interceptor.ApiInterceptor - preHandle method is invoked /api/courses/insertMany POST 1.689754760647E12
15726 [Test worker] INFO  c.s.p.interceptor.ApiInterceptor - after completion is invoked Time took is -0.024 seconds.
15778 [Test worker] INFO  c.s.p.c.EmployeeControllerTest - Starting EmployeeControllerTest using Java 17.0.7 with PID 32564 (started by ssama in C:\Users\ssama\Desktop\project\springproject)
15778 [Test worker] DEBUG c.s.p.c.EmployeeControllerTest - Running with Spring Boot v3.1.1, Spring v6.0.10
15779 [Test worker] INFO  c.s.p.c.EmployeeControllerTest - No active profile set, falling back to 1 default profile: "default"
16772 [Test worker] INFO  c.s.p.c.EmployeeControllerTest - Started EmployeeControllerTest in 1.026 seconds (process running for 19.218)
16783 [Test worker] INFO  c.s.p.interceptor.ApiInterceptor - preHandle method is invoked /api/employee/15 GET 1.689754761707E12
16809 [Test worker] INFO  c.s.p.interceptor.ApiInterceptor - preHandle method is invoked /api/employee/department GET 1.689754761733E12
16828 [Test worker] INFO  c.s.p.interceptor.ApiInterceptor - postHandle method is invoked /api/employee/department GET 1.689754761752E12
16829 [Test worker] INFO  c.s.p.interceptor.ApiInterceptor - after completion is invoked Time took is 0.019 seconds.
16835 [Test worker] INFO  c.s.p.interceptor.ApiInterceptor - preHandle method is invoked /api/employee/maxSalary GET 1.689754761759E12
16837 [Test worker] INFO  c.s.p.interceptor.ApiInterceptor - postHandle method is invoked /api/employee/maxSalary GET 1.689754761761E12
16839 [Test worker] INFO  c.s.p.interceptor.ApiInterceptor - after completion is invoked Time took is 0.002 seconds.
16855 [Test worker] INFO  c.s.p.interceptor.ApiInterceptor - preHandle method is invoked /api/employee/updateSalaryById PUT 1.689754761779E12
16860 [Test worker] INFO  c.s.p.interceptor.ApiInterceptor - postHandle method is invoked /api/employee/updateSalaryById PUT 1.689754761784E12
16860 [Test worker] INFO  c.s.p.interceptor.ApiInterceptor - after completion is invoked Time took is 0.005 seconds.
16870 [Test worker] INFO  c.s.p.interceptor.ApiInterceptor - preHandle method is invoked /api/employee/findAll GET 1.689754761794E12
16872 [Test worker] INFO  c.s.p.interceptor.ApiInterceptor - postHandle method is invoked /api/employee/findAll GET 1.689754761796E12
16873 [Test worker] INFO  c.s.p.interceptor.ApiInterceptor - after completion is invoked Time took is 0.002 seconds.
16883 [Test worker] INFO  c.s.p.interceptor.ApiInterceptor - preHandle method is invoked /api/employee/course GET 1.689754761807E12
16886 [Test worker] INFO  c.s.p.interceptor.ApiInterceptor - postHandle method is invoked /api/employee/course GET 1.68975476181E12
16887 [Test worker] INFO  c.s.p.interceptor.ApiInterceptor - after completion is invoked Time took is 0.003 seconds.
16895 [Test worker] INFO  c.s.p.interceptor.ApiInterceptor - preHandle method is invoked /api/employee POST 1.689754761819E12
16901 [Test worker] INFO  c.s.p.interceptor.ApiInterceptor - postHandle method is invoked /api/employee POST 1.689754761825E12
16902 [Test worker] INFO  c.s.p.interceptor.ApiInterceptor - after completion is invoked Time took is 0.006 seconds.
16909 [Test worker] INFO  c.s.p.interceptor.ApiInterceptor - preHandle method is invoked /api/employee GET 1.689754761833E12
16912 [Test worker] INFO  c.s.p.interceptor.ApiInterceptor - after completion is invoked Time took is -0.008 seconds.
16919 [Test worker] INFO  c.s.p.interceptor.ApiInterceptor - preHandle method is invoked /api/employee PUT 1.689754761843E12
16922 [Test worker] INFO  c.s.p.interceptor.ApiInterceptor - after completion is invoked Time took is -0.018 seconds.
16928 [Test worker] INFO  c.s.p.interceptor.ApiInterceptor - preHandle method is invoked /api/employee GET 1.689754761852E12
16951 [Test worker] INFO  c.s.p.interceptor.ApiInterceptor - after completion is invoked Time took is -0.027 seconds.
16958 [Test worker] INFO  c.s.p.interceptor.ApiInterceptor - preHandle method is invoked /api/employee/1 DELETE 1.689754761882E12
16959 [Test worker] INFO  c.s.p.interceptor.ApiInterceptor - postHandle method is invoked /api/employee/1 DELETE 1.689754761883E12
16960 [Test worker] INFO  c.s.p.interceptor.ApiInterceptor - after completion is invoked Time took is 0.001 seconds.
16965 [Test worker] INFO  c.s.p.interceptor.ApiInterceptor - preHandle method is invoked /api/employee/department/maxSalary GET 1.689754761889E12
16969 [Test worker] INFO  c.s.p.interceptor.ApiInterceptor - after completion is invoked Time took is -0.006 seconds.
16976 [Test worker] INFO  c.s.p.interceptor.ApiInterceptor - preHandle method is invoked /api/employee/maxSalary GET 1.6897547619E12
16977 [Test worker] INFO  c.s.p.interceptor.ApiInterceptor - after completion is invoked Time took is -0.017 seconds.
16982 [Test worker] INFO  c.s.p.interceptor.ApiInterceptor - preHandle method is invoked /api/employee PUT 1.689754761906E12
16984 [Test worker] INFO  c.s.p.interceptor.ApiInterceptor - postHandle method is invoked /api/employee PUT 1.689754761908E12
16984 [Test worker] INFO  c.s.p.interceptor.ApiInterceptor - after completion is invoked Time took is 0.002 seconds.
16990 [Test worker] INFO  c.s.p.interceptor.ApiInterceptor - preHandle method is invoked /api/employee/insertAll POST 1.689754761913E12
16994 [Test worker] INFO  c.s.p.interceptor.ApiInterceptor - postHandle method is invoked /api/employee/insertAll POST 1.689754761918E12
16996 [Test worker] INFO  c.s.p.interceptor.ApiInterceptor - after completion is invoked Time took is 0.005 seconds.
17001 [Test worker] INFO  c.s.p.interceptor.ApiInterceptor - preHandle method is invoked /api/employee/1 DELETE 1.689754761925E12
17004 [Test worker] INFO  c.s.p.interceptor.ApiInterceptor - after completion is invoked Time took is -0.007 seconds.
17009 [Test worker] INFO  c.s.p.interceptor.ApiInterceptor - preHandle method is invoked /api/employee/1 GET 1.689754761933E12
17013 [Test worker] INFO  c.s.p.interceptor.ApiInterceptor - postHandle method is invoked /api/employee/1 GET 1.689754761936E12
17013 [Test worker] INFO  c.s.p.interceptor.ApiInterceptor - after completion is invoked Time took is 0.003 seconds.
17021 [Test worker] INFO  c.s.p.interceptor.ApiInterceptor - preHandle method is invoked /api/employee/department GET 1.689754761945E12
17023 [Test worker] INFO  c.s.p.interceptor.ApiInterceptor - after completion is invoked Time took is -0.009 seconds.
17028 [Test worker] INFO  c.s.p.interceptor.ApiInterceptor - preHandle method is invoked /api/employee/0 GET 1.689754761952E12
17030 [Test worker] INFO  c.s.p.interceptor.ApiInterceptor - after completion is invoked Time took is -0.016 seconds.
17034 [Test worker] INFO  c.s.p.interceptor.ApiInterceptor - preHandle method is invoked /api/employee/findAll GET 1.689754761958E12
17037 [Test worker] INFO  c.s.p.interceptor.ApiInterceptor - after completion is invoked Time took is -0.022 seconds.
17042 [Test worker] INFO  c.s.p.interceptor.ApiInterceptor - preHandle method is invoked /api/employee/course GET 1.689754761966E12
17044 [Test worker] INFO  c.s.p.interceptor.ApiInterceptor - after completion is invoked Time took is -0.03 seconds.
17048 [Test worker] INFO  c.s.p.interceptor.ApiInterceptor - preHandle method is invoked /api/employee/updateSalaryById PUT 1.689754761972E12
17051 [Test worker] INFO  c.s.p.interceptor.ApiInterceptor - after completion is invoked Time took is -0.036 seconds.
17056 [Test worker] INFO  c.s.p.interceptor.ApiInterceptor - preHandle method is invoked /api/employee/department/maxSalary GET 1.68975476198E12
17058 [Test worker] INFO  c.s.p.interceptor.ApiInterceptor - postHandle method is invoked /api/employee/department/maxSalary GET 1.689754761982E12
17058 [Test worker] INFO  c.s.p.interceptor.ApiInterceptor - after completion is invoked Time took is 0.002 seconds.
17062 [Test worker] INFO  c.s.p.interceptor.ApiInterceptor - preHandle method is invoked /api/employee GET 1.689754761986E12
17065 [Test worker] INFO  c.s.p.interceptor.ApiInterceptor - postHandle method is invoked /api/employee GET 1.689754761989E12
17065 [Test worker] INFO  c.s.p.interceptor.ApiInterceptor - after completion is invoked Time took is 0.003 seconds.
17121 [Test worker] INFO  c.s.p.service.AddressServiceTest - Starting AddressServiceTest using Java 17.0.7 with PID 32564 (started by ssama in C:\Users\ssama\Desktop\project\springproject)
17121 [Test worker] DEBUG c.s.p.service.AddressServiceTest - Running with Spring Boot v3.1.1, Spring v6.0.10
17121 [Test worker] INFO  c.s.p.service.AddressServiceTest - No active profile set, falling back to 1 default profile: "default"
17986 [Test worker] INFO  c.s.p.service.AddressServiceTest - Started AddressServiceTest in 0.896 seconds (process running for 20.432)
18067 [Test worker] INFO  c.s.p.service.CourseServiceTest - Starting CourseServiceTest using Java 17.0.7 with PID 32564 (started by ssama in C:\Users\ssama\Desktop\project\springproject)
18067 [Test worker] DEBUG c.s.p.service.CourseServiceTest - Running with Spring Boot v3.1.1, Spring v6.0.10
18068 [Test worker] INFO  c.s.p.service.CourseServiceTest - No active profile set, falling back to 1 default profile: "default"
18843 [Test worker] INFO  c.s.p.service.CourseServiceTest - Started CourseServiceTest in 0.801 seconds (process running for 21.288)
18921 [Test worker] INFO  c.s.p.service.EmployeeServiceTest - Starting EmployeeServiceTest using Java 17.0.7 with PID 32564 (started by ssama in C:\Users\ssama\Desktop\project\springproject)
18921 [Test worker] DEBUG c.s.p.service.EmployeeServiceTest - Running with Spring Boot v3.1.1, Spring v6.0.10
18922 [Test worker] INFO  c.s.p.service.EmployeeServiceTest - No active profile set, falling back to 1 default profile: "default"
19643 [Test worker] INFO  c.s.p.service.EmployeeServiceTest - Started EmployeeServiceTest in 0.745 seconds (process running for 22.088)
19690 [Test worker] INFO  c.s.p.service.EmployeeServiceImpl - Course already exists !
19690 [Test worker] INFO  c.s.p.service.EmployeeServiceImpl - Course already exists !
19716 [Test worker] INFO  c.s.p.service.EmployeeServiceImpl - Course already exists !
19718 [Test worker] INFO  c.s.p.service.EmployeeServiceImpl - Course already exists !
19734 [Test worker] ERROR c.s.p.service.EmployeeServiceImpl - Employee with id : 0 does not exist ! 
1273 [Test worker] INFO  c.s.p.c.CourseControllerTest - Starting CourseControllerTest using Java 17.0.7 with PID 10152 (started by ssama in C:\Users\ssama\Desktop\project\springproject)
1274 [Test worker] DEBUG c.s.p.c.CourseControllerTest - Running with Spring Boot v3.1.1, Spring v6.0.10
1275 [Test worker] INFO  c.s.p.c.CourseControllerTest - No active profile set, falling back to 1 default profile: "default"
9074 [Test worker] INFO  c.s.p.c.CourseControllerTest - Started CourseControllerTest in 8.182 seconds (process running for 10.525)
9221 [Test worker] INFO  c.s.p.interceptor.ApiInterceptor - preHandle method is invoked /api/courses GET 1.689754787647E12
9395 [Test worker] INFO  c.s.p.interceptor.ApiInterceptor - postHandle method is invoked /api/courses GET 1.689754787821E12
9398 [Test worker] INFO  c.s.p.interceptor.ApiInterceptor - after completion is invoked Time took is 0.174 seconds.
9447 [Test worker] INFO  c.s.p.interceptor.ApiInterceptor - preHandle method is invoked /api/courses/insertMany POST 1.689754787873E12
9519 [Test worker] INFO  c.s.p.interceptor.ApiInterceptor - postHandle method is invoked /api/courses/insertMany POST 1.689754787945E12
9519 [Test worker] INFO  c.s.p.interceptor.ApiInterceptor - after completion is invoked Time took is 0.072 seconds.
9532 [Test worker] INFO  c.s.p.interceptor.ApiInterceptor - preHandle method is invoked /api/courses POST 1.689754787958E12
9552 [Test worker] INFO  c.s.p.interceptor.ApiInterceptor - after completion is invoked Time took is -0.013 seconds.
9571 [Test worker] INFO  c.s.p.interceptor.ApiInterceptor - preHandle method is invoked /api/courses POST 1.689754787997E12
9580 [Test worker] INFO  c.s.p.interceptor.ApiInterceptor - postHandle method is invoked /api/courses POST 1.689754788006E12
9581 [Test worker] INFO  c.s.p.interceptor.ApiInterceptor - after completion is invoked Time took is 0.009 seconds.
9589 [Test worker] INFO  c.s.p.interceptor.ApiInterceptor - preHandle method is invoked /api/courses GET 1.689754788015E12
9591 [Test worker] INFO  c.s.p.interceptor.ApiInterceptor - after completion is invoked Time took is -0.009 seconds.
9672 [Test worker] INFO  c.s.p.interceptor.ApiInterceptor - preHandle method is invoked /api/courses/insertMany POST 1.689754788098E12
9676 [Test worker] INFO  c.s.p.interceptor.ApiInterceptor - after completion is invoked Time took is -0.092 seconds.
9743 [Test worker] INFO  c.s.p.c.EmployeeControllerTest - Starting EmployeeControllerTest using Java 17.0.7 with PID 10152 (started by ssama in C:\Users\ssama\Desktop\project\springproject)
9743 [Test worker] DEBUG c.s.p.c.EmployeeControllerTest - Running with Spring Boot v3.1.1, Spring v6.0.10
9744 [Test worker] INFO  c.s.p.c.EmployeeControllerTest - No active profile set, falling back to 1 default profile: "default"
10831 [Test worker] INFO  c.s.p.c.EmployeeControllerTest - Started EmployeeControllerTest in 1.125 seconds (process running for 12.281)
10839 [Test worker] INFO  c.s.p.interceptor.ApiInterceptor - preHandle method is invoked /api/employee/15 GET 1.689754789265E12
10854 [Test worker] INFO  c.s.p.interceptor.ApiInterceptor - preHandle method is invoked /api/employee/department GET 1.68975478928E12
10867 [Test worker] INFO  c.s.p.interceptor.ApiInterceptor - postHandle method is invoked /api/employee/department GET 1.689754789293E12
10868 [Test worker] INFO  c.s.p.interceptor.ApiInterceptor - after completion is invoked Time took is 0.013 seconds.
10874 [Test worker] INFO  c.s.p.interceptor.ApiInterceptor - preHandle method is invoked /api/employee/maxSalary GET 1.6897547893E12
10876 [Test worker] INFO  c.s.p.interceptor.ApiInterceptor - postHandle method is invoked /api/employee/maxSalary GET 1.689754789302E12
10876 [Test worker] INFO  c.s.p.interceptor.ApiInterceptor - after completion is invoked Time took is 0.002 seconds.
10898 [Test worker] INFO  c.s.p.interceptor.ApiInterceptor - preHandle method is invoked /api/employee/updateSalaryById PUT 1.689754789324E12
10902 [Test worker] INFO  c.s.p.interceptor.ApiInterceptor - postHandle method is invoked /api/employee/updateSalaryById PUT 1.689754789328E12
10902 [Test worker] INFO  c.s.p.interceptor.ApiInterceptor - after completion is invoked Time took is 0.004 seconds.
10909 [Test worker] INFO  c.s.p.interceptor.ApiInterceptor - preHandle method is invoked /api/employee/findAll GET 1.689754789335E12
10911 [Test worker] INFO  c.s.p.interceptor.ApiInterceptor - postHandle method is invoked /api/employee/findAll GET 1.689754789337E12
10912 [Test worker] INFO  c.s.p.interceptor.ApiInterceptor - after completion is invoked Time took is 0.002 seconds.
10922 [Test worker] INFO  c.s.p.interceptor.ApiInterceptor - preHandle method is invoked /api/employee/course GET 1.689754789348E12
10924 [Test worker] INFO  c.s.p.interceptor.ApiInterceptor - postHandle method is invoked /api/employee/course GET 1.68975478935E12
10925 [Test worker] INFO  c.s.p.interceptor.ApiInterceptor - after completion is invoked Time took is 0.002 seconds.
10935 [Test worker] INFO  c.s.p.interceptor.ApiInterceptor - preHandle method is invoked /api/employee POST 1.689754789361E12
10942 [Test worker] INFO  c.s.p.interceptor.ApiInterceptor - postHandle method is invoked /api/employee POST 1.689754789368E12
10943 [Test worker] INFO  c.s.p.interceptor.ApiInterceptor - after completion is invoked Time took is 0.007 seconds.
10950 [Test worker] INFO  c.s.p.interceptor.ApiInterceptor - preHandle method is invoked /api/employee GET 1.689754789376E12
10953 [Test worker] INFO  c.s.p.interceptor.ApiInterceptor - after completion is invoked Time took is -0.008 seconds.
10959 [Test worker] INFO  c.s.p.interceptor.ApiInterceptor - preHandle method is invoked /api/employee PUT 1.689754789385E12
10962 [Test worker] INFO  c.s.p.interceptor.ApiInterceptor - after completion is invoked Time took is -0.017 seconds.
10976 [Test worker] INFO  c.s.p.interceptor.ApiInterceptor - preHandle method is invoked /api/employee GET 1.689754789402E12
11018 [Test worker] INFO  c.s.p.interceptor.ApiInterceptor - after completion is invoked Time took is -0.034 seconds.
11028 [Test worker] INFO  c.s.p.interceptor.ApiInterceptor - preHandle method is invoked /api/employee/1 DELETE 1.689754789454E12
11031 [Test worker] INFO  c.s.p.interceptor.ApiInterceptor - postHandle method is invoked /api/employee/1 DELETE 1.689754789457E12
11032 [Test worker] INFO  c.s.p.interceptor.ApiInterceptor - after completion is invoked Time took is 0.003 seconds.
11040 [Test worker] INFO  c.s.p.interceptor.ApiInterceptor - preHandle method is invoked /api/employee/department/maxSalary GET 1.689754789466E12
11043 [Test worker] INFO  c.s.p.interceptor.ApiInterceptor - after completion is invoked Time took is -0.009 seconds.
11050 [Test worker] INFO  c.s.p.interceptor.ApiInterceptor - preHandle method is invoked /api/employee/maxSalary GET 1.689754789476E12
11052 [Test worker] INFO  c.s.p.interceptor.ApiInterceptor - after completion is invoked Time took is -0.019 seconds.
11059 [Test worker] INFO  c.s.p.interceptor.ApiInterceptor - preHandle method is invoked /api/employee PUT 1.689754789485E12
11062 [Test worker] INFO  c.s.p.interceptor.ApiInterceptor - postHandle method is invoked /api/employee PUT 1.689754789487E12
11062 [Test worker] INFO  c.s.p.interceptor.ApiInterceptor - after completion is invoked Time took is 0.002 seconds.
11070 [Test worker] INFO  c.s.p.interceptor.ApiInterceptor - preHandle method is invoked /api/employee/insertAll POST 1.689754789496E12
11081 [Test worker] INFO  c.s.p.interceptor.ApiInterceptor - postHandle method is invoked /api/employee/insertAll POST 1.689754789507E12
11082 [Test worker] INFO  c.s.p.interceptor.ApiInterceptor - after completion is invoked Time took is 0.011 seconds.
11091 [Test worker] INFO  c.s.p.interceptor.ApiInterceptor - preHandle method is invoked /api/employee/1 DELETE 1.689754789517E12
11095 [Test worker] INFO  c.s.p.interceptor.ApiInterceptor - after completion is invoked Time took is -0.01 seconds.
11102 [Test worker] INFO  c.s.p.interceptor.ApiInterceptor - preHandle method is invoked /api/employee/1 GET 1.689754789528E12
11108 [Test worker] INFO  c.s.p.interceptor.ApiInterceptor - postHandle method is invoked /api/employee/1 GET 1.689754789534E12
11109 [Test worker] INFO  c.s.p.interceptor.ApiInterceptor - after completion is invoked Time took is 0.006 seconds.
11120 [Test worker] INFO  c.s.p.interceptor.ApiInterceptor - preHandle method is invoked /api/employee/department GET 1.689754789546E12
11125 [Test worker] INFO  c.s.p.interceptor.ApiInterceptor - after completion is invoked Time took is -0.012 seconds.
11132 [Test worker] INFO  c.s.p.interceptor.ApiInterceptor - preHandle method is invoked /api/employee/0 GET 1.689754789558E12
11135 [Test worker] INFO  c.s.p.interceptor.ApiInterceptor - after completion is invoked Time took is -0.024 seconds.
11143 [Test worker] INFO  c.s.p.interceptor.ApiInterceptor - preHandle method is invoked /api/employee/findAll GET 1.689754789569E12
11145 [Test worker] INFO  c.s.p.interceptor.ApiInterceptor - after completion is invoked Time took is -0.035 seconds.
11153 [Test worker] INFO  c.s.p.interceptor.ApiInterceptor - preHandle method is invoked /api/employee/course GET 1.689754789579E12
11155 [Test worker] INFO  c.s.p.interceptor.ApiInterceptor - after completion is invoked Time took is -0.045 seconds.
11163 [Test worker] INFO  c.s.p.interceptor.ApiInterceptor - preHandle method is invoked /api/employee/updateSalaryById PUT 1.689754789589E12
11165 [Test worker] INFO  c.s.p.interceptor.ApiInterceptor - after completion is invoked Time took is -0.055 seconds.
11174 [Test worker] INFO  c.s.p.interceptor.ApiInterceptor - preHandle method is invoked /api/employee/department/maxSalary GET 1.6897547896E12
11176 [Test worker] INFO  c.s.p.interceptor.ApiInterceptor - postHandle method is invoked /api/employee/department/maxSalary GET 1.689754789602E12
11178 [Test worker] INFO  c.s.p.interceptor.ApiInterceptor - after completion is invoked Time took is 0.002 seconds.
11186 [Test worker] INFO  c.s.p.interceptor.ApiInterceptor - preHandle method is invoked /api/employee GET 1.689754789612E12
11187 [Test worker] INFO  c.s.p.interceptor.ApiInterceptor - postHandle method is invoked /api/employee GET 1.689754789613E12
11187 [Test worker] INFO  c.s.p.interceptor.ApiInterceptor - after completion is invoked Time took is 0.001 seconds.
11240 [Test worker] INFO  c.s.p.service.EmployeeServiceTest - Starting EmployeeServiceTest using Java 17.0.7 with PID 10152 (started by ssama in C:\Users\ssama\Desktop\project\springproject)
11241 [Test worker] DEBUG c.s.p.service.EmployeeServiceTest - Running with Spring Boot v3.1.1, Spring v6.0.10
11241 [Test worker] INFO  c.s.p.service.EmployeeServiceTest - No active profile set, falling back to 1 default profile: "default"
12123 [Test worker] INFO  c.s.p.service.EmployeeServiceTest - Started EmployeeServiceTest in 0.913 seconds (process running for 13.573)
12195 [Test worker] INFO  c.s.p.service.EmployeeServiceImpl - Course already exists !
12195 [Test worker] INFO  c.s.p.service.EmployeeServiceImpl - Course already exists !
12238 [Test worker] INFO  c.s.p.service.EmployeeServiceImpl - Course already exists !
12238 [Test worker] INFO  c.s.p.service.EmployeeServiceImpl - Course already exists !
12265 [Test worker] ERROR c.s.p.service.EmployeeServiceImpl - Employee with id : 0 does not exist ! 
12411 [Test worker] INFO  c.s.p.c.AddressControllerTest - Starting AddressControllerTest using Java 17.0.7 with PID 10152 (started by ssama in C:\Users\ssama\Desktop\project\springproject)
12411 [Test worker] DEBUG c.s.p.c.AddressControllerTest - Running with Spring Boot v3.1.1, Spring v6.0.10
12411 [Test worker] INFO  c.s.p.c.AddressControllerTest - No active profile set, falling back to 1 default profile: "default"
13277 [Test worker] INFO  c.s.p.c.AddressControllerTest - Started AddressControllerTest in 0.91 seconds (process running for 14.727)
13282 [Test worker] INFO  c.s.p.interceptor.ApiInterceptor - preHandle method is invoked /api/address GET 1.689754791708E12
13287 [Test worker] INFO  c.s.p.interceptor.ApiInterceptor - postHandle method is invoked /api/address GET 1.689754791713E12
13287 [Test worker] INFO  c.s.p.interceptor.ApiInterceptor - after completion is invoked Time took is 0.005 seconds.
13292 [Test worker] INFO  c.s.p.interceptor.ApiInterceptor - preHandle method is invoked /api/address GET 1.689754791718E12
13296 [Test worker] INFO  c.s.p.interceptor.ApiInterceptor - after completion is invoked Time took is -0.005 seconds.
13334 [Test worker] INFO  c.s.p.service.AddressServiceTest - Starting AddressServiceTest using Java 17.0.7 with PID 10152 (started by ssama in C:\Users\ssama\Desktop\project\springproject)
13335 [Test worker] DEBUG c.s.p.service.AddressServiceTest - Running with Spring Boot v3.1.1, Spring v6.0.10
13335 [Test worker] INFO  c.s.p.service.AddressServiceTest - No active profile set, falling back to 1 default profile: "default"
14087 [Test worker] INFO  c.s.p.service.AddressServiceTest - Started AddressServiceTest in 0.779 seconds (process running for 15.538)
14134 [Test worker] INFO  c.s.p.service.CourseServiceTest - Starting CourseServiceTest using Java 17.0.7 with PID 10152 (started by ssama in C:\Users\ssama\Desktop\project\springproject)
14134 [Test worker] DEBUG c.s.p.service.CourseServiceTest - Running with Spring Boot v3.1.1, Spring v6.0.10
14134 [Test worker] INFO  c.s.p.service.CourseServiceTest - No active profile set, falling back to 1 default profile: "default"
14806 [Test worker] INFO  c.s.p.service.CourseServiceTest - Started CourseServiceTest in 0.694 seconds (process running for 16.256)
1240 [Test worker] INFO  c.s.p.c.CourseControllerTest - Starting CourseControllerTest using Java 17.0.7 with PID 11912 (started by ssama in C:\Users\ssama\Desktop\project\springproject)
1242 [Test worker] DEBUG c.s.p.c.CourseControllerTest - Running with Spring Boot v3.1.1, Spring v6.0.10
1243 [Test worker] INFO  c.s.p.c.CourseControllerTest - No active profile set, falling back to 1 default profile: "default"
7825 [Test worker] INFO  c.s.p.c.CourseControllerTest - Started CourseControllerTest in 6.958 seconds (process running for 9.091)
7936 [Test worker] INFO  c.s.p.interceptor.ApiInterceptor - preHandle method is invoked /api/courses GET 1.689754841552E12
8081 [Test worker] INFO  c.s.p.interceptor.ApiInterceptor - postHandle method is invoked /api/courses GET 1.689754841697E12
8083 [Test worker] INFO  c.s.p.interceptor.ApiInterceptor - after completion is invoked Time took is 0.145 seconds.
8109 [Test worker] INFO  c.s.p.interceptor.ApiInterceptor - preHandle method is invoked /api/courses/insertMany POST 1.689754841725E12
8164 [Test worker] INFO  c.s.p.interceptor.ApiInterceptor - postHandle method is invoked /api/courses/insertMany POST 1.68975484178E12
8164 [Test worker] INFO  c.s.p.interceptor.ApiInterceptor - after completion is invoked Time took is 0.055 seconds.
8173 [Test worker] INFO  c.s.p.interceptor.ApiInterceptor - preHandle method is invoked /api/courses POST 1.689754841789E12
8188 [Test worker] INFO  c.s.p.interceptor.ApiInterceptor - after completion is invoked Time took is -0.009 seconds.
8203 [Test worker] INFO  c.s.p.interceptor.ApiInterceptor - preHandle method is invoked /api/courses POST 1.689754841819E12
8209 [Test worker] INFO  c.s.p.interceptor.ApiInterceptor - postHandle method is invoked /api/courses POST 1.689754841825E12
8210 [Test worker] INFO  c.s.p.interceptor.ApiInterceptor - after completion is invoked Time took is 0.006 seconds.
8216 [Test worker] INFO  c.s.p.interceptor.ApiInterceptor - preHandle method is invoked /api/courses GET 1.689754841832E12
8219 [Test worker] INFO  c.s.p.interceptor.ApiInterceptor - after completion is invoked Time took is -0.007 seconds.
8287 [Test worker] INFO  c.s.p.interceptor.ApiInterceptor - preHandle method is invoked /api/courses/insertMany POST 1.689754841903E12
8290 [Test worker] INFO  c.s.p.interceptor.ApiInterceptor - after completion is invoked Time took is -0.078 seconds.
8357 [Test worker] INFO  c.s.p.c.EmployeeControllerTest - Starting EmployeeControllerTest using Java 17.0.7 with PID 11912 (started by ssama in C:\Users\ssama\Desktop\project\springproject)
8358 [Test worker] DEBUG c.s.p.c.EmployeeControllerTest - Running with Spring Boot v3.1.1, Spring v6.0.10
8358 [Test worker] INFO  c.s.p.c.EmployeeControllerTest - No active profile set, falling back to 1 default profile: "default"
9188 [Test worker] INFO  c.s.p.c.EmployeeControllerTest - Started EmployeeControllerTest in 0.865 seconds (process running for 10.454)
9196 [Test worker] INFO  c.s.p.interceptor.ApiInterceptor - preHandle method is invoked /api/employee/15 GET 1.689754842812E12
9210 [Test worker] INFO  c.s.p.interceptor.ApiInterceptor - preHandle method is invoked /api/employee/department GET 1.689754842826E12
9226 [Test worker] INFO  c.s.p.interceptor.ApiInterceptor - postHandle method is invoked /api/employee/department GET 1.689754842842E12
9226 [Test worker] INFO  c.s.p.interceptor.ApiInterceptor - after completion is invoked Time took is 0.016 seconds.
9238 [Test worker] INFO  c.s.p.interceptor.ApiInterceptor - preHandle method is invoked /api/employee/maxSalary GET 1.689754842854E12
9240 [Test worker] INFO  c.s.p.interceptor.ApiInterceptor - postHandle method is invoked /api/employee/maxSalary GET 1.689754842856E12
9240 [Test worker] INFO  c.s.p.interceptor.ApiInterceptor - after completion is invoked Time took is 0.002 seconds.
9259 [Test worker] INFO  c.s.p.interceptor.ApiInterceptor - preHandle method is invoked /api/employee/updateSalaryById PUT 1.689754842875E12
9262 [Test worker] INFO  c.s.p.interceptor.ApiInterceptor - postHandle method is invoked /api/employee/updateSalaryById PUT 1.689754842878E12
9263 [Test worker] INFO  c.s.p.interceptor.ApiInterceptor - after completion is invoked Time took is 0.003 seconds.
9270 [Test worker] INFO  c.s.p.interceptor.ApiInterceptor - preHandle method is invoked /api/employee/findAll GET 1.689754842886E12
9271 [Test worker] INFO  c.s.p.interceptor.ApiInterceptor - postHandle method is invoked /api/employee/findAll GET 1.689754842887E12
9271 [Test worker] INFO  c.s.p.interceptor.ApiInterceptor - after completion is invoked Time took is 0.001 seconds.
9277 [Test worker] INFO  c.s.p.interceptor.ApiInterceptor - preHandle method is invoked /api/employee/course GET 1.689754842893E12
9279 [Test worker] INFO  c.s.p.interceptor.ApiInterceptor - postHandle method is invoked /api/employee/course GET 1.689754842895E12
9279 [Test worker] INFO  c.s.p.interceptor.ApiInterceptor - after completion is invoked Time took is 0.002 seconds.
9289 [Test worker] INFO  c.s.p.interceptor.ApiInterceptor - preHandle method is invoked /api/employee POST 1.689754842905E12
9298 [Test worker] INFO  c.s.p.interceptor.ApiInterceptor - postHandle method is invoked /api/employee POST 1.689754842914E12
9299 [Test worker] INFO  c.s.p.interceptor.ApiInterceptor - after completion is invoked Time took is 0.009 seconds.
9306 [Test worker] INFO  c.s.p.interceptor.ApiInterceptor - preHandle method is invoked /api/employee GET 1.689754842922E12
9309 [Test worker] INFO  c.s.p.interceptor.ApiInterceptor - after completion is invoked Time took is -0.008 seconds.
9317 [Test worker] INFO  c.s.p.interceptor.ApiInterceptor - preHandle method is invoked /api/employee PUT 1.689754842933E12
9320 [Test worker] INFO  c.s.p.interceptor.ApiInterceptor - after completion is invoked Time took is -0.019 seconds.
9329 [Test worker] INFO  c.s.p.interceptor.ApiInterceptor - preHandle method is invoked /api/employee GET 1.689754842945E12
9355 [Test worker] INFO  c.s.p.interceptor.ApiInterceptor - after completion is invoked Time took is -0.031 seconds.
9362 [Test worker] INFO  c.s.p.interceptor.ApiInterceptor - preHandle method is invoked /api/employee/1 DELETE 1.689754842978E12
9363 [Test worker] INFO  c.s.p.interceptor.ApiInterceptor - postHandle method is invoked /api/employee/1 DELETE 1.689754842979E12
9364 [Test worker] INFO  c.s.p.interceptor.ApiInterceptor - after completion is invoked Time took is 0.001 seconds.
9368 [Test worker] INFO  c.s.p.interceptor.ApiInterceptor - preHandle method is invoked /api/employee/department/maxSalary GET 1.689754842984E12
9369 [Test worker] INFO  c.s.p.interceptor.ApiInterceptor - after completion is invoked Time took is -0.005 seconds.
9373 [Test worker] INFO  c.s.p.interceptor.ApiInterceptor - preHandle method is invoked /api/employee/maxSalary GET 1.689754842989E12
9374 [Test worker] INFO  c.s.p.interceptor.ApiInterceptor - after completion is invoked Time took is -0.01 seconds.
9379 [Test worker] INFO  c.s.p.interceptor.ApiInterceptor - preHandle method is invoked /api/employee PUT 1.689754842995E12
9382 [Test worker] INFO  c.s.p.interceptor.ApiInterceptor - postHandle method is invoked /api/employee PUT 1.689754842998E12
9382 [Test worker] INFO  c.s.p.interceptor.ApiInterceptor - after completion is invoked Time took is 0.003 seconds.
9386 [Test worker] INFO  c.s.p.interceptor.ApiInterceptor - preHandle method is invoked /api/employee/insertAll POST 1.689754843002E12
9390 [Test worker] INFO  c.s.p.interceptor.ApiInterceptor - postHandle method is invoked /api/employee/insertAll POST 1.689754843006E12
9390 [Test worker] INFO  c.s.p.interceptor.ApiInterceptor - after completion is invoked Time took is 0.004 seconds.
9396 [Test worker] INFO  c.s.p.interceptor.ApiInterceptor - preHandle method is invoked /api/employee/1 DELETE 1.689754843012E12
9399 [Test worker] INFO  c.s.p.interceptor.ApiInterceptor - after completion is invoked Time took is -0.006 seconds.
9407 [Test worker] INFO  c.s.p.interceptor.ApiInterceptor - preHandle method is invoked /api/employee/1 GET 1.689754843023E12
9411 [Test worker] INFO  c.s.p.interceptor.ApiInterceptor - postHandle method is invoked /api/employee/1 GET 1.689754843027E12
9412 [Test worker] INFO  c.s.p.interceptor.ApiInterceptor - after completion is invoked Time took is 0.004 seconds.
9417 [Test worker] INFO  c.s.p.interceptor.ApiInterceptor - preHandle method is invoked /api/employee/department GET 1.689754843033E12
9418 [Test worker] INFO  c.s.p.interceptor.ApiInterceptor - after completion is invoked Time took is -0.006 seconds.
9425 [Test worker] INFO  c.s.p.interceptor.ApiInterceptor - preHandle method is invoked /api/employee/0 GET 1.689754843041E12
9427 [Test worker] INFO  c.s.p.interceptor.ApiInterceptor - after completion is invoked Time took is -0.014 seconds.
9431 [Test worker] INFO  c.s.p.interceptor.ApiInterceptor - preHandle method is invoked /api/employee/findAll GET 1.689754843047E12
9432 [Test worker] INFO  c.s.p.interceptor.ApiInterceptor - after completion is invoked Time took is -0.02 seconds.
9438 [Test worker] INFO  c.s.p.interceptor.ApiInterceptor - preHandle method is invoked /api/employee/course GET 1.689754843054E12
9440 [Test worker] INFO  c.s.p.interceptor.ApiInterceptor - after completion is invoked Time took is -0.027 seconds.
9445 [Test worker] INFO  c.s.p.interceptor.ApiInterceptor - preHandle method is invoked /api/employee/updateSalaryById PUT 1.689754843061E12
9448 [Test worker] INFO  c.s.p.interceptor.ApiInterceptor - after completion is invoked Time took is -0.034 seconds.
9455 [Test worker] INFO  c.s.p.interceptor.ApiInterceptor - preHandle method is invoked /api/employee/department/maxSalary GET 1.689754843071E12
9456 [Test worker] INFO  c.s.p.interceptor.ApiInterceptor - postHandle method is invoked /api/employee/department/maxSalary GET 1.689754843072E12
9456 [Test worker] INFO  c.s.p.interceptor.ApiInterceptor - after completion is invoked Time took is 0.001 seconds.
9460 [Test worker] INFO  c.s.p.interceptor.ApiInterceptor - preHandle method is invoked /api/employee GET 1.689754843076E12
9461 [Test worker] INFO  c.s.p.interceptor.ApiInterceptor - postHandle method is invoked /api/employee GET 1.689754843077E12
9462 [Test worker] INFO  c.s.p.interceptor.ApiInterceptor - after completion is invoked Time took is 0.001 seconds.
9511 [Test worker] INFO  c.s.p.service.EmployeeServiceTest - Starting EmployeeServiceTest using Java 17.0.7 with PID 11912 (started by ssama in C:\Users\ssama\Desktop\project\springproject)
9512 [Test worker] DEBUG c.s.p.service.EmployeeServiceTest - Running with Spring Boot v3.1.1, Spring v6.0.10
9512 [Test worker] INFO  c.s.p.service.EmployeeServiceTest - No active profile set, falling back to 1 default profile: "default"
10231 [Test worker] INFO  c.s.p.service.EmployeeServiceTest - Started EmployeeServiceTest in 0.747 seconds (process running for 11.497)
10291 [Test worker] INFO  c.s.p.service.EmployeeServiceImpl - Course already exists !
10291 [Test worker] INFO  c.s.p.service.EmployeeServiceImpl - Course already exists !
10330 [Test worker] INFO  c.s.p.service.EmployeeServiceImpl - Course already exists !
10331 [Test worker] INFO  c.s.p.service.EmployeeServiceImpl - Course already exists !
10351 [Test worker] ERROR c.s.p.service.EmployeeServiceImpl - Employee with id : 0 does not exist ! 
10440 [Test worker] INFO  c.s.p.c.AddressControllerTest - Starting AddressControllerTest using Java 17.0.7 with PID 11912 (started by ssama in C:\Users\ssama\Desktop\project\springproject)
10440 [Test worker] DEBUG c.s.p.c.AddressControllerTest - Running with Spring Boot v3.1.1, Spring v6.0.10
10440 [Test worker] INFO  c.s.p.c.AddressControllerTest - No active profile set, falling back to 1 default profile: "default"
11135 [Test worker] INFO  c.s.p.c.AddressControllerTest - Started AddressControllerTest in 0.716 seconds (process running for 12.4)
11140 [Test worker] INFO  c.s.p.interceptor.ApiInterceptor - preHandle method is invoked /api/address GET 1.689754844756E12
11143 [Test worker] INFO  c.s.p.interceptor.ApiInterceptor - postHandle method is invoked /api/address GET 1.689754844759E12
11143 [Test worker] INFO  c.s.p.interceptor.ApiInterceptor - after completion is invoked Time took is 0.003 seconds.
11148 [Test worker] INFO  c.s.p.interceptor.ApiInterceptor - preHandle method is invoked /api/address GET 1.689754844764E12
11154 [Test worker] INFO  c.s.p.interceptor.ApiInterceptor - after completion is invoked Time took is -0.005 seconds.
11185 [Test worker] INFO  c.s.p.service.AddressServiceTest - Starting AddressServiceTest using Java 17.0.7 with PID 11912 (started by ssama in C:\Users\ssama\Desktop\project\springproject)
11185 [Test worker] DEBUG c.s.p.service.AddressServiceTest - Running with Spring Boot v3.1.1, Spring v6.0.10
11185 [Test worker] INFO  c.s.p.service.AddressServiceTest - No active profile set, falling back to 1 default profile: "default"
11816 [Test worker] INFO  c.s.p.service.AddressServiceTest - Started AddressServiceTest in 0.649 seconds (process running for 13.081)
11864 [Test worker] INFO  c.s.p.service.CourseServiceTest - Starting CourseServiceTest using Java 17.0.7 with PID 11912 (started by ssama in C:\Users\ssama\Desktop\project\springproject)
11864 [Test worker] DEBUG c.s.p.service.CourseServiceTest - Running with Spring Boot v3.1.1, Spring v6.0.10
11864 [Test worker] INFO  c.s.p.service.CourseServiceTest - No active profile set, falling back to 1 default profile: "default"
12413 [Test worker] INFO  c.s.p.service.CourseServiceTest - Started CourseServiceTest in 0.571 seconds (process running for 13.678)
2365 [Test worker] INFO  c.s.p.c.AddressControllerTest - Starting AddressControllerTest using Java 17.0.7 with PID 17716 (started by ssama in C:\Users\ssama\Desktop\project\springproject)
2366 [Test worker] DEBUG c.s.p.c.AddressControllerTest - Running with Spring Boot v3.1.1, Spring v6.0.10
2368 [Test worker] INFO  c.s.p.c.AddressControllerTest - No active profile set, falling back to 1 default profile: "default"
8804 [Test worker] INFO  c.s.p.c.AddressControllerTest - Started AddressControllerTest in 6.991 seconds (process running for 11.766)
8914 [Test worker] INFO  c.s.p.interceptor.ApiInterceptor - preHandle method is invoked /api/address GET 1.68975747301E12
9051 [Test worker] INFO  c.s.p.interceptor.ApiInterceptor - postHandle method is invoked /api/address GET 1.689757473147E12
9054 [Test worker] INFO  c.s.p.interceptor.ApiInterceptor - after completion is invoked Time took is 0.137 seconds.
9079 [Test worker] INFO  c.s.p.interceptor.ApiInterceptor - preHandle method is invoked /api/address GET 1.689757473175E12
9097 [Test worker] INFO  c.s.p.interceptor.ApiInterceptor - after completion is invoked Time took is -0.028 seconds.
9200 [Test worker] INFO  c.s.p.c.CourseControllerTest - Starting CourseControllerTest using Java 17.0.7 with PID 17716 (started by ssama in C:\Users\ssama\Desktop\project\springproject)
9200 [Test worker] DEBUG c.s.p.c.CourseControllerTest - Running with Spring Boot v3.1.1, Spring v6.0.10
9202 [Test worker] INFO  c.s.p.c.CourseControllerTest - No active profile set, falling back to 1 default profile: "default"
10026 [Test worker] INFO  c.s.p.c.CourseControllerTest - Started CourseControllerTest in 0.859 seconds (process running for 12.988)
10035 [Test worker] INFO  c.s.p.interceptor.ApiInterceptor - preHandle method is invoked /api/courses GET 1.689757474131E12
10040 [Test worker] INFO  c.s.p.interceptor.ApiInterceptor - postHandle method is invoked /api/courses GET 1.689757474136E12
10041 [Test worker] INFO  c.s.p.interceptor.ApiInterceptor - after completion is invoked Time took is 0.005 seconds.
10050 [Test worker] INFO  c.s.p.interceptor.ApiInterceptor - preHandle method is invoked /api/courses/insertMany POST 1.689757474146E12
10117 [Test worker] INFO  c.s.p.interceptor.ApiInterceptor - postHandle method is invoked /api/courses/insertMany POST 1.689757474213E12
10118 [Test worker] INFO  c.s.p.interceptor.ApiInterceptor - after completion is invoked Time took is 0.067 seconds.
10125 [Test worker] INFO  c.s.p.interceptor.ApiInterceptor - preHandle method is invoked /api/courses POST 1.689757474221E12
10133 [Test worker] INFO  c.s.p.interceptor.ApiInterceptor - after completion is invoked Time took is -0.008 seconds.
10146 [Test worker] INFO  c.s.p.interceptor.ApiInterceptor - preHandle method is invoked /api/courses POST 1.689757474242E12
10152 [Test worker] INFO  c.s.p.interceptor.ApiInterceptor - postHandle method is invoked /api/courses POST 1.689757474248E12
10153 [Test worker] INFO  c.s.p.interceptor.ApiInterceptor - after completion is invoked Time took is 0.006 seconds.
10159 [Test worker] INFO  c.s.p.interceptor.ApiInterceptor - preHandle method is invoked /api/courses GET 1.689757474255E12
10161 [Test worker] INFO  c.s.p.interceptor.ApiInterceptor - after completion is invoked Time took is -0.007 seconds.
10171 [Test worker] INFO  c.s.p.interceptor.ApiInterceptor - preHandle method is invoked /api/courses/insertMany POST 1.689757474267E12
10174 [Test worker] INFO  c.s.p.interceptor.ApiInterceptor - after completion is invoked Time took is -0.019 seconds.
10208 [Test worker] INFO  c.s.p.c.EmployeeControllerTest - Starting EmployeeControllerTest using Java 17.0.7 with PID 17716 (started by ssama in C:\Users\ssama\Desktop\project\springproject)
10209 [Test worker] DEBUG c.s.p.c.EmployeeControllerTest - Running with Spring Boot v3.1.1, Spring v6.0.10
10209 [Test worker] INFO  c.s.p.c.EmployeeControllerTest - No active profile set, falling back to 1 default profile: "default"
10892 [Test worker] INFO  c.s.p.c.EmployeeControllerTest - Started EmployeeControllerTest in 0.706 seconds (process running for 13.853)
10900 [Test worker] INFO  c.s.p.interceptor.ApiInterceptor - preHandle method is invoked /api/employee/15 GET 1.689757474996E12
10912 [Test worker] INFO  c.s.p.interceptor.ApiInterceptor - preHandle method is invoked /api/employee/department GET 1.689757475008E12
10923 [Test worker] INFO  c.s.p.interceptor.ApiInterceptor - postHandle method is invoked /api/employee/department GET 1.689757475019E12
10924 [Test worker] INFO  c.s.p.interceptor.ApiInterceptor - after completion is invoked Time took is 0.011 seconds.
10929 [Test worker] INFO  c.s.p.interceptor.ApiInterceptor - preHandle method is invoked /api/employee/maxSalary GET 1.689757475025E12
10930 [Test worker] INFO  c.s.p.interceptor.ApiInterceptor - postHandle method is invoked /api/employee/maxSalary GET 1.689757475026E12
10930 [Test worker] INFO  c.s.p.interceptor.ApiInterceptor - after completion is invoked Time took is 0.001 seconds.
10942 [Test worker] INFO  c.s.p.interceptor.ApiInterceptor - preHandle method is invoked /api/employee/updateSalaryById PUT 1.689757475038E12
10946 [Test worker] INFO  c.s.p.interceptor.ApiInterceptor - postHandle method is invoked /api/employee/updateSalaryById PUT 1.689757475042E12
10947 [Test worker] INFO  c.s.p.interceptor.ApiInterceptor - after completion is invoked Time took is 0.004 seconds.
10952 [Test worker] INFO  c.s.p.interceptor.ApiInterceptor - preHandle method is invoked /api/employee/findAll GET 1.689757475048E12
10954 [Test worker] INFO  c.s.p.interceptor.ApiInterceptor - postHandle method is invoked /api/employee/findAll GET 1.68975747505E12
10954 [Test worker] INFO  c.s.p.interceptor.ApiInterceptor - after completion is invoked Time took is 0.002 seconds.
10959 [Test worker] INFO  c.s.p.interceptor.ApiInterceptor - preHandle method is invoked /api/employee/course GET 1.689757475055E12
10960 [Test worker] INFO  c.s.p.interceptor.ApiInterceptor - postHandle method is invoked /api/employee/course GET 1.689757475056E12
10961 [Test worker] INFO  c.s.p.interceptor.ApiInterceptor - after completion is invoked Time took is 0.001 seconds.
10966 [Test worker] INFO  c.s.p.interceptor.ApiInterceptor - preHandle method is invoked /api/employee POST 1.689757475062E12
10972 [Test worker] INFO  c.s.p.interceptor.ApiInterceptor - postHandle method is invoked /api/employee POST 1.689757475068E12
10972 [Test worker] INFO  c.s.p.interceptor.ApiInterceptor - after completion is invoked Time took is 0.006 seconds.
10977 [Test worker] INFO  c.s.p.interceptor.ApiInterceptor - preHandle method is invoked /api/employee GET 1.689757475073E12
10980 [Test worker] INFO  c.s.p.interceptor.ApiInterceptor - after completion is invoked Time took is -0.005 seconds.
10983 [Test worker] INFO  c.s.p.interceptor.ApiInterceptor - preHandle method is invoked /api/employee PUT 1.689757475079E12
10985 [Test worker] INFO  c.s.p.interceptor.ApiInterceptor - after completion is invoked Time took is -0.011 seconds.
10991 [Test worker] INFO  c.s.p.interceptor.ApiInterceptor - preHandle method is invoked /api/employee GET 1.689757475087E12
11005 [Test worker] INFO  c.s.p.interceptor.ApiInterceptor - after completion is invoked Time took is -0.019 seconds.
11009 [Test worker] INFO  c.s.p.interceptor.ApiInterceptor - preHandle method is invoked /api/employee/1 DELETE 1.689757475105E12
11010 [Test worker] INFO  c.s.p.interceptor.ApiInterceptor - postHandle method is invoked /api/employee/1 DELETE 1.689757475106E12
11011 [Test worker] INFO  c.s.p.interceptor.ApiInterceptor - after completion is invoked Time took is 0.001 seconds.
11016 [Test worker] INFO  c.s.p.interceptor.ApiInterceptor - preHandle method is invoked /api/employee/department/maxSalary GET 1.689757475112E12
11017 [Test worker] INFO  c.s.p.interceptor.ApiInterceptor - after completion is invoked Time took is -0.006 seconds.
11021 [Test worker] INFO  c.s.p.interceptor.ApiInterceptor - preHandle method is invoked /api/employee/maxSalary GET 1.689757475117E12
11023 [Test worker] INFO  c.s.p.interceptor.ApiInterceptor - after completion is invoked Time took is -0.011 seconds.
11028 [Test worker] INFO  c.s.p.interceptor.ApiInterceptor - preHandle method is invoked /api/employee PUT 1.689757475124E12
11029 [Test worker] INFO  c.s.p.interceptor.ApiInterceptor - postHandle method is invoked /api/employee PUT 1.689757475125E12
11029 [Test worker] INFO  c.s.p.interceptor.ApiInterceptor - after completion is invoked Time took is 0.001 seconds.
11033 [Test worker] INFO  c.s.p.interceptor.ApiInterceptor - preHandle method is invoked /api/employee/insertAll POST 1.689757475129E12
11037 [Test worker] INFO  c.s.p.interceptor.ApiInterceptor - postHandle method is invoked /api/employee/insertAll POST 1.689757475133E12
11038 [Test worker] INFO  c.s.p.interceptor.ApiInterceptor - after completion is invoked Time took is 0.004 seconds.
11041 [Test worker] INFO  c.s.p.interceptor.ApiInterceptor - preHandle method is invoked /api/employee/1 DELETE 1.689757475137E12
11043 [Test worker] INFO  c.s.p.interceptor.ApiInterceptor - after completion is invoked Time took is -0.004 seconds.
11047 [Test worker] INFO  c.s.p.interceptor.ApiInterceptor - preHandle method is invoked /api/employee/1 GET 1.689757475143E12
11050 [Test worker] INFO  c.s.p.interceptor.ApiInterceptor - postHandle method is invoked /api/employee/1 GET 1.689757475146E12
11050 [Test worker] INFO  c.s.p.interceptor.ApiInterceptor - after completion is invoked Time took is 0.003 seconds.
11056 [Test worker] INFO  c.s.p.interceptor.ApiInterceptor - preHandle method is invoked /api/employee/department GET 1.689757475152E12
11058 [Test worker] INFO  c.s.p.interceptor.ApiInterceptor - after completion is invoked Time took is -0.006 seconds.
11064 [Test worker] INFO  c.s.p.interceptor.ApiInterceptor - preHandle method is invoked /api/employee/0 GET 1.68975747516E12
11066 [Test worker] INFO  c.s.p.interceptor.ApiInterceptor - after completion is invoked Time took is -0.014 seconds.
11070 [Test worker] INFO  c.s.p.interceptor.ApiInterceptor - preHandle method is invoked /api/employee/findAll GET 1.689757475166E12
11071 [Test worker] INFO  c.s.p.interceptor.ApiInterceptor - after completion is invoked Time took is -0.02 seconds.
11076 [Test worker] INFO  c.s.p.interceptor.ApiInterceptor - preHandle method is invoked /api/employee/course GET 1.689757475172E12
11078 [Test worker] INFO  c.s.p.interceptor.ApiInterceptor - after completion is invoked Time took is -0.026 seconds.
11083 [Test worker] INFO  c.s.p.interceptor.ApiInterceptor - preHandle method is invoked /api/employee/updateSalaryById PUT 1.689757475179E12
11084 [Test worker] INFO  c.s.p.interceptor.ApiInterceptor - after completion is invoked Time took is -0.033 seconds.
11088 [Test worker] INFO  c.s.p.interceptor.ApiInterceptor - preHandle method is invoked /api/employee/department/maxSalary GET 1.689757475184E12
11089 [Test worker] INFO  c.s.p.interceptor.ApiInterceptor - postHandle method is invoked /api/employee/department/maxSalary GET 1.689757475185E12
11089 [Test worker] INFO  c.s.p.interceptor.ApiInterceptor - after completion is invoked Time took is 0.001 seconds.
11094 [Test worker] INFO  c.s.p.interceptor.ApiInterceptor - preHandle method is invoked /api/employee GET 1.68975747519E12
11095 [Test worker] INFO  c.s.p.interceptor.ApiInterceptor - postHandle method is invoked /api/employee GET 1.689757475191E12
11095 [Test worker] INFO  c.s.p.interceptor.ApiInterceptor - after completion is invoked Time took is 0.001 seconds.
11141 [Test worker] INFO  c.s.p.service.AddressServiceTest - Starting AddressServiceTest using Java 17.0.7 with PID 17716 (started by ssama in C:\Users\ssama\Desktop\project\springproject)
11141 [Test worker] DEBUG c.s.p.service.AddressServiceTest - Running with Spring Boot v3.1.1, Spring v6.0.10
11141 [Test worker] INFO  c.s.p.service.AddressServiceTest - No active profile set, falling back to 1 default profile: "default"
11887 [Test worker] INFO  c.s.p.service.AddressServiceTest - Started AddressServiceTest in 0.77 seconds (process running for 14.849)
11950 [Test worker] INFO  c.s.p.service.CourseServiceTest - Starting CourseServiceTest using Java 17.0.7 with PID 17716 (started by ssama in C:\Users\ssama\Desktop\project\springproject)
11950 [Test worker] DEBUG c.s.p.service.CourseServiceTest - Running with Spring Boot v3.1.1, Spring v6.0.10
11950 [Test worker] INFO  c.s.p.service.CourseServiceTest - No active profile set, falling back to 1 default profile: "default"
12531 [Test worker] INFO  c.s.p.service.CourseServiceTest - Started CourseServiceTest in 0.601 seconds (process running for 15.493)
12593 [Test worker] INFO  c.s.p.service.EmployeeServiceTest - Starting EmployeeServiceTest using Java 17.0.7 with PID 17716 (started by ssama in C:\Users\ssama\Desktop\project\springproject)
12594 [Test worker] DEBUG c.s.p.service.EmployeeServiceTest - Running with Spring Boot v3.1.1, Spring v6.0.10
12594 [Test worker] INFO  c.s.p.service.EmployeeServiceTest - No active profile set, falling back to 1 default profile: "default"
13220 [Test worker] INFO  c.s.p.service.EmployeeServiceTest - Started EmployeeServiceTest in 0.648 seconds (process running for 16.182)
13254 [Test worker] INFO  c.s.p.service.EmployeeServiceImpl - Course already exists !
13254 [Test worker] INFO  c.s.p.service.EmployeeServiceImpl - Course already exists !
13284 [Test worker] INFO  c.s.p.service.EmployeeServiceImpl - Course already exists !
13285 [Test worker] INFO  c.s.p.service.EmployeeServiceImpl - Course already exists !
13304 [Test worker] ERROR c.s.p.service.EmployeeServiceImpl - Employee with id : 0 does not exist ! 
1181 [Test worker] INFO  c.s.p.c.CourseControllerTest - Starting CourseControllerTest using Java 17.0.7 with PID 4564 (started by ssama in C:\Users\ssama\Desktop\project\springproject)
1182 [Test worker] DEBUG c.s.p.c.CourseControllerTest - Running with Spring Boot v3.1.1, Spring v6.0.10
1182 [Test worker] INFO  c.s.p.c.CourseControllerTest - No active profile set, falling back to 1 default profile: "default"
7643 [Test worker] INFO  c.s.p.c.CourseControllerTest - Started CourseControllerTest in 6.8 seconds (process running for 8.941)
7750 [Test worker] INFO  c.s.p.interceptor.ApiInterceptor - preHandle method is invoked /api/courses GET 1.689757543623E12
7889 [Test worker] INFO  c.s.p.interceptor.ApiInterceptor - postHandle method is invoked /api/courses GET 1.689757543762E12
7891 [Test worker] INFO  c.s.p.interceptor.ApiInterceptor - after completion is invoked Time took is 0.139 seconds.
7918 [Test worker] INFO  c.s.p.interceptor.ApiInterceptor - preHandle method is invoked /api/courses/insertMany POST 1.689757543791E12
7973 [Test worker] INFO  c.s.p.interceptor.ApiInterceptor - postHandle method is invoked /api/courses/insertMany POST 1.689757543846E12
7974 [Test worker] INFO  c.s.p.interceptor.ApiInterceptor - after completion is invoked Time took is 0.055 seconds.
7982 [Test worker] INFO  c.s.p.interceptor.ApiInterceptor - preHandle method is invoked /api/courses POST 1.689757543855E12
8003 [Test worker] INFO  c.s.p.interceptor.ApiInterceptor - after completion is invoked Time took is -0.009 seconds.
8019 [Test worker] INFO  c.s.p.interceptor.ApiInterceptor - preHandle method is invoked /api/courses POST 1.689757543892E12
8025 [Test worker] INFO  c.s.p.interceptor.ApiInterceptor - postHandle method is invoked /api/courses POST 1.689757543898E12
8026 [Test worker] INFO  c.s.p.interceptor.ApiInterceptor - after completion is invoked Time took is 0.006 seconds.
8034 [Test worker] INFO  c.s.p.interceptor.ApiInterceptor - preHandle method is invoked /api/courses GET 1.689757543907E12
8036 [Test worker] INFO  c.s.p.interceptor.ApiInterceptor - after completion is invoked Time took is -0.009 seconds.
8105 [Test worker] INFO  c.s.p.interceptor.ApiInterceptor - preHandle method is invoked /api/courses/insertMany POST 1.689757543978E12
8108 [Test worker] INFO  c.s.p.interceptor.ApiInterceptor - after completion is invoked Time took is -0.08 seconds.
8154 [Test worker] INFO  c.s.p.c.EmployeeControllerTest - Starting EmployeeControllerTest using Java 17.0.7 with PID 4564 (started by ssama in C:\Users\ssama\Desktop\project\springproject)
8154 [Test worker] DEBUG c.s.p.c.EmployeeControllerTest - Running with Spring Boot v3.1.1, Spring v6.0.10
8155 [Test worker] INFO  c.s.p.c.EmployeeControllerTest - No active profile set, falling back to 1 default profile: "default"
9026 [Test worker] INFO  c.s.p.c.EmployeeControllerTest - Started EmployeeControllerTest in 0.901 seconds (process running for 10.324)
9034 [Test worker] INFO  c.s.p.interceptor.ApiInterceptor - preHandle method is invoked /api/employee/15 GET 1.689757544907E12
9051 [Test worker] INFO  c.s.p.interceptor.ApiInterceptor - preHandle method is invoked /api/employee/department GET 1.689757544924E12
9065 [Test worker] INFO  c.s.p.interceptor.ApiInterceptor - postHandle method is invoked /api/employee/department GET 1.689757544938E12
9067 [Test worker] INFO  c.s.p.interceptor.ApiInterceptor - after completion is invoked Time took is 0.014 seconds.
9072 [Test worker] INFO  c.s.p.interceptor.ApiInterceptor - preHandle method is invoked /api/employee/maxSalary GET 1.689757544945E12
9075 [Test worker] INFO  c.s.p.interceptor.ApiInterceptor - postHandle method is invoked /api/employee/maxSalary GET 1.689757544948E12
9075 [Test worker] INFO  c.s.p.interceptor.ApiInterceptor - after completion is invoked Time took is 0.003 seconds.
9092 [Test worker] INFO  c.s.p.interceptor.ApiInterceptor - preHandle method is invoked /api/employee/updateSalaryById PUT 1.689757544965E12
9094 [Test worker] INFO  c.s.p.interceptor.ApiInterceptor - postHandle method is invoked /api/employee/updateSalaryById PUT 1.689757544967E12
9095 [Test worker] INFO  c.s.p.interceptor.ApiInterceptor - after completion is invoked Time took is 0.002 seconds.
9101 [Test worker] INFO  c.s.p.interceptor.ApiInterceptor - preHandle method is invoked /api/employee/findAll GET 1.689757544974E12
9102 [Test worker] INFO  c.s.p.interceptor.ApiInterceptor - postHandle method is invoked /api/employee/findAll GET 1.689757544975E12
9104 [Test worker] INFO  c.s.p.interceptor.ApiInterceptor - after completion is invoked Time took is 0.001 seconds.
9110 [Test worker] INFO  c.s.p.interceptor.ApiInterceptor - preHandle method is invoked /api/employee/course GET 1.689757544983E12
9112 [Test worker] INFO  c.s.p.interceptor.ApiInterceptor - postHandle method is invoked /api/employee/course GET 1.689757544985E12
9113 [Test worker] INFO  c.s.p.interceptor.ApiInterceptor - after completion is invoked Time took is 0.002 seconds.
9119 [Test worker] INFO  c.s.p.interceptor.ApiInterceptor - preHandle method is invoked /api/employee POST 1.689757544992E12
9123 [Test worker] INFO  c.s.p.interceptor.ApiInterceptor - postHandle method is invoked /api/employee POST 1.689757544996E12
9123 [Test worker] INFO  c.s.p.interceptor.ApiInterceptor - after completion is invoked Time took is 0.004 seconds.
9129 [Test worker] INFO  c.s.p.interceptor.ApiInterceptor - preHandle method is invoked /api/employee GET 1.689757545002E12
9132 [Test worker] INFO  c.s.p.interceptor.ApiInterceptor - after completion is invoked Time took is -0.006 seconds.
9137 [Test worker] INFO  c.s.p.interceptor.ApiInterceptor - preHandle method is invoked /api/employee PUT 1.68975754501E12
9141 [Test worker] INFO  c.s.p.interceptor.ApiInterceptor - after completion is invoked Time took is -0.014 seconds.
9150 [Test worker] INFO  c.s.p.interceptor.ApiInterceptor - preHandle method is invoked /api/employee GET 1.689757545023E12
9171 [Test worker] INFO  c.s.p.interceptor.ApiInterceptor - after completion is invoked Time took is -0.027 seconds.
9179 [Test worker] INFO  c.s.p.interceptor.ApiInterceptor - preHandle method is invoked /api/employee/1 DELETE 1.689757545052E12
9180 [Test worker] INFO  c.s.p.interceptor.ApiInterceptor - postHandle method is invoked /api/employee/1 DELETE 1.689757545053E12
9181 [Test worker] INFO  c.s.p.interceptor.ApiInterceptor - after completion is invoked Time took is 0.001 seconds.
9186 [Test worker] INFO  c.s.p.interceptor.ApiInterceptor - preHandle method is invoked /api/employee/department/maxSalary GET 1.689757545059E12
9191 [Test worker] INFO  c.s.p.interceptor.ApiInterceptor - after completion is invoked Time took is -0.006 seconds.
9199 [Test worker] INFO  c.s.p.interceptor.ApiInterceptor - preHandle method is invoked /api/employee/maxSalary GET 1.689757545072E12
9202 [Test worker] INFO  c.s.p.interceptor.ApiInterceptor - after completion is invoked Time took is -0.019 seconds.
9213 [Test worker] INFO  c.s.p.interceptor.ApiInterceptor - preHandle method is invoked /api/employee PUT 1.689757545086E12
9218 [Test worker] INFO  c.s.p.interceptor.ApiInterceptor - postHandle method is invoked /api/employee PUT 1.689757545091E12
9219 [Test worker] INFO  c.s.p.interceptor.ApiInterceptor - after completion is invoked Time took is 0.005 seconds.
9227 [Test worker] INFO  c.s.p.interceptor.ApiInterceptor - preHandle method is invoked /api/employee/insertAll POST 1.6897575451E12
9235 [Test worker] INFO  c.s.p.interceptor.ApiInterceptor - postHandle method is invoked /api/employee/insertAll POST 1.689757545108E12
9235 [Test worker] INFO  c.s.p.interceptor.ApiInterceptor - after completion is invoked Time took is 0.008 seconds.
9256 [Test worker] INFO  c.s.p.interceptor.ApiInterceptor - preHandle method is invoked /api/employee/1 DELETE 1.689757545129E12
9260 [Test worker] INFO  c.s.p.interceptor.ApiInterceptor - after completion is invoked Time took is -0.021 seconds.
9273 [Test worker] INFO  c.s.p.interceptor.ApiInterceptor - preHandle method is invoked /api/employee/1 GET 1.689757545146E12
9276 [Test worker] INFO  c.s.p.interceptor.ApiInterceptor - postHandle method is invoked /api/employee/1 GET 1.689757545149E12
9277 [Test worker] INFO  c.s.p.interceptor.ApiInterceptor - after completion is invoked Time took is 0.003 seconds.
9283 [Test worker] INFO  c.s.p.interceptor.ApiInterceptor - preHandle method is invoked /api/employee/department GET 1.689757545156E12
9286 [Test worker] INFO  c.s.p.interceptor.ApiInterceptor - after completion is invoked Time took is -0.007 seconds.
9295 [Test worker] INFO  c.s.p.interceptor.ApiInterceptor - preHandle method is invoked /api/employee/0 GET 1.689757545168E12
9300 [Test worker] INFO  c.s.p.interceptor.ApiInterceptor - after completion is invoked Time took is -0.019 seconds.
9307 [Test worker] INFO  c.s.p.interceptor.ApiInterceptor - preHandle method is invoked /api/employee/findAll GET 1.68975754518E12
9309 [Test worker] INFO  c.s.p.interceptor.ApiInterceptor - after completion is invoked Time took is -0.031 seconds.
9315 [Test worker] INFO  c.s.p.interceptor.ApiInterceptor - preHandle method is invoked /api/employee/course GET 1.689757545188E12
9317 [Test worker] INFO  c.s.p.interceptor.ApiInterceptor - after completion is invoked Time took is -0.039 seconds.
9320 [Test worker] INFO  c.s.p.interceptor.ApiInterceptor - preHandle method is invoked /api/employee/updateSalaryById PUT 1.689757545193E12
9322 [Test worker] INFO  c.s.p.interceptor.ApiInterceptor - after completion is invoked Time took is -0.044 seconds.
9326 [Test worker] INFO  c.s.p.interceptor.ApiInterceptor - preHandle method is invoked /api/employee/department/maxSalary GET 1.689757545199E12
9327 [Test worker] INFO  c.s.p.interceptor.ApiInterceptor - postHandle method is invoked /api/employee/department/maxSalary GET 1.6897575452E12
9327 [Test worker] INFO  c.s.p.interceptor.ApiInterceptor - after completion is invoked Time took is 0.001 seconds.
9333 [Test worker] INFO  c.s.p.interceptor.ApiInterceptor - preHandle method is invoked /api/employee GET 1.689757545206E12
9334 [Test worker] INFO  c.s.p.interceptor.ApiInterceptor - postHandle method is invoked /api/employee GET 1.689757545207E12
9334 [Test worker] INFO  c.s.p.interceptor.ApiInterceptor - after completion is invoked Time took is 0.001 seconds.
9376 [Test worker] INFO  c.s.p.service.EmployeeServiceTest - Starting EmployeeServiceTest using Java 17.0.7 with PID 4564 (started by ssama in C:\Users\ssama\Desktop\project\springproject)
9376 [Test worker] DEBUG c.s.p.service.EmployeeServiceTest - Running with Spring Boot v3.1.1, Spring v6.0.10
9376 [Test worker] INFO  c.s.p.service.EmployeeServiceTest - No active profile set, falling back to 1 default profile: "default"
10137 [Test worker] INFO  c.s.p.service.EmployeeServiceTest - Started EmployeeServiceTest in 0.786 seconds (process running for 11.436)
10192 [Test worker] INFO  c.s.p.service.EmployeeServiceImpl - Course already exists !
10192 [Test worker] INFO  c.s.p.service.EmployeeServiceImpl - Course already exists !
10216 [Test worker] INFO  c.s.p.service.EmployeeServiceImpl - Course already exists !
10216 [Test worker] INFO  c.s.p.service.EmployeeServiceImpl - Course already exists !
10237 [Test worker] ERROR c.s.p.service.EmployeeServiceImpl - Employee with id : 0 does not exist ! 
10329 [Test worker] INFO  c.s.p.c.AddressControllerTest - Starting AddressControllerTest using Java 17.0.7 with PID 4564 (started by ssama in C:\Users\ssama\Desktop\project\springproject)
10329 [Test worker] DEBUG c.s.p.c.AddressControllerTest - Running with Spring Boot v3.1.1, Spring v6.0.10
10329 [Test worker] INFO  c.s.p.c.AddressControllerTest - No active profile set, falling back to 1 default profile: "default"
11002 [Test worker] INFO  c.s.p.c.AddressControllerTest - Started AddressControllerTest in 0.698 seconds (process running for 12.3)
11007 [Test worker] INFO  c.s.p.interceptor.ApiInterceptor - preHandle method is invoked /api/address GET 1.68975754688E12
11009 [Test worker] INFO  c.s.p.interceptor.ApiInterceptor - postHandle method is invoked /api/address GET 1.689757546882E12
11011 [Test worker] INFO  c.s.p.interceptor.ApiInterceptor - after completion is invoked Time took is 0.002 seconds.
11015 [Test worker] INFO  c.s.p.interceptor.ApiInterceptor - preHandle method is invoked /api/address GET 1.689757546888E12
11021 [Test worker] INFO  c.s.p.interceptor.ApiInterceptor - after completion is invoked Time took is -0.006 seconds.
11050 [Test worker] INFO  c.s.p.service.AddressServiceTest - Starting AddressServiceTest using Java 17.0.7 with PID 4564 (started by ssama in C:\Users\ssama\Desktop\project\springproject)
11050 [Test worker] DEBUG c.s.p.service.AddressServiceTest - Running with Spring Boot v3.1.1, Spring v6.0.10
11050 [Test worker] INFO  c.s.p.service.AddressServiceTest - No active profile set, falling back to 1 default profile: "default"
11657 [Test worker] INFO  c.s.p.service.AddressServiceTest - Started AddressServiceTest in 0.625 seconds (process running for 12.956)
11702 [Test worker] INFO  c.s.p.service.CourseServiceTest - Starting CourseServiceTest using Java 17.0.7 with PID 4564 (started by ssama in C:\Users\ssama\Desktop\project\springproject)
11702 [Test worker] DEBUG c.s.p.service.CourseServiceTest - Running with Spring Boot v3.1.1, Spring v6.0.10
11702 [Test worker] INFO  c.s.p.service.CourseServiceTest - No active profile set, falling back to 1 default profile: "default"
12244 [Test worker] INFO  c.s.p.service.CourseServiceTest - Started CourseServiceTest in 0.561 seconds (process running for 13.543)
1919 [Test worker] INFO  c.s.p.c.CourseControllerTest - Starting CourseControllerTest using Java 17.0.7 with PID 17568 (started by ssama in C:\Users\ssama\Desktop\project\springproject)
1921 [Test worker] DEBUG c.s.p.c.CourseControllerTest - Running with Spring Boot v3.1.1, Spring v6.0.10
1922 [Test worker] INFO  c.s.p.c.CourseControllerTest - No active profile set, falling back to 1 default profile: "default"
15748 [Test worker] INFO  c.s.p.c.CourseControllerTest - Started CourseControllerTest in 14.395 seconds (process running for 17.863)
15954 [Test worker] INFO  c.s.p.interceptor.ApiInterceptor - preHandle method is invoked /api/courses GET 1.689757611349E12
16228 [Test worker] INFO  c.s.p.interceptor.ApiInterceptor - postHandle method is invoked /api/courses GET 1.689757611623E12
16232 [Test worker] INFO  c.s.p.interceptor.ApiInterceptor - after completion is invoked Time took is 0.274 seconds.
16267 [Test worker] INFO  c.s.p.interceptor.ApiInterceptor - preHandle method is invoked /api/courses/insertMany POST 1.689757611662E12
16361 [Test worker] INFO  c.s.p.interceptor.ApiInterceptor - postHandle method is invoked /api/courses/insertMany POST 1.689757611756E12
16362 [Test worker] INFO  c.s.p.interceptor.ApiInterceptor - after completion is invoked Time took is 0.094 seconds.
16373 [Test worker] INFO  c.s.p.interceptor.ApiInterceptor - preHandle method is invoked /api/courses POST 1.689757611768E12
16398 [Test worker] INFO  c.s.p.interceptor.ApiInterceptor - after completion is invoked Time took is -0.012 seconds.
16415 [Test worker] INFO  c.s.p.interceptor.ApiInterceptor - preHandle method is invoked /api/courses POST 1.68975761181E12
16421 [Test worker] INFO  c.s.p.interceptor.ApiInterceptor - postHandle method is invoked /api/courses POST 1.689757611816E12
16421 [Test worker] INFO  c.s.p.interceptor.ApiInterceptor - after completion is invoked Time took is 0.006 seconds.
16427 [Test worker] INFO  c.s.p.interceptor.ApiInterceptor - preHandle method is invoked /api/courses GET 1.689757611822E12
16429 [Test worker] INFO  c.s.p.interceptor.ApiInterceptor - after completion is invoked Time took is -0.006 seconds.
16559 [Test worker] INFO  c.s.p.interceptor.ApiInterceptor - preHandle method is invoked /api/courses/insertMany POST 1.689757611954E12
16563 [Test worker] INFO  c.s.p.interceptor.ApiInterceptor - after completion is invoked Time took is -0.138 seconds.
16625 [Test worker] INFO  c.s.p.c.EmployeeControllerTest - Starting EmployeeControllerTest using Java 17.0.7 with PID 17568 (started by ssama in C:\Users\ssama\Desktop\project\springproject)
16626 [Test worker] DEBUG c.s.p.c.EmployeeControllerTest - Running with Spring Boot v3.1.1, Spring v6.0.10
16626 [Test worker] INFO  c.s.p.c.EmployeeControllerTest - No active profile set, falling back to 1 default profile: "default"
17887 [Test worker] INFO  c.s.p.c.EmployeeControllerTest - Started EmployeeControllerTest in 1.298 seconds (process running for 20.002)
17904 [Test worker] INFO  c.s.p.interceptor.ApiInterceptor - preHandle method is invoked /api/employee/15 GET 1.689757613299E12
17940 [Test worker] INFO  c.s.p.interceptor.ApiInterceptor - preHandle method is invoked /api/employee/department GET 1.689757613335E12
17972 [Test worker] INFO  c.s.p.interceptor.ApiInterceptor - postHandle method is invoked /api/employee/department GET 1.689757613367E12
17973 [Test worker] INFO  c.s.p.interceptor.ApiInterceptor - after completion is invoked Time took is 0.032 seconds.
17982 [Test worker] INFO  c.s.p.interceptor.ApiInterceptor - preHandle method is invoked /api/employee/maxSalary GET 1.689757613377E12
17986 [Test worker] INFO  c.s.p.interceptor.ApiInterceptor - postHandle method is invoked /api/employee/maxSalary GET 1.689757613381E12
17987 [Test worker] INFO  c.s.p.interceptor.ApiInterceptor - after completion is invoked Time took is 0.004 seconds.
18022 [Test worker] INFO  c.s.p.interceptor.ApiInterceptor - preHandle method is invoked /api/employee/updateSalaryById PUT 1.689757613417E12
18027 [Test worker] INFO  c.s.p.interceptor.ApiInterceptor - postHandle method is invoked /api/employee/updateSalaryById PUT 1.689757613422E12
18028 [Test worker] INFO  c.s.p.interceptor.ApiInterceptor - after completion is invoked Time took is 0.005 seconds.
18036 [Test worker] INFO  c.s.p.interceptor.ApiInterceptor - preHandle method is invoked /api/employee/findAll GET 1.689757613431E12
18038 [Test worker] INFO  c.s.p.interceptor.ApiInterceptor - postHandle method is invoked /api/employee/findAll GET 1.689757613433E12
18039 [Test worker] INFO  c.s.p.interceptor.ApiInterceptor - after completion is invoked Time took is 0.002 seconds.
18047 [Test worker] INFO  c.s.p.interceptor.ApiInterceptor - preHandle method is invoked /api/employee/course GET 1.689757613442E12
18051 [Test worker] INFO  c.s.p.interceptor.ApiInterceptor - postHandle method is invoked /api/employee/course GET 1.689757613446E12
18051 [Test worker] INFO  c.s.p.interceptor.ApiInterceptor - after completion is invoked Time took is 0.004 seconds.
18065 [Test worker] INFO  c.s.p.interceptor.ApiInterceptor - preHandle method is invoked /api/employee POST 1.68975761346E12
18078 [Test worker] INFO  c.s.p.interceptor.ApiInterceptor - postHandle method is invoked /api/employee POST 1.689757613473E12
18079 [Test worker] INFO  c.s.p.interceptor.ApiInterceptor - after completion is invoked Time took is 0.013 seconds.
18089 [Test worker] INFO  c.s.p.interceptor.ApiInterceptor - preHandle method is invoked /api/employee GET 1.689757613484E12
18092 [Test worker] INFO  c.s.p.interceptor.ApiInterceptor - after completion is invoked Time took is -0.011 seconds.
18101 [Test worker] INFO  c.s.p.interceptor.ApiInterceptor - preHandle method is invoked /api/employee PUT 1.689757613496E12
18107 [Test worker] INFO  c.s.p.interceptor.ApiInterceptor - after completion is invoked Time took is -0.023 seconds.
18126 [Test worker] INFO  c.s.p.interceptor.ApiInterceptor - preHandle method is invoked /api/employee GET 1.689757613521E12
18185 [Test worker] INFO  c.s.p.interceptor.ApiInterceptor - after completion is invoked Time took is -0.048 seconds.
18196 [Test worker] INFO  c.s.p.interceptor.ApiInterceptor - preHandle method is invoked /api/employee/1 DELETE 1.689757613591E12
18199 [Test worker] INFO  c.s.p.interceptor.ApiInterceptor - postHandle method is invoked /api/employee/1 DELETE 1.689757613594E12
18200 [Test worker] INFO  c.s.p.interceptor.ApiInterceptor - after completion is invoked Time took is 0.003 seconds.
18218 [Test worker] INFO  c.s.p.interceptor.ApiInterceptor - preHandle method is invoked /api/employee/department/maxSalary GET 1.689757613613E12
18222 [Test worker] INFO  c.s.p.interceptor.ApiInterceptor - after completion is invoked Time took is -0.019 seconds.
18233 [Test worker] INFO  c.s.p.interceptor.ApiInterceptor - preHandle method is invoked /api/employee/maxSalary GET 1.689757613628E12
18237 [Test worker] INFO  c.s.p.interceptor.ApiInterceptor - after completion is invoked Time took is -0.034 seconds.
18247 [Test worker] INFO  c.s.p.interceptor.ApiInterceptor - preHandle method is invoked /api/employee PUT 1.689757613642E12
18251 [Test worker] INFO  c.s.p.interceptor.ApiInterceptor - postHandle method is invoked /api/employee PUT 1.689757613646E12
18252 [Test worker] INFO  c.s.p.interceptor.ApiInterceptor - after completion is invoked Time took is 0.004 seconds.
18261 [Test worker] INFO  c.s.p.interceptor.ApiInterceptor - preHandle method is invoked /api/employee/insertAll POST 1.689757613656E12
18271 [Test worker] INFO  c.s.p.interceptor.ApiInterceptor - postHandle method is invoked /api/employee/insertAll POST 1.689757613666E12
18271 [Test worker] INFO  c.s.p.interceptor.ApiInterceptor - after completion is invoked Time took is 0.01 seconds.
18278 [Test worker] INFO  c.s.p.interceptor.ApiInterceptor - preHandle method is invoked /api/employee/1 DELETE 1.689757613673E12
18282 [Test worker] INFO  c.s.p.interceptor.ApiInterceptor - after completion is invoked Time took is -0.007 seconds.
18291 [Test worker] INFO  c.s.p.interceptor.ApiInterceptor - preHandle method is invoked /api/employee/1 GET 1.689757613686E12
18298 [Test worker] INFO  c.s.p.interceptor.ApiInterceptor - postHandle method is invoked /api/employee/1 GET 1.689757613693E12
18298 [Test worker] INFO  c.s.p.interceptor.ApiInterceptor - after completion is invoked Time took is 0.007 seconds.
18307 [Test worker] INFO  c.s.p.interceptor.ApiInterceptor - preHandle method is invoked /api/employee/department GET 1.689757613702E12
18309 [Test worker] INFO  c.s.p.interceptor.ApiInterceptor - after completion is invoked Time took is -0.009 seconds.
18317 [Test worker] INFO  c.s.p.interceptor.ApiInterceptor - preHandle method is invoked /api/employee/0 GET 1.689757613711E12
18319 [Test worker] INFO  c.s.p.interceptor.ApiInterceptor - after completion is invoked Time took is -0.018 seconds.
18326 [Test worker] INFO  c.s.p.interceptor.ApiInterceptor - preHandle method is invoked /api/employee/findAll GET 1.689757613721E12
18329 [Test worker] INFO  c.s.p.interceptor.ApiInterceptor - after completion is invoked Time took is -0.028 seconds.
18337 [Test worker] INFO  c.s.p.interceptor.ApiInterceptor - preHandle method is invoked /api/employee/course GET 1.689757613732E12
18341 [Test worker] INFO  c.s.p.interceptor.ApiInterceptor - after completion is invoked Time took is -0.039 seconds.
18348 [Test worker] INFO  c.s.p.interceptor.ApiInterceptor - preHandle method is invoked /api/employee/updateSalaryById PUT 1.689757613743E12
18351 [Test worker] INFO  c.s.p.interceptor.ApiInterceptor - after completion is invoked Time took is -0.05 seconds.
18358 [Test worker] INFO  c.s.p.interceptor.ApiInterceptor - preHandle method is invoked /api/employee/department/maxSalary GET 1.689757613753E12
18359 [Test worker] INFO  c.s.p.interceptor.ApiInterceptor - postHandle method is invoked /api/employee/department/maxSalary GET 1.689757613754E12
18360 [Test worker] INFO  c.s.p.interceptor.ApiInterceptor - after completion is invoked Time took is 0.001 seconds.
18366 [Test worker] INFO  c.s.p.interceptor.ApiInterceptor - preHandle method is invoked /api/employee GET 1.689757613761E12
18368 [Test worker] INFO  c.s.p.interceptor.ApiInterceptor - postHandle method is invoked /api/employee GET 1.689757613763E12
18369 [Test worker] INFO  c.s.p.interceptor.ApiInterceptor - after completion is invoked Time took is 0.002 seconds.
18466 [Test worker] INFO  c.s.p.service.EmployeeServiceTest - Starting EmployeeServiceTest using Java 17.0.7 with PID 17568 (started by ssama in C:\Users\ssama\Desktop\project\springproject)
18468 [Test worker] DEBUG c.s.p.service.EmployeeServiceTest - Running with Spring Boot v3.1.1, Spring v6.0.10
18468 [Test worker] INFO  c.s.p.service.EmployeeServiceTest - No active profile set, falling back to 1 default profile: "default"
19612 [Test worker] INFO  c.s.p.service.EmployeeServiceTest - Started EmployeeServiceTest in 1.215 seconds (process running for 21.727)
19735 [Test worker] INFO  c.s.p.service.EmployeeServiceImpl - Course already exists !
19735 [Test worker] INFO  c.s.p.service.EmployeeServiceImpl - Course already exists !
19772 [Test worker] INFO  c.s.p.service.EmployeeServiceImpl - Course already exists !
19772 [Test worker] INFO  c.s.p.service.EmployeeServiceImpl - Course already exists !
19798 [Test worker] ERROR c.s.p.service.EmployeeServiceImpl - Employee with id : 0 does not exist ! 
19942 [Test worker] INFO  c.s.p.c.AddressControllerTest - Starting AddressControllerTest using Java 17.0.7 with PID 17568 (started by ssama in C:\Users\ssama\Desktop\project\springproject)
19942 [Test worker] DEBUG c.s.p.c.AddressControllerTest - Running with Spring Boot v3.1.1, Spring v6.0.10
19943 [Test worker] INFO  c.s.p.c.AddressControllerTest - No active profile set, falling back to 1 default profile: "default"
20920 [Test worker] INFO  c.s.p.c.AddressControllerTest - Started AddressControllerTest in 1.034 seconds (process running for 23.035)
20927 [Test worker] INFO  c.s.p.interceptor.ApiInterceptor - preHandle method is invoked /api/address GET 1.689757616322E12
20932 [Test worker] INFO  c.s.p.interceptor.ApiInterceptor - postHandle method is invoked /api/address GET 1.689757616327E12
20932 [Test worker] INFO  c.s.p.interceptor.ApiInterceptor - after completion is invoked Time took is 0.005 seconds.
20937 [Test worker] INFO  c.s.p.interceptor.ApiInterceptor - preHandle method is invoked /api/address GET 1.689757616332E12
20945 [Test worker] INFO  c.s.p.interceptor.ApiInterceptor - after completion is invoked Time took is -0.005 seconds.
20993 [Test worker] INFO  c.s.p.service.AddressServiceTest - Starting AddressServiceTest using Java 17.0.7 with PID 17568 (started by ssama in C:\Users\ssama\Desktop\project\springproject)
20993 [Test worker] DEBUG c.s.p.service.AddressServiceTest - Running with Spring Boot v3.1.1, Spring v6.0.10
20994 [Test worker] INFO  c.s.p.service.AddressServiceTest - No active profile set, falling back to 1 default profile: "default"
21797 [Test worker] INFO  c.s.p.service.AddressServiceTest - Started AddressServiceTest in 0.832 seconds (process running for 23.912)
21847 [Test worker] INFO  c.s.p.service.CourseServiceTest - Starting CourseServiceTest using Java 17.0.7 with PID 17568 (started by ssama in C:\Users\ssama\Desktop\project\springproject)
21847 [Test worker] DEBUG c.s.p.service.CourseServiceTest - Running with Spring Boot v3.1.1, Spring v6.0.10
21848 [Test worker] INFO  c.s.p.service.CourseServiceTest - No active profile set, falling back to 1 default profile: "default"
22644 [Test worker] INFO  c.s.p.service.CourseServiceTest - Started CourseServiceTest in 0.82 seconds (process running for 24.759)
1341 [Test worker] INFO  c.s.p.c.AddressControllerTest - Starting AddressControllerTest using Java 17.0.7 with PID 32712 (started by ssama in C:\Users\ssama\Desktop\project\springproject)
1343 [Test worker] DEBUG c.s.p.c.AddressControllerTest - Running with Spring Boot v3.1.1, Spring v6.0.10
1344 [Test worker] INFO  c.s.p.c.AddressControllerTest - No active profile set, falling back to 1 default profile: "default"
8991 [Test worker] INFO  c.s.p.c.AddressControllerTest - Started AddressControllerTest in 8.11 seconds (process running for 10.185)
9146 [Test worker] INFO  c.s.p.interceptor.ApiInterceptor - preHandle method is invoked /api/address GET 1.689757691078E12
9345 [Test worker] INFO  c.s.p.interceptor.ApiInterceptor - postHandle method is invoked /api/address GET 1.689757691277E12
9353 [Test worker] INFO  c.s.p.interceptor.ApiInterceptor - after completion is invoked Time took is 0.199 seconds.
9396 [Test worker] INFO  c.s.p.interceptor.ApiInterceptor - preHandle method is invoked /api/address GET 1.689757691328E12
9418 [Test worker] INFO  c.s.p.interceptor.ApiInterceptor - after completion is invoked Time took is -0.051 seconds.
9553 [Test worker] INFO  c.s.p.c.CourseControllerTest - Starting CourseControllerTest using Java 17.0.7 with PID 32712 (started by ssama in C:\Users\ssama\Desktop\project\springproject)
9555 [Test worker] DEBUG c.s.p.c.CourseControllerTest - Running with Spring Boot v3.1.1, Spring v6.0.10
9555 [Test worker] INFO  c.s.p.c.CourseControllerTest - No active profile set, falling back to 1 default profile: "default"
10641 [Test worker] INFO  c.s.p.c.CourseControllerTest - Started CourseControllerTest in 1.126 seconds (process running for 11.835)
10648 [Test worker] INFO  c.s.p.interceptor.ApiInterceptor - preHandle method is invoked /api/courses GET 1.68975769258E12
10652 [Test worker] INFO  c.s.p.interceptor.ApiInterceptor - postHandle method is invoked /api/courses GET 1.689757692584E12
10653 [Test worker] INFO  c.s.p.interceptor.ApiInterceptor - after completion is invoked Time took is 0.004 seconds.
10661 [Test worker] INFO  c.s.p.interceptor.ApiInterceptor - preHandle method is invoked /api/courses/insertMany POST 1.689757692593E12
10725 [Test worker] INFO  c.s.p.interceptor.ApiInterceptor - postHandle method is invoked /api/courses/insertMany POST 1.689757692657E12
10725 [Test worker] INFO  c.s.p.interceptor.ApiInterceptor - after completion is invoked Time took is 0.064 seconds.
10732 [Test worker] INFO  c.s.p.interceptor.ApiInterceptor - preHandle method is invoked /api/courses POST 1.689757692664E12
10740 [Test worker] INFO  c.s.p.interceptor.ApiInterceptor - after completion is invoked Time took is -0.007 seconds.
10755 [Test worker] INFO  c.s.p.interceptor.ApiInterceptor - preHandle method is invoked /api/courses POST 1.689757692687E12
10764 [Test worker] INFO  c.s.p.interceptor.ApiInterceptor - postHandle method is invoked /api/courses POST 1.689757692696E12
10766 [Test worker] INFO  c.s.p.interceptor.ApiInterceptor - after completion is invoked Time took is 0.009 seconds.
10771 [Test worker] INFO  c.s.p.interceptor.ApiInterceptor - preHandle method is invoked /api/courses GET 1.689757692703E12
10773 [Test worker] INFO  c.s.p.interceptor.ApiInterceptor - after completion is invoked Time took is -0.007 seconds.
10784 [Test worker] INFO  c.s.p.interceptor.ApiInterceptor - preHandle method is invoked /api/courses/insertMany POST 1.689757692716E12
10790 [Test worker] INFO  c.s.p.interceptor.ApiInterceptor - after completion is invoked Time took is -0.02 seconds.
10843 [Test worker] INFO  c.s.p.c.EmployeeControllerTest - Starting EmployeeControllerTest using Java 17.0.7 with PID 32712 (started by ssama in C:\Users\ssama\Desktop\project\springproject)
10845 [Test worker] DEBUG c.s.p.c.EmployeeControllerTest - Running with Spring Boot v3.1.1, Spring v6.0.10
10845 [Test worker] INFO  c.s.p.c.EmployeeControllerTest - No active profile set, falling back to 1 default profile: "default"
11732 [Test worker] INFO  c.s.p.c.EmployeeControllerTest - Started EmployeeControllerTest in 0.925 seconds (process running for 12.926)
11745 [Test worker] INFO  c.s.p.interceptor.ApiInterceptor - preHandle method is invoked /api/employee/15 GET 1.689757693677E12
11773 [Test worker] INFO  c.s.p.interceptor.ApiInterceptor - preHandle method is invoked /api/employee/department GET 1.689757693705E12
11787 [Test worker] INFO  c.s.p.interceptor.ApiInterceptor - postHandle method is invoked /api/employee/department GET 1.689757693719E12
11787 [Test worker] INFO  c.s.p.interceptor.ApiInterceptor - after completion is invoked Time took is 0.014 seconds.
11793 [Test worker] INFO  c.s.p.interceptor.ApiInterceptor - preHandle method is invoked /api/employee/maxSalary GET 1.689757693725E12
11795 [Test worker] INFO  c.s.p.interceptor.ApiInterceptor - postHandle method is invoked /api/employee/maxSalary GET 1.689757693727E12
11796 [Test worker] INFO  c.s.p.interceptor.ApiInterceptor - after completion is invoked Time took is 0.002 seconds.
11812 [Test worker] INFO  c.s.p.interceptor.ApiInterceptor - preHandle method is invoked /api/employee/updateSalaryById PUT 1.689757693744E12
11818 [Test worker] INFO  c.s.p.interceptor.ApiInterceptor - postHandle method is invoked /api/employee/updateSalaryById PUT 1.68975769375E12
11818 [Test worker] INFO  c.s.p.interceptor.ApiInterceptor - after completion is invoked Time took is 0.006 seconds.
11826 [Test worker] INFO  c.s.p.interceptor.ApiInterceptor - preHandle method is invoked /api/employee/findAll GET 1.689757693758E12
11828 [Test worker] INFO  c.s.p.interceptor.ApiInterceptor - postHandle method is invoked /api/employee/findAll GET 1.68975769376E12
11828 [Test worker] INFO  c.s.p.interceptor.ApiInterceptor - after completion is invoked Time took is 0.002 seconds.
11835 [Test worker] INFO  c.s.p.interceptor.ApiInterceptor - preHandle method is invoked /api/employee/course GET 1.689757693767E12
11838 [Test worker] INFO  c.s.p.interceptor.ApiInterceptor - postHandle method is invoked /api/employee/course GET 1.68975769377E12
11839 [Test worker] INFO  c.s.p.interceptor.ApiInterceptor - after completion is invoked Time took is 0.003 seconds.
11848 [Test worker] INFO  c.s.p.interceptor.ApiInterceptor - preHandle method is invoked /api/employee POST 1.68975769378E12
11855 [Test worker] INFO  c.s.p.interceptor.ApiInterceptor - postHandle method is invoked /api/employee POST 1.689757693787E12
11856 [Test worker] INFO  c.s.p.interceptor.ApiInterceptor - after completion is invoked Time took is 0.007 seconds.
11862 [Test worker] INFO  c.s.p.interceptor.ApiInterceptor - preHandle method is invoked /api/employee GET 1.689757693794E12
11865 [Test worker] INFO  c.s.p.interceptor.ApiInterceptor - after completion is invoked Time took is -0.007 seconds.
11871 [Test worker] INFO  c.s.p.interceptor.ApiInterceptor - preHandle method is invoked /api/employee PUT 1.689757693803E12
11873 [Test worker] INFO  c.s.p.interceptor.ApiInterceptor - after completion is invoked Time took is -0.016 seconds.
11880 [Test worker] INFO  c.s.p.interceptor.ApiInterceptor - preHandle method is invoked /api/employee GET 1.689757693812E12
11906 [Test worker] INFO  c.s.p.interceptor.ApiInterceptor - after completion is invoked Time took is -0.025 seconds.
11911 [Test worker] INFO  c.s.p.interceptor.ApiInterceptor - preHandle method is invoked /api/employee/1 DELETE 1.689757693843E12
11913 [Test worker] INFO  c.s.p.interceptor.ApiInterceptor - postHandle method is invoked /api/employee/1 DELETE 1.689757693845E12
11913 [Test worker] INFO  c.s.p.interceptor.ApiInterceptor - after completion is invoked Time took is 0.002 seconds.
11919 [Test worker] INFO  c.s.p.interceptor.ApiInterceptor - preHandle method is invoked /api/employee/department/maxSalary GET 1.689757693851E12
11921 [Test worker] INFO  c.s.p.interceptor.ApiInterceptor - after completion is invoked Time took is -0.006 seconds.
11927 [Test worker] INFO  c.s.p.interceptor.ApiInterceptor - preHandle method is invoked /api/employee/maxSalary GET 1.689757693859E12
11930 [Test worker] INFO  c.s.p.interceptor.ApiInterceptor - after completion is invoked Time took is -0.014 seconds.
11936 [Test worker] INFO  c.s.p.interceptor.ApiInterceptor - preHandle method is invoked /api/employee PUT 1.689757693868E12
11938 [Test worker] INFO  c.s.p.interceptor.ApiInterceptor - postHandle method is invoked /api/employee PUT 1.68975769387E12
11939 [Test worker] INFO  c.s.p.interceptor.ApiInterceptor - after completion is invoked Time took is 0.002 seconds.
11944 [Test worker] INFO  c.s.p.interceptor.ApiInterceptor - preHandle method is invoked /api/employee/insertAll POST 1.689757693876E12
11952 [Test worker] INFO  c.s.p.interceptor.ApiInterceptor - postHandle method is invoked /api/employee/insertAll POST 1.689757693884E12
11952 [Test worker] INFO  c.s.p.interceptor.ApiInterceptor - after completion is invoked Time took is 0.008 seconds.
11958 [Test worker] INFO  c.s.p.interceptor.ApiInterceptor - preHandle method is invoked /api/employee/1 DELETE 1.68975769389E12
11961 [Test worker] INFO  c.s.p.interceptor.ApiInterceptor - after completion is invoked Time took is -0.006 seconds.
11965 [Test worker] INFO  c.s.p.interceptor.ApiInterceptor - preHandle method is invoked /api/employee/1 GET 1.689757693897E12
11969 [Test worker] INFO  c.s.p.interceptor.ApiInterceptor - postHandle method is invoked /api/employee/1 GET 1.689757693901E12
11971 [Test worker] INFO  c.s.p.interceptor.ApiInterceptor - after completion is invoked Time took is 0.004 seconds.
11981 [Test worker] INFO  c.s.p.interceptor.ApiInterceptor - preHandle method is invoked /api/employee/department GET 1.689757693913E12
11984 [Test worker] INFO  c.s.p.interceptor.ApiInterceptor - after completion is invoked Time took is -0.012 seconds.
11993 [Test worker] INFO  c.s.p.interceptor.ApiInterceptor - preHandle method is invoked /api/employee/0 GET 1.689757693924E12
11996 [Test worker] INFO  c.s.p.interceptor.ApiInterceptor - after completion is invoked Time took is -0.023 seconds.
12005 [Test worker] INFO  c.s.p.interceptor.ApiInterceptor - preHandle method is invoked /api/employee/findAll GET 1.689757693937E12
12007 [Test worker] INFO  c.s.p.interceptor.ApiInterceptor - after completion is invoked Time took is -0.036 seconds.
12016 [Test worker] INFO  c.s.p.interceptor.ApiInterceptor - preHandle method is invoked /api/employee/course GET 1.689757693948E12
12019 [Test worker] INFO  c.s.p.interceptor.ApiInterceptor - after completion is invoked Time took is -0.047 seconds.
12028 [Test worker] INFO  c.s.p.interceptor.ApiInterceptor - preHandle method is invoked /api/employee/updateSalaryById PUT 1.68975769396E12
12030 [Test worker] INFO  c.s.p.interceptor.ApiInterceptor - after completion is invoked Time took is -0.059 seconds.
12037 [Test worker] INFO  c.s.p.interceptor.ApiInterceptor - preHandle method is invoked /api/employee/department/maxSalary GET 1.689757693969E12
12039 [Test worker] INFO  c.s.p.interceptor.ApiInterceptor - postHandle method is invoked /api/employee/department/maxSalary GET 1.689757693971E12
12040 [Test worker] INFO  c.s.p.interceptor.ApiInterceptor - after completion is invoked Time took is 0.002 seconds.
12049 [Test worker] INFO  c.s.p.interceptor.ApiInterceptor - preHandle method is invoked /api/employee GET 1.689757693981E12
12051 [Test worker] INFO  c.s.p.interceptor.ApiInterceptor - postHandle method is invoked /api/employee GET 1.689757693983E12
12052 [Test worker] INFO  c.s.p.interceptor.ApiInterceptor - after completion is invoked Time took is 0.002 seconds.
12132 [Test worker] INFO  c.s.p.service.AddressServiceTest - Starting AddressServiceTest using Java 17.0.7 with PID 32712 (started by ssama in C:\Users\ssama\Desktop\project\springproject)
12132 [Test worker] DEBUG c.s.p.service.AddressServiceTest - Running with Spring Boot v3.1.1, Spring v6.0.10
12133 [Test worker] INFO  c.s.p.service.AddressServiceTest - No active profile set, falling back to 1 default profile: "default"
13003 [Test worker] INFO  c.s.p.service.AddressServiceTest - Started AddressServiceTest in 0.911 seconds (process running for 14.197)
13082 [Test worker] INFO  c.s.p.service.CourseServiceTest - Starting CourseServiceTest using Java 17.0.7 with PID 32712 (started by ssama in C:\Users\ssama\Desktop\project\springproject)
13083 [Test worker] DEBUG c.s.p.service.CourseServiceTest - Running with Spring Boot v3.1.1, Spring v6.0.10
13083 [Test worker] INFO  c.s.p.service.CourseServiceTest - No active profile set, falling back to 1 default profile: "default"
13747 [Test worker] INFO  c.s.p.service.CourseServiceTest - Started CourseServiceTest in 0.693 seconds (process running for 14.941)
13815 [Test worker] INFO  c.s.p.service.EmployeeServiceTest - Starting EmployeeServiceTest using Java 17.0.7 with PID 32712 (started by ssama in C:\Users\ssama\Desktop\project\springproject)
13817 [Test worker] DEBUG c.s.p.service.EmployeeServiceTest - Running with Spring Boot v3.1.1, Spring v6.0.10
13817 [Test worker] INFO  c.s.p.service.EmployeeServiceTest - No active profile set, falling back to 1 default profile: "default"
14509 [Test worker] INFO  c.s.p.service.EmployeeServiceTest - Started EmployeeServiceTest in 0.713 seconds (process running for 15.702)
14537 [Test worker] INFO  c.s.p.service.EmployeeServiceImpl - Course already exists !
14537 [Test worker] INFO  c.s.p.service.EmployeeServiceImpl - Course already exists !
14565 [Test worker] INFO  c.s.p.service.EmployeeServiceImpl - Course already exists !
14565 [Test worker] INFO  c.s.p.service.EmployeeServiceImpl - Course already exists !
14577 [Test worker] ERROR c.s.p.service.EmployeeServiceImpl - Employee with id : 0 does not exist ! 
1878 [Test worker] INFO  c.s.p.c.CourseControllerTest - Starting CourseControllerTest using Java 17.0.7 with PID 4652 (started by ssama in C:\Users\ssama\Desktop\project\springproject)
1879 [Test worker] DEBUG c.s.p.c.CourseControllerTest - Running with Spring Boot v3.1.1, Spring v6.0.10
1881 [Test worker] INFO  c.s.p.c.CourseControllerTest - No active profile set, falling back to 1 default profile: "default"
11708 [Test worker] INFO  c.s.p.c.CourseControllerTest - Started CourseControllerTest in 10.368 seconds (process running for 13.571)
11868 [Test worker] INFO  c.s.p.interceptor.ApiInterceptor - preHandle method is invoked /api/courses GET 1.689757723944E12
12114 [Test worker] INFO  c.s.p.interceptor.ApiInterceptor - postHandle method is invoked /api/courses GET 1.68975772419E12
12119 [Test worker] INFO  c.s.p.interceptor.ApiInterceptor - after completion is invoked Time took is 0.246 seconds.
12154 [Test worker] INFO  c.s.p.interceptor.ApiInterceptor - preHandle method is invoked /api/courses/insertMany POST 1.68975772423E12
12255 [Test worker] INFO  c.s.p.interceptor.ApiInterceptor - postHandle method is invoked /api/courses/insertMany POST 1.689757724331E12
12256 [Test worker] INFO  c.s.p.interceptor.ApiInterceptor - after completion is invoked Time took is 0.101 seconds.
12266 [Test worker] INFO  c.s.p.interceptor.ApiInterceptor - preHandle method is invoked /api/courses POST 1.689757724342E12
12288 [Test worker] INFO  c.s.p.interceptor.ApiInterceptor - after completion is invoked Time took is -0.011 seconds.
12304 [Test worker] INFO  c.s.p.interceptor.ApiInterceptor - preHandle method is invoked /api/courses POST 1.68975772438E12
12310 [Test worker] INFO  c.s.p.interceptor.ApiInterceptor - postHandle method is invoked /api/courses POST 1.689757724386E12
12310 [Test worker] INFO  c.s.p.interceptor.ApiInterceptor - after completion is invoked Time took is 0.006 seconds.
12317 [Test worker] INFO  c.s.p.interceptor.ApiInterceptor - preHandle method is invoked /api/courses GET 1.689757724393E12
12319 [Test worker] INFO  c.s.p.interceptor.ApiInterceptor - after completion is invoked Time took is -0.007 seconds.
12425 [Test worker] INFO  c.s.p.interceptor.ApiInterceptor - preHandle method is invoked /api/courses/insertMany POST 1.689757724501E12
12427 [Test worker] INFO  c.s.p.interceptor.ApiInterceptor - after completion is invoked Time took is -0.115 seconds.
12478 [Test worker] INFO  c.s.p.c.EmployeeControllerTest - Starting EmployeeControllerTest using Java 17.0.7 with PID 4652 (started by ssama in C:\Users\ssama\Desktop\project\springproject)
12478 [Test worker] DEBUG c.s.p.c.EmployeeControllerTest - Running with Spring Boot v3.1.1, Spring v6.0.10
12478 [Test worker] INFO  c.s.p.c.EmployeeControllerTest - No active profile set, falling back to 1 default profile: "default"
13513 [Test worker] INFO  c.s.p.c.EmployeeControllerTest - Started EmployeeControllerTest in 1.068 seconds (process running for 15.375)
13520 [Test worker] INFO  c.s.p.interceptor.ApiInterceptor - preHandle method is invoked /api/employee/15 GET 1.689757725596E12
13539 [Test worker] INFO  c.s.p.interceptor.ApiInterceptor - preHandle method is invoked /api/employee/department GET 1.689757725615E12
13555 [Test worker] INFO  c.s.p.interceptor.ApiInterceptor - postHandle method is invoked /api/employee/department GET 1.689757725631E12
13556 [Test worker] INFO  c.s.p.interceptor.ApiInterceptor - after completion is invoked Time took is 0.016 seconds.
13563 [Test worker] INFO  c.s.p.interceptor.ApiInterceptor - preHandle method is invoked /api/employee/maxSalary GET 1.689757725639E12
13565 [Test worker] INFO  c.s.p.interceptor.ApiInterceptor - postHandle method is invoked /api/employee/maxSalary GET 1.689757725641E12
13567 [Test worker] INFO  c.s.p.interceptor.ApiInterceptor - after completion is invoked Time took is 0.002 seconds.
13589 [Test worker] INFO  c.s.p.interceptor.ApiInterceptor - preHandle method is invoked /api/employee/updateSalaryById PUT 1.689757725665E12
13593 [Test worker] INFO  c.s.p.interceptor.ApiInterceptor - postHandle method is invoked /api/employee/updateSalaryById PUT 1.689757725669E12
13593 [Test worker] INFO  c.s.p.interceptor.ApiInterceptor - after completion is invoked Time took is 0.004 seconds.
13606 [Test worker] INFO  c.s.p.interceptor.ApiInterceptor - preHandle method is invoked /api/employee/findAll GET 1.689757725682E12
13608 [Test worker] INFO  c.s.p.interceptor.ApiInterceptor - postHandle method is invoked /api/employee/findAll GET 1.689757725684E12
13609 [Test worker] INFO  c.s.p.interceptor.ApiInterceptor - after completion is invoked Time took is 0.002 seconds.
13627 [Test worker] INFO  c.s.p.interceptor.ApiInterceptor - preHandle method is invoked /api/employee/course GET 1.689757725703E12
13629 [Test worker] INFO  c.s.p.interceptor.ApiInterceptor - postHandle method is invoked /api/employee/course GET 1.689757725705E12
13630 [Test worker] INFO  c.s.p.interceptor.ApiInterceptor - after completion is invoked Time took is 0.002 seconds.
13644 [Test worker] INFO  c.s.p.interceptor.ApiInterceptor - preHandle method is invoked /api/employee POST 1.68975772572E12
13652 [Test worker] INFO  c.s.p.interceptor.ApiInterceptor - postHandle method is invoked /api/employee POST 1.689757725728E12
13653 [Test worker] INFO  c.s.p.interceptor.ApiInterceptor - after completion is invoked Time took is 0.008 seconds.
13660 [Test worker] INFO  c.s.p.interceptor.ApiInterceptor - preHandle method is invoked /api/employee GET 1.689757725736E12
13664 [Test worker] INFO  c.s.p.interceptor.ApiInterceptor - after completion is invoked Time took is -0.008 seconds.
13682 [Test worker] INFO  c.s.p.interceptor.ApiInterceptor - preHandle method is invoked /api/employee PUT 1.689757725758E12
13686 [Test worker] INFO  c.s.p.interceptor.ApiInterceptor - after completion is invoked Time took is -0.03 seconds.
13698 [Test worker] INFO  c.s.p.interceptor.ApiInterceptor - preHandle method is invoked /api/employee GET 1.689757725774E12
13742 [Test worker] INFO  c.s.p.interceptor.ApiInterceptor - after completion is invoked Time took is -0.046 seconds.
13749 [Test worker] INFO  c.s.p.interceptor.ApiInterceptor - preHandle method is invoked /api/employee/1 DELETE 1.689757725825E12
13751 [Test worker] INFO  c.s.p.interceptor.ApiInterceptor - postHandle method is invoked /api/employee/1 DELETE 1.689757725827E12
13751 [Test worker] INFO  c.s.p.interceptor.ApiInterceptor - after completion is invoked Time took is 0.002 seconds.
13756 [Test worker] INFO  c.s.p.interceptor.ApiInterceptor - preHandle method is invoked /api/employee/department/maxSalary GET 1.689757725832E12
13758 [Test worker] INFO  c.s.p.interceptor.ApiInterceptor - after completion is invoked Time took is -0.005 seconds.
13766 [Test worker] INFO  c.s.p.interceptor.ApiInterceptor - preHandle method is invoked /api/employee/maxSalary GET 1.689757725842E12
13769 [Test worker] INFO  c.s.p.interceptor.ApiInterceptor - after completion is invoked Time took is -0.015 seconds.
13776 [Test worker] INFO  c.s.p.interceptor.ApiInterceptor - preHandle method is invoked /api/employee PUT 1.689757725851E12
13779 [Test worker] INFO  c.s.p.interceptor.ApiInterceptor - postHandle method is invoked /api/employee PUT 1.689757725855E12
13779 [Test worker] INFO  c.s.p.interceptor.ApiInterceptor - after completion is invoked Time took is 0.004 seconds.
13786 [Test worker] INFO  c.s.p.interceptor.ApiInterceptor - preHandle method is invoked /api/employee/insertAll POST 1.689757725862E12
13793 [Test worker] INFO  c.s.p.interceptor.ApiInterceptor - postHandle method is invoked /api/employee/insertAll POST 1.689757725869E12
13794 [Test worker] INFO  c.s.p.interceptor.ApiInterceptor - after completion is invoked Time took is 0.007 seconds.
13802 [Test worker] INFO  c.s.p.interceptor.ApiInterceptor - preHandle method is invoked /api/employee/1 DELETE 1.689757725878E12
13806 [Test worker] INFO  c.s.p.interceptor.ApiInterceptor - after completion is invoked Time took is -0.009 seconds.
13812 [Test worker] INFO  c.s.p.interceptor.ApiInterceptor - preHandle method is invoked /api/employee/1 GET 1.689757725888E12
13821 [Test worker] INFO  c.s.p.interceptor.ApiInterceptor - postHandle method is invoked /api/employee/1 GET 1.689757725897E12
13821 [Test worker] INFO  c.s.p.interceptor.ApiInterceptor - after completion is invoked Time took is 0.009 seconds.
13828 [Test worker] INFO  c.s.p.interceptor.ApiInterceptor - preHandle method is invoked /api/employee/department GET 1.689757725904E12
13829 [Test worker] INFO  c.s.p.interceptor.ApiInterceptor - after completion is invoked Time took is -0.007 seconds.
13834 [Test worker] INFO  c.s.p.interceptor.ApiInterceptor - preHandle method is invoked /api/employee/0 GET 1.68975772591E12
13837 [Test worker] INFO  c.s.p.interceptor.ApiInterceptor - after completion is invoked Time took is -0.013 seconds.
13841 [Test worker] INFO  c.s.p.interceptor.ApiInterceptor - preHandle method is invoked /api/employee/findAll GET 1.689757725917E12
13844 [Test worker] INFO  c.s.p.interceptor.ApiInterceptor - after completion is invoked Time took is -0.02 seconds.
13850 [Test worker] INFO  c.s.p.interceptor.ApiInterceptor - preHandle method is invoked /api/employee/course GET 1.689757725926E12
13852 [Test worker] INFO  c.s.p.interceptor.ApiInterceptor - after completion is invoked Time took is -0.029 seconds.
13856 [Test worker] INFO  c.s.p.interceptor.ApiInterceptor - preHandle method is invoked /api/employee/updateSalaryById PUT 1.689757725932E12
13860 [Test worker] INFO  c.s.p.interceptor.ApiInterceptor - after completion is invoked Time took is -0.035 seconds.
13865 [Test worker] INFO  c.s.p.interceptor.ApiInterceptor - preHandle method is invoked /api/employee/department/maxSalary GET 1.689757725941E12
13867 [Test worker] INFO  c.s.p.interceptor.ApiInterceptor - postHandle method is invoked /api/employee/department/maxSalary GET 1.689757725943E12
13867 [Test worker] INFO  c.s.p.interceptor.ApiInterceptor - after completion is invoked Time took is 0.002 seconds.
13871 [Test worker] INFO  c.s.p.interceptor.ApiInterceptor - preHandle method is invoked /api/employee GET 1.689757725947E12
13874 [Test worker] INFO  c.s.p.interceptor.ApiInterceptor - postHandle method is invoked /api/employee GET 1.68975772595E12
13874 [Test worker] INFO  c.s.p.interceptor.ApiInterceptor - after completion is invoked Time took is 0.003 seconds.
13921 [Test worker] INFO  c.s.p.c.AddressControllerTest - Starting AddressControllerTest using Java 17.0.7 with PID 4652 (started by ssama in C:\Users\ssama\Desktop\project\springproject)
13922 [Test worker] DEBUG c.s.p.c.AddressControllerTest - Running with Spring Boot v3.1.1, Spring v6.0.10
13922 [Test worker] INFO  c.s.p.c.AddressControllerTest - No active profile set, falling back to 1 default profile: "default"
14815 [Test worker] INFO  c.s.p.c.AddressControllerTest - Started AddressControllerTest in 0.924 seconds (process running for 16.678)
14822 [Test worker] INFO  c.s.p.interceptor.ApiInterceptor - preHandle method is invoked /api/address GET 1.689757726898E12
14826 [Test worker] INFO  c.s.p.interceptor.ApiInterceptor - postHandle method is invoked /api/address GET 1.689757726901E12
14826 [Test worker] INFO  c.s.p.interceptor.ApiInterceptor - after completion is invoked Time took is 0.003 seconds.
14832 [Test worker] INFO  c.s.p.interceptor.ApiInterceptor - preHandle method is invoked /api/address GET 1.689757726908E12
14837 [Test worker] INFO  c.s.p.interceptor.ApiInterceptor - after completion is invoked Time took is -0.007 seconds.
14887 [Test worker] INFO  c.s.p.service.AddressServiceTest - Starting AddressServiceTest using Java 17.0.7 with PID 4652 (started by ssama in C:\Users\ssama\Desktop\project\springproject)
14888 [Test worker] DEBUG c.s.p.service.AddressServiceTest - Running with Spring Boot v3.1.1, Spring v6.0.10
14888 [Test worker] INFO  c.s.p.service.AddressServiceTest - No active profile set, falling back to 1 default profile: "default"
15649 [Test worker] INFO  c.s.p.service.AddressServiceTest - Started AddressServiceTest in 0.791 seconds (process running for 17.511)
15728 [Test worker] INFO  c.s.p.service.CourseServiceTest - Starting CourseServiceTest using Java 17.0.7 with PID 4652 (started by ssama in C:\Users\ssama\Desktop\project\springproject)
15728 [Test worker] DEBUG c.s.p.service.CourseServiceTest - Running with Spring Boot v3.1.1, Spring v6.0.10
15728 [Test worker] INFO  c.s.p.service.CourseServiceTest - No active profile set, falling back to 1 default profile: "default"
16505 [Test worker] INFO  c.s.p.service.CourseServiceTest - Started CourseServiceTest in 0.797 seconds (process running for 18.367)
16566 [Test worker] INFO  c.s.p.service.EmployeeServiceTest - Starting EmployeeServiceTest using Java 17.0.7 with PID 4652 (started by ssama in C:\Users\ssama\Desktop\project\springproject)
16567 [Test worker] DEBUG c.s.p.service.EmployeeServiceTest - Running with Spring Boot v3.1.1, Spring v6.0.10
16567 [Test worker] INFO  c.s.p.service.EmployeeServiceTest - No active profile set, falling back to 1 default profile: "default"
17251 [Test worker] INFO  c.s.p.service.EmployeeServiceTest - Started EmployeeServiceTest in 0.703 seconds (process running for 19.113)
17284 [Test worker] INFO  c.s.p.service.EmployeeServiceImpl - Course already exists !
17284 [Test worker] INFO  c.s.p.service.EmployeeServiceImpl - Course already exists !
17307 [Test worker] INFO  c.s.p.service.EmployeeServiceImpl - Course already exists !
17308 [Test worker] INFO  c.s.p.service.EmployeeServiceImpl - Course already exists !
17322 [Test worker] ERROR c.s.p.service.EmployeeServiceImpl - Employee with id : 0 does not exist ! 
1606 [Test worker] INFO  c.s.p.c.CourseControllerTest - Starting CourseControllerTest using Java 17.0.7 with PID 24660 (started by ssama in C:\Users\ssama\Desktop\project\springproject)
1608 [Test worker] DEBUG c.s.p.c.CourseControllerTest - Running with Spring Boot v3.1.1, Spring v6.0.10
1615 [Test worker] INFO  c.s.p.c.CourseControllerTest - No active profile set, falling back to 1 default profile: "default"
1223 [Test worker] INFO  c.s.p.c.CourseControllerTest - Starting CourseControllerTest using Java 17.0.7 with PID 15868 (started by ssama in C:\Users\ssama\Desktop\project\springproject)
1224 [Test worker] DEBUG c.s.p.c.CourseControllerTest - Running with Spring Boot v3.1.1, Spring v6.0.10
1225 [Test worker] INFO  c.s.p.c.CourseControllerTest - No active profile set, falling back to 1 default profile: "default"
8206 [Test worker] INFO  c.s.p.c.CourseControllerTest - Started CourseControllerTest in 7.349 seconds (process running for 9.48)
8288 [Test worker] INFO  c.s.p.interceptor.ApiInterceptor - preHandle method is invoked /api/courses/insertMany POST 1.689757944855E12
8475 [Test worker] INFO  c.s.p.interceptor.ApiInterceptor - postHandle method is invoked /api/courses/insertMany POST 1.689757945042E12
8478 [Test worker] INFO  c.s.p.interceptor.ApiInterceptor - after completion is invoked Time took is 0.187 seconds.
2880 [Test worker] INFO  c.s.p.service.CourseServiceTest - Starting CourseServiceTest using Java 17.0.7 with PID 14828 (started by ssama in C:\Users\ssama\Desktop\project\springproject)
2884 [Test worker] DEBUG c.s.p.service.CourseServiceTest - Running with Spring Boot v3.1.1, Spring v6.0.10
2885 [Test worker] INFO  c.s.p.service.CourseServiceTest - No active profile set, falling back to 1 default profile: "default"
10986 [Test worker] INFO  c.s.p.service.CourseServiceTest - Started CourseServiceTest in 8.928 seconds (process running for 12.86)
1575 [Test worker] INFO  c.s.p.service.CourseServiceTest - Starting CourseServiceTest using Java 17.0.7 with PID 7196 (started by ssama in C:\Users\ssama\Desktop\project\springproject)
1576 [Test worker] DEBUG c.s.p.service.CourseServiceTest - Running with Spring Boot v3.1.1, Spring v6.0.10
1578 [Test worker] INFO  c.s.p.service.CourseServiceTest - No active profile set, falling back to 1 default profile: "default"
9178 [Test worker] INFO  c.s.p.service.CourseServiceTest - Started CourseServiceTest in 8.1 seconds (process running for 10.289)
1246 [Test worker] INFO  c.s.p.service.CourseServiceTest - Starting CourseServiceTest using Java 17.0.7 with PID 31272 (started by ssama in C:\Users\ssama\Desktop\project\springproject)
1248 [Test worker] DEBUG c.s.p.service.CourseServiceTest - Running with Spring Boot v3.1.1, Spring v6.0.10
1250 [Test worker] INFO  c.s.p.service.CourseServiceTest - No active profile set, falling back to 1 default profile: "default"
8211 [Test worker] INFO  c.s.p.service.CourseServiceTest - Started CourseServiceTest in 7.382 seconds (process running for 9.424)
1379 [Test worker] INFO  c.s.p.service.CourseServiceTest - Starting CourseServiceTest using Java 17.0.7 with PID 12660 (started by ssama in C:\Users\ssama\Desktop\project\springproject)
1380 [Test worker] DEBUG c.s.p.service.CourseServiceTest - Running with Spring Boot v3.1.1, Spring v6.0.10
1381 [Test worker] INFO  c.s.p.service.CourseServiceTest - No active profile set, falling back to 1 default profile: "default"
1169 [Test worker] INFO  c.s.p.service.CourseServiceTest - Starting CourseServiceTest using Java 17.0.7 with PID 7064 (started by ssama in C:\Users\ssama\Desktop\project\springproject)
1170 [Test worker] DEBUG c.s.p.service.CourseServiceTest - Running with Spring Boot v3.1.1, Spring v6.0.10
1172 [Test worker] INFO  c.s.p.service.CourseServiceTest - No active profile set, falling back to 1 default profile: "default"
7588 [Test worker] INFO  c.s.p.service.CourseServiceTest - Started CourseServiceTest in 6.756 seconds (process running for 8.859)
491  [restartedMain] INFO  c.sujith.project.ProjectApplication - Starting ProjectApplication using Java 17.0.7 with PID 31792 (C:\Users\ssama\Desktop\project\springproject\build\classes\java\main started by ssama in C:\Users\ssama\Desktop\project\springproject)
492  [restartedMain] DEBUG c.sujith.project.ProjectApplication - Running with Spring Boot v3.1.1, Spring v6.0.10
492  [restartedMain] INFO  c.sujith.project.ProjectApplication - No active profile set, falling back to 1 default profile: "default"
3655 [restartedMain] INFO  c.sujith.project.ProjectApplication - Started ProjectApplication in 3.421 seconds (process running for 4.03)
15034 [http-nio-8080-exec-2] INFO  c.s.p.interceptor.ApiInterceptor - preHandle method is invoked /api/courses/insertMany POST 1.689758349023E12
499  [restartedMain] INFO  c.sujith.project.ProjectApplication - Starting ProjectApplication using Java 17.0.7 with PID 27248 (C:\Users\ssama\Desktop\project\springproject\build\classes\java\main started by ssama in C:\Users\ssama\Desktop\project\springproject)
500  [restartedMain] DEBUG c.sujith.project.ProjectApplication - Running with Spring Boot v3.1.1, Spring v6.0.10
500  [restartedMain] INFO  c.sujith.project.ProjectApplication - No active profile set, falling back to 1 default profile: "default"
3996 [restartedMain] INFO  c.sujith.project.ProjectApplication - Started ProjectApplication in 3.757 seconds (process running for 4.347)
5618 [http-nio-8080-exec-1] INFO  c.s.p.interceptor.ApiInterceptor - preHandle method is invoked /api/courses/insertMany POST 1.689758375499E12
543  [restartedMain] INFO  c.sujith.project.ProjectApplication - Starting ProjectApplication using Java 17.0.7 with PID 22592 (C:\Users\ssama\Desktop\project\springproject\build\classes\java\main started by ssama in C:\Users\ssama\Desktop\project\springproject)
544  [restartedMain] DEBUG c.sujith.project.ProjectApplication - Running with Spring Boot v3.1.1, Spring v6.0.10
544  [restartedMain] INFO  c.sujith.project.ProjectApplication - No active profile set, falling back to 1 default profile: "default"
4098 [restartedMain] INFO  c.sujith.project.ProjectApplication - Started ProjectApplication in 3.869 seconds (process running for 4.414)
6328 [http-nio-8080-exec-1] INFO  c.s.p.interceptor.ApiInterceptor - preHandle method is invoked /api/courses/insertMany POST 1.68975847001E12
6876 [http-nio-8080-exec-1] INFO  c.s.p.interceptor.ApiInterceptor - postHandle method is invoked /api/courses/insertMany POST 1.689758470558E12
6876 [http-nio-8080-exec-1] INFO  c.s.p.interceptor.ApiInterceptor - after completion is invoked Time took is 0.548 seconds.
89620 [restartedMain] INFO  c.sujith.project.ProjectApplication - Starting ProjectApplication using Java 17.0.7 with PID 22592 (C:\Users\ssama\Desktop\project\springproject\build\classes\java\main started by ssama in C:\Users\ssama\Desktop\project\springproject)
89620 [restartedMain] DEBUG c.sujith.project.ProjectApplication - Running with Spring Boot v3.1.1, Spring v6.0.10
89620 [restartedMain] INFO  c.sujith.project.ProjectApplication - No active profile set, falling back to 1 default profile: "default"
90436 [restartedMain] INFO  c.sujith.project.ProjectApplication - Started ProjectApplication in 0.859 seconds (process running for 90.753)
91986 [restartedMain] INFO  c.sujith.project.ProjectApplication - Starting ProjectApplication using Java 17.0.7 with PID 22592 (C:\Users\ssama\Desktop\project\springproject\build\classes\java\main started by ssama in C:\Users\ssama\Desktop\project\springproject)
91987 [restartedMain] DEBUG c.sujith.project.ProjectApplication - Running with Spring Boot v3.1.1, Spring v6.0.10
91987 [restartedMain] INFO  c.sujith.project.ProjectApplication - No active profile set, falling back to 1 default profile: "default"
1648 [Test worker] INFO  c.s.p.service.CourseServiceTest - Starting CourseServiceTest using Java 17.0.7 with PID 9608 (started by ssama in C:\Users\ssama\Desktop\project\springproject)
1650 [Test worker] DEBUG c.s.p.service.CourseServiceTest - Running with Spring Boot v3.1.1, Spring v6.0.10
1651 [Test worker] INFO  c.s.p.service.CourseServiceTest - No active profile set, falling back to 1 default profile: "default"
93030 [restartedMain] INFO  c.sujith.project.ProjectApplication - Started ProjectApplication in 1.082 seconds (process running for 93.347)
9201 [Test worker] INFO  c.s.p.service.CourseServiceTest - Started CourseServiceTest in 8.08 seconds (process running for 10.391)
1179 [Test worker] INFO  c.s.p.service.CourseServiceTest - Starting CourseServiceTest using Java 17.0.7 with PID 31076 (started by ssama in C:\Users\ssama\Desktop\project\springproject)
1180 [Test worker] DEBUG c.s.p.service.CourseServiceTest - Running with Spring Boot v3.1.1, Spring v6.0.10
1182 [Test worker] INFO  c.s.p.service.CourseServiceTest - No active profile set, falling back to 1 default profile: "default"
8194 [Test worker] INFO  c.s.p.service.CourseServiceTest - Started CourseServiceTest in 7.373 seconds (process running for 9.3)
1140 [Test worker] INFO  c.s.p.service.CourseServiceTest - Starting CourseServiceTest using Java 17.0.7 with PID 24136 (started by ssama in C:\Users\ssama\Desktop\project\springproject)
1141 [Test worker] DEBUG c.s.p.service.CourseServiceTest - Running with Spring Boot v3.1.1, Spring v6.0.10
1142 [Test worker] INFO  c.s.p.service.CourseServiceTest - No active profile set, falling back to 1 default profile: "default"
7977 [Test worker] INFO  c.s.p.service.CourseServiceTest - Started CourseServiceTest in 7.168 seconds (process running for 9.169)
1267 [Test worker] INFO  c.s.p.service.CourseServiceTest - Starting CourseServiceTest using Java 17.0.7 with PID 10120 (started by ssama in C:\Users\ssama\Desktop\project\springproject)
1269 [Test worker] DEBUG c.s.p.service.CourseServiceTest - Running with Spring Boot v3.1.1, Spring v6.0.10
1270 [Test worker] INFO  c.s.p.service.CourseServiceTest - No active profile set, falling back to 1 default profile: "default"
9157 [Test worker] INFO  c.s.p.service.CourseServiceTest - Started CourseServiceTest in 8.323 seconds (process running for 10.29)
415512 [http-nio-8080-exec-2] INFO  c.s.p.interceptor.ApiInterceptor - preHandle method is invoked /api/courses/insertMany POST 1.689758879194E12
415537 [http-nio-8080-exec-2] INFO  c.s.p.interceptor.ApiInterceptor - postHandle method is invoked /api/courses/insertMany POST 1.689758879219E12
415538 [http-nio-8080-exec-2] INFO  c.s.p.interceptor.ApiInterceptor - after completion is invoked Time took is 0.025 seconds.
1220 [Test worker] INFO  c.s.p.service.CourseServiceTest - Starting CourseServiceTest using Java 17.0.7 with PID 18792 (started by ssama in C:\Users\ssama\Desktop\project\springproject)
1221 [Test worker] DEBUG c.s.p.service.CourseServiceTest - Running with Spring Boot v3.1.1, Spring v6.0.10
1222 [Test worker] INFO  c.s.p.service.CourseServiceTest - No active profile set, falling back to 1 default profile: "default"
8162 [Test worker] INFO  c.s.p.service.CourseServiceTest - Started CourseServiceTest in 7.334 seconds (process running for 9.361)
1915 [Test worker] INFO  c.s.p.service.CourseServiceTest - Starting CourseServiceTest using Java 17.0.7 with PID 12596 (started by ssama in C:\Users\ssama\Desktop\project\springproject)
1916 [Test worker] DEBUG c.s.p.service.CourseServiceTest - Running with Spring Boot v3.1.1, Spring v6.0.10
1917 [Test worker] INFO  c.s.p.service.CourseServiceTest - No active profile set, falling back to 1 default profile: "default"
10053 [Test worker] INFO  c.s.p.service.CourseServiceTest - Started CourseServiceTest in 8.669 seconds (process running for 12.139)
10406 [Test worker] INFO  c.s.p.c.AddressControllerTest - Starting AddressControllerTest using Java 17.0.7 with PID 12596 (started by ssama in C:\Users\ssama\Desktop\project\springproject)
10406 [Test worker] DEBUG c.s.p.c.AddressControllerTest - Running with Spring Boot v3.1.1, Spring v6.0.10
10407 [Test worker] INFO  c.s.p.c.AddressControllerTest - No active profile set, falling back to 1 default profile: "default"
11580 [Test worker] INFO  c.s.p.c.AddressControllerTest - Started AddressControllerTest in 1.207 seconds (process running for 13.667)
11706 [Test worker] INFO  c.s.p.interceptor.ApiInterceptor - preHandle method is invoked /api/address GET 1.689761024321E12
11915 [Test worker] INFO  c.s.p.interceptor.ApiInterceptor - postHandle method is invoked /api/address GET 1.68976102453E12
11916 [Test worker] INFO  c.s.p.interceptor.ApiInterceptor - after completion is invoked Time took is 0.209 seconds.
11947 [Test worker] INFO  c.s.p.interceptor.ApiInterceptor - preHandle method is invoked /api/address GET 1.689761024562E12
11976 [Test worker] INFO  c.s.p.interceptor.ApiInterceptor - after completion is invoked Time took is -0.032 seconds.
12151 [Test worker] INFO  c.s.p.c.CourseControllerTest - Starting CourseControllerTest using Java 17.0.7 with PID 12596 (started by ssama in C:\Users\ssama\Desktop\project\springproject)
12152 [Test worker] DEBUG c.s.p.c.CourseControllerTest - Running with Spring Boot v3.1.1, Spring v6.0.10
12152 [Test worker] INFO  c.s.p.c.CourseControllerTest - No active profile set, falling back to 1 default profile: "default"
13100 [Test worker] INFO  c.s.p.c.CourseControllerTest - Started CourseControllerTest in 0.98 seconds (process running for 15.186)
13110 [Test worker] INFO  c.s.p.interceptor.ApiInterceptor - preHandle method is invoked /api/courses GET 1.689761025725E12
13115 [Test worker] INFO  c.s.p.interceptor.ApiInterceptor - postHandle method is invoked /api/courses GET 1.68976102573E12
13116 [Test worker] INFO  c.s.p.interceptor.ApiInterceptor - after completion is invoked Time took is 0.005 seconds.
13124 [Test worker] INFO  c.s.p.interceptor.ApiInterceptor - preHandle method is invoked /api/courses/insertMany POST 1.689761025739E12
13266 [Test worker] INFO  c.s.p.interceptor.ApiInterceptor - postHandle method is invoked /api/courses/insertMany POST 1.689761025881E12
13267 [Test worker] INFO  c.s.p.interceptor.ApiInterceptor - after completion is invoked Time took is 0.142 seconds.
13277 [Test worker] INFO  c.s.p.interceptor.ApiInterceptor - preHandle method is invoked /api/courses POST 1.689761025892E12
13286 [Test worker] INFO  c.s.p.interceptor.ApiInterceptor - after completion is invoked Time took is -0.011 seconds.
13297 [Test worker] INFO  c.s.p.interceptor.ApiInterceptor - preHandle method is invoked /api/courses POST 1.689761025912E12
13306 [Test worker] INFO  c.s.p.interceptor.ApiInterceptor - postHandle method is invoked /api/courses POST 1.689761025921E12
13306 [Test worker] INFO  c.s.p.interceptor.ApiInterceptor - after completion is invoked Time took is 0.009 seconds.
13314 [Test worker] INFO  c.s.p.interceptor.ApiInterceptor - preHandle method is invoked /api/courses GET 1.689761025929E12
13316 [Test worker] INFO  c.s.p.interceptor.ApiInterceptor - after completion is invoked Time took is -0.008 seconds.
13326 [Test worker] INFO  c.s.p.interceptor.ApiInterceptor - preHandle method is invoked /api/courses/insertMany POST 1.689761025941E12
13329 [Test worker] INFO  c.s.p.interceptor.ApiInterceptor - postHandle method is invoked /api/courses/insertMany POST 1.689761025944E12
13329 [Test worker] INFO  c.s.p.interceptor.ApiInterceptor - after completion is invoked Time took is 0.003 seconds.
13368 [Test worker] INFO  c.s.p.c.EmployeeControllerTest - Starting EmployeeControllerTest using Java 17.0.7 with PID 12596 (started by ssama in C:\Users\ssama\Desktop\project\springproject)
13370 [Test worker] DEBUG c.s.p.c.EmployeeControllerTest - Running with Spring Boot v3.1.1, Spring v6.0.10
13370 [Test worker] INFO  c.s.p.c.EmployeeControllerTest - No active profile set, falling back to 1 default profile: "default"
14298 [Test worker] INFO  c.s.p.c.EmployeeControllerTest - Started EmployeeControllerTest in 0.953 seconds (process running for 16.384)
14304 [Test worker] INFO  c.s.p.interceptor.ApiInterceptor - preHandle method is invoked /api/employee/15 GET 1.689761026919E12
14322 [Test worker] INFO  c.s.p.interceptor.ApiInterceptor - preHandle method is invoked /api/employee/department GET 1.689761026937E12
14341 [Test worker] INFO  c.s.p.interceptor.ApiInterceptor - postHandle method is invoked /api/employee/department GET 1.689761026956E12
14341 [Test worker] INFO  c.s.p.interceptor.ApiInterceptor - after completion is invoked Time took is 0.019 seconds.
14346 [Test worker] INFO  c.s.p.interceptor.ApiInterceptor - preHandle method is invoked /api/employee/maxSalary GET 1.689761026961E12
14348 [Test worker] INFO  c.s.p.interceptor.ApiInterceptor - postHandle method is invoked /api/employee/maxSalary GET 1.689761026963E12
14349 [Test worker] INFO  c.s.p.interceptor.ApiInterceptor - after completion is invoked Time took is 0.002 seconds.
14375 [Test worker] INFO  c.s.p.interceptor.ApiInterceptor - preHandle method is invoked /api/employee/updateSalaryById PUT 1.68976102699E12
14381 [Test worker] INFO  c.s.p.interceptor.ApiInterceptor - postHandle method is invoked /api/employee/updateSalaryById PUT 1.689761026996E12
14381 [Test worker] INFO  c.s.p.interceptor.ApiInterceptor - after completion is invoked Time took is 0.006 seconds.
14387 [Test worker] INFO  c.s.p.interceptor.ApiInterceptor - preHandle method is invoked /api/employee/findAll GET 1.689761027002E12
14388 [Test worker] INFO  c.s.p.interceptor.ApiInterceptor - postHandle method is invoked /api/employee/findAll GET 1.689761027003E12
14389 [Test worker] INFO  c.s.p.interceptor.ApiInterceptor - after completion is invoked Time took is 0.001 seconds.
14395 [Test worker] INFO  c.s.p.interceptor.ApiInterceptor - preHandle method is invoked /api/employee/course GET 1.68976102701E12
14397 [Test worker] INFO  c.s.p.interceptor.ApiInterceptor - postHandle method is invoked /api/employee/course GET 1.689761027012E12
14397 [Test worker] INFO  c.s.p.interceptor.ApiInterceptor - after completion is invoked Time took is 0.002 seconds.
14405 [Test worker] INFO  c.s.p.interceptor.ApiInterceptor - preHandle method is invoked /api/employee POST 1.68976102702E12
14413 [Test worker] INFO  c.s.p.interceptor.ApiInterceptor - postHandle method is invoked /api/employee POST 1.689761027028E12
14414 [Test worker] INFO  c.s.p.interceptor.ApiInterceptor - after completion is invoked Time took is 0.008 seconds.
14419 [Test worker] INFO  c.s.p.interceptor.ApiInterceptor - preHandle method is invoked /api/employee GET 1.689761027034E12
14423 [Test worker] INFO  c.s.p.interceptor.ApiInterceptor - after completion is invoked Time took is -0.006 seconds.
14429 [Test worker] INFO  c.s.p.interceptor.ApiInterceptor - preHandle method is invoked /api/employee PUT 1.689761027044E12
14431 [Test worker] INFO  c.s.p.interceptor.ApiInterceptor - after completion is invoked Time took is -0.016 seconds.
14439 [Test worker] INFO  c.s.p.interceptor.ApiInterceptor - preHandle method is invoked /api/employee GET 1.689761027054E12
14467 [Test worker] INFO  c.s.p.interceptor.ApiInterceptor - after completion is invoked Time took is -0.026 seconds.
14477 [Test worker] INFO  c.s.p.interceptor.ApiInterceptor - preHandle method is invoked /api/employee/1 DELETE 1.689761027092E12
14479 [Test worker] INFO  c.s.p.interceptor.ApiInterceptor - postHandle method is invoked /api/employee/1 DELETE 1.689761027094E12
14480 [Test worker] INFO  c.s.p.interceptor.ApiInterceptor - after completion is invoked Time took is 0.002 seconds.
14485 [Test worker] INFO  c.s.p.interceptor.ApiInterceptor - preHandle method is invoked /api/employee/department/maxSalary GET 1.6897610271E12
14488 [Test worker] INFO  c.s.p.interceptor.ApiInterceptor - after completion is invoked Time took is -0.006 seconds.
14495 [Test worker] INFO  c.s.p.interceptor.ApiInterceptor - preHandle method is invoked /api/employee/maxSalary GET 1.68976102711E12
14496 [Test worker] INFO  c.s.p.interceptor.ApiInterceptor - after completion is invoked Time took is -0.016 seconds.
14503 [Test worker] INFO  c.s.p.interceptor.ApiInterceptor - preHandle method is invoked /api/employee PUT 1.689761027118E12
14505 [Test worker] INFO  c.s.p.interceptor.ApiInterceptor - postHandle method is invoked /api/employee PUT 1.68976102712E12
14506 [Test worker] INFO  c.s.p.interceptor.ApiInterceptor - after completion is invoked Time took is 0.002 seconds.
14511 [Test worker] INFO  c.s.p.interceptor.ApiInterceptor - preHandle method is invoked /api/employee/insertAll POST 1.689761027126E12
14516 [Test worker] INFO  c.s.p.interceptor.ApiInterceptor - postHandle method is invoked /api/employee/insertAll POST 1.689761027131E12
14516 [Test worker] INFO  c.s.p.interceptor.ApiInterceptor - after completion is invoked Time took is 0.005 seconds.
14523 [Test worker] INFO  c.s.p.interceptor.ApiInterceptor - preHandle method is invoked /api/employee/1 DELETE 1.689761027138E12
14525 [Test worker] INFO  c.s.p.interceptor.ApiInterceptor - after completion is invoked Time took is -0.007 seconds.
14531 [Test worker] INFO  c.s.p.interceptor.ApiInterceptor - preHandle method is invoked /api/employee/1 GET 1.689761027146E12
14536 [Test worker] INFO  c.s.p.interceptor.ApiInterceptor - postHandle method is invoked /api/employee/1 GET 1.689761027151E12
14537 [Test worker] INFO  c.s.p.interceptor.ApiInterceptor - after completion is invoked Time took is 0.005 seconds.
14542 [Test worker] INFO  c.s.p.interceptor.ApiInterceptor - preHandle method is invoked /api/employee/department GET 1.689761027157E12
14544 [Test worker] INFO  c.s.p.interceptor.ApiInterceptor - after completion is invoked Time took is -0.006 seconds.
14548 [Test worker] INFO  c.s.p.interceptor.ApiInterceptor - preHandle method is invoked /api/employee/0 GET 1.689761027163E12
14551 [Test worker] INFO  c.s.p.interceptor.ApiInterceptor - after completion is invoked Time took is -0.012 seconds.
14556 [Test worker] INFO  c.s.p.interceptor.ApiInterceptor - preHandle method is invoked /api/employee/findAll GET 1.689761027171E12
14557 [Test worker] INFO  c.s.p.interceptor.ApiInterceptor - after completion is invoked Time took is -0.02 seconds.
14562 [Test worker] INFO  c.s.p.interceptor.ApiInterceptor - preHandle method is invoked /api/employee/course GET 1.689761027177E12
14563 [Test worker] INFO  c.s.p.interceptor.ApiInterceptor - after completion is invoked Time took is -0.026 seconds.
14570 [Test worker] INFO  c.s.p.interceptor.ApiInterceptor - preHandle method is invoked /api/employee/updateSalaryById PUT 1.689761027185E12
14572 [Test worker] INFO  c.s.p.interceptor.ApiInterceptor - after completion is invoked Time took is -0.034 seconds.
14579 [Test worker] INFO  c.s.p.interceptor.ApiInterceptor - preHandle method is invoked /api/employee/department/maxSalary GET 1.689761027194E12
14581 [Test worker] INFO  c.s.p.interceptor.ApiInterceptor - postHandle method is invoked /api/employee/department/maxSalary GET 1.689761027196E12
14582 [Test worker] INFO  c.s.p.interceptor.ApiInterceptor - after completion is invoked Time took is 0.002 seconds.
14586 [Test worker] INFO  c.s.p.interceptor.ApiInterceptor - preHandle method is invoked /api/employee GET 1.689761027201E12
14587 [Test worker] INFO  c.s.p.interceptor.ApiInterceptor - postHandle method is invoked /api/employee GET 1.689761027202E12
14587 [Test worker] INFO  c.s.p.interceptor.ApiInterceptor - after completion is invoked Time took is 0.001 seconds.
14620 [Test worker] INFO  c.s.p.service.AddressServiceTest - Starting AddressServiceTest using Java 17.0.7 with PID 12596 (started by ssama in C:\Users\ssama\Desktop\project\springproject)
14620 [Test worker] DEBUG c.s.p.service.AddressServiceTest - Running with Spring Boot v3.1.1, Spring v6.0.10
14621 [Test worker] INFO  c.s.p.service.AddressServiceTest - No active profile set, falling back to 1 default profile: "default"
15383 [Test worker] INFO  c.s.p.service.AddressServiceTest - Started AddressServiceTest in 0.785 seconds (process running for 17.469)
15437 [Test worker] INFO  c.s.p.service.EmployeeServiceTest - Starting EmployeeServiceTest using Java 17.0.7 with PID 12596 (started by ssama in C:\Users\ssama\Desktop\project\springproject)
15438 [Test worker] DEBUG c.s.p.service.EmployeeServiceTest - Running with Spring Boot v3.1.1, Spring v6.0.10
15438 [Test worker] INFO  c.s.p.service.EmployeeServiceTest - No active profile set, falling back to 1 default profile: "default"
16236 [Test worker] INFO  c.s.p.service.EmployeeServiceTest - Started EmployeeServiceTest in 0.824 seconds (process running for 18.322)
16279 [Test worker] INFO  c.s.p.service.EmployeeServiceImpl - Course already exists !
16280 [Test worker] INFO  c.s.p.service.EmployeeServiceImpl - Course already exists !
16313 [Test worker] INFO  c.s.p.service.EmployeeServiceImpl - Course already exists !
16313 [Test worker] INFO  c.s.p.service.EmployeeServiceImpl - Course already exists !
16335 [Test worker] ERROR c.s.p.service.EmployeeServiceImpl - Employee with id : 0 does not exist ! 
1261 [Test worker] INFO  c.s.p.c.CourseControllerTest - Starting CourseControllerTest using Java 17.0.7 with PID 16648 (started by ssama in C:\Users\ssama\Desktop\project\springproject)
1262 [Test worker] DEBUG c.s.p.c.CourseControllerTest - Running with Spring Boot v3.1.1, Spring v6.0.10
1264 [Test worker] INFO  c.s.p.c.CourseControllerTest - No active profile set, falling back to 1 default profile: "default"
7762 [Test worker] INFO  c.s.p.c.CourseControllerTest - Started CourseControllerTest in 6.848 seconds (process running for 9.144)
7876 [Test worker] INFO  c.s.p.interceptor.ApiInterceptor - preHandle method is invoked /api/courses GET 1.689761101712E12
8016 [Test worker] INFO  c.s.p.interceptor.ApiInterceptor - postHandle method is invoked /api/courses GET 1.689761101852E12
8018 [Test worker] INFO  c.s.p.interceptor.ApiInterceptor - after completion is invoked Time took is 0.14 seconds.
8045 [Test worker] INFO  c.s.p.interceptor.ApiInterceptor - preHandle method is invoked /api/courses/insertMany POST 1.689761101881E12
8102 [Test worker] INFO  c.s.p.interceptor.ApiInterceptor - postHandle method is invoked /api/courses/insertMany POST 1.689761101938E12
8103 [Test worker] INFO  c.s.p.interceptor.ApiInterceptor - after completion is invoked Time took is 0.057 seconds.
8112 [Test worker] INFO  c.s.p.interceptor.ApiInterceptor - preHandle method is invoked /api/courses POST 1.689761101948E12
8133 [Test worker] INFO  c.s.p.interceptor.ApiInterceptor - after completion is invoked Time took is -0.01 seconds.
8145 [Test worker] INFO  c.s.p.interceptor.ApiInterceptor - preHandle method is invoked /api/courses POST 1.689761101981E12
8150 [Test worker] INFO  c.s.p.interceptor.ApiInterceptor - postHandle method is invoked /api/courses POST 1.689761101986E12
8151 [Test worker] INFO  c.s.p.interceptor.ApiInterceptor - after completion is invoked Time took is 0.005 seconds.
8156 [Test worker] INFO  c.s.p.interceptor.ApiInterceptor - preHandle method is invoked /api/courses GET 1.689761101992E12
8158 [Test worker] INFO  c.s.p.interceptor.ApiInterceptor - after completion is invoked Time took is -0.006 seconds.
8221 [Test worker] INFO  c.s.p.interceptor.ApiInterceptor - preHandle method is invoked /api/courses/insertMany POST 1.689761102057E12
8223 [Test worker] INFO  c.s.p.interceptor.ApiInterceptor - postHandle method is invoked /api/courses/insertMany POST 1.689761102059E12
8224 [Test worker] INFO  c.s.p.interceptor.ApiInterceptor - after completion is invoked Time took is 0.002 seconds.
1319 [Test worker] INFO  c.s.p.c.CourseControllerTest - Starting CourseControllerTest using Java 17.0.7 with PID 4148 (started by ssama in C:\Users\ssama\Desktop\project\springproject)
1320 [Test worker] DEBUG c.s.p.c.CourseControllerTest - Running with Spring Boot v3.1.1, Spring v6.0.10
1323 [Test worker] INFO  c.s.p.c.CourseControllerTest - No active profile set, falling back to 1 default profile: "default"
2251 [Test worker] INFO  c.s.p.c.CourseControllerTest - Starting CourseControllerTest using Java 17.0.7 with PID 4148 (started by ssama in C:\Users\ssama\Desktop\project\springproject)
2251 [Test worker] DEBUG c.s.p.c.CourseControllerTest - Running with Spring Boot v3.1.1, Spring v6.0.10
2252 [Test worker] INFO  c.s.p.c.CourseControllerTest - No active profile set, falling back to 1 default profile: "default"
2336 [Test worker] INFO  c.s.p.c.CourseControllerTest - Starting CourseControllerTest using Java 17.0.7 with PID 4148 (started by ssama in C:\Users\ssama\Desktop\project\springproject)
2336 [Test worker] DEBUG c.s.p.c.CourseControllerTest - Running with Spring Boot v3.1.1, Spring v6.0.10
2337 [Test worker] INFO  c.s.p.c.CourseControllerTest - No active profile set, falling back to 1 default profile: "default"
2428 [Test worker] INFO  c.s.p.c.CourseControllerTest - Starting CourseControllerTest using Java 17.0.7 with PID 4148 (started by ssama in C:\Users\ssama\Desktop\project\springproject)
2429 [Test worker] DEBUG c.s.p.c.CourseControllerTest - Running with Spring Boot v3.1.1, Spring v6.0.10
2429 [Test worker] INFO  c.s.p.c.CourseControllerTest - No active profile set, falling back to 1 default profile: "default"
2516 [Test worker] INFO  c.s.p.c.CourseControllerTest - Starting CourseControllerTest using Java 17.0.7 with PID 4148 (started by ssama in C:\Users\ssama\Desktop\project\springproject)
2516 [Test worker] DEBUG c.s.p.c.CourseControllerTest - Running with Spring Boot v3.1.1, Spring v6.0.10
2517 [Test worker] INFO  c.s.p.c.CourseControllerTest - No active profile set, falling back to 1 default profile: "default"
2581 [Test worker] INFO  c.s.p.c.CourseControllerTest - Starting CourseControllerTest using Java 17.0.7 with PID 4148 (started by ssama in C:\Users\ssama\Desktop\project\springproject)
2581 [Test worker] DEBUG c.s.p.c.CourseControllerTest - Running with Spring Boot v3.1.1, Spring v6.0.10
2582 [Test worker] INFO  c.s.p.c.CourseControllerTest - No active profile set, falling back to 1 default profile: "default"
1231 [Test worker] INFO  c.s.p.c.CourseControllerTest - Starting CourseControllerTest using Java 17.0.7 with PID 19016 (started by ssama in C:\Users\ssama\Desktop\project\springproject)
1232 [Test worker] DEBUG c.s.p.c.CourseControllerTest - Running with Spring Boot v3.1.1, Spring v6.0.10
1233 [Test worker] INFO  c.s.p.c.CourseControllerTest - No active profile set, falling back to 1 default profile: "default"
7684 [Test worker] INFO  c.s.p.c.CourseControllerTest - Started CourseControllerTest in 6.831 seconds (process running for 9.008)
7798 [Test worker] INFO  c.s.p.interceptor.ApiInterceptor - preHandle method is invoked /api/courses GET 1.689761189146E12
7936 [Test worker] INFO  c.s.p.interceptor.ApiInterceptor - postHandle method is invoked /api/courses GET 1.689761189284E12
7938 [Test worker] INFO  c.s.p.interceptor.ApiInterceptor - after completion is invoked Time took is 0.138 seconds.
7965 [Test worker] INFO  c.s.p.interceptor.ApiInterceptor - preHandle method is invoked /api/courses/insertMany POST 1.689761189313E12
8018 [Test worker] INFO  c.s.p.interceptor.ApiInterceptor - postHandle method is invoked /api/courses/insertMany POST 1.689761189366E12
8019 [Test worker] INFO  c.s.p.interceptor.ApiInterceptor - after completion is invoked Time took is 0.053 seconds.
8026 [Test worker] INFO  c.s.p.interceptor.ApiInterceptor - preHandle method is invoked /api/courses POST 1.689761189374E12
8043 [Test worker] INFO  c.s.p.interceptor.ApiInterceptor - after completion is invoked Time took is -0.008 seconds.
8052 [Test worker] INFO  c.s.p.interceptor.ApiInterceptor - preHandle method is invoked /api/courses POST 1.6897611894E12
8057 [Test worker] INFO  c.s.p.interceptor.ApiInterceptor - postHandle method is invoked /api/courses POST 1.689761189405E12
8057 [Test worker] INFO  c.s.p.interceptor.ApiInterceptor - after completion is invoked Time took is 0.005 seconds.
8064 [Test worker] INFO  c.s.p.interceptor.ApiInterceptor - preHandle method is invoked /api/courses GET 1.689761189412E12
8066 [Test worker] INFO  c.s.p.interceptor.ApiInterceptor - after completion is invoked Time took is -0.007 seconds.
8121 [Test worker] INFO  c.s.p.interceptor.ApiInterceptor - preHandle method is invoked /api/courses/insertMany POST 1.689761189469E12
8123 [Test worker] INFO  c.s.p.interceptor.ApiInterceptor - postHandle method is invoked /api/courses/insertMany POST 1.689761189471E12
8123 [Test worker] INFO  c.s.p.interceptor.ApiInterceptor - after completion is invoked Time took is 0.002 seconds.
1265 [Test worker] INFO  c.s.p.c.CourseControllerTest - Starting CourseControllerTest using Java 17.0.7 with PID 17500 (started by ssama in C:\Users\ssama\Desktop\project\springproject)
1267 [Test worker] DEBUG c.s.p.c.CourseControllerTest - Running with Spring Boot v3.1.1, Spring v6.0.10
1268 [Test worker] INFO  c.s.p.c.CourseControllerTest - No active profile set, falling back to 1 default profile: "default"
17499 [Test worker] INFO  c.s.p.c.CourseControllerTest - Started CourseControllerTest in 16.638 seconds (process running for 18.603)
17694 [Test worker] INFO  c.s.p.interceptor.ApiInterceptor - preHandle method is invoked /api/courses GET 1.689761266762E12
17960 [Test worker] INFO  c.s.p.interceptor.ApiInterceptor - postHandle method is invoked /api/courses GET 1.689761267028E12
17964 [Test worker] INFO  c.s.p.interceptor.ApiInterceptor - after completion is invoked Time took is 0.266 seconds.
18017 [Test worker] INFO  c.s.p.interceptor.ApiInterceptor - preHandle method is invoked /api/courses/insertMany POST 1.689761267085E12
18125 [Test worker] INFO  c.s.p.interceptor.ApiInterceptor - postHandle method is invoked /api/courses/insertMany POST 1.689761267193E12
18126 [Test worker] INFO  c.s.p.interceptor.ApiInterceptor - after completion is invoked Time took is 0.108 seconds.
18141 [Test worker] INFO  c.s.p.interceptor.ApiInterceptor - preHandle method is invoked /api/courses POST 1.689761267209E12
18168 [Test worker] INFO  c.s.p.interceptor.ApiInterceptor - after completion is invoked Time took is -0.016 seconds.
18180 [Test worker] INFO  c.s.p.interceptor.ApiInterceptor - preHandle method is invoked /api/courses POST 1.689761267248E12
18187 [Test worker] INFO  c.s.p.interceptor.ApiInterceptor - postHandle method is invoked /api/courses POST 1.689761267255E12
18188 [Test worker] INFO  c.s.p.interceptor.ApiInterceptor - after completion is invoked Time took is 0.007 seconds.
18197 [Test worker] INFO  c.s.p.interceptor.ApiInterceptor - preHandle method is invoked /api/courses GET 1.689761267265E12
18200 [Test worker] INFO  c.s.p.interceptor.ApiInterceptor - after completion is invoked Time took is -0.01 seconds.
18313 [Test worker] INFO  c.s.p.interceptor.ApiInterceptor - preHandle method is invoked /api/courses/insertMany POST 1.689761267381E12
18316 [Test worker] INFO  c.s.p.interceptor.ApiInterceptor - after completion is invoked Time took is -0.126 seconds.
1141 [Test worker] INFO  c.s.p.service.CourseServiceTest - Starting CourseServiceTest using Java 17.0.7 with PID 6216 (started by ssama in C:\Users\ssama\Desktop\project\springproject)
1142 [Test worker] DEBUG c.s.p.service.CourseServiceTest - Running with Spring Boot v3.1.1, Spring v6.0.10
1143 [Test worker] INFO  c.s.p.service.CourseServiceTest - No active profile set, falling back to 1 default profile: "default"
10424 [Test worker] INFO  c.s.p.service.CourseServiceTest - Started CourseServiceTest in 9.597 seconds (process running for 11.68)
1216 [Test worker] INFO  c.s.p.service.CourseServiceTest - Starting CourseServiceTest using Java 17.0.7 with PID 29632 (started by ssama in C:\Users\ssama\Desktop\project\springproject)
1217 [Test worker] DEBUG c.s.p.service.CourseServiceTest - Running with Spring Boot v3.1.1, Spring v6.0.10
1219 [Test worker] INFO  c.s.p.service.CourseServiceTest - No active profile set, falling back to 1 default profile: "default"
9162 [Test worker] INFO  c.s.p.service.CourseServiceTest - Started CourseServiceTest in 8.335 seconds (process running for 10.238)
2263 [Test worker] INFO  c.s.p.c.AddressControllerTest - Starting AddressControllerTest using Java 17.0.7 with PID 20424 (started by ssama in C:\Users\ssama\Desktop\project\springproject)
2264 [Test worker] DEBUG c.s.p.c.AddressControllerTest - Running with Spring Boot v3.1.1, Spring v6.0.10
2266 [Test worker] INFO  c.s.p.c.AddressControllerTest - No active profile set, falling back to 1 default profile: "default"
15256 [Test worker] INFO  c.s.p.c.AddressControllerTest - Started AddressControllerTest in 13.74 seconds (process running for 17.106)
15450 [Test worker] INFO  c.s.p.interceptor.ApiInterceptor - preHandle method is invoked /api/address GET 1.689761401232E12
15797 [Test worker] INFO  c.s.p.interceptor.ApiInterceptor - postHandle method is invoked /api/address GET 1.689761401579E12
15801 [Test worker] INFO  c.s.p.interceptor.ApiInterceptor - after completion is invoked Time took is 0.347 seconds.
15845 [Test worker] INFO  c.s.p.interceptor.ApiInterceptor - preHandle method is invoked /api/address GET 1.689761401627E12
15867 [Test worker] INFO  c.s.p.interceptor.ApiInterceptor - after completion is invoked Time took is -0.048 seconds.
16026 [Test worker] INFO  c.s.p.c.CourseControllerTest - Starting CourseControllerTest using Java 17.0.7 with PID 20424 (started by ssama in C:\Users\ssama\Desktop\project\springproject)
16026 [Test worker] DEBUG c.s.p.c.CourseControllerTest - Running with Spring Boot v3.1.1, Spring v6.0.10
16027 [Test worker] INFO  c.s.p.c.CourseControllerTest - No active profile set, falling back to 1 default profile: "default"
17157 [Test worker] INFO  c.s.p.c.CourseControllerTest - Started CourseControllerTest in 1.159 seconds (process running for 19.007)
17166 [Test worker] INFO  c.s.p.interceptor.ApiInterceptor - preHandle method is invoked /api/courses GET 1.689761402948E12
17172 [Test worker] INFO  c.s.p.interceptor.ApiInterceptor - postHandle method is invoked /api/courses GET 1.689761402954E12
17172 [Test worker] INFO  c.s.p.interceptor.ApiInterceptor - after completion is invoked Time took is 0.006 seconds.
17182 [Test worker] INFO  c.s.p.interceptor.ApiInterceptor - preHandle method is invoked /api/courses/insertMany POST 1.689761402964E12
17305 [Test worker] INFO  c.s.p.interceptor.ApiInterceptor - postHandle method is invoked /api/courses/insertMany POST 1.689761403087E12
17306 [Test worker] INFO  c.s.p.interceptor.ApiInterceptor - after completion is invoked Time took is 0.123 seconds.
17312 [Test worker] INFO  c.s.p.interceptor.ApiInterceptor - preHandle method is invoked /api/courses POST 1.689761403094E12
17322 [Test worker] INFO  c.s.p.interceptor.ApiInterceptor - after completion is invoked Time took is -0.007 seconds.
17329 [Test worker] INFO  c.s.p.interceptor.ApiInterceptor - preHandle method is invoked /api/courses POST 1.689761403111E12
17337 [Test worker] INFO  c.s.p.interceptor.ApiInterceptor - postHandle method is invoked /api/courses POST 1.689761403119E12
17338 [Test worker] INFO  c.s.p.interceptor.ApiInterceptor - after completion is invoked Time took is 0.008 seconds.
17348 [Test worker] INFO  c.s.p.interceptor.ApiInterceptor - preHandle method is invoked /api/courses GET 1.68976140313E12
17352 [Test worker] INFO  c.s.p.interceptor.ApiInterceptor - after completion is invoked Time took is -0.011 seconds.
17366 [Test worker] INFO  c.s.p.interceptor.ApiInterceptor - preHandle method is invoked /api/courses/insertMany POST 1.689761403148E12
17371 [Test worker] INFO  c.s.p.interceptor.ApiInterceptor - after completion is invoked Time took is -0.029 seconds.
17424 [Test worker] INFO  c.s.p.c.EmployeeControllerTest - Starting EmployeeControllerTest using Java 17.0.7 with PID 20424 (started by ssama in C:\Users\ssama\Desktop\project\springproject)
17425 [Test worker] DEBUG c.s.p.c.EmployeeControllerTest - Running with Spring Boot v3.1.1, Spring v6.0.10
17425 [Test worker] INFO  c.s.p.c.EmployeeControllerTest - No active profile set, falling back to 1 default profile: "default"
18352 [Test worker] INFO  c.s.p.c.EmployeeControllerTest - Started EmployeeControllerTest in 0.964 seconds (process running for 20.201)
18360 [Test worker] INFO  c.s.p.interceptor.ApiInterceptor - preHandle method is invoked /api/employee/15 GET 1.689761404142E12
18378 [Test worker] INFO  c.s.p.interceptor.ApiInterceptor - preHandle method is invoked /api/employee/department GET 1.68976140416E12
18398 [Test worker] INFO  c.s.p.interceptor.ApiInterceptor - postHandle method is invoked /api/employee/department GET 1.68976140418E12
18399 [Test worker] INFO  c.s.p.interceptor.ApiInterceptor - after completion is invoked Time took is 0.02 seconds.
18405 [Test worker] INFO  c.s.p.interceptor.ApiInterceptor - preHandle method is invoked /api/employee/maxSalary GET 1.689761404187E12
18407 [Test worker] INFO  c.s.p.interceptor.ApiInterceptor - postHandle method is invoked /api/employee/maxSalary GET 1.689761404189E12
18407 [Test worker] INFO  c.s.p.interceptor.ApiInterceptor - after completion is invoked Time took is 0.002 seconds.
18433 [Test worker] INFO  c.s.p.interceptor.ApiInterceptor - preHandle method is invoked /api/employee/updateSalaryById PUT 1.689761404215E12
18439 [Test worker] INFO  c.s.p.interceptor.ApiInterceptor - postHandle method is invoked /api/employee/updateSalaryById PUT 1.689761404221E12
18440 [Test worker] INFO  c.s.p.interceptor.ApiInterceptor - after completion is invoked Time took is 0.006 seconds.
18448 [Test worker] INFO  c.s.p.interceptor.ApiInterceptor - preHandle method is invoked /api/employee/findAll GET 1.68976140423E12
18449 [Test worker] INFO  c.s.p.interceptor.ApiInterceptor - postHandle method is invoked /api/employee/findAll GET 1.689761404231E12
18450 [Test worker] INFO  c.s.p.interceptor.ApiInterceptor - after completion is invoked Time took is 0.001 seconds.
18456 [Test worker] INFO  c.s.p.interceptor.ApiInterceptor - preHandle method is invoked /api/employee/course GET 1.689761404238E12
18459 [Test worker] INFO  c.s.p.interceptor.ApiInterceptor - postHandle method is invoked /api/employee/course GET 1.689761404241E12
18460 [Test worker] INFO  c.s.p.interceptor.ApiInterceptor - after completion is invoked Time took is 0.003 seconds.
18469 [Test worker] INFO  c.s.p.interceptor.ApiInterceptor - preHandle method is invoked /api/employee POST 1.689761404251E12
18477 [Test worker] INFO  c.s.p.interceptor.ApiInterceptor - postHandle method is invoked /api/employee POST 1.689761404259E12
18479 [Test worker] INFO  c.s.p.interceptor.ApiInterceptor - after completion is invoked Time took is 0.008 seconds.
18486 [Test worker] INFO  c.s.p.interceptor.ApiInterceptor - preHandle method is invoked /api/employee GET 1.689761404268E12
18490 [Test worker] INFO  c.s.p.interceptor.ApiInterceptor - after completion is invoked Time took is -0.009 seconds.
18497 [Test worker] INFO  c.s.p.interceptor.ApiInterceptor - preHandle method is invoked /api/employee PUT 1.689761404279E12
18500 [Test worker] INFO  c.s.p.interceptor.ApiInterceptor - after completion is invoked Time took is -0.02 seconds.
18513 [Test worker] INFO  c.s.p.interceptor.ApiInterceptor - preHandle method is invoked /api/employee GET 1.689761404295E12
18552 [Test worker] INFO  c.s.p.interceptor.ApiInterceptor - after completion is invoked Time took is -0.036 seconds.
18559 [Test worker] INFO  c.s.p.interceptor.ApiInterceptor - preHandle method is invoked /api/employee/1 DELETE 1.689761404341E12
18562 [Test worker] INFO  c.s.p.interceptor.ApiInterceptor - postHandle method is invoked /api/employee/1 DELETE 1.689761404344E12
18562 [Test worker] INFO  c.s.p.interceptor.ApiInterceptor - after completion is invoked Time took is 0.003 seconds.
18569 [Test worker] INFO  c.s.p.interceptor.ApiInterceptor - preHandle method is invoked /api/employee/department/maxSalary GET 1.689761404351E12
18572 [Test worker] INFO  c.s.p.interceptor.ApiInterceptor - after completion is invoked Time took is -0.007 seconds.
18577 [Test worker] INFO  c.s.p.interceptor.ApiInterceptor - preHandle method is invoked /api/employee/maxSalary GET 1.689761404359E12
18580 [Test worker] INFO  c.s.p.interceptor.ApiInterceptor - after completion is invoked Time took is -0.015 seconds.
18589 [Test worker] INFO  c.s.p.interceptor.ApiInterceptor - preHandle method is invoked /api/employee PUT 1.689761404371E12
18591 [Test worker] INFO  c.s.p.interceptor.ApiInterceptor - postHandle method is invoked /api/employee PUT 1.689761404373E12
18592 [Test worker] INFO  c.s.p.interceptor.ApiInterceptor - after completion is invoked Time took is 0.002 seconds.
18598 [Test worker] INFO  c.s.p.interceptor.ApiInterceptor - preHandle method is invoked /api/employee/insertAll POST 1.68976140438E12
18604 [Test worker] INFO  c.s.p.interceptor.ApiInterceptor - postHandle method is invoked /api/employee/insertAll POST 1.689761404386E12
18604 [Test worker] INFO  c.s.p.interceptor.ApiInterceptor - after completion is invoked Time took is 0.006 seconds.
18611 [Test worker] INFO  c.s.p.interceptor.ApiInterceptor - preHandle method is invoked /api/employee/1 DELETE 1.689761404393E12
18613 [Test worker] INFO  c.s.p.interceptor.ApiInterceptor - after completion is invoked Time took is -0.007 seconds.
18619 [Test worker] INFO  c.s.p.interceptor.ApiInterceptor - preHandle method is invoked /api/employee/1 GET 1.689761404401E12
18624 [Test worker] INFO  c.s.p.interceptor.ApiInterceptor - postHandle method is invoked /api/employee/1 GET 1.689761404406E12
18624 [Test worker] INFO  c.s.p.interceptor.ApiInterceptor - after completion is invoked Time took is 0.005 seconds.
18630 [Test worker] INFO  c.s.p.interceptor.ApiInterceptor - preHandle method is invoked /api/employee/department GET 1.689761404412E12
18633 [Test worker] INFO  c.s.p.interceptor.ApiInterceptor - after completion is invoked Time took is -0.006 seconds.
18639 [Test worker] INFO  c.s.p.interceptor.ApiInterceptor - preHandle method is invoked /api/employee/0 GET 1.689761404421E12
18648 [Test worker] INFO  c.s.p.interceptor.ApiInterceptor - after completion is invoked Time took is -0.015 seconds.
18655 [Test worker] INFO  c.s.p.interceptor.ApiInterceptor - preHandle method is invoked /api/employee/findAll GET 1.689761404437E12
18657 [Test worker] INFO  c.s.p.interceptor.ApiInterceptor - after completion is invoked Time took is -0.031 seconds.
18666 [Test worker] INFO  c.s.p.interceptor.ApiInterceptor - preHandle method is invoked /api/employee/course GET 1.689761404448E12
18675 [Test worker] INFO  c.s.p.interceptor.ApiInterceptor - after completion is invoked Time took is -0.042 seconds.
18684 [Test worker] INFO  c.s.p.interceptor.ApiInterceptor - preHandle method is invoked /api/employee/updateSalaryById PUT 1.689761404466E12
18687 [Test worker] INFO  c.s.p.interceptor.ApiInterceptor - after completion is invoked Time took is -0.06 seconds.
18694 [Test worker] INFO  c.s.p.interceptor.ApiInterceptor - preHandle method is invoked /api/employee/department/maxSalary GET 1.689761404475E12
18695 [Test worker] INFO  c.s.p.interceptor.ApiInterceptor - postHandle method is invoked /api/employee/department/maxSalary GET 1.689761404477E12
18696 [Test worker] INFO  c.s.p.interceptor.ApiInterceptor - after completion is invoked Time took is 0.002 seconds.
18702 [Test worker] INFO  c.s.p.interceptor.ApiInterceptor - preHandle method is invoked /api/employee GET 1.689761404484E12
18704 [Test worker] INFO  c.s.p.interceptor.ApiInterceptor - postHandle method is invoked /api/employee GET 1.689761404486E12
18704 [Test worker] INFO  c.s.p.interceptor.ApiInterceptor - after completion is invoked Time took is 0.002 seconds.
18793 [Test worker] INFO  c.s.p.service.AddressServiceTest - Starting AddressServiceTest using Java 17.0.7 with PID 20424 (started by ssama in C:\Users\ssama\Desktop\project\springproject)
18793 [Test worker] DEBUG c.s.p.service.AddressServiceTest - Running with Spring Boot v3.1.1, Spring v6.0.10
18794 [Test worker] INFO  c.s.p.service.AddressServiceTest - No active profile set, falling back to 1 default profile: "default"
19623 [Test worker] INFO  c.s.p.service.AddressServiceTest - Started AddressServiceTest in 0.887 seconds (process running for 21.473)
19718 [Test worker] INFO  c.s.p.service.CourseServiceTest - Starting CourseServiceTest using Java 17.0.7 with PID 20424 (started by ssama in C:\Users\ssama\Desktop\project\springproject)
19718 [Test worker] DEBUG c.s.p.service.CourseServiceTest - Running with Spring Boot v3.1.1, Spring v6.0.10
19718 [Test worker] INFO  c.s.p.service.CourseServiceTest - No active profile set, falling back to 1 default profile: "default"
20532 [Test worker] INFO  c.s.p.service.CourseServiceTest - Started CourseServiceTest in 0.84 seconds (process running for 22.381)
20608 [Test worker] INFO  c.s.p.service.EmployeeServiceTest - Starting EmployeeServiceTest using Java 17.0.7 with PID 20424 (started by ssama in C:\Users\ssama\Desktop\project\springproject)
20609 [Test worker] DEBUG c.s.p.service.EmployeeServiceTest - Running with Spring Boot v3.1.1, Spring v6.0.10
20609 [Test worker] INFO  c.s.p.service.EmployeeServiceTest - No active profile set, falling back to 1 default profile: "default"
21336 [Test worker] INFO  c.s.p.service.EmployeeServiceTest - Started EmployeeServiceTest in 0.751 seconds (process running for 23.185)
21369 [Test worker] INFO  c.s.p.service.EmployeeServiceImpl - Course already exists !
21369 [Test worker] INFO  c.s.p.service.EmployeeServiceImpl - Course already exists !
21393 [Test worker] INFO  c.s.p.service.EmployeeServiceImpl - Course already exists !
21393 [Test worker] INFO  c.s.p.service.EmployeeServiceImpl - Course already exists !
21410 [Test worker] ERROR c.s.p.service.EmployeeServiceImpl - Employee with id : 0 does not exist ! 
2494 [Test worker] INFO  c.s.p.service.CourseServiceTest - Starting CourseServiceTest using Java 17.0.7 with PID 25928 (started by ssama in C:\Users\ssama\Desktop\project\springproject)
2495 [Test worker] DEBUG c.s.p.service.CourseServiceTest - Running with Spring Boot v3.1.1, Spring v6.0.10
2497 [Test worker] INFO  c.s.p.service.CourseServiceTest - No active profile set, falling back to 1 default profile: "default"
9980 [Test worker] INFO  c.s.p.service.CourseServiceTest - Started CourseServiceTest in 8.07 seconds (process running for 12.174)
12323 [Test worker] INFO  c.s.p.service.CourseServiceTest - Starting CourseServiceTest using Java 17.0.7 with PID 32496 (started by ssama in C:\Users\ssama\Desktop\project\springproject)
12326 [Test worker] DEBUG c.s.p.service.CourseServiceTest - Running with Spring Boot v3.1.1, Spring v6.0.10
12329 [Test worker] INFO  c.s.p.service.CourseServiceTest - No active profile set, falling back to 1 default profile: "default"
33100 [Test worker] INFO  c.s.p.service.CourseServiceTest - Started CourseServiceTest in 22.861 seconds (process running for 35.056)
3932 [Test worker] INFO  c.s.p.service.CourseServiceTest - Starting CourseServiceTest using Java 17.0.7 with PID 20304 (started by ssama in C:\Users\ssama\Desktop\project\springproject)
3933 [Test worker] DEBUG c.s.p.service.CourseServiceTest - Running with Spring Boot v3.1.1, Spring v6.0.10
3936 [Test worker] INFO  c.s.p.service.CourseServiceTest - No active profile set, falling back to 1 default profile: "default"
16782 [Test worker] INFO  c.s.p.service.CourseServiceTest - Started CourseServiceTest in 14.263 seconds (process running for 18.641)
2732 [Test worker] INFO  c.s.p.service.CourseServiceTest - Starting CourseServiceTest using Java 17.0.7 with PID 31816 (started by ssama in C:\Users\ssama\Desktop\project\springproject)
2733 [Test worker] DEBUG c.s.p.service.CourseServiceTest - Running with Spring Boot v3.1.1, Spring v6.0.10
2734 [Test worker] INFO  c.s.p.service.CourseServiceTest - No active profile set, falling back to 1 default profile: "default"
12297 [Test worker] INFO  c.s.p.service.CourseServiceTest - Started CourseServiceTest in 10.242 seconds (process running for 14.295)
1243 [Test worker] INFO  c.s.p.service.CourseServiceTest - Starting CourseServiceTest using Java 17.0.7 with PID 27108 (started by ssama in C:\Users\ssama\Desktop\project\springproject)
1244 [Test worker] DEBUG c.s.p.service.CourseServiceTest - Running with Spring Boot v3.1.1, Spring v6.0.10
1245 [Test worker] INFO  c.s.p.service.CourseServiceTest - No active profile set, falling back to 1 default profile: "default"
8580 [Test worker] INFO  c.s.p.service.CourseServiceTest - Started CourseServiceTest in 7.756 seconds (process running for 9.754)
2621 [Test worker] INFO  c.s.p.service.CourseServiceTest - Starting CourseServiceTest using Java 17.0.7 with PID 11904 (started by ssama in C:\Users\ssama\Desktop\project\springproject)
2622 [Test worker] DEBUG c.s.p.service.CourseServiceTest - Running with Spring Boot v3.1.1, Spring v6.0.10
2624 [Test worker] INFO  c.s.p.service.CourseServiceTest - No active profile set, falling back to 1 default profile: "default"
10693 [Test worker] INFO  c.s.p.service.CourseServiceTest - Started CourseServiceTest in 8.794 seconds (process running for 12.534)
2581 [Test worker] INFO  c.s.p.service.CourseServiceTest - Starting CourseServiceTest using Java 17.0.7 with PID 21924 (started by ssama in C:\Users\ssama\Desktop\project\springproject)
2582 [Test worker] DEBUG c.s.p.service.CourseServiceTest - Running with Spring Boot v3.1.1, Spring v6.0.10
2584 [Test worker] INFO  c.s.p.service.CourseServiceTest - No active profile set, falling back to 1 default profile: "default"
10472 [Test worker] INFO  c.s.p.service.CourseServiceTest - Started CourseServiceTest in 8.65 seconds (process running for 12.177)
2579 [Test worker] INFO  c.s.p.service.CourseServiceTest - Starting CourseServiceTest using Java 17.0.7 with PID 22200 (started by ssama in C:\Users\ssama\Desktop\project\springproject)
2580 [Test worker] DEBUG c.s.p.service.CourseServiceTest - Running with Spring Boot v3.1.1, Spring v6.0.10
2582 [Test worker] INFO  c.s.p.service.CourseServiceTest - No active profile set, falling back to 1 default profile: "default"
17720 [Test worker] INFO  c.s.p.service.CourseServiceTest - Started CourseServiceTest in 15.923 seconds (process running for 19.399)
509  [restartedMain] INFO  c.sujith.project.ProjectApplication - Starting ProjectApplication using Java 17.0.7 with PID 12804 (C:\Users\ssama\Desktop\project\springproject\build\classes\java\main started by ssama in C:\Users\ssama\Desktop\project\springproject)
510  [restartedMain] DEBUG c.sujith.project.ProjectApplication - Running with Spring Boot v3.1.1, Spring v6.0.10
510  [restartedMain] INFO  c.sujith.project.ProjectApplication - No active profile set, falling back to 1 default profile: "default"
3762 [restartedMain] INFO  c.sujith.project.ProjectApplication - Started ProjectApplication in 3.512 seconds (process running for 4.092)
5184 [http-nio-8080-exec-2] INFO  c.s.p.interceptor.ApiInterceptor - preHandle method is invoked /api/courses/insertMany POST 1.689762114308E12
5580 [http-nio-8080-exec-2] INFO  c.s.p.interceptor.ApiInterceptor - postHandle method is invoked /api/courses/insertMany POST 1.689762114704E12
5581 [http-nio-8080-exec-2] INFO  c.s.p.interceptor.ApiInterceptor - after completion is invoked Time took is 0.396 seconds.
3409 [Test worker] INFO  c.s.p.c.AddressControllerTest - Starting AddressControllerTest using Java 17.0.7 with PID 488 (started by ssama in C:\Users\ssama\Desktop\project\springproject)
3411 [Test worker] DEBUG c.s.p.c.AddressControllerTest - Running with Spring Boot v3.1.1, Spring v6.0.10
3413 [Test worker] INFO  c.s.p.c.AddressControllerTest - No active profile set, falling back to 1 default profile: "default"
16605 [Test worker] INFO  c.s.p.c.AddressControllerTest - Started AddressControllerTest in 14.206 seconds (process running for 18.467)
16814 [Test worker] INFO  c.s.p.interceptor.ApiInterceptor - preHandle method is invoked /api/address GET 1.689762141929E12
17082 [Test worker] INFO  c.s.p.interceptor.ApiInterceptor - postHandle method is invoked /api/address GET 1.689762142197E12
17087 [Test worker] INFO  c.s.p.interceptor.ApiInterceptor - after completion is invoked Time took is 0.268 seconds.
17131 [Test worker] INFO  c.s.p.interceptor.ApiInterceptor - preHandle method is invoked /api/address GET 1.689762142246E12
17163 [Test worker] INFO  c.s.p.interceptor.ApiInterceptor - after completion is invoked Time took is -0.049 seconds.
17319 [Test worker] INFO  c.s.p.c.CourseControllerTest - Starting CourseControllerTest using Java 17.0.7 with PID 488 (started by ssama in C:\Users\ssama\Desktop\project\springproject)
17320 [Test worker] DEBUG c.s.p.c.CourseControllerTest - Running with Spring Boot v3.1.1, Spring v6.0.10
17320 [Test worker] INFO  c.s.p.c.CourseControllerTest - No active profile set, falling back to 1 default profile: "default"
18439 [Test worker] INFO  c.s.p.c.CourseControllerTest - Started CourseControllerTest in 1.153 seconds (process running for 20.301)
18447 [Test worker] INFO  c.s.p.interceptor.ApiInterceptor - preHandle method is invoked /api/courses GET 1.689762143562E12
18455 [Test worker] INFO  c.s.p.interceptor.ApiInterceptor - postHandle method is invoked /api/courses GET 1.68976214357E12
18456 [Test worker] INFO  c.s.p.interceptor.ApiInterceptor - after completion is invoked Time took is 0.008 seconds.
18468 [Test worker] INFO  c.s.p.interceptor.ApiInterceptor - preHandle method is invoked /api/courses/insertMany POST 1.689762143583E12
18597 [Test worker] INFO  c.s.p.interceptor.ApiInterceptor - postHandle method is invoked /api/courses/insertMany POST 1.689762143712E12
18598 [Test worker] INFO  c.s.p.interceptor.ApiInterceptor - after completion is invoked Time took is 0.129 seconds.
18608 [Test worker] INFO  c.s.p.interceptor.ApiInterceptor - preHandle method is invoked /api/courses POST 1.689762143723E12
18618 [Test worker] INFO  c.s.p.interceptor.ApiInterceptor - after completion is invoked Time took is -0.011 seconds.
18625 [Test worker] INFO  c.s.p.interceptor.ApiInterceptor - preHandle method is invoked /api/courses POST 1.68976214374E12
18632 [Test worker] INFO  c.s.p.interceptor.ApiInterceptor - postHandle method is invoked /api/courses POST 1.689762143747E12
18632 [Test worker] INFO  c.s.p.interceptor.ApiInterceptor - after completion is invoked Time took is 0.007 seconds.
18638 [Test worker] INFO  c.s.p.interceptor.ApiInterceptor - preHandle method is invoked /api/courses GET 1.689762143753E12
18642 [Test worker] INFO  c.s.p.interceptor.ApiInterceptor - after completion is invoked Time took is -0.006 seconds.
18653 [Test worker] INFO  c.s.p.interceptor.ApiInterceptor - preHandle method is invoked /api/courses/insertMany POST 1.689762143768E12
18658 [Test worker] INFO  c.s.p.interceptor.ApiInterceptor - after completion is invoked Time took is -0.021 seconds.
18716 [Test worker] INFO  c.s.p.c.EmployeeControllerTest - Starting EmployeeControllerTest using Java 17.0.7 with PID 488 (started by ssama in C:\Users\ssama\Desktop\project\springproject)
18717 [Test worker] DEBUG c.s.p.c.EmployeeControllerTest - Running with Spring Boot v3.1.1, Spring v6.0.10
18717 [Test worker] INFO  c.s.p.c.EmployeeControllerTest - No active profile set, falling back to 1 default profile: "default"
19685 [Test worker] INFO  c.s.p.c.EmployeeControllerTest - Started EmployeeControllerTest in 1.011 seconds (process running for 21.546)
19695 [Test worker] INFO  c.s.p.interceptor.ApiInterceptor - preHandle method is invoked /api/employee/15 GET 1.68976214481E12
19715 [Test worker] INFO  c.s.p.interceptor.ApiInterceptor - preHandle method is invoked /api/employee/department GET 1.68976214483E12
19735 [Test worker] INFO  c.s.p.interceptor.ApiInterceptor - postHandle method is invoked /api/employee/department GET 1.68976214485E12
19736 [Test worker] INFO  c.s.p.interceptor.ApiInterceptor - after completion is invoked Time took is 0.02 seconds.
19744 [Test worker] INFO  c.s.p.interceptor.ApiInterceptor - preHandle method is invoked /api/employee/maxSalary GET 1.689762144859E12
19746 [Test worker] INFO  c.s.p.interceptor.ApiInterceptor - postHandle method is invoked /api/employee/maxSalary GET 1.689762144861E12
19747 [Test worker] INFO  c.s.p.interceptor.ApiInterceptor - after completion is invoked Time took is 0.002 seconds.
19775 [Test worker] INFO  c.s.p.interceptor.ApiInterceptor - preHandle method is invoked /api/employee/updateSalaryById PUT 1.68976214489E12
19780 [Test worker] INFO  c.s.p.interceptor.ApiInterceptor - postHandle method is invoked /api/employee/updateSalaryById PUT 1.689762144895E12
19781 [Test worker] INFO  c.s.p.interceptor.ApiInterceptor - after completion is invoked Time took is 0.005 seconds.
19790 [Test worker] INFO  c.s.p.interceptor.ApiInterceptor - preHandle method is invoked /api/employee/findAll GET 1.689762144905E12
19792 [Test worker] INFO  c.s.p.interceptor.ApiInterceptor - postHandle method is invoked /api/employee/findAll GET 1.689762144907E12
19792 [Test worker] INFO  c.s.p.interceptor.ApiInterceptor - after completion is invoked Time took is 0.002 seconds.
19799 [Test worker] INFO  c.s.p.interceptor.ApiInterceptor - preHandle method is invoked /api/employee/course GET 1.689762144914E12
19800 [Test worker] INFO  c.s.p.interceptor.ApiInterceptor - postHandle method is invoked /api/employee/course GET 1.689762144915E12
19801 [Test worker] INFO  c.s.p.interceptor.ApiInterceptor - after completion is invoked Time took is 0.001 seconds.
19812 [Test worker] INFO  c.s.p.interceptor.ApiInterceptor - preHandle method is invoked /api/employee POST 1.689762144927E12
19820 [Test worker] INFO  c.s.p.interceptor.ApiInterceptor - postHandle method is invoked /api/employee POST 1.689762144935E12
19822 [Test worker] INFO  c.s.p.interceptor.ApiInterceptor - after completion is invoked Time took is 0.008 seconds.
19829 [Test worker] INFO  c.s.p.interceptor.ApiInterceptor - preHandle method is invoked /api/employee GET 1.689762144943E12
19831 [Test worker] INFO  c.s.p.interceptor.ApiInterceptor - after completion is invoked Time took is -0.008 seconds.
19837 [Test worker] INFO  c.s.p.interceptor.ApiInterceptor - preHandle method is invoked /api/employee PUT 1.689762144952E12
19840 [Test worker] INFO  c.s.p.interceptor.ApiInterceptor - after completion is invoked Time took is -0.017 seconds.
19856 [Test worker] INFO  c.s.p.interceptor.ApiInterceptor - preHandle method is invoked /api/employee GET 1.689762144971E12
19891 [Test worker] INFO  c.s.p.interceptor.ApiInterceptor - after completion is invoked Time took is -0.036 seconds.
19897 [Test worker] INFO  c.s.p.interceptor.ApiInterceptor - preHandle method is invoked /api/employee/1 DELETE 1.689762145012E12
19899 [Test worker] INFO  c.s.p.interceptor.ApiInterceptor - postHandle method is invoked /api/employee/1 DELETE 1.689762145014E12
19899 [Test worker] INFO  c.s.p.interceptor.ApiInterceptor - after completion is invoked Time took is 0.002 seconds.
19906 [Test worker] INFO  c.s.p.interceptor.ApiInterceptor - preHandle method is invoked /api/employee/department/maxSalary GET 1.689762145021E12
19910 [Test worker] INFO  c.s.p.interceptor.ApiInterceptor - after completion is invoked Time took is -0.007 seconds.
19916 [Test worker] INFO  c.s.p.interceptor.ApiInterceptor - preHandle method is invoked /api/employee/maxSalary GET 1.689762145031E12
19919 [Test worker] INFO  c.s.p.interceptor.ApiInterceptor - after completion is invoked Time took is -0.017 seconds.
19925 [Test worker] INFO  c.s.p.interceptor.ApiInterceptor - preHandle method is invoked /api/employee PUT 1.68976214504E12
19928 [Test worker] INFO  c.s.p.interceptor.ApiInterceptor - postHandle method is invoked /api/employee PUT 1.689762145043E12
19929 [Test worker] INFO  c.s.p.interceptor.ApiInterceptor - after completion is invoked Time took is 0.003 seconds.
19934 [Test worker] INFO  c.s.p.interceptor.ApiInterceptor - preHandle method is invoked /api/employee/insertAll POST 1.689762145049E12
19941 [Test worker] INFO  c.s.p.interceptor.ApiInterceptor - postHandle method is invoked /api/employee/insertAll POST 1.689762145056E12
19942 [Test worker] INFO  c.s.p.interceptor.ApiInterceptor - after completion is invoked Time took is 0.007 seconds.
19948 [Test worker] INFO  c.s.p.interceptor.ApiInterceptor - preHandle method is invoked /api/employee/1 DELETE 1.689762145063E12
19952 [Test worker] INFO  c.s.p.interceptor.ApiInterceptor - after completion is invoked Time took is -0.007 seconds.
19959 [Test worker] INFO  c.s.p.interceptor.ApiInterceptor - preHandle method is invoked /api/employee/1 GET 1.689762145074E12
19968 [Test worker] INFO  c.s.p.interceptor.ApiInterceptor - postHandle method is invoked /api/employee/1 GET 1.689762145083E12
19969 [Test worker] INFO  c.s.p.interceptor.ApiInterceptor - after completion is invoked Time took is 0.009 seconds.
19976 [Test worker] INFO  c.s.p.interceptor.ApiInterceptor - preHandle method is invoked /api/employee/department GET 1.689762145091E12
19979 [Test worker] INFO  c.s.p.interceptor.ApiInterceptor - after completion is invoked Time took is -0.008 seconds.
19984 [Test worker] INFO  c.s.p.interceptor.ApiInterceptor - preHandle method is invoked /api/employee/0 GET 1.689762145099E12
19986 [Test worker] INFO  c.s.p.interceptor.ApiInterceptor - after completion is invoked Time took is -0.016 seconds.
19991 [Test worker] INFO  c.s.p.interceptor.ApiInterceptor - preHandle method is invoked /api/employee/findAll GET 1.689762145106E12
19993 [Test worker] INFO  c.s.p.interceptor.ApiInterceptor - after completion is invoked Time took is -0.023 seconds.
20000 [Test worker] INFO  c.s.p.interceptor.ApiInterceptor - preHandle method is invoked /api/employee/course GET 1.689762145115E12
20002 [Test worker] INFO  c.s.p.interceptor.ApiInterceptor - after completion is invoked Time took is -0.032 seconds.
20008 [Test worker] INFO  c.s.p.interceptor.ApiInterceptor - preHandle method is invoked /api/employee/updateSalaryById PUT 1.689762145123E12
20011 [Test worker] INFO  c.s.p.interceptor.ApiInterceptor - after completion is invoked Time took is -0.04 seconds.
20016 [Test worker] INFO  c.s.p.interceptor.ApiInterceptor - preHandle method is invoked /api/employee/department/maxSalary GET 1.689762145131E12
20018 [Test worker] INFO  c.s.p.interceptor.ApiInterceptor - postHandle method is invoked /api/employee/department/maxSalary GET 1.689762145133E12
20018 [Test worker] INFO  c.s.p.interceptor.ApiInterceptor - after completion is invoked Time took is 0.002 seconds.
20023 [Test worker] INFO  c.s.p.interceptor.ApiInterceptor - preHandle method is invoked /api/employee GET 1.689762145138E12
20026 [Test worker] INFO  c.s.p.interceptor.ApiInterceptor - postHandle method is invoked /api/employee GET 1.689762145141E12
20027 [Test worker] INFO  c.s.p.interceptor.ApiInterceptor - after completion is invoked Time took is 0.003 seconds.
20085 [Test worker] INFO  c.s.p.service.AddressServiceTest - Starting AddressServiceTest using Java 17.0.7 with PID 488 (started by ssama in C:\Users\ssama\Desktop\project\springproject)
20085 [Test worker] DEBUG c.s.p.service.AddressServiceTest - Running with Spring Boot v3.1.1, Spring v6.0.10
20085 [Test worker] INFO  c.s.p.service.AddressServiceTest - No active profile set, falling back to 1 default profile: "default"
21053 [Test worker] INFO  c.s.p.service.AddressServiceTest - Started AddressServiceTest in 1.0 seconds (process running for 22.914)
21154 [Test worker] INFO  c.s.p.service.CourseServiceTest - Starting CourseServiceTest using Java 17.0.7 with PID 488 (started by ssama in C:\Users\ssama\Desktop\project\springproject)
21154 [Test worker] DEBUG c.s.p.service.CourseServiceTest - Running with Spring Boot v3.1.1, Spring v6.0.10
21156 [Test worker] INFO  c.s.p.service.CourseServiceTest - No active profile set, falling back to 1 default profile: "default"
22020 [Test worker] INFO  c.s.p.service.CourseServiceTest - Started CourseServiceTest in 0.892 seconds (process running for 23.881)
22085 [Test worker] INFO  c.s.p.service.EmployeeServiceTest - Starting EmployeeServiceTest using Java 17.0.7 with PID 488 (started by ssama in C:\Users\ssama\Desktop\project\springproject)
22086 [Test worker] DEBUG c.s.p.service.EmployeeServiceTest - Running with Spring Boot v3.1.1, Spring v6.0.10
22086 [Test worker] INFO  c.s.p.service.EmployeeServiceTest - No active profile set, falling back to 1 default profile: "default"
22844 [Test worker] INFO  c.s.p.service.EmployeeServiceTest - Started EmployeeServiceTest in 0.781 seconds (process running for 24.705)
22877 [Test worker] INFO  c.s.p.service.EmployeeServiceImpl - Course already exists !
22877 [Test worker] INFO  c.s.p.service.EmployeeServiceImpl - Course already exists !
22902 [Test worker] INFO  c.s.p.service.EmployeeServiceImpl - Course already exists !
22903 [Test worker] INFO  c.s.p.service.EmployeeServiceImpl - Course already exists !
22920 [Test worker] ERROR c.s.p.service.EmployeeServiceImpl - Employee with id : 0 does not exist ! 
2459 [Test worker] INFO  c.s.p.service.CourseServiceTest - Starting CourseServiceTest using Java 17.0.7 with PID 6288 (started by ssama in C:\Users\ssama\Desktop\project\springproject)
2460 [Test worker] DEBUG c.s.p.service.CourseServiceTest - Running with Spring Boot v3.1.1, Spring v6.0.10
2461 [Test worker] INFO  c.s.p.service.CourseServiceTest - No active profile set, falling back to 1 default profile: "default"
10365 [Test worker] INFO  c.s.p.service.CourseServiceTest - Started CourseServiceTest in 8.61 seconds (process running for 12.113)
10539 [Test worker] ERROR c.s.p.service.CourseServiceImpl - Invalid coursename
2410 [Test worker] INFO  c.s.p.service.CourseServiceTest - Starting CourseServiceTest using Java 17.0.7 with PID 18152 (started by ssama in C:\Users\ssama\Desktop\project\springproject)
2411 [Test worker] DEBUG c.s.p.service.CourseServiceTest - Running with Spring Boot v3.1.1, Spring v6.0.10
2412 [Test worker] INFO  c.s.p.service.CourseServiceTest - No active profile set, falling back to 1 default profile: "default"
10363 [Test worker] INFO  c.s.p.service.CourseServiceTest - Started CourseServiceTest in 8.609 seconds (process running for 12.011)
10575 [Test worker] ERROR c.s.p.service.CourseServiceImpl - Invalid coursename
1747 [Test worker] INFO  c.s.p.c.AddressControllerTest - Starting AddressControllerTest using Java 17.0.7 with PID 14288 (started by ssama in C:\Users\ssama\Desktop\project\springproject)
1747 [Test worker] DEBUG c.s.p.c.AddressControllerTest - Running with Spring Boot v3.1.1, Spring v6.0.10
1748 [Test worker] INFO  c.s.p.c.AddressControllerTest - No active profile set, falling back to 1 default profile: "default"
10731 [Test worker] INFO  c.s.p.c.AddressControllerTest - Started AddressControllerTest in 9.503 seconds (process running for 12.616)
10860 [Test worker] INFO  c.s.p.interceptor.ApiInterceptor - preHandle method is invoked /api/address GET 1.689762521084E12
11068 [Test worker] INFO  c.s.p.interceptor.ApiInterceptor - postHandle method is invoked /api/address GET 1.689762521292E12
11072 [Test worker] INFO  c.s.p.interceptor.ApiInterceptor - after completion is invoked Time took is 0.208 seconds.
11118 [Test worker] INFO  c.s.p.interceptor.ApiInterceptor - preHandle method is invoked /api/address GET 1.689762521342E12
11136 [Test worker] INFO  c.s.p.interceptor.ApiInterceptor - after completion is invoked Time took is -0.05 seconds.
11247 [Test worker] INFO  c.s.p.c.CourseControllerTest - Starting CourseControllerTest using Java 17.0.7 with PID 14288 (started by ssama in C:\Users\ssama\Desktop\project\springproject)
11247 [Test worker] DEBUG c.s.p.c.CourseControllerTest - Running with Spring Boot v3.1.1, Spring v6.0.10
11248 [Test worker] INFO  c.s.p.c.CourseControllerTest - No active profile set, falling back to 1 default profile: "default"
12091 [Test worker] INFO  c.s.p.c.CourseControllerTest - Started CourseControllerTest in 0.869 seconds (process running for 13.975)
12101 [Test worker] INFO  c.s.p.interceptor.ApiInterceptor - preHandle method is invoked /api/courses GET 1.689762522325E12
12106 [Test worker] INFO  c.s.p.interceptor.ApiInterceptor - postHandle method is invoked /api/courses GET 1.68976252233E12
12107 [Test worker] INFO  c.s.p.interceptor.ApiInterceptor - after completion is invoked Time took is 0.005 seconds.
12129 [Test worker] INFO  c.s.p.interceptor.ApiInterceptor - preHandle method is invoked /api/courses/insertMany POST 1.689762522353E12
12224 [Test worker] INFO  c.s.p.interceptor.ApiInterceptor - postHandle method is invoked /api/courses/insertMany POST 1.689762522448E12
12224 [Test worker] INFO  c.s.p.interceptor.ApiInterceptor - after completion is invoked Time took is 0.095 seconds.
12229 [Test worker] INFO  c.s.p.interceptor.ApiInterceptor - preHandle method is invoked /api/courses POST 1.689762522453E12
12240 [Test worker] INFO  c.s.p.interceptor.ApiInterceptor - after completion is invoked Time took is -0.005 seconds.
12246 [Test worker] INFO  c.s.p.interceptor.ApiInterceptor - preHandle method is invoked /api/courses POST 1.68976252247E12
12253 [Test worker] INFO  c.s.p.interceptor.ApiInterceptor - postHandle method is invoked /api/courses POST 1.689762522477E12
12254 [Test worker] INFO  c.s.p.interceptor.ApiInterceptor - after completion is invoked Time took is 0.007 seconds.
12258 [Test worker] INFO  c.s.p.interceptor.ApiInterceptor - preHandle method is invoked /api/courses GET 1.689762522482E12
12260 [Test worker] INFO  c.s.p.interceptor.ApiInterceptor - after completion is invoked Time took is -0.005 seconds.
12267 [Test worker] INFO  c.s.p.interceptor.ApiInterceptor - preHandle method is invoked /api/courses/insertMany POST 1.689762522491E12
12269 [Test worker] INFO  c.s.p.interceptor.ApiInterceptor - after completion is invoked Time took is -0.014 seconds.
12303 [Test worker] INFO  c.s.p.c.EmployeeControllerTest - Starting EmployeeControllerTest using Java 17.0.7 with PID 14288 (started by ssama in C:\Users\ssama\Desktop\project\springproject)
12303 [Test worker] DEBUG c.s.p.c.EmployeeControllerTest - Running with Spring Boot v3.1.1, Spring v6.0.10
12303 [Test worker] INFO  c.s.p.c.EmployeeControllerTest - No active profile set, falling back to 1 default profile: "default"
12975 [Test worker] INFO  c.s.p.c.EmployeeControllerTest - Started EmployeeControllerTest in 0.695 seconds (process running for 14.86)
12981 [Test worker] INFO  c.s.p.interceptor.ApiInterceptor - preHandle method is invoked /api/employee/15 GET 1.689762523205E12
12997 [Test worker] INFO  c.s.p.interceptor.ApiInterceptor - preHandle method is invoked /api/employee/department GET 1.689762523221E12
13011 [Test worker] INFO  c.s.p.interceptor.ApiInterceptor - postHandle method is invoked /api/employee/department GET 1.689762523235E12
13011 [Test worker] INFO  c.s.p.interceptor.ApiInterceptor - after completion is invoked Time took is 0.014 seconds.
13019 [Test worker] INFO  c.s.p.interceptor.ApiInterceptor - preHandle method is invoked /api/employee/maxSalary GET 1.689762523243E12
13020 [Test worker] INFO  c.s.p.interceptor.ApiInterceptor - postHandle method is invoked /api/employee/maxSalary GET 1.689762523244E12
13021 [Test worker] INFO  c.s.p.interceptor.ApiInterceptor - after completion is invoked Time took is 0.001 seconds.
13040 [Test worker] INFO  c.s.p.interceptor.ApiInterceptor - preHandle method is invoked /api/employee/updateSalaryById PUT 1.689762523264E12
13046 [Test worker] INFO  c.s.p.interceptor.ApiInterceptor - postHandle method is invoked /api/employee/updateSalaryById PUT 1.68976252327E12
13047 [Test worker] INFO  c.s.p.interceptor.ApiInterceptor - after completion is invoked Time took is 0.006 seconds.
13052 [Test worker] INFO  c.s.p.interceptor.ApiInterceptor - preHandle method is invoked /api/employee/findAll GET 1.689762523276E12
13053 [Test worker] INFO  c.s.p.interceptor.ApiInterceptor - postHandle method is invoked /api/employee/findAll GET 1.689762523277E12
13054 [Test worker] INFO  c.s.p.interceptor.ApiInterceptor - after completion is invoked Time took is 0.001 seconds.
13060 [Test worker] INFO  c.s.p.interceptor.ApiInterceptor - preHandle method is invoked /api/employee/course GET 1.689762523284E12
13062 [Test worker] INFO  c.s.p.interceptor.ApiInterceptor - postHandle method is invoked /api/employee/course GET 1.689762523286E12
13062 [Test worker] INFO  c.s.p.interceptor.ApiInterceptor - after completion is invoked Time took is 0.002 seconds.
13070 [Test worker] INFO  c.s.p.interceptor.ApiInterceptor - preHandle method is invoked /api/employee POST 1.689762523294E12
13075 [Test worker] INFO  c.s.p.interceptor.ApiInterceptor - postHandle method is invoked /api/employee POST 1.689762523299E12
13076 [Test worker] INFO  c.s.p.interceptor.ApiInterceptor - after completion is invoked Time took is 0.005 seconds.
13082 [Test worker] INFO  c.s.p.interceptor.ApiInterceptor - preHandle method is invoked /api/employee GET 1.689762523306E12
13084 [Test worker] INFO  c.s.p.interceptor.ApiInterceptor - after completion is invoked Time took is -0.007 seconds.
13089 [Test worker] INFO  c.s.p.interceptor.ApiInterceptor - preHandle method is invoked /api/employee PUT 1.689762523313E12
13092 [Test worker] INFO  c.s.p.interceptor.ApiInterceptor - after completion is invoked Time took is -0.014 seconds.
13105 [Test worker] INFO  c.s.p.interceptor.ApiInterceptor - preHandle method is invoked /api/employee GET 1.689762523329E12
13130 [Test worker] INFO  c.s.p.interceptor.ApiInterceptor - after completion is invoked Time took is -0.03 seconds.
13135 [Test worker] INFO  c.s.p.interceptor.ApiInterceptor - preHandle method is invoked /api/employee/1 DELETE 1.689762523359E12
13137 [Test worker] INFO  c.s.p.interceptor.ApiInterceptor - postHandle method is invoked /api/employee/1 DELETE 1.689762523361E12
13137 [Test worker] INFO  c.s.p.interceptor.ApiInterceptor - after completion is invoked Time took is 0.002 seconds.
13144 [Test worker] INFO  c.s.p.interceptor.ApiInterceptor - preHandle method is invoked /api/employee/department/maxSalary GET 1.689762523368E12
13146 [Test worker] INFO  c.s.p.interceptor.ApiInterceptor - after completion is invoked Time took is -0.007 seconds.
13151 [Test worker] INFO  c.s.p.interceptor.ApiInterceptor - preHandle method is invoked /api/employee/maxSalary GET 1.689762523375E12
13153 [Test worker] INFO  c.s.p.interceptor.ApiInterceptor - after completion is invoked Time took is -0.014 seconds.
13158 [Test worker] INFO  c.s.p.interceptor.ApiInterceptor - preHandle method is invoked /api/employee PUT 1.689762523382E12
13159 [Test worker] INFO  c.s.p.interceptor.ApiInterceptor - postHandle method is invoked /api/employee PUT 1.689762523383E12
13160 [Test worker] INFO  c.s.p.interceptor.ApiInterceptor - after completion is invoked Time took is 0.001 seconds.
13164 [Test worker] INFO  c.s.p.interceptor.ApiInterceptor - preHandle method is invoked /api/employee/insertAll POST 1.689762523388E12
13169 [Test worker] INFO  c.s.p.interceptor.ApiInterceptor - postHandle method is invoked /api/employee/insertAll POST 1.689762523393E12
13170 [Test worker] INFO  c.s.p.interceptor.ApiInterceptor - after completion is invoked Time took is 0.005 seconds.
13175 [Test worker] INFO  c.s.p.interceptor.ApiInterceptor - preHandle method is invoked /api/employee/1 DELETE 1.689762523399E12
13177 [Test worker] INFO  c.s.p.interceptor.ApiInterceptor - after completion is invoked Time took is -0.006 seconds.
13181 [Test worker] INFO  c.s.p.interceptor.ApiInterceptor - preHandle method is invoked /api/employee/1 GET 1.689762523405E12
13184 [Test worker] INFO  c.s.p.interceptor.ApiInterceptor - postHandle method is invoked /api/employee/1 GET 1.689762523408E12
13186 [Test worker] INFO  c.s.p.interceptor.ApiInterceptor - after completion is invoked Time took is 0.003 seconds.
13190 [Test worker] INFO  c.s.p.interceptor.ApiInterceptor - preHandle method is invoked /api/employee/department GET 1.689762523414E12
13191 [Test worker] INFO  c.s.p.interceptor.ApiInterceptor - after completion is invoked Time took is -0.006 seconds.
13195 [Test worker] INFO  c.s.p.interceptor.ApiInterceptor - preHandle method is invoked /api/employee/0 GET 1.689762523419E12
13197 [Test worker] INFO  c.s.p.interceptor.ApiInterceptor - after completion is invoked Time took is -0.011 seconds.
13201 [Test worker] INFO  c.s.p.interceptor.ApiInterceptor - preHandle method is invoked /api/employee/findAll GET 1.689762523425E12
13203 [Test worker] INFO  c.s.p.interceptor.ApiInterceptor - after completion is invoked Time took is -0.017 seconds.
13207 [Test worker] INFO  c.s.p.interceptor.ApiInterceptor - preHandle method is invoked /api/employee/course GET 1.689762523431E12
13209 [Test worker] INFO  c.s.p.interceptor.ApiInterceptor - after completion is invoked Time took is -0.023 seconds.
13211 [Test worker] INFO  c.s.p.interceptor.ApiInterceptor - preHandle method is invoked /api/employee/updateSalaryById PUT 1.689762523435E12
13213 [Test worker] INFO  c.s.p.interceptor.ApiInterceptor - after completion is invoked Time took is -0.027 seconds.
13216 [Test worker] INFO  c.s.p.interceptor.ApiInterceptor - preHandle method is invoked /api/employee/department/maxSalary GET 1.68976252344E12
13217 [Test worker] INFO  c.s.p.interceptor.ApiInterceptor - postHandle method is invoked /api/employee/department/maxSalary GET 1.689762523441E12
13217 [Test worker] INFO  c.s.p.interceptor.ApiInterceptor - after completion is invoked Time took is 0.001 seconds.
13221 [Test worker] INFO  c.s.p.interceptor.ApiInterceptor - preHandle method is invoked /api/employee GET 1.689762523445E12
13222 [Test worker] INFO  c.s.p.interceptor.ApiInterceptor - postHandle method is invoked /api/employee GET 1.689762523446E12
13222 [Test worker] INFO  c.s.p.interceptor.ApiInterceptor - after completion is invoked Time took is 0.001 seconds.
13260 [Test worker] INFO  c.s.p.service.AddressServiceTest - Starting AddressServiceTest using Java 17.0.7 with PID 14288 (started by ssama in C:\Users\ssama\Desktop\project\springproject)
13262 [Test worker] DEBUG c.s.p.service.AddressServiceTest - Running with Spring Boot v3.1.1, Spring v6.0.10
13262 [Test worker] INFO  c.s.p.service.AddressServiceTest - No active profile set, falling back to 1 default profile: "default"
13942 [Test worker] INFO  c.s.p.service.AddressServiceTest - Started AddressServiceTest in 0.705 seconds (process running for 15.827)
14010 [Test worker] INFO  c.s.p.service.CourseServiceTest - Starting CourseServiceTest using Java 17.0.7 with PID 14288 (started by ssama in C:\Users\ssama\Desktop\project\springproject)
14010 [Test worker] DEBUG c.s.p.service.CourseServiceTest - Running with Spring Boot v3.1.1, Spring v6.0.10
14010 [Test worker] INFO  c.s.p.service.CourseServiceTest - No active profile set, falling back to 1 default profile: "default"
14625 [Test worker] INFO  c.s.p.service.CourseServiceTest - Started CourseServiceTest in 0.633 seconds (process running for 16.51)
14629 [Test worker] ERROR c.s.p.service.CourseServiceImpl - Invalid coursename
14681 [Test worker] INFO  c.s.p.service.EmployeeServiceTest - Starting EmployeeServiceTest using Java 17.0.7 with PID 14288 (started by ssama in C:\Users\ssama\Desktop\project\springproject)
14681 [Test worker] DEBUG c.s.p.service.EmployeeServiceTest - Running with Spring Boot v3.1.1, Spring v6.0.10
14681 [Test worker] INFO  c.s.p.service.EmployeeServiceTest - No active profile set, falling back to 1 default profile: "default"
15294 [Test worker] INFO  c.s.p.service.EmployeeServiceTest - Started EmployeeServiceTest in 0.63 seconds (process running for 17.178)
15324 [Test worker] INFO  c.s.p.service.EmployeeServiceImpl - Course already exists !
15324 [Test worker] INFO  c.s.p.service.EmployeeServiceImpl - Course already exists !
15345 [Test worker] INFO  c.s.p.service.EmployeeServiceImpl - Course already exists !
15346 [Test worker] INFO  c.s.p.service.EmployeeServiceImpl - Course already exists !
15361 [Test worker] ERROR c.s.p.service.EmployeeServiceImpl - Employee with id : 0 does not exist ! 
1656 [Test worker] INFO  c.s.p.c.EmployeeControllerTest - Starting EmployeeControllerTest using Java 17.0.7 with PID 30760 (started by ssama in C:\Users\ssama\Desktop\project\springproject)
1658 [Test worker] DEBUG c.s.p.c.EmployeeControllerTest - Running with Spring Boot v3.1.1, Spring v6.0.10
1660 [Test worker] INFO  c.s.p.c.EmployeeControllerTest - No active profile set, falling back to 1 default profile: "default"
8328 [Test worker] INFO  c.s.p.c.EmployeeControllerTest - Starting EmployeeControllerTest using Java 17.0.7 with PID 30760 (started by ssama in C:\Users\ssama\Desktop\project\springproject)
8329 [Test worker] DEBUG c.s.p.c.EmployeeControllerTest - Running with Spring Boot v3.1.1, Spring v6.0.10
8329 [Test worker] INFO  c.s.p.c.EmployeeControllerTest - No active profile set, falling back to 1 default profile: "default"
9855 [Test worker] INFO  c.s.p.c.EmployeeControllerTest - Started EmployeeControllerTest in 1.563 seconds (process running for 11.012)
9973 [Test worker] INFO  c.s.p.interceptor.ApiInterceptor - preHandle method is invoked /api/employee/department GET 1.689762567221E12
10146 [Test worker] INFO  c.s.p.interceptor.ApiInterceptor - postHandle method is invoked /api/employee/department GET 1.689762567394E12
10148 [Test worker] INFO  c.s.p.interceptor.ApiInterceptor - after completion is invoked Time took is 0.173 seconds.
10169 [Test worker] INFO  c.s.p.interceptor.ApiInterceptor - preHandle method is invoked /api/employee/maxSalary GET 1.689762567417E12
10171 [Test worker] INFO  c.s.p.interceptor.ApiInterceptor - postHandle method is invoked /api/employee/maxSalary GET 1.689762567419E12
10171 [Test worker] INFO  c.s.p.interceptor.ApiInterceptor - after completion is invoked Time took is 0.002 seconds.
10192 [Test worker] INFO  c.s.p.interceptor.ApiInterceptor - preHandle method is invoked /api/employee/updateSalaryById PUT 1.68976256744E12
10197 [Test worker] INFO  c.s.p.interceptor.ApiInterceptor - postHandle method is invoked /api/employee/updateSalaryById PUT 1.689762567445E12
10197 [Test worker] INFO  c.s.p.interceptor.ApiInterceptor - after completion is invoked Time took is 0.005 seconds.
10203 [Test worker] INFO  c.s.p.interceptor.ApiInterceptor - preHandle method is invoked /api/employee/findAll GET 1.689762567451E12
10204 [Test worker] INFO  c.s.p.interceptor.ApiInterceptor - postHandle method is invoked /api/employee/findAll GET 1.689762567452E12
10205 [Test worker] INFO  c.s.p.interceptor.ApiInterceptor - after completion is invoked Time took is 0.001 seconds.
10210 [Test worker] INFO  c.s.p.interceptor.ApiInterceptor - preHandle method is invoked /api/employee/course GET 1.689762567458E12
10212 [Test worker] INFO  c.s.p.interceptor.ApiInterceptor - postHandle method is invoked /api/employee/course GET 1.68976256746E12
10213 [Test worker] INFO  c.s.p.interceptor.ApiInterceptor - after completion is invoked Time took is 0.002 seconds.
10219 [Test worker] INFO  c.s.p.interceptor.ApiInterceptor - preHandle method is invoked /api/employee POST 1.689762567467E12
10274 [Test worker] INFO  c.s.p.interceptor.ApiInterceptor - postHandle method is invoked /api/employee POST 1.689762567522E12
10275 [Test worker] INFO  c.s.p.interceptor.ApiInterceptor - after completion is invoked Time took is 0.055 seconds.
10284 [Test worker] INFO  c.s.p.interceptor.ApiInterceptor - preHandle method is invoked /api/employee GET 1.689762567532E12
10302 [Test worker] INFO  c.s.p.interceptor.ApiInterceptor - after completion is invoked Time took is -0.01 seconds.
10365 [Test worker] INFO  c.s.p.interceptor.ApiInterceptor - preHandle method is invoked /api/employee PUT 1.689762567613E12
10368 [Test worker] INFO  c.s.p.interceptor.ApiInterceptor - after completion is invoked Time took is -0.091 seconds.
10378 [Test worker] INFO  c.s.p.interceptor.ApiInterceptor - preHandle method is invoked /api/employee GET 1.689762567626E12
10395 [Test worker] INFO  c.s.p.interceptor.ApiInterceptor - after completion is invoked Time took is -0.104 seconds.
10400 [Test worker] INFO  c.s.p.interceptor.ApiInterceptor - preHandle method is invoked /api/employee/1 DELETE 1.689762567648E12
10404 [Test worker] INFO  c.s.p.interceptor.ApiInterceptor - postHandle method is invoked /api/employee/1 DELETE 1.689762567652E12
10405 [Test worker] INFO  c.s.p.interceptor.ApiInterceptor - after completion is invoked Time took is 0.004 seconds.
10413 [Test worker] INFO  c.s.p.interceptor.ApiInterceptor - preHandle method is invoked /api/employee/department/maxSalary GET 1.689762567661E12
10416 [Test worker] INFO  c.s.p.interceptor.ApiInterceptor - after completion is invoked Time took is -0.009 seconds.
10424 [Test worker] INFO  c.s.p.interceptor.ApiInterceptor - preHandle method is invoked /api/employee/maxSalary GET 1.689762567672E12
10425 [Test worker] INFO  c.s.p.interceptor.ApiInterceptor - after completion is invoked Time took is -0.02 seconds.
10430 [Test worker] INFO  c.s.p.interceptor.ApiInterceptor - preHandle method is invoked /api/employee PUT 1.689762567678E12
10432 [Test worker] INFO  c.s.p.interceptor.ApiInterceptor - postHandle method is invoked /api/employee PUT 1.68976256768E12
10434 [Test worker] INFO  c.s.p.interceptor.ApiInterceptor - after completion is invoked Time took is 0.002 seconds.
10442 [Test worker] INFO  c.s.p.interceptor.ApiInterceptor - preHandle method is invoked /api/employee/insertAll POST 1.68976256769E12
10447 [Test worker] INFO  c.s.p.interceptor.ApiInterceptor - postHandle method is invoked /api/employee/insertAll POST 1.689762567695E12
10447 [Test worker] INFO  c.s.p.interceptor.ApiInterceptor - after completion is invoked Time took is 0.005 seconds.
10452 [Test worker] INFO  c.s.p.interceptor.ApiInterceptor - preHandle method is invoked /api/employee/1 DELETE 1.6897625677E12
10454 [Test worker] INFO  c.s.p.interceptor.ApiInterceptor - after completion is invoked Time took is -0.005 seconds.
10459 [Test worker] INFO  c.s.p.interceptor.ApiInterceptor - preHandle method is invoked /api/employee/1 GET 1.689762567707E12
10462 [Test worker] INFO  c.s.p.interceptor.ApiInterceptor - postHandle method is invoked /api/employee/1 GET 1.68976256771E12
10463 [Test worker] INFO  c.s.p.interceptor.ApiInterceptor - after completion is invoked Time took is 0.003 seconds.
10469 [Test worker] INFO  c.s.p.interceptor.ApiInterceptor - preHandle method is invoked /api/employee/department GET 1.689762567717E12
10471 [Test worker] INFO  c.s.p.interceptor.ApiInterceptor - after completion is invoked Time took is -0.007 seconds.
10475 [Test worker] INFO  c.s.p.interceptor.ApiInterceptor - preHandle method is invoked /api/employee/0 GET 1.689762567723E12
10476 [Test worker] INFO  c.s.p.interceptor.ApiInterceptor - after completion is invoked Time took is -0.013 seconds.
10481 [Test worker] INFO  c.s.p.interceptor.ApiInterceptor - preHandle method is invoked /api/employee/findAll GET 1.689762567729E12
10483 [Test worker] INFO  c.s.p.interceptor.ApiInterceptor - after completion is invoked Time took is -0.019 seconds.
10490 [Test worker] INFO  c.s.p.interceptor.ApiInterceptor - preHandle method is invoked /api/employee/course GET 1.689762567738E12
10491 [Test worker] INFO  c.s.p.interceptor.ApiInterceptor - after completion is invoked Time took is -0.028 seconds.
10499 [Test worker] INFO  c.s.p.interceptor.ApiInterceptor - preHandle method is invoked /api/employee/updateSalaryById PUT 1.689762567747E12
10501 [Test worker] INFO  c.s.p.interceptor.ApiInterceptor - after completion is invoked Time took is -0.037 seconds.
10506 [Test worker] INFO  c.s.p.interceptor.ApiInterceptor - preHandle method is invoked /api/employee/department/maxSalary GET 1.689762567754E12
10507 [Test worker] INFO  c.s.p.interceptor.ApiInterceptor - postHandle method is invoked /api/employee/department/maxSalary GET 1.689762567755E12
10507 [Test worker] INFO  c.s.p.interceptor.ApiInterceptor - after completion is invoked Time took is 0.001 seconds.
10510 [Test worker] INFO  c.s.p.interceptor.ApiInterceptor - preHandle method is invoked /api/employee GET 1.689762567758E12
10513 [Test worker] INFO  c.s.p.interceptor.ApiInterceptor - postHandle method is invoked /api/employee GET 1.689762567761E12
10513 [Test worker] INFO  c.s.p.interceptor.ApiInterceptor - after completion is invoked Time took is 0.003 seconds.
1865 [Test worker] INFO  c.s.p.c.EmployeeControllerTest - Starting EmployeeControllerTest using Java 17.0.7 with PID 18176 (started by ssama in C:\Users\ssama\Desktop\project\springproject)
1866 [Test worker] DEBUG c.s.p.c.EmployeeControllerTest - Running with Spring Boot v3.1.1, Spring v6.0.10
1868 [Test worker] INFO  c.s.p.c.EmployeeControllerTest - No active profile set, falling back to 1 default profile: "default"
12597 [Test worker] INFO  c.s.p.c.EmployeeControllerTest - Started EmployeeControllerTest in 11.276 seconds (process running for 14.639)
12758 [Test worker] INFO  c.s.p.interceptor.ApiInterceptor - preHandle method is invoked /api/employee/15 GET 1.689762592656E12
13145 [Test worker] INFO  c.s.p.interceptor.ApiInterceptor - preHandle method is invoked /api/employee/department GET 1.689762593043E12
13175 [Test worker] INFO  c.s.p.interceptor.ApiInterceptor - postHandle method is invoked /api/employee/department GET 1.689762593073E12
13175 [Test worker] INFO  c.s.p.interceptor.ApiInterceptor - after completion is invoked Time took is 0.03 seconds.
13182 [Test worker] INFO  c.s.p.interceptor.ApiInterceptor - preHandle method is invoked /api/employee/maxSalary GET 1.68976259308E12
13184 [Test worker] INFO  c.s.p.interceptor.ApiInterceptor - postHandle method is invoked /api/employee/maxSalary GET 1.689762593082E12
13185 [Test worker] INFO  c.s.p.interceptor.ApiInterceptor - after completion is invoked Time took is 0.002 seconds.
13216 [Test worker] INFO  c.s.p.interceptor.ApiInterceptor - preHandle method is invoked /api/employee/updateSalaryById PUT 1.689762593114E12
13222 [Test worker] INFO  c.s.p.interceptor.ApiInterceptor - postHandle method is invoked /api/employee/updateSalaryById PUT 1.68976259312E12
13223 [Test worker] INFO  c.s.p.interceptor.ApiInterceptor - after completion is invoked Time took is 0.006 seconds.
13232 [Test worker] INFO  c.s.p.interceptor.ApiInterceptor - preHandle method is invoked /api/employee/findAll GET 1.68976259313E12
13235 [Test worker] INFO  c.s.p.interceptor.ApiInterceptor - postHandle method is invoked /api/employee/findAll GET 1.689762593133E12
13235 [Test worker] INFO  c.s.p.interceptor.ApiInterceptor - after completion is invoked Time took is 0.003 seconds.
13242 [Test worker] INFO  c.s.p.interceptor.ApiInterceptor - preHandle method is invoked /api/employee/course GET 1.68976259314E12
13244 [Test worker] INFO  c.s.p.interceptor.ApiInterceptor - postHandle method is invoked /api/employee/course GET 1.689762593142E12
13246 [Test worker] INFO  c.s.p.interceptor.ApiInterceptor - after completion is invoked Time took is 0.002 seconds.
13255 [Test worker] INFO  c.s.p.interceptor.ApiInterceptor - preHandle method is invoked /api/employee POST 1.689762593153E12
13370 [Test worker] INFO  c.s.p.interceptor.ApiInterceptor - postHandle method is invoked /api/employee POST 1.689762593268E12
13371 [Test worker] INFO  c.s.p.interceptor.ApiInterceptor - after completion is invoked Time took is 0.115 seconds.
13380 [Test worker] INFO  c.s.p.interceptor.ApiInterceptor - preHandle method is invoked /api/employee GET 1.689762593278E12
13383 [Test worker] INFO  c.s.p.interceptor.ApiInterceptor - after completion is invoked Time took is -0.01 seconds.
13395 [Test worker] INFO  c.s.p.interceptor.ApiInterceptor - preHandle method is invoked /api/employee PUT 1.689762593293E12
13399 [Test worker] INFO  c.s.p.interceptor.ApiInterceptor - after completion is invoked Time took is -0.025 seconds.
13407 [Test worker] INFO  c.s.p.interceptor.ApiInterceptor - preHandle method is invoked /api/employee GET 1.689762593305E12
13444 [Test worker] INFO  c.s.p.interceptor.ApiInterceptor - after completion is invoked Time took is -0.037 seconds.
13451 [Test worker] INFO  c.s.p.interceptor.ApiInterceptor - preHandle method is invoked /api/employee/1 DELETE 1.689762593349E12
13455 [Test worker] INFO  c.s.p.interceptor.ApiInterceptor - postHandle method is invoked /api/employee/1 DELETE 1.689762593353E12
13455 [Test worker] INFO  c.s.p.interceptor.ApiInterceptor - after completion is invoked Time took is 0.004 seconds.
13463 [Test worker] INFO  c.s.p.interceptor.ApiInterceptor - preHandle method is invoked /api/employee/department/maxSalary GET 1.689762593361E12
13466 [Test worker] INFO  c.s.p.interceptor.ApiInterceptor - after completion is invoked Time took is -0.008 seconds.
13474 [Test worker] INFO  c.s.p.interceptor.ApiInterceptor - preHandle method is invoked /api/employee/maxSalary GET 1.689762593372E12
13476 [Test worker] INFO  c.s.p.interceptor.ApiInterceptor - after completion is invoked Time took is -0.019 seconds.
13484 [Test worker] INFO  c.s.p.interceptor.ApiInterceptor - preHandle method is invoked /api/employee PUT 1.689762593382E12
13488 [Test worker] INFO  c.s.p.interceptor.ApiInterceptor - postHandle method is invoked /api/employee PUT 1.689762593385E12
13488 [Test worker] INFO  c.s.p.interceptor.ApiInterceptor - after completion is invoked Time took is 0.003 seconds.
13495 [Test worker] INFO  c.s.p.interceptor.ApiInterceptor - preHandle method is invoked /api/employee/insertAll POST 1.689762593393E12
13503 [Test worker] INFO  c.s.p.interceptor.ApiInterceptor - postHandle method is invoked /api/employee/insertAll POST 1.689762593401E12
13505 [Test worker] INFO  c.s.p.interceptor.ApiInterceptor - after completion is invoked Time took is 0.008 seconds.
13514 [Test worker] INFO  c.s.p.interceptor.ApiInterceptor - preHandle method is invoked /api/employee/1 DELETE 1.689762593412E12
13518 [Test worker] INFO  c.s.p.interceptor.ApiInterceptor - after completion is invoked Time took is -0.011 seconds.
13527 [Test worker] INFO  c.s.p.interceptor.ApiInterceptor - preHandle method is invoked /api/employee/1 GET 1.689762593425E12
13532 [Test worker] INFO  c.s.p.interceptor.ApiInterceptor - postHandle method is invoked /api/employee/1 GET 1.68976259343E12
13533 [Test worker] INFO  c.s.p.interceptor.ApiInterceptor - after completion is invoked Time took is 0.005 seconds.
13541 [Test worker] INFO  c.s.p.interceptor.ApiInterceptor - preHandle method is invoked /api/employee/department GET 1.689762593439E12
13543 [Test worker] INFO  c.s.p.interceptor.ApiInterceptor - after completion is invoked Time took is -0.009 seconds.
13549 [Test worker] INFO  c.s.p.interceptor.ApiInterceptor - preHandle method is invoked /api/employee/0 GET 1.689762593447E12
13552 [Test worker] INFO  c.s.p.interceptor.ApiInterceptor - after completion is invoked Time took is -0.017 seconds.
13559 [Test worker] INFO  c.s.p.interceptor.ApiInterceptor - preHandle method is invoked /api/employee/findAll GET 1.689762593457E12
13561 [Test worker] INFO  c.s.p.interceptor.ApiInterceptor - after completion is invoked Time took is -0.027 seconds.
13568 [Test worker] INFO  c.s.p.interceptor.ApiInterceptor - preHandle method is invoked /api/employee/course GET 1.689762593466E12
13570 [Test worker] INFO  c.s.p.interceptor.ApiInterceptor - after completion is invoked Time took is -0.036 seconds.
13577 [Test worker] INFO  c.s.p.interceptor.ApiInterceptor - preHandle method is invoked /api/employee/updateSalaryById PUT 1.689762593475E12
13581 [Test worker] INFO  c.s.p.interceptor.ApiInterceptor - after completion is invoked Time took is -0.045 seconds.
13586 [Test worker] INFO  c.s.p.interceptor.ApiInterceptor - preHandle method is invoked /api/employee/department/maxSalary GET 1.689762593484E12
13588 [Test worker] INFO  c.s.p.interceptor.ApiInterceptor - postHandle method is invoked /api/employee/department/maxSalary GET 1.689762593486E12
13589 [Test worker] INFO  c.s.p.interceptor.ApiInterceptor - after completion is invoked Time took is 0.002 seconds.
13594 [Test worker] INFO  c.s.p.interceptor.ApiInterceptor - preHandle method is invoked /api/employee GET 1.689762593492E12
13597 [Test worker] INFO  c.s.p.interceptor.ApiInterceptor - postHandle method is invoked /api/employee GET 1.689762593495E12
13597 [Test worker] INFO  c.s.p.interceptor.ApiInterceptor - after completion is invoked Time took is 0.003 seconds.
13652 [Test worker] INFO  c.s.p.c.AddressControllerTest - Starting AddressControllerTest using Java 17.0.7 with PID 18176 (started by ssama in C:\Users\ssama\Desktop\project\springproject)
13653 [Test worker] DEBUG c.s.p.c.AddressControllerTest - Running with Spring Boot v3.1.1, Spring v6.0.10
13653 [Test worker] INFO  c.s.p.c.AddressControllerTest - No active profile set, falling back to 1 default profile: "default"
14609 [Test worker] INFO  c.s.p.c.AddressControllerTest - Started AddressControllerTest in 0.992 seconds (process running for 16.651)
14617 [Test worker] INFO  c.s.p.interceptor.ApiInterceptor - preHandle method is invoked /api/address GET 1.689762594515E12
14621 [Test worker] INFO  c.s.p.interceptor.ApiInterceptor - postHandle method is invoked /api/address GET 1.689762594519E12
14622 [Test worker] INFO  c.s.p.interceptor.ApiInterceptor - after completion is invoked Time took is 0.004 seconds.
14630 [Test worker] INFO  c.s.p.interceptor.ApiInterceptor - preHandle method is invoked /api/address GET 1.689762594528E12
14637 [Test worker] INFO  c.s.p.interceptor.ApiInterceptor - after completion is invoked Time took is -0.009 seconds.
14683 [Test worker] INFO  c.s.p.c.CourseControllerTest - Starting CourseControllerTest using Java 17.0.7 with PID 18176 (started by ssama in C:\Users\ssama\Desktop\project\springproject)
14683 [Test worker] DEBUG c.s.p.c.CourseControllerTest - Running with Spring Boot v3.1.1, Spring v6.0.10
14684 [Test worker] INFO  c.s.p.c.CourseControllerTest - No active profile set, falling back to 1 default profile: "default"
15549 [Test worker] INFO  c.s.p.c.CourseControllerTest - Started CourseControllerTest in 0.897 seconds (process running for 17.59)
15557 [Test worker] INFO  c.s.p.interceptor.ApiInterceptor - preHandle method is invoked /api/courses GET 1.689762595455E12
15563 [Test worker] INFO  c.s.p.interceptor.ApiInterceptor - postHandle method is invoked /api/courses GET 1.689762595461E12
15564 [Test worker] INFO  c.s.p.interceptor.ApiInterceptor - after completion is invoked Time took is 0.006 seconds.
15572 [Test worker] INFO  c.s.p.interceptor.ApiInterceptor - preHandle method is invoked /api/courses/insertMany POST 1.68976259547E12
15577 [Test worker] INFO  c.s.p.interceptor.ApiInterceptor - postHandle method is invoked /api/courses/insertMany POST 1.689762595475E12
15579 [Test worker] INFO  c.s.p.interceptor.ApiInterceptor - after completion is invoked Time took is 0.005 seconds.
15585 [Test worker] INFO  c.s.p.interceptor.ApiInterceptor - preHandle method is invoked /api/courses POST 1.689762595483E12
15592 [Test worker] INFO  c.s.p.interceptor.ApiInterceptor - after completion is invoked Time took is -0.008 seconds.
15598 [Test worker] INFO  c.s.p.interceptor.ApiInterceptor - preHandle method is invoked /api/courses POST 1.689762595496E12
15601 [Test worker] INFO  c.s.p.interceptor.ApiInterceptor - postHandle method is invoked /api/courses POST 1.689762595499E12
15601 [Test worker] INFO  c.s.p.interceptor.ApiInterceptor - after completion is invoked Time took is 0.003 seconds.
15608 [Test worker] INFO  c.s.p.interceptor.ApiInterceptor - preHandle method is invoked /api/courses GET 1.689762595506E12
15610 [Test worker] INFO  c.s.p.interceptor.ApiInterceptor - after completion is invoked Time took is -0.007 seconds.
15624 [Test worker] INFO  c.s.p.interceptor.ApiInterceptor - preHandle method is invoked /api/courses/insertMany POST 1.689762595522E12
15627 [Test worker] INFO  c.s.p.interceptor.ApiInterceptor - after completion is invoked Time took is -0.023 seconds.
15672 [Test worker] INFO  c.s.p.service.AddressServiceTest - Starting AddressServiceTest using Java 17.0.7 with PID 18176 (started by ssama in C:\Users\ssama\Desktop\project\springproject)
15672 [Test worker] DEBUG c.s.p.service.AddressServiceTest - Running with Spring Boot v3.1.1, Spring v6.0.10
15672 [Test worker] INFO  c.s.p.service.AddressServiceTest - No active profile set, falling back to 1 default profile: "default"
16509 [Test worker] INFO  c.s.p.service.AddressServiceTest - Started AddressServiceTest in 0.863 seconds (process running for 18.551)
16603 [Test worker] INFO  c.s.p.service.CourseServiceTest - Starting CourseServiceTest using Java 17.0.7 with PID 18176 (started by ssama in C:\Users\ssama\Desktop\project\springproject)
16603 [Test worker] DEBUG c.s.p.service.CourseServiceTest - Running with Spring Boot v3.1.1, Spring v6.0.10
16603 [Test worker] INFO  c.s.p.service.CourseServiceTest - No active profile set, falling back to 1 default profile: "default"
17337 [Test worker] INFO  c.s.p.service.CourseServiceTest - Started CourseServiceTest in 0.762 seconds (process running for 19.379)
17341 [Test worker] ERROR c.s.p.service.CourseServiceImpl - Invalid coursename
17399 [Test worker] INFO  c.s.p.service.EmployeeServiceTest - Starting EmployeeServiceTest using Java 17.0.7 with PID 18176 (started by ssama in C:\Users\ssama\Desktop\project\springproject)
17399 [Test worker] DEBUG c.s.p.service.EmployeeServiceTest - Running with Spring Boot v3.1.1, Spring v6.0.10
17399 [Test worker] INFO  c.s.p.service.EmployeeServiceTest - No active profile set, falling back to 1 default profile: "default"
18058 [Test worker] INFO  c.s.p.service.EmployeeServiceTest - Started EmployeeServiceTest in 0.678 seconds (process running for 20.1)
18098 [Test worker] INFO  c.s.p.service.EmployeeServiceImpl - Course already exists !
18099 [Test worker] INFO  c.s.p.service.EmployeeServiceImpl - Course already exists !
18126 [Test worker] INFO  c.s.p.service.EmployeeServiceImpl - Course already exists !
18126 [Test worker] INFO  c.s.p.service.EmployeeServiceImpl - Course already exists !
18143 [Test worker] ERROR c.s.p.service.EmployeeServiceImpl - Employee with id : 0 does not exist ! 
2782 [Test worker] INFO  c.s.p.c.AddressControllerTest - Starting AddressControllerTest using Java 17.0.7 with PID 28304 (started by ssama in C:\Users\ssama\Desktop\project\springproject)
2783 [Test worker] DEBUG c.s.p.c.AddressControllerTest - Running with Spring Boot v3.1.1, Spring v6.0.10
2785 [Test worker] INFO  c.s.p.c.AddressControllerTest - No active profile set, falling back to 1 default profile: "default"
13460 [Test worker] INFO  c.s.p.c.AddressControllerTest - Started AddressControllerTest in 11.641 seconds (process running for 15.836)
13598 [Test worker] INFO  c.s.p.interceptor.ApiInterceptor - preHandle method is invoked /api/address GET 1.689762891867E12
13795 [Test worker] INFO  c.s.p.interceptor.ApiInterceptor - postHandle method is invoked /api/address GET 1.689762892065E12
13799 [Test worker] INFO  c.s.p.interceptor.ApiInterceptor - after completion is invoked Time took is 0.198 seconds.
13844 [Test worker] INFO  c.s.p.interceptor.ApiInterceptor - preHandle method is invoked /api/address GET 1.689762892114E12
13869 [Test worker] INFO  c.s.p.interceptor.ApiInterceptor - after completion is invoked Time took is -0.049 seconds.
13986 [Test worker] INFO  c.s.p.c.CourseControllerTest - Starting CourseControllerTest using Java 17.0.7 with PID 28304 (started by ssama in C:\Users\ssama\Desktop\project\springproject)
13986 [Test worker] DEBUG c.s.p.c.CourseControllerTest - Running with Spring Boot v3.1.1, Spring v6.0.10
13986 [Test worker] INFO  c.s.p.c.CourseControllerTest - No active profile set, falling back to 1 default profile: "default"
14739 [Test worker] INFO  c.s.p.c.CourseControllerTest - Started CourseControllerTest in 0.777 seconds (process running for 17.114)
14747 [Test worker] INFO  c.s.p.interceptor.ApiInterceptor - preHandle method is invoked /api/courses GET 1.689762893017E12
14753 [Test worker] INFO  c.s.p.interceptor.ApiInterceptor - postHandle method is invoked /api/courses GET 1.689762893023E12
14753 [Test worker] INFO  c.s.p.interceptor.ApiInterceptor - after completion is invoked Time took is 0.006 seconds.
14761 [Test worker] INFO  c.s.p.interceptor.ApiInterceptor - preHandle method is invoked /api/courses/insertMany POST 1.689762893031E12
14844 [Test worker] INFO  c.s.p.interceptor.ApiInterceptor - postHandle method is invoked /api/courses/insertMany POST 1.689762893114E12
14845 [Test worker] INFO  c.s.p.interceptor.ApiInterceptor - after completion is invoked Time took is 0.083 seconds.
14850 [Test worker] INFO  c.s.p.interceptor.ApiInterceptor - preHandle method is invoked /api/courses POST 1.68976289312E12
14860 [Test worker] INFO  c.s.p.interceptor.ApiInterceptor - after completion is invoked Time took is -0.006 seconds.
14867 [Test worker] INFO  c.s.p.interceptor.ApiInterceptor - preHandle method is invoked /api/courses POST 1.689762893137E12
14872 [Test worker] INFO  c.s.p.interceptor.ApiInterceptor - postHandle method is invoked /api/courses POST 1.689762893142E12
14873 [Test worker] INFO  c.s.p.interceptor.ApiInterceptor - after completion is invoked Time took is 0.005 seconds.
14878 [Test worker] INFO  c.s.p.interceptor.ApiInterceptor - preHandle method is invoked /api/courses GET 1.689762893148E12
14879 [Test worker] INFO  c.s.p.interceptor.ApiInterceptor - after completion is invoked Time took is -0.006 seconds.
14888 [Test worker] INFO  c.s.p.interceptor.ApiInterceptor - preHandle method is invoked /api/courses/insertMany POST 1.689762893158E12
14890 [Test worker] INFO  c.s.p.interceptor.ApiInterceptor - after completion is invoked Time took is -0.016 seconds.
14926 [Test worker] INFO  c.s.p.c.EmployeeControllerTest - Starting EmployeeControllerTest using Java 17.0.7 with PID 28304 (started by ssama in C:\Users\ssama\Desktop\project\springproject)
14928 [Test worker] DEBUG c.s.p.c.EmployeeControllerTest - Running with Spring Boot v3.1.1, Spring v6.0.10
14928 [Test worker] INFO  c.s.p.c.EmployeeControllerTest - No active profile set, falling back to 1 default profile: "default"
15596 [Test worker] INFO  c.s.p.c.EmployeeControllerTest - Started EmployeeControllerTest in 0.692 seconds (process running for 17.972)
15603 [Test worker] INFO  c.s.p.interceptor.ApiInterceptor - preHandle method is invoked /api/employee/15 GET 1.689762893873E12
15616 [Test worker] INFO  c.s.p.interceptor.ApiInterceptor - preHandle method is invoked /api/employee/department GET 1.689762893886E12
15629 [Test worker] INFO  c.s.p.interceptor.ApiInterceptor - postHandle method is invoked /api/employee/department GET 1.689762893899E12
15629 [Test worker] INFO  c.s.p.interceptor.ApiInterceptor - after completion is invoked Time took is 0.013 seconds.
15635 [Test worker] INFO  c.s.p.interceptor.ApiInterceptor - preHandle method is invoked /api/employee/maxSalary GET 1.689762893905E12
15637 [Test worker] INFO  c.s.p.interceptor.ApiInterceptor - postHandle method is invoked /api/employee/maxSalary GET 1.689762893907E12
15637 [Test worker] INFO  c.s.p.interceptor.ApiInterceptor - after completion is invoked Time took is 0.002 seconds.
15659 [Test worker] INFO  c.s.p.interceptor.ApiInterceptor - preHandle method is invoked /api/employee/updateSalaryById PUT 1.689762893928E12
15662 [Test worker] INFO  c.s.p.interceptor.ApiInterceptor - postHandle method is invoked /api/employee/updateSalaryById PUT 1.689762893932E12
15663 [Test worker] INFO  c.s.p.interceptor.ApiInterceptor - after completion is invoked Time took is 0.004 seconds.
15670 [Test worker] INFO  c.s.p.interceptor.ApiInterceptor - preHandle method is invoked /api/employee/findAll GET 1.68976289394E12
15671 [Test worker] INFO  c.s.p.interceptor.ApiInterceptor - postHandle method is invoked /api/employee/findAll GET 1.689762893941E12
15671 [Test worker] INFO  c.s.p.interceptor.ApiInterceptor - after completion is invoked Time took is 0.001 seconds.
15676 [Test worker] INFO  c.s.p.interceptor.ApiInterceptor - preHandle method is invoked /api/employee/course GET 1.689762893946E12
15678 [Test worker] INFO  c.s.p.interceptor.ApiInterceptor - postHandle method is invoked /api/employee/course GET 1.689762893948E12
15679 [Test worker] INFO  c.s.p.interceptor.ApiInterceptor - after completion is invoked Time took is 0.002 seconds.
15686 [Test worker] INFO  c.s.p.interceptor.ApiInterceptor - preHandle method is invoked /api/employee POST 1.689762893956E12
15691 [Test worker] INFO  c.s.p.interceptor.ApiInterceptor - postHandle method is invoked /api/employee POST 1.689762893961E12
15691 [Test worker] INFO  c.s.p.interceptor.ApiInterceptor - after completion is invoked Time took is 0.005 seconds.
15697 [Test worker] INFO  c.s.p.interceptor.ApiInterceptor - preHandle method is invoked /api/employee GET 1.689762893967E12
15699 [Test worker] INFO  c.s.p.interceptor.ApiInterceptor - after completion is invoked Time took is -0.006 seconds.
15704 [Test worker] INFO  c.s.p.interceptor.ApiInterceptor - preHandle method is invoked /api/employee PUT 1.689762893974E12
15706 [Test worker] INFO  c.s.p.interceptor.ApiInterceptor - after completion is invoked Time took is -0.013 seconds.
15711 [Test worker] INFO  c.s.p.interceptor.ApiInterceptor - preHandle method is invoked /api/employee GET 1.689762893981E12
15734 [Test worker] INFO  c.s.p.interceptor.ApiInterceptor - after completion is invoked Time took is -0.02 seconds.
15739 [Test worker] INFO  c.s.p.interceptor.ApiInterceptor - preHandle method is invoked /api/employee/1 DELETE 1.689762894009E12
15743 [Test worker] INFO  c.s.p.interceptor.ApiInterceptor - postHandle method is invoked /api/employee/1 DELETE 1.689762894013E12
15743 [Test worker] INFO  c.s.p.interceptor.ApiInterceptor - after completion is invoked Time took is 0.004 seconds.
15747 [Test worker] INFO  c.s.p.interceptor.ApiInterceptor - preHandle method is invoked /api/employee/department/maxSalary GET 1.689762894017E12
15749 [Test worker] INFO  c.s.p.interceptor.ApiInterceptor - after completion is invoked Time took is -0.004 seconds.
15754 [Test worker] INFO  c.s.p.interceptor.ApiInterceptor - preHandle method is invoked /api/employee/maxSalary GET 1.689762894024E12
15756 [Test worker] INFO  c.s.p.interceptor.ApiInterceptor - after completion is invoked Time took is -0.011 seconds.
15760 [Test worker] INFO  c.s.p.interceptor.ApiInterceptor - preHandle method is invoked /api/employee PUT 1.68976289403E12
15761 [Test worker] INFO  c.s.p.interceptor.ApiInterceptor - postHandle method is invoked /api/employee PUT 1.689762894031E12
15762 [Test worker] INFO  c.s.p.interceptor.ApiInterceptor - after completion is invoked Time took is 0.001 seconds.
15767 [Test worker] INFO  c.s.p.interceptor.ApiInterceptor - preHandle method is invoked /api/employee/insertAll POST 1.689762894037E12
15773 [Test worker] INFO  c.s.p.interceptor.ApiInterceptor - postHandle method is invoked /api/employee/insertAll POST 1.689762894043E12
15774 [Test worker] INFO  c.s.p.interceptor.ApiInterceptor - after completion is invoked Time took is 0.006 seconds.
15780 [Test worker] INFO  c.s.p.interceptor.ApiInterceptor - preHandle method is invoked /api/employee/1 DELETE 1.68976289405E12
15783 [Test worker] INFO  c.s.p.interceptor.ApiInterceptor - after completion is invoked Time took is -0.007 seconds.
15787 [Test worker] INFO  c.s.p.interceptor.ApiInterceptor - preHandle method is invoked /api/employee/1 GET 1.689762894057E12
15790 [Test worker] INFO  c.s.p.interceptor.ApiInterceptor - postHandle method is invoked /api/employee/1 GET 1.68976289406E12
15792 [Test worker] INFO  c.s.p.interceptor.ApiInterceptor - after completion is invoked Time took is 0.003 seconds.
15796 [Test worker] INFO  c.s.p.interceptor.ApiInterceptor - preHandle method is invoked /api/employee/department GET 1.689762894066E12
15797 [Test worker] INFO  c.s.p.interceptor.ApiInterceptor - after completion is invoked Time took is -0.006 seconds.
15801 [Test worker] INFO  c.s.p.interceptor.ApiInterceptor - preHandle method is invoked /api/employee/0 GET 1.689762894071E12
15804 [Test worker] INFO  c.s.p.interceptor.ApiInterceptor - after completion is invoked Time took is -0.011 seconds.
15807 [Test worker] INFO  c.s.p.interceptor.ApiInterceptor - preHandle method is invoked /api/employee/findAll GET 1.689762894077E12
15808 [Test worker] INFO  c.s.p.interceptor.ApiInterceptor - after completion is invoked Time took is -0.017 seconds.
15812 [Test worker] INFO  c.s.p.interceptor.ApiInterceptor - preHandle method is invoked /api/employee/course GET 1.689762894082E12
15813 [Test worker] INFO  c.s.p.interceptor.ApiInterceptor - after completion is invoked Time took is -0.022 seconds.
15818 [Test worker] INFO  c.s.p.interceptor.ApiInterceptor - preHandle method is invoked /api/employee/updateSalaryById PUT 1.689762894088E12
15820 [Test worker] INFO  c.s.p.interceptor.ApiInterceptor - after completion is invoked Time took is -0.028 seconds.
15823 [Test worker] INFO  c.s.p.interceptor.ApiInterceptor - preHandle method is invoked /api/employee/department/maxSalary GET 1.689762894093E12
15824 [Test worker] INFO  c.s.p.interceptor.ApiInterceptor - postHandle method is invoked /api/employee/department/maxSalary GET 1.689762894094E12
15825 [Test worker] INFO  c.s.p.interceptor.ApiInterceptor - after completion is invoked Time took is 0.001 seconds.
15828 [Test worker] INFO  c.s.p.interceptor.ApiInterceptor - preHandle method is invoked /api/employee GET 1.689762894098E12
15830 [Test worker] INFO  c.s.p.interceptor.ApiInterceptor - postHandle method is invoked /api/employee GET 1.6897628941E12
15830 [Test worker] INFO  c.s.p.interceptor.ApiInterceptor - after completion is invoked Time took is 0.002 seconds.
15869 [Test worker] INFO  c.s.p.service.AddressServiceTest - Starting AddressServiceTest using Java 17.0.7 with PID 28304 (started by ssama in C:\Users\ssama\Desktop\project\springproject)
15870 [Test worker] DEBUG c.s.p.service.AddressServiceTest - Running with Spring Boot v3.1.1, Spring v6.0.10
15870 [Test worker] INFO  c.s.p.service.AddressServiceTest - No active profile set, falling back to 1 default profile: "default"
16563 [Test worker] INFO  c.s.p.service.AddressServiceTest - Started AddressServiceTest in 0.715 seconds (process running for 18.94)
16627 [Test worker] INFO  c.s.p.service.CourseServiceTest - Starting CourseServiceTest using Java 17.0.7 with PID 28304 (started by ssama in C:\Users\ssama\Desktop\project\springproject)
16627 [Test worker] DEBUG c.s.p.service.CourseServiceTest - Running with Spring Boot v3.1.1, Spring v6.0.10
16627 [Test worker] INFO  c.s.p.service.CourseServiceTest - No active profile set, falling back to 1 default profile: "default"
17209 [Test worker] INFO  c.s.p.service.CourseServiceTest - Started CourseServiceTest in 0.601 seconds (process running for 19.585)
17213 [Test worker] ERROR c.s.p.service.CourseServiceImpl - Invalid coursename
17263 [Test worker] INFO  c.s.p.service.EmployeeServiceTest - Starting EmployeeServiceTest using Java 17.0.7 with PID 28304 (started by ssama in C:\Users\ssama\Desktop\project\springproject)
17264 [Test worker] DEBUG c.s.p.service.EmployeeServiceTest - Running with Spring Boot v3.1.1, Spring v6.0.10
17264 [Test worker] INFO  c.s.p.service.EmployeeServiceTest - No active profile set, falling back to 1 default profile: "default"
17822 [Test worker] INFO  c.s.p.service.EmployeeServiceTest - Started EmployeeServiceTest in 0.576 seconds (process running for 20.198)
17854 [Test worker] INFO  c.s.p.service.EmployeeServiceImpl - Course already exists !
17854 [Test worker] INFO  c.s.p.service.EmployeeServiceImpl - Course already exists !
17878 [Test worker] INFO  c.s.p.service.EmployeeServiceImpl - Course already exists !
17879 [Test worker] INFO  c.s.p.service.EmployeeServiceImpl - Course already exists !
17897 [Test worker] ERROR c.s.p.service.EmployeeServiceImpl - Employee with id : 0  does not exist ! 
1286 [Test worker] INFO  c.s.p.service.EmployeeServiceTest - Starting EmployeeServiceTest using Java 17.0.7 with PID 18632 (started by ssama in C:\Users\ssama\Desktop\project\springproject)
1289 [Test worker] DEBUG c.s.p.service.EmployeeServiceTest - Running with Spring Boot v3.1.1, Spring v6.0.10
1290 [Test worker] INFO  c.s.p.service.EmployeeServiceTest - No active profile set, falling back to 1 default profile: "default"
8932 [Test worker] INFO  c.s.p.service.EmployeeServiceTest - Started EmployeeServiceTest in 8.078 seconds (process running for 10.209)
1216 [Test worker] INFO  c.s.p.service.EmployeeServiceTest - Starting EmployeeServiceTest using Java 17.0.7 with PID 25584 (started by ssama in C:\Users\ssama\Desktop\project\springproject)
1218 [Test worker] DEBUG c.s.p.service.EmployeeServiceTest - Running with Spring Boot v3.1.1, Spring v6.0.10
1219 [Test worker] INFO  c.s.p.service.EmployeeServiceTest - No active profile set, falling back to 1 default profile: "default"
8865 [Test worker] INFO  c.s.p.service.EmployeeServiceTest - Started EmployeeServiceTest in 8.032 seconds (process running for 10.123)
1204 [Test worker] INFO  c.s.p.service.EmployeeServiceTest - Starting EmployeeServiceTest using Java 17.0.7 with PID 29452 (started by ssama in C:\Users\ssama\Desktop\project\springproject)
1206 [Test worker] DEBUG c.s.p.service.EmployeeServiceTest - Running with Spring Boot v3.1.1, Spring v6.0.10
1207 [Test worker] INFO  c.s.p.service.EmployeeServiceTest - No active profile set, falling back to 1 default profile: "default"
8826 [Test worker] INFO  c.s.p.service.EmployeeServiceTest - Started EmployeeServiceTest in 7.994 seconds (process running for 9.92)
494  [restartedMain] INFO  c.sujith.project.ProjectApplication - Starting ProjectApplication using Java 17.0.7 with PID 17704 (C:\Users\ssama\Desktop\project\springproject\build\classes\java\main started by ssama in C:\Users\ssama\Desktop\project\springproject)
494  [restartedMain] DEBUG c.sujith.project.ProjectApplication - Running with Spring Boot v3.1.1, Spring v6.0.10
495  [restartedMain] INFO  c.sujith.project.ProjectApplication - No active profile set, falling back to 1 default profile: "default"
3817 [restartedMain] INFO  c.sujith.project.ProjectApplication - Started ProjectApplication in 3.575 seconds (process running for 4.152)
11547 [http-nio-8080-exec-2] INFO  c.s.p.interceptor.ApiInterceptor - preHandle method is invoked /api/employee/insertAll POST 1.689763189298E12
47616 [http-nio-8080-exec-5] INFO  c.s.p.interceptor.ApiInterceptor - preHandle method is invoked /api/courses/insertMany POST 1.689763225367E12
47619 [http-nio-8080-exec-5] ERROR c.s.p.service.CourseServiceImpl - Invalid coursename
47881 [http-nio-8080-exec-5] INFO  c.s.p.interceptor.ApiInterceptor - postHandle method is invoked /api/courses/insertMany POST 1.689763225632E12
47882 [http-nio-8080-exec-5] INFO  c.s.p.interceptor.ApiInterceptor - after completion is invoked Time took is 0.265 seconds.
51932 [http-nio-8080-exec-3] INFO  c.s.p.interceptor.ApiInterceptor - preHandle method is invoked /api/courses POST 1.689763229683E12
51951 [http-nio-8080-exec-3] INFO  c.s.p.interceptor.ApiInterceptor - postHandle method is invoked /api/courses POST 1.689763229702E12
51951 [http-nio-8080-exec-3] INFO  c.s.p.interceptor.ApiInterceptor - after completion is invoked Time took is 0.019 seconds.
82818 [http-nio-8080-exec-6] INFO  c.s.p.interceptor.ApiInterceptor - preHandle method is invoked /api/courses POST 1.689763260569E12
82827 [http-nio-8080-exec-6] INFO  c.s.p.interceptor.ApiInterceptor - postHandle method is invoked /api/courses POST 1.689763260578E12
82828 [http-nio-8080-exec-6] INFO  c.s.p.interceptor.ApiInterceptor - after completion is invoked Time took is 0.009 seconds.
283867 [http-nio-8080-exec-9] INFO  c.s.p.interceptor.ApiInterceptor - preHandle method is invoked /api/courses POST 1.689763461618E12
283878 [http-nio-8080-exec-9] INFO  c.s.p.interceptor.ApiInterceptor - postHandle method is invoked /api/courses POST 1.689763461629E12
283878 [http-nio-8080-exec-9] INFO  c.s.p.interceptor.ApiInterceptor - after completion is invoked Time took is 0.011 seconds.
285986 [restartedMain] INFO  c.sujith.project.ProjectApplication - Starting ProjectApplication using Java 17.0.7 with PID 17704 (C:\Users\ssama\Desktop\project\springproject\build\classes\java\main started by ssama in C:\Users\ssama\Desktop\project\springproject)
285986 [restartedMain] DEBUG c.sujith.project.ProjectApplication - Running with Spring Boot v3.1.1, Spring v6.0.10
285986 [restartedMain] INFO  c.sujith.project.ProjectApplication - No active profile set, falling back to 1 default profile: "default"
312715 [restartedMain] INFO  c.sujith.project.ProjectApplication - Starting ProjectApplication using Java 17.0.7 with PID 17704 (C:\Users\ssama\Desktop\project\springproject\build\classes\java\main started by ssama in C:\Users\ssama\Desktop\project\springproject)
312715 [restartedMain] DEBUG c.sujith.project.ProjectApplication - Running with Spring Boot v3.1.1, Spring v6.0.10
312715 [restartedMain] INFO  c.sujith.project.ProjectApplication - No active profile set, falling back to 1 default profile: "default"
313304 [restartedMain] INFO  c.sujith.project.ProjectApplication - Started ProjectApplication in 0.61 seconds (process running for 313.641)
316957 [http-nio-8080-exec-2] INFO  c.s.p.interceptor.ApiInterceptor - preHandle method is invoked /api/courses POST 1.689763494708E12
316977 [http-nio-8080-exec-2] INFO  c.s.p.interceptor.ApiInterceptor - postHandle method is invoked /api/courses POST 1.689763494728E12
316979 [http-nio-8080-exec-2] INFO  c.s.p.interceptor.ApiInterceptor - after completion is invoked Time took is 0.02 seconds.
498  [restartedMain] INFO  c.sujith.project.ProjectApplication - Starting ProjectApplication using Java 17.0.7 with PID 27336 (C:\Users\ssama\Desktop\project\springproject\build\classes\java\main started by ssama in C:\Users\ssama\Desktop\project\springproject)
499  [restartedMain] DEBUG c.sujith.project.ProjectApplication - Running with Spring Boot v3.1.1, Spring v6.0.10
500  [restartedMain] INFO  c.sujith.project.ProjectApplication - No active profile set, falling back to 1 default profile: "default"
3800 [restartedMain] INFO  c.sujith.project.ProjectApplication - Started ProjectApplication in 3.563 seconds (process running for 4.108)
6127 [http-nio-8080-exec-2] INFO  c.s.p.interceptor.ApiInterceptor - preHandle method is invoked /api/courses POST 1.689763572784E12
11541 [http-nio-8080-exec-3] INFO  c.s.p.interceptor.ApiInterceptor - preHandle method is invoked /api/courses/insertMany POST 1.689763578198E12
11545 [http-nio-8080-exec-3] ERROR c.s.p.service.CourseServiceImpl - Invalid coursename
11604 [http-nio-8080-exec-3] INFO  c.s.p.interceptor.ApiInterceptor - postHandle method is invoked /api/courses/insertMany POST 1.689763578261E12
11605 [http-nio-8080-exec-3] INFO  c.s.p.interceptor.ApiInterceptor - after completion is invoked Time took is 0.063 seconds.
1981 [Test worker] INFO  c.s.p.c.AddressControllerTest - Starting AddressControllerTest using Java 17.0.7 with PID 8704 (started by ssama in C:\Users\ssama\Desktop\project\springproject)
1982 [Test worker] DEBUG c.s.p.c.AddressControllerTest - Running with Spring Boot v3.1.1, Spring v6.0.10
1984 [Test worker] INFO  c.s.p.c.AddressControllerTest - No active profile set, falling back to 1 default profile: "default"
11262 [Test worker] INFO  c.s.p.c.AddressControllerTest - Started AddressControllerTest in 9.875 seconds (process running for 13.246)
11389 [Test worker] INFO  c.s.p.interceptor.ApiInterceptor - preHandle method is invoked /api/address GET 1.689763603584E12
11588 [Test worker] INFO  c.s.p.interceptor.ApiInterceptor - postHandle method is invoked /api/address GET 1.689763603783E12
11591 [Test worker] INFO  c.s.p.interceptor.ApiInterceptor - after completion is invoked Time took is 0.199 seconds.
11635 [Test worker] INFO  c.s.p.interceptor.ApiInterceptor - preHandle method is invoked /api/address GET 1.68976360383E12
11659 [Test worker] INFO  c.s.p.interceptor.ApiInterceptor - after completion is invoked Time took is -0.047 seconds.
11801 [Test worker] INFO  c.s.p.c.CourseControllerTest - Starting CourseControllerTest using Java 17.0.7 with PID 8704 (started by ssama in C:\Users\ssama\Desktop\project\springproject)
11802 [Test worker] DEBUG c.s.p.c.CourseControllerTest - Running with Spring Boot v3.1.1, Spring v6.0.10
11802 [Test worker] INFO  c.s.p.c.CourseControllerTest - No active profile set, falling back to 1 default profile: "default"
12632 [Test worker] INFO  c.s.p.c.CourseControllerTest - Started CourseControllerTest in 0.86 seconds (process running for 14.617)
12639 [Test worker] INFO  c.s.p.interceptor.ApiInterceptor - preHandle method is invoked /api/courses GET 1.689763604834E12
12644 [Test worker] INFO  c.s.p.interceptor.ApiInterceptor - postHandle method is invoked /api/courses GET 1.689763604839E12
12644 [Test worker] INFO  c.s.p.interceptor.ApiInterceptor - after completion is invoked Time took is 0.005 seconds.
12652 [Test worker] INFO  c.s.p.interceptor.ApiInterceptor - preHandle method is invoked /api/courses/insertMany POST 1.689763604847E12
12735 [Test worker] INFO  c.s.p.interceptor.ApiInterceptor - postHandle method is invoked /api/courses/insertMany POST 1.68976360493E12
12736 [Test worker] INFO  c.s.p.interceptor.ApiInterceptor - after completion is invoked Time took is 0.083 seconds.
12743 [Test worker] INFO  c.s.p.interceptor.ApiInterceptor - preHandle method is invoked /api/courses POST 1.689763604938E12
12752 [Test worker] INFO  c.s.p.interceptor.ApiInterceptor - after completion is invoked Time took is -0.008 seconds.
12760 [Test worker] INFO  c.s.p.interceptor.ApiInterceptor - preHandle method is invoked /api/courses POST 1.689763604955E12
12765 [Test worker] INFO  c.s.p.interceptor.ApiInterceptor - postHandle method is invoked /api/courses POST 1.68976360496E12
12766 [Test worker] INFO  c.s.p.interceptor.ApiInterceptor - after completion is invoked Time took is 0.005 seconds.
12774 [Test worker] INFO  c.s.p.interceptor.ApiInterceptor - preHandle method is invoked /api/courses GET 1.689763604969E12
12776 [Test worker] INFO  c.s.p.interceptor.ApiInterceptor - after completion is invoked Time took is -0.009 seconds.
12786 [Test worker] INFO  c.s.p.interceptor.ApiInterceptor - preHandle method is invoked /api/courses/insertMany POST 1.689763604981E12
12789 [Test worker] INFO  c.s.p.interceptor.ApiInterceptor - after completion is invoked Time took is -0.021 seconds.
12824 [Test worker] INFO  c.s.p.c.EmployeeControllerTest - Starting EmployeeControllerTest using Java 17.0.7 with PID 8704 (started by ssama in C:\Users\ssama\Desktop\project\springproject)
12824 [Test worker] DEBUG c.s.p.c.EmployeeControllerTest - Running with Spring Boot v3.1.1, Spring v6.0.10
12824 [Test worker] INFO  c.s.p.c.EmployeeControllerTest - No active profile set, falling back to 1 default profile: "default"
13510 [Test worker] INFO  c.s.p.c.EmployeeControllerTest - Started EmployeeControllerTest in 0.71 seconds (process running for 15.495)
13517 [Test worker] INFO  c.s.p.interceptor.ApiInterceptor - preHandle method is invoked /api/employee/15 GET 1.689763605712E12
13532 [Test worker] INFO  c.s.p.interceptor.ApiInterceptor - preHandle method is invoked /api/employee/department GET 1.689763605727E12
13547 [Test worker] INFO  c.s.p.interceptor.ApiInterceptor - postHandle method is invoked /api/employee/department GET 1.689763605742E12
13547 [Test worker] INFO  c.s.p.interceptor.ApiInterceptor - after completion is invoked Time took is 0.015 seconds.
13553 [Test worker] INFO  c.s.p.interceptor.ApiInterceptor - preHandle method is invoked /api/employee/maxSalary GET 1.689763605748E12
13555 [Test worker] INFO  c.s.p.interceptor.ApiInterceptor - postHandle method is invoked /api/employee/maxSalary GET 1.68976360575E12
13555 [Test worker] INFO  c.s.p.interceptor.ApiInterceptor - after completion is invoked Time took is 0.002 seconds.
13573 [Test worker] INFO  c.s.p.interceptor.ApiInterceptor - preHandle method is invoked /api/employee/updateSalaryById PUT 1.689763605768E12
13577 [Test worker] INFO  c.s.p.interceptor.ApiInterceptor - postHandle method is invoked /api/employee/updateSalaryById PUT 1.689763605772E12
13577 [Test worker] INFO  c.s.p.interceptor.ApiInterceptor - after completion is invoked Time took is 0.004 seconds.
13585 [Test worker] INFO  c.s.p.interceptor.ApiInterceptor - preHandle method is invoked /api/employee/findAll GET 1.68976360578E12
13587 [Test worker] INFO  c.s.p.interceptor.ApiInterceptor - postHandle method is invoked /api/employee/findAll GET 1.689763605782E12
13587 [Test worker] INFO  c.s.p.interceptor.ApiInterceptor - after completion is invoked Time took is 0.002 seconds.
13593 [Test worker] INFO  c.s.p.interceptor.ApiInterceptor - preHandle method is invoked /api/employee/course GET 1.689763605788E12
13594 [Test worker] INFO  c.s.p.interceptor.ApiInterceptor - postHandle method is invoked /api/employee/course GET 1.689763605789E12
13595 [Test worker] INFO  c.s.p.interceptor.ApiInterceptor - after completion is invoked Time took is 0.001 seconds.
13605 [Test worker] INFO  c.s.p.interceptor.ApiInterceptor - preHandle method is invoked /api/employee POST 1.6897636058E12
13610 [Test worker] INFO  c.s.p.interceptor.ApiInterceptor - postHandle method is invoked /api/employee POST 1.689763605805E12
13611 [Test worker] INFO  c.s.p.interceptor.ApiInterceptor - after completion is invoked Time took is 0.005 seconds.
13616 [Test worker] INFO  c.s.p.interceptor.ApiInterceptor - preHandle method is invoked /api/employee GET 1.689763605811E12
13619 [Test worker] INFO  c.s.p.interceptor.ApiInterceptor - after completion is invoked Time took is -0.006 seconds.
13623 [Test worker] INFO  c.s.p.interceptor.ApiInterceptor - preHandle method is invoked /api/employee PUT 1.689763605818E12
13625 [Test worker] INFO  c.s.p.interceptor.ApiInterceptor - after completion is invoked Time took is -0.013 seconds.
13630 [Test worker] INFO  c.s.p.interceptor.ApiInterceptor - preHandle method is invoked /api/employee GET 1.689763605825E12
13652 [Test worker] INFO  c.s.p.interceptor.ApiInterceptor - after completion is invoked Time took is -0.02 seconds.
13657 [Test worker] INFO  c.s.p.interceptor.ApiInterceptor - preHandle method is invoked /api/employee/1 DELETE 1.689763605852E12
13659 [Test worker] INFO  c.s.p.interceptor.ApiInterceptor - postHandle method is invoked /api/employee/1 DELETE 1.689763605854E12
13660 [Test worker] INFO  c.s.p.interceptor.ApiInterceptor - after completion is invoked Time took is 0.002 seconds.
13666 [Test worker] INFO  c.s.p.interceptor.ApiInterceptor - preHandle method is invoked /api/employee/department/maxSalary GET 1.689763605861E12
13668 [Test worker] INFO  c.s.p.interceptor.ApiInterceptor - after completion is invoked Time took is -0.007 seconds.
13672 [Test worker] INFO  c.s.p.interceptor.ApiInterceptor - preHandle method is invoked /api/employee/maxSalary GET 1.689763605867E12
13674 [Test worker] INFO  c.s.p.interceptor.ApiInterceptor - after completion is invoked Time took is -0.013 seconds.
13680 [Test worker] INFO  c.s.p.interceptor.ApiInterceptor - preHandle method is invoked /api/employee PUT 1.689763605875E12
13683 [Test worker] INFO  c.s.p.interceptor.ApiInterceptor - postHandle method is invoked /api/employee PUT 1.689763605878E12
13683 [Test worker] INFO  c.s.p.interceptor.ApiInterceptor - after completion is invoked Time took is 0.003 seconds.
13687 [Test worker] INFO  c.s.p.interceptor.ApiInterceptor - preHandle method is invoked /api/employee/insertAll POST 1.689763605882E12
13692 [Test worker] INFO  c.s.p.interceptor.ApiInterceptor - postHandle method is invoked /api/employee/insertAll POST 1.689763605887E12
13692 [Test worker] INFO  c.s.p.interceptor.ApiInterceptor - after completion is invoked Time took is 0.005 seconds.
13697 [Test worker] INFO  c.s.p.interceptor.ApiInterceptor - preHandle method is invoked /api/employee/1 DELETE 1.689763605892E12
13702 [Test worker] INFO  c.s.p.interceptor.ApiInterceptor - after completion is invoked Time took is -0.005 seconds.
13706 [Test worker] INFO  c.s.p.interceptor.ApiInterceptor - preHandle method is invoked /api/employee/1 GET 1.689763605901E12
13710 [Test worker] INFO  c.s.p.interceptor.ApiInterceptor - postHandle method is invoked /api/employee/1 GET 1.689763605905E12
13710 [Test worker] INFO  c.s.p.interceptor.ApiInterceptor - after completion is invoked Time took is 0.004 seconds.
13714 [Test worker] INFO  c.s.p.interceptor.ApiInterceptor - preHandle method is invoked /api/employee/department GET 1.689763605909E12
13716 [Test worker] INFO  c.s.p.interceptor.ApiInterceptor - after completion is invoked Time took is -0.004 seconds.
13719 [Test worker] INFO  c.s.p.interceptor.ApiInterceptor - preHandle method is invoked /api/employee/0 GET 1.689763605914E12
13721 [Test worker] INFO  c.s.p.interceptor.ApiInterceptor - after completion is invoked Time took is -0.009 seconds.
13725 [Test worker] INFO  c.s.p.interceptor.ApiInterceptor - preHandle method is invoked /api/employee/findAll GET 1.68976360592E12
13726 [Test worker] INFO  c.s.p.interceptor.ApiInterceptor - after completion is invoked Time took is -0.015 seconds.
13730 [Test worker] INFO  c.s.p.interceptor.ApiInterceptor - preHandle method is invoked /api/employee/course GET 1.689763605925E12
13732 [Test worker] INFO  c.s.p.interceptor.ApiInterceptor - after completion is invoked Time took is -0.02 seconds.
13737 [Test worker] INFO  c.s.p.interceptor.ApiInterceptor - preHandle method is invoked /api/employee/updateSalaryById PUT 1.689763605932E12
13738 [Test worker] INFO  c.s.p.interceptor.ApiInterceptor - after completion is invoked Time took is -0.027 seconds.
13742 [Test worker] INFO  c.s.p.interceptor.ApiInterceptor - preHandle method is invoked /api/employee/department/maxSalary GET 1.689763605937E12
13743 [Test worker] INFO  c.s.p.interceptor.ApiInterceptor - postHandle method is invoked /api/employee/department/maxSalary GET 1.689763605938E12
13743 [Test worker] INFO  c.s.p.interceptor.ApiInterceptor - after completion is invoked Time took is 0.001 seconds.
13746 [Test worker] INFO  c.s.p.interceptor.ApiInterceptor - preHandle method is invoked /api/employee GET 1.689763605941E12
13747 [Test worker] INFO  c.s.p.interceptor.ApiInterceptor - postHandle method is invoked /api/employee GET 1.689763605942E12
13747 [Test worker] INFO  c.s.p.interceptor.ApiInterceptor - after completion is invoked Time took is 0.001 seconds.
13786 [Test worker] INFO  c.s.p.service.AddressServiceTest - Starting AddressServiceTest using Java 17.0.7 with PID 8704 (started by ssama in C:\Users\ssama\Desktop\project\springproject)
13787 [Test worker] DEBUG c.s.p.service.AddressServiceTest - Running with Spring Boot v3.1.1, Spring v6.0.10
13787 [Test worker] INFO  c.s.p.service.AddressServiceTest - No active profile set, falling back to 1 default profile: "default"
14454 [Test worker] INFO  c.s.p.service.AddressServiceTest - Started AddressServiceTest in 0.691 seconds (process running for 16.44)
14533 [Test worker] INFO  c.s.p.service.CourseServiceTest - Starting CourseServiceTest using Java 17.0.7 with PID 8704 (started by ssama in C:\Users\ssama\Desktop\project\springproject)
14535 [Test worker] DEBUG c.s.p.service.CourseServiceTest - Running with Spring Boot v3.1.1, Spring v6.0.10
14535 [Test worker] INFO  c.s.p.service.CourseServiceTest - No active profile set, falling back to 1 default profile: "default"
15168 [Test worker] INFO  c.s.p.service.CourseServiceTest - Started CourseServiceTest in 0.654 seconds (process running for 17.152)
15172 [Test worker] ERROR c.s.p.service.CourseServiceImpl - Invalid coursename
15228 [Test worker] INFO  c.s.p.service.EmployeeServiceTest - Starting EmployeeServiceTest using Java 17.0.7 with PID 8704 (started by ssama in C:\Users\ssama\Desktop\project\springproject)
15228 [Test worker] DEBUG c.s.p.service.EmployeeServiceTest - Running with Spring Boot v3.1.1, Spring v6.0.10
15228 [Test worker] INFO  c.s.p.service.EmployeeServiceTest - No active profile set, falling back to 1 default profile: "default"
15813 [Test worker] INFO  c.s.p.service.EmployeeServiceTest - Started EmployeeServiceTest in 0.605 seconds (process running for 17.798)
15843 [Test worker] INFO  c.s.p.service.EmployeeServiceImpl - Course already exists !
15844 [Test worker] INFO  c.s.p.service.EmployeeServiceImpl - Course already exists !
15868 [Test worker] INFO  c.s.p.service.EmployeeServiceImpl - Course already exists !
15868 [Test worker] INFO  c.s.p.service.EmployeeServiceImpl - Course already exists !
15885 [Test worker] ERROR c.s.p.service.EmployeeServiceImpl - Employee with id : 0  does not exist ! 
1937 [Test worker] INFO  c.s.p.c.AddressControllerTest - Starting AddressControllerTest using Java 17.0.7 with PID 23604 (started by ssama in C:\Users\ssama\Desktop\project\springproject)
1939 [Test worker] DEBUG c.s.p.c.AddressControllerTest - Running with Spring Boot v3.1.1, Spring v6.0.10
1940 [Test worker] INFO  c.s.p.c.AddressControllerTest - No active profile set, falling back to 1 default profile: "default"
13347 [Test worker] INFO  c.s.p.c.AddressControllerTest - Started AddressControllerTest in 12.028 seconds (process running for 15.334)
13529 [Test worker] INFO  c.s.p.interceptor.ApiInterceptor - preHandle method is invoked /api/address GET 1.689763634288E12
13771 [Test worker] INFO  c.s.p.interceptor.ApiInterceptor - postHandle method is invoked /api/address GET 1.68976363453E12
13776 [Test worker] INFO  c.s.p.interceptor.ApiInterceptor - after completion is invoked Time took is 0.242 seconds.
13820 [Test worker] INFO  c.s.p.interceptor.ApiInterceptor - preHandle method is invoked /api/address GET 1.689763634579E12
13846 [Test worker] INFO  c.s.p.interceptor.ApiInterceptor - after completion is invoked Time took is -0.049 seconds.
14028 [Test worker] INFO  c.s.p.c.CourseControllerTest - Starting CourseControllerTest using Java 17.0.7 with PID 23604 (started by ssama in C:\Users\ssama\Desktop\project\springproject)
14029 [Test worker] DEBUG c.s.p.c.CourseControllerTest - Running with Spring Boot v3.1.1, Spring v6.0.10
14029 [Test worker] INFO  c.s.p.c.CourseControllerTest - No active profile set, falling back to 1 default profile: "default"
15026 [Test worker] INFO  c.s.p.c.CourseControllerTest - Started CourseControllerTest in 1.033 seconds (process running for 17.014)
15040 [Test worker] INFO  c.s.p.interceptor.ApiInterceptor - preHandle method is invoked /api/courses GET 1.689763635799E12
15046 [Test worker] INFO  c.s.p.interceptor.ApiInterceptor - postHandle method is invoked /api/courses GET 1.689763635805E12
15057 [Test worker] INFO  c.s.p.interceptor.ApiInterceptor - after completion is invoked Time took is 0.006 seconds.
15073 [Test worker] INFO  c.s.p.interceptor.ApiInterceptor - preHandle method is invoked /api/courses/insertMany POST 1.689763635832E12
15171 [Test worker] INFO  c.s.p.interceptor.ApiInterceptor - postHandle method is invoked /api/courses/insertMany POST 1.68976363593E12
15172 [Test worker] INFO  c.s.p.interceptor.ApiInterceptor - after completion is invoked Time took is 0.098 seconds.
15178 [Test worker] INFO  c.s.p.interceptor.ApiInterceptor - preHandle method is invoked /api/courses POST 1.689763635937E12
15186 [Test worker] INFO  c.s.p.interceptor.ApiInterceptor - after completion is invoked Time took is -0.007 seconds.
15191 [Test worker] INFO  c.s.p.interceptor.ApiInterceptor - preHandle method is invoked /api/courses POST 1.68976363595E12
15198 [Test worker] INFO  c.s.p.interceptor.ApiInterceptor - postHandle method is invoked /api/courses POST 1.689763635957E12
15198 [Test worker] INFO  c.s.p.interceptor.ApiInterceptor - after completion is invoked Time took is 0.007 seconds.
15203 [Test worker] INFO  c.s.p.interceptor.ApiInterceptor - preHandle method is invoked /api/courses GET 1.689763635962E12
15205 [Test worker] INFO  c.s.p.interceptor.ApiInterceptor - after completion is invoked Time took is -0.005 seconds.
15215 [Test worker] INFO  c.s.p.interceptor.ApiInterceptor - preHandle method is invoked /api/courses/insertMany POST 1.689763635974E12
15218 [Test worker] INFO  c.s.p.interceptor.ApiInterceptor - after completion is invoked Time took is -0.017 seconds.
15253 [Test worker] INFO  c.s.p.c.EmployeeControllerTest - Starting EmployeeControllerTest using Java 17.0.7 with PID 23604 (started by ssama in C:\Users\ssama\Desktop\project\springproject)
15253 [Test worker] DEBUG c.s.p.c.EmployeeControllerTest - Running with Spring Boot v3.1.1, Spring v6.0.10
15254 [Test worker] INFO  c.s.p.c.EmployeeControllerTest - No active profile set, falling back to 1 default profile: "default"
16058 [Test worker] INFO  c.s.p.c.EmployeeControllerTest - Started EmployeeControllerTest in 0.829 seconds (process running for 18.046)
16067 [Test worker] INFO  c.s.p.interceptor.ApiInterceptor - preHandle method is invoked /api/employee/15 GET 1.689763636826E12
16093 [Test worker] INFO  c.s.p.interceptor.ApiInterceptor - preHandle method is invoked /api/employee/department GET 1.689763636852E12
16115 [Test worker] INFO  c.s.p.interceptor.ApiInterceptor - postHandle method is invoked /api/employee/department GET 1.689763636874E12
16116 [Test worker] INFO  c.s.p.interceptor.ApiInterceptor - after completion is invoked Time took is 0.022 seconds.
16125 [Test worker] INFO  c.s.p.interceptor.ApiInterceptor - preHandle method is invoked /api/employee/maxSalary GET 1.689763636884E12
16127 [Test worker] INFO  c.s.p.interceptor.ApiInterceptor - postHandle method is invoked /api/employee/maxSalary GET 1.689763636886E12
16128 [Test worker] INFO  c.s.p.interceptor.ApiInterceptor - after completion is invoked Time took is 0.002 seconds.
16152 [Test worker] INFO  c.s.p.interceptor.ApiInterceptor - preHandle method is invoked /api/employee/updateSalaryById PUT 1.689763636911E12
16156 [Test worker] INFO  c.s.p.interceptor.ApiInterceptor - postHandle method is invoked /api/employee/updateSalaryById PUT 1.689763636915E12
16156 [Test worker] INFO  c.s.p.interceptor.ApiInterceptor - after completion is invoked Time took is 0.004 seconds.
16164 [Test worker] INFO  c.s.p.interceptor.ApiInterceptor - preHandle method is invoked /api/employee/findAll GET 1.689763636923E12
16166 [Test worker] INFO  c.s.p.interceptor.ApiInterceptor - postHandle method is invoked /api/employee/findAll GET 1.689763636925E12
16167 [Test worker] INFO  c.s.p.interceptor.ApiInterceptor - after completion is invoked Time took is 0.002 seconds.
16173 [Test worker] INFO  c.s.p.interceptor.ApiInterceptor - preHandle method is invoked /api/employee/course GET 1.689763636932E12
16175 [Test worker] INFO  c.s.p.interceptor.ApiInterceptor - postHandle method is invoked /api/employee/course GET 1.689763636934E12
16175 [Test worker] INFO  c.s.p.interceptor.ApiInterceptor - after completion is invoked Time took is 0.002 seconds.
16183 [Test worker] INFO  c.s.p.interceptor.ApiInterceptor - preHandle method is invoked /api/employee POST 1.689763636942E12
16189 [Test worker] INFO  c.s.p.interceptor.ApiInterceptor - postHandle method is invoked /api/employee POST 1.689763636948E12
16190 [Test worker] INFO  c.s.p.interceptor.ApiInterceptor - after completion is invoked Time took is 0.006 seconds.
16195 [Test worker] INFO  c.s.p.interceptor.ApiInterceptor - preHandle method is invoked /api/employee GET 1.689763636954E12
16199 [Test worker] INFO  c.s.p.interceptor.ApiInterceptor - after completion is invoked Time took is -0.006 seconds.
16204 [Test worker] INFO  c.s.p.interceptor.ApiInterceptor - preHandle method is invoked /api/employee PUT 1.689763636963E12
16207 [Test worker] INFO  c.s.p.interceptor.ApiInterceptor - after completion is invoked Time took is -0.015 seconds.
16215 [Test worker] INFO  c.s.p.interceptor.ApiInterceptor - preHandle method is invoked /api/employee GET 1.689763636974E12
16246 [Test worker] INFO  c.s.p.interceptor.ApiInterceptor - after completion is invoked Time took is -0.026 seconds.
16254 [Test worker] INFO  c.s.p.interceptor.ApiInterceptor - preHandle method is invoked /api/employee/1 DELETE 1.689763637013E12
16256 [Test worker] INFO  c.s.p.interceptor.ApiInterceptor - postHandle method is invoked /api/employee/1 DELETE 1.689763637015E12
16257 [Test worker] INFO  c.s.p.interceptor.ApiInterceptor - after completion is invoked Time took is 0.002 seconds.
16265 [Test worker] INFO  c.s.p.interceptor.ApiInterceptor - preHandle method is invoked /api/employee/department/maxSalary GET 1.689763637024E12
16268 [Test worker] INFO  c.s.p.interceptor.ApiInterceptor - after completion is invoked Time took is -0.009 seconds.
16274 [Test worker] INFO  c.s.p.interceptor.ApiInterceptor - preHandle method is invoked /api/employee/maxSalary GET 1.689763637033E12
16275 [Test worker] INFO  c.s.p.interceptor.ApiInterceptor - after completion is invoked Time took is -0.018 seconds.
16282 [Test worker] INFO  c.s.p.interceptor.ApiInterceptor - preHandle method is invoked /api/employee PUT 1.689763637041E12
16284 [Test worker] INFO  c.s.p.interceptor.ApiInterceptor - postHandle method is invoked /api/employee PUT 1.689763637043E12
16284 [Test worker] INFO  c.s.p.interceptor.ApiInterceptor - after completion is invoked Time took is 0.002 seconds.
16290 [Test worker] INFO  c.s.p.interceptor.ApiInterceptor - preHandle method is invoked /api/employee/insertAll POST 1.689763637049E12
16296 [Test worker] INFO  c.s.p.interceptor.ApiInterceptor - postHandle method is invoked /api/employee/insertAll POST 1.689763637055E12
16297 [Test worker] INFO  c.s.p.interceptor.ApiInterceptor - after completion is invoked Time took is 0.006 seconds.
16304 [Test worker] INFO  c.s.p.interceptor.ApiInterceptor - preHandle method is invoked /api/employee/1 DELETE 1.689763637063E12
16306 [Test worker] INFO  c.s.p.interceptor.ApiInterceptor - after completion is invoked Time took is -0.008 seconds.
16311 [Test worker] INFO  c.s.p.interceptor.ApiInterceptor - preHandle method is invoked /api/employee/1 GET 1.68976363707E12
16318 [Test worker] INFO  c.s.p.interceptor.ApiInterceptor - postHandle method is invoked /api/employee/1 GET 1.689763637077E12
16318 [Test worker] INFO  c.s.p.interceptor.ApiInterceptor - after completion is invoked Time took is 0.007 seconds.
16325 [Test worker] INFO  c.s.p.interceptor.ApiInterceptor - preHandle method is invoked /api/employee/department GET 1.689763637084E12
16327 [Test worker] INFO  c.s.p.interceptor.ApiInterceptor - after completion is invoked Time took is -0.007 seconds.
16332 [Test worker] INFO  c.s.p.interceptor.ApiInterceptor - preHandle method is invoked /api/employee/0 GET 1.689763637091E12
16335 [Test worker] INFO  c.s.p.interceptor.ApiInterceptor - after completion is invoked Time took is -0.014 seconds.
16340 [Test worker] INFO  c.s.p.interceptor.ApiInterceptor - preHandle method is invoked /api/employee/findAll GET 1.689763637099E12
16341 [Test worker] INFO  c.s.p.interceptor.ApiInterceptor - after completion is invoked Time took is -0.022 seconds.
16347 [Test worker] INFO  c.s.p.interceptor.ApiInterceptor - preHandle method is invoked /api/employee/course GET 1.689763637106E12
16349 [Test worker] INFO  c.s.p.interceptor.ApiInterceptor - after completion is invoked Time took is -0.029 seconds.
16354 [Test worker] INFO  c.s.p.interceptor.ApiInterceptor - preHandle method is invoked /api/employee/updateSalaryById PUT 1.689763637113E12
16356 [Test worker] INFO  c.s.p.interceptor.ApiInterceptor - after completion is invoked Time took is -0.036 seconds.
16362 [Test worker] INFO  c.s.p.interceptor.ApiInterceptor - preHandle method is invoked /api/employee/department/maxSalary GET 1.689763637121E12
16363 [Test worker] INFO  c.s.p.interceptor.ApiInterceptor - postHandle method is invoked /api/employee/department/maxSalary GET 1.689763637122E12
16364 [Test worker] INFO  c.s.p.interceptor.ApiInterceptor - after completion is invoked Time took is 0.001 seconds.
16367 [Test worker] INFO  c.s.p.interceptor.ApiInterceptor - preHandle method is invoked /api/employee GET 1.689763637126E12
16370 [Test worker] INFO  c.s.p.interceptor.ApiInterceptor - postHandle method is invoked /api/employee GET 1.689763637129E12
16370 [Test worker] INFO  c.s.p.interceptor.ApiInterceptor - after completion is invoked Time took is 0.003 seconds.
16414 [Test worker] INFO  c.s.p.service.AddressServiceTest - Starting AddressServiceTest using Java 17.0.7 with PID 23604 (started by ssama in C:\Users\ssama\Desktop\project\springproject)
16415 [Test worker] DEBUG c.s.p.service.AddressServiceTest - Running with Spring Boot v3.1.1, Spring v6.0.10
16415 [Test worker] INFO  c.s.p.service.AddressServiceTest - No active profile set, falling back to 1 default profile: "default"
17171 [Test worker] INFO  c.s.p.service.AddressServiceTest - Started AddressServiceTest in 0.784 seconds (process running for 19.158)
17245 [Test worker] INFO  c.s.p.service.CourseServiceTest - Starting CourseServiceTest using Java 17.0.7 with PID 23604 (started by ssama in C:\Users\ssama\Desktop\project\springproject)
17247 [Test worker] DEBUG c.s.p.service.CourseServiceTest - Running with Spring Boot v3.1.1, Spring v6.0.10
17247 [Test worker] INFO  c.s.p.service.CourseServiceTest - No active profile set, falling back to 1 default profile: "default"
17933 [Test worker] INFO  c.s.p.service.CourseServiceTest - Started CourseServiceTest in 0.706 seconds (process running for 19.92)
17938 [Test worker] ERROR c.s.p.service.CourseServiceImpl - Invalid coursename
18005 [Test worker] INFO  c.s.p.service.EmployeeServiceTest - Starting EmployeeServiceTest using Java 17.0.7 with PID 23604 (started by ssama in C:\Users\ssama\Desktop\project\springproject)
18005 [Test worker] DEBUG c.s.p.service.EmployeeServiceTest - Running with Spring Boot v3.1.1, Spring v6.0.10
18005 [Test worker] INFO  c.s.p.service.EmployeeServiceTest - No active profile set, falling back to 1 default profile: "default"
18663 [Test worker] INFO  c.s.p.service.EmployeeServiceTest - Started EmployeeServiceTest in 0.682 seconds (process running for 20.651)
18699 [Test worker] INFO  c.s.p.service.EmployeeServiceImpl - Course already exists !
18699 [Test worker] INFO  c.s.p.service.EmployeeServiceImpl - Course already exists !
18725 [Test worker] INFO  c.s.p.service.EmployeeServiceImpl - Course already exists !
18725 [Test worker] INFO  c.s.p.service.EmployeeServiceImpl - Course already exists !
18740 [Test worker] ERROR c.s.p.service.EmployeeServiceImpl - Employee with id : 0  does not exist ! 
1257 [Test worker] INFO  c.s.p.service.EmployeeServiceTest - Starting EmployeeServiceTest using Java 17.0.7 with PID 16636 (started by ssama in C:\Users\ssama\Desktop\project\springproject)
1258 [Test worker] DEBUG c.s.p.service.EmployeeServiceTest - Running with Spring Boot v3.1.1, Spring v6.0.10
1259 [Test worker] INFO  c.s.p.service.EmployeeServiceTest - No active profile set, falling back to 1 default profile: "default"
8423 [Test worker] INFO  c.s.p.service.EmployeeServiceTest - Started EmployeeServiceTest in 7.568 seconds (process running for 9.706)
513  [restartedMain] INFO  c.sujith.project.ProjectApplication - Starting ProjectApplication using Java 17.0.7 with PID 13092 (C:\Users\ssama\Desktop\project\springproject\build\classes\java\main started by ssama in C:\Users\ssama\Desktop\project\springproject)
514  [restartedMain] DEBUG c.sujith.project.ProjectApplication - Running with Spring Boot v3.1.1, Spring v6.0.10
514  [restartedMain] INFO  c.sujith.project.ProjectApplication - No active profile set, falling back to 1 default profile: "default"
3569 [restartedMain] INFO  c.sujith.project.ProjectApplication - Started ProjectApplication in 3.325 seconds (process running for 3.916)
8509 [http-nio-8080-exec-1] INFO  c.s.p.interceptor.ApiInterceptor - preHandle method is invoked /api/employee/insertAll POST 1.689763859164E12
39399 [restartedMain] INFO  c.sujith.project.ProjectApplication - Starting ProjectApplication using Java 17.0.7 with PID 13092 (C:\Users\ssama\Desktop\project\springproject\build\classes\java\main started by ssama in C:\Users\ssama\Desktop\project\springproject)
39400 [restartedMain] DEBUG c.sujith.project.ProjectApplication - Running with Spring Boot v3.1.1, Spring v6.0.10
39400 [restartedMain] INFO  c.sujith.project.ProjectApplication - No active profile set, falling back to 1 default profile: "default"
40475 [restartedMain] INFO  c.sujith.project.ProjectApplication - Started ProjectApplication in 1.114 seconds (process running for 40.821)
1700 [Test worker] INFO  c.s.p.service.EmployeeServiceTest - Starting EmployeeServiceTest using Java 17.0.7 with PID 14616 (started by ssama in C:\Users\ssama\Desktop\project\springproject)
1702 [Test worker] DEBUG c.s.p.service.EmployeeServiceTest - Running with Spring Boot v3.1.1, Spring v6.0.10
1703 [Test worker] INFO  c.s.p.service.EmployeeServiceTest - No active profile set, falling back to 1 default profile: "default"
42070 [restartedMain] INFO  c.sujith.project.ProjectApplication - Starting ProjectApplication using Java 17.0.7 with PID 13092 (C:\Users\ssama\Desktop\project\springproject\build\classes\java\main started by ssama in C:\Users\ssama\Desktop\project\springproject)
42070 [restartedMain] DEBUG c.sujith.project.ProjectApplication - Running with Spring Boot v3.1.1, Spring v6.0.10
42071 [restartedMain] INFO  c.sujith.project.ProjectApplication - No active profile set, falling back to 1 default profile: "default"
44505 [restartedMain] INFO  c.sujith.project.ProjectApplication - Starting ProjectApplication using Java 17.0.7 with PID 13092 (C:\Users\ssama\Desktop\project\springproject\build\classes\java\main started by ssama in C:\Users\ssama\Desktop\project\springproject)
44505 [restartedMain] DEBUG c.sujith.project.ProjectApplication - Running with Spring Boot v3.1.1, Spring v6.0.10
44506 [restartedMain] INFO  c.sujith.project.ProjectApplication - No active profile set, falling back to 1 default profile: "default"
45660 [restartedMain] INFO  c.sujith.project.ProjectApplication - Started ProjectApplication in 1.204 seconds (process running for 46.006)
48644 [http-nio-8080-exec-2] INFO  c.s.p.interceptor.ApiInterceptor - preHandle method is invoked /api/employee/insertAll POST 1.689763899299E12
49486 [http-nio-8080-exec-2] INFO  c.s.p.interceptor.ApiInterceptor - postHandle method is invoked /api/employee/insertAll POST 1.689763900141E12
49487 [http-nio-8080-exec-2] INFO  c.s.p.interceptor.ApiInterceptor - after completion is invoked Time took is 0.842 seconds.
1210 [Test worker] INFO  c.s.p.service.EmployeeServiceTest - Starting EmployeeServiceTest using Java 17.0.7 with PID 28416 (started by ssama in C:\Users\ssama\Desktop\project\springproject)
1212 [Test worker] DEBUG c.s.p.service.EmployeeServiceTest - Running with Spring Boot v3.1.1, Spring v6.0.10
1213 [Test worker] INFO  c.s.p.service.EmployeeServiceTest - No active profile set, falling back to 1 default profile: "default"
7337 [Test worker] INFO  c.s.p.service.EmployeeServiceTest - Started EmployeeServiceTest in 6.46 seconds (process running for 8.654)
1734 [Test worker] INFO  c.s.p.service.EmployeeServiceTest - Starting EmployeeServiceTest using Java 17.0.7 with PID 31936 (started by ssama in C:\Users\ssama\Desktop\project\springproject)
1736 [Test worker] DEBUG c.s.p.service.EmployeeServiceTest - Running with Spring Boot v3.1.1, Spring v6.0.10
1737 [Test worker] INFO  c.s.p.service.EmployeeServiceTest - No active profile set, falling back to 1 default profile: "default"
9287 [Test worker] INFO  c.s.p.service.EmployeeServiceTest - Started EmployeeServiceTest in 8.073 seconds (process running for 11.134)
9528 [Test worker] INFO  c.s.p.service.EmployeeServiceImpl - Course already exists !
9528 [Test worker] INFO  c.s.p.service.EmployeeServiceImpl - Course already exists !
9561 [Test worker] INFO  c.s.p.service.EmployeeServiceImpl - Course already exists !
9561 [Test worker] INFO  c.s.p.service.EmployeeServiceImpl - Course already exists !
9584 [Test worker] ERROR c.s.p.service.EmployeeServiceImpl - Employee with id : 0  does not exist ! 
9714 [Test worker] INFO  c.s.p.c.AddressControllerTest - Starting AddressControllerTest using Java 17.0.7 with PID 31936 (started by ssama in C:\Users\ssama\Desktop\project\springproject)
9714 [Test worker] DEBUG c.s.p.c.AddressControllerTest - Running with Spring Boot v3.1.1, Spring v6.0.10
9714 [Test worker] INFO  c.s.p.c.AddressControllerTest - No active profile set, falling back to 1 default profile: "default"
10743 [Test worker] INFO  c.s.p.c.AddressControllerTest - Started AddressControllerTest in 1.057 seconds (process running for 12.589)
10861 [Test worker] INFO  c.s.p.interceptor.ApiInterceptor - preHandle method is invoked /api/address GET 1.689763954196E12
11055 [Test worker] INFO  c.s.p.interceptor.ApiInterceptor - postHandle method is invoked /api/address GET 1.68976395439E12
11056 [Test worker] INFO  c.s.p.interceptor.ApiInterceptor - after completion is invoked Time took is 0.194 seconds.
11089 [Test worker] INFO  c.s.p.interceptor.ApiInterceptor - preHandle method is invoked /api/address GET 1.689763954424E12
11113 [Test worker] INFO  c.s.p.interceptor.ApiInterceptor - after completion is invoked Time took is -0.034 seconds.
11280 [Test worker] INFO  c.s.p.c.CourseControllerTest - Starting CourseControllerTest using Java 17.0.7 with PID 31936 (started by ssama in C:\Users\ssama\Desktop\project\springproject)
11280 [Test worker] DEBUG c.s.p.c.CourseControllerTest - Running with Spring Boot v3.1.1, Spring v6.0.10
11280 [Test worker] INFO  c.s.p.c.CourseControllerTest - No active profile set, falling back to 1 default profile: "default"
12114 [Test worker] INFO  c.s.p.c.CourseControllerTest - Started CourseControllerTest in 0.859 seconds (process running for 13.961)
12122 [Test worker] INFO  c.s.p.interceptor.ApiInterceptor - preHandle method is invoked /api/courses GET 1.689763955457E12
12125 [Test worker] INFO  c.s.p.interceptor.ApiInterceptor - postHandle method is invoked /api/courses GET 1.68976395546E12
12126 [Test worker] INFO  c.s.p.interceptor.ApiInterceptor - after completion is invoked Time took is 0.003 seconds.
12131 [Test worker] INFO  c.s.p.interceptor.ApiInterceptor - preHandle method is invoked /api/courses/insertMany POST 1.689763955466E12
12245 [Test worker] INFO  c.s.p.interceptor.ApiInterceptor - postHandle method is invoked /api/courses/insertMany POST 1.68976395558E12
12246 [Test worker] INFO  c.s.p.interceptor.ApiInterceptor - after completion is invoked Time took is 0.114 seconds.
12251 [Test worker] INFO  c.s.p.interceptor.ApiInterceptor - preHandle method is invoked /api/courses POST 1.689763955586E12
12257 [Test worker] INFO  c.s.p.interceptor.ApiInterceptor - after completion is invoked Time took is -0.006 seconds.
12263 [Test worker] INFO  c.s.p.interceptor.ApiInterceptor - preHandle method is invoked /api/courses POST 1.689763955598E12
12269 [Test worker] INFO  c.s.p.interceptor.ApiInterceptor - postHandle method is invoked /api/courses POST 1.689763955604E12
12270 [Test worker] INFO  c.s.p.interceptor.ApiInterceptor - after completion is invoked Time took is 0.006 seconds.
12276 [Test worker] INFO  c.s.p.interceptor.ApiInterceptor - preHandle method is invoked /api/courses GET 1.689763955611E12
12278 [Test worker] INFO  c.s.p.interceptor.ApiInterceptor - after completion is invoked Time took is -0.007 seconds.
12284 [Test worker] INFO  c.s.p.interceptor.ApiInterceptor - preHandle method is invoked /api/courses/insertMany POST 1.689763955619E12
12286 [Test worker] INFO  c.s.p.interceptor.ApiInterceptor - after completion is invoked Time took is -0.015 seconds.
12323 [Test worker] INFO  c.s.p.c.EmployeeControllerTest - Starting EmployeeControllerTest using Java 17.0.7 with PID 31936 (started by ssama in C:\Users\ssama\Desktop\project\springproject)
12323 [Test worker] DEBUG c.s.p.c.EmployeeControllerTest - Running with Spring Boot v3.1.1, Spring v6.0.10
12323 [Test worker] INFO  c.s.p.c.EmployeeControllerTest - No active profile set, falling back to 1 default profile: "default"
13084 [Test worker] INFO  c.s.p.c.EmployeeControllerTest - Started EmployeeControllerTest in 0.786 seconds (process running for 14.931)
13091 [Test worker] INFO  c.s.p.interceptor.ApiInterceptor - preHandle method is invoked /api/employee/15 GET 1.689763956426E12
13109 [Test worker] INFO  c.s.p.interceptor.ApiInterceptor - preHandle method is invoked /api/employee/department GET 1.689763956444E12
13127 [Test worker] INFO  c.s.p.interceptor.ApiInterceptor - postHandle method is invoked /api/employee/department GET 1.689763956462E12
13127 [Test worker] INFO  c.s.p.interceptor.ApiInterceptor - after completion is invoked Time took is 0.018 seconds.
13132 [Test worker] INFO  c.s.p.interceptor.ApiInterceptor - preHandle method is invoked /api/employee/maxSalary GET 1.689763956467E12
13134 [Test worker] INFO  c.s.p.interceptor.ApiInterceptor - postHandle method is invoked /api/employee/maxSalary GET 1.689763956469E12
13135 [Test worker] INFO  c.s.p.interceptor.ApiInterceptor - after completion is invoked Time took is 0.002 seconds.
13162 [Test worker] INFO  c.s.p.interceptor.ApiInterceptor - preHandle method is invoked /api/employee/updateSalaryById PUT 1.689763956497E12
13167 [Test worker] INFO  c.s.p.interceptor.ApiInterceptor - postHandle method is invoked /api/employee/updateSalaryById PUT 1.689763956502E12
13168 [Test worker] INFO  c.s.p.interceptor.ApiInterceptor - after completion is invoked Time took is 0.005 seconds.
13173 [Test worker] INFO  c.s.p.interceptor.ApiInterceptor - preHandle method is invoked /api/employee/findAll GET 1.689763956508E12
13175 [Test worker] INFO  c.s.p.interceptor.ApiInterceptor - postHandle method is invoked /api/employee/findAll GET 1.68976395651E12
13175 [Test worker] INFO  c.s.p.interceptor.ApiInterceptor - after completion is invoked Time took is 0.002 seconds.
13180 [Test worker] INFO  c.s.p.interceptor.ApiInterceptor - preHandle method is invoked /api/employee/course GET 1.689763956515E12
13182 [Test worker] INFO  c.s.p.interceptor.ApiInterceptor - postHandle method is invoked /api/employee/course GET 1.689763956517E12
13183 [Test worker] INFO  c.s.p.interceptor.ApiInterceptor - after completion is invoked Time took is 0.002 seconds.
13190 [Test worker] INFO  c.s.p.interceptor.ApiInterceptor - preHandle method is invoked /api/employee POST 1.689763956525E12
13197 [Test worker] INFO  c.s.p.interceptor.ApiInterceptor - postHandle method is invoked /api/employee POST 1.689763956532E12
13197 [Test worker] INFO  c.s.p.interceptor.ApiInterceptor - after completion is invoked Time took is 0.007 seconds.
13203 [Test worker] INFO  c.s.p.interceptor.ApiInterceptor - preHandle method is invoked /api/employee GET 1.689763956538E12
13206 [Test worker] INFO  c.s.p.interceptor.ApiInterceptor - after completion is invoked Time took is -0.006 seconds.
13212 [Test worker] INFO  c.s.p.interceptor.ApiInterceptor - preHandle method is invoked /api/employee PUT 1.689763956547E12
13215 [Test worker] INFO  c.s.p.interceptor.ApiInterceptor - after completion is invoked Time took is -0.015 seconds.
13220 [Test worker] INFO  c.s.p.interceptor.ApiInterceptor - preHandle method is invoked /api/employee GET 1.689763956555E12
13245 [Test worker] INFO  c.s.p.interceptor.ApiInterceptor - after completion is invoked Time took is -0.023 seconds.
13251 [Test worker] INFO  c.s.p.interceptor.ApiInterceptor - preHandle method is invoked /api/employee/1 DELETE 1.689763956586E12
13253 [Test worker] INFO  c.s.p.interceptor.ApiInterceptor - postHandle method is invoked /api/employee/1 DELETE 1.689763956588E12
13254 [Test worker] INFO  c.s.p.interceptor.ApiInterceptor - after completion is invoked Time took is 0.002 seconds.
13258 [Test worker] INFO  c.s.p.interceptor.ApiInterceptor - preHandle method is invoked /api/employee/department/maxSalary GET 1.689763956593E12
13261 [Test worker] INFO  c.s.p.interceptor.ApiInterceptor - after completion is invoked Time took is -0.005 seconds.
13266 [Test worker] INFO  c.s.p.interceptor.ApiInterceptor - preHandle method is invoked /api/employee/maxSalary GET 1.689763956601E12
13268 [Test worker] INFO  c.s.p.interceptor.ApiInterceptor - after completion is invoked Time took is -0.013 seconds.
13273 [Test worker] INFO  c.s.p.interceptor.ApiInterceptor - preHandle method is invoked /api/employee PUT 1.689763956608E12
13274 [Test worker] INFO  c.s.p.interceptor.ApiInterceptor - postHandle method is invoked /api/employee PUT 1.689763956609E12
13274 [Test worker] INFO  c.s.p.interceptor.ApiInterceptor - after completion is invoked Time took is 0.001 seconds.
13279 [Test worker] INFO  c.s.p.interceptor.ApiInterceptor - preHandle method is invoked /api/employee/insertAll POST 1.689763956614E12
13284 [Test worker] INFO  c.s.p.interceptor.ApiInterceptor - postHandle method is invoked /api/employee/insertAll POST 1.689763956619E12
13285 [Test worker] INFO  c.s.p.interceptor.ApiInterceptor - after completion is invoked Time took is 0.005 seconds.
13290 [Test worker] INFO  c.s.p.interceptor.ApiInterceptor - preHandle method is invoked /api/employee/1 DELETE 1.689763956625E12
13293 [Test worker] INFO  c.s.p.interceptor.ApiInterceptor - after completion is invoked Time took is -0.006 seconds.
13297 [Test worker] INFO  c.s.p.interceptor.ApiInterceptor - preHandle method is invoked /api/employee/1 GET 1.689763956632E12
13303 [Test worker] INFO  c.s.p.interceptor.ApiInterceptor - postHandle method is invoked /api/employee/1 GET 1.689763956638E12
13304 [Test worker] INFO  c.s.p.interceptor.ApiInterceptor - after completion is invoked Time took is 0.006 seconds.
13312 [Test worker] INFO  c.s.p.interceptor.ApiInterceptor - preHandle method is invoked /api/employee/department GET 1.689763956647E12
13314 [Test worker] INFO  c.s.p.interceptor.ApiInterceptor - after completion is invoked Time took is -0.009 seconds.
13319 [Test worker] INFO  c.s.p.interceptor.ApiInterceptor - preHandle method is invoked /api/employee/0 GET 1.689763956654E12
13322 [Test worker] INFO  c.s.p.interceptor.ApiInterceptor - after completion is invoked Time took is -0.016 seconds.
13328 [Test worker] INFO  c.s.p.interceptor.ApiInterceptor - preHandle method is invoked /api/employee/findAll GET 1.689763956663E12
13331 [Test worker] INFO  c.s.p.interceptor.ApiInterceptor - after completion is invoked Time took is -0.025 seconds.
13337 [Test worker] INFO  c.s.p.interceptor.ApiInterceptor - preHandle method is invoked /api/employee/course GET 1.689763956672E12
13339 [Test worker] INFO  c.s.p.interceptor.ApiInterceptor - after completion is invoked Time took is -0.034 seconds.
13344 [Test worker] INFO  c.s.p.interceptor.ApiInterceptor - preHandle method is invoked /api/employee/updateSalaryById PUT 1.689763956679E12
13346 [Test worker] INFO  c.s.p.interceptor.ApiInterceptor - after completion is invoked Time took is -0.041 seconds.
13353 [Test worker] INFO  c.s.p.interceptor.ApiInterceptor - preHandle method is invoked /api/employee/department/maxSalary GET 1.689763956688E12
13354 [Test worker] INFO  c.s.p.interceptor.ApiInterceptor - postHandle method is invoked /api/employee/department/maxSalary GET 1.689763956689E12
13356 [Test worker] INFO  c.s.p.interceptor.ApiInterceptor - after completion is invoked Time took is 0.001 seconds.
13362 [Test worker] INFO  c.s.p.interceptor.ApiInterceptor - preHandle method is invoked /api/employee GET 1.689763956697E12
13363 [Test worker] INFO  c.s.p.interceptor.ApiInterceptor - postHandle method is invoked /api/employee GET 1.689763956698E12
13364 [Test worker] INFO  c.s.p.interceptor.ApiInterceptor - after completion is invoked Time took is 0.001 seconds.
13415 [Test worker] INFO  c.s.p.service.AddressServiceTest - Starting AddressServiceTest using Java 17.0.7 with PID 31936 (started by ssama in C:\Users\ssama\Desktop\project\springproject)
13416 [Test worker] DEBUG c.s.p.service.AddressServiceTest - Running with Spring Boot v3.1.1, Spring v6.0.10
13416 [Test worker] INFO  c.s.p.service.AddressServiceTest - No active profile set, falling back to 1 default profile: "default"
14207 [Test worker] INFO  c.s.p.service.AddressServiceTest - Started AddressServiceTest in 0.827 seconds (process running for 16.054)
14272 [Test worker] INFO  c.s.p.service.CourseServiceTest - Starting CourseServiceTest using Java 17.0.7 with PID 31936 (started by ssama in C:\Users\ssama\Desktop\project\springproject)
14272 [Test worker] DEBUG c.s.p.service.CourseServiceTest - Running with Spring Boot v3.1.1, Spring v6.0.10
14272 [Test worker] INFO  c.s.p.service.CourseServiceTest - No active profile set, falling back to 1 default profile: "default"
15035 [Test worker] INFO  c.s.p.service.CourseServiceTest - Started CourseServiceTest in 0.79 seconds (process running for 16.882)
15041 [Test worker] ERROR c.s.p.service.CourseServiceImpl - Invalid coursename
493  [restartedMain] INFO  c.sujith.project.ProjectApplication - Starting ProjectApplication using Java 17.0.7 with PID 28284 (C:\Users\ssama\Desktop\project\springproject\build\classes\java\main started by ssama in C:\Users\ssama\Desktop\project\springproject)
493  [restartedMain] DEBUG c.sujith.project.ProjectApplication - Running with Spring Boot v3.1.1, Spring v6.0.10
494  [restartedMain] INFO  c.sujith.project.ProjectApplication - No active profile set, falling back to 1 default profile: "default"
3562 [restartedMain] INFO  c.sujith.project.ProjectApplication - Started ProjectApplication in 3.329 seconds (process running for 3.885)
506  [restartedMain] INFO  c.sujith.project.ProjectApplication - Starting ProjectApplication using Java 17.0.7 with PID 25876 (C:\Users\ssama\Desktop\project\springproject\build\classes\java\main started by ssama in C:\Users\ssama\Desktop\project\springproject)
507  [restartedMain] DEBUG c.sujith.project.ProjectApplication - Running with Spring Boot v3.1.1, Spring v6.0.10
508  [restartedMain] INFO  c.sujith.project.ProjectApplication - No active profile set, falling back to 1 default profile: "default"
4003 [restartedMain] INFO  c.sujith.project.ProjectApplication - Started ProjectApplication in 3.743 seconds (process running for 4.394)
8695 [http-nio-8080-exec-1] INFO  c.s.p.interceptor.ApiInterceptor - preHandle method is invoked /api/employee/insertAll POST 1.689764369423E12
9242 [http-nio-8080-exec-1] INFO  c.s.p.interceptor.ApiInterceptor - postHandle method is invoked /api/employee/insertAll POST 1.68976436997E12
9244 [http-nio-8080-exec-1] INFO  c.s.p.interceptor.ApiInterceptor - after completion is invoked Time took is 0.547 seconds.
62968 [restartedMain] INFO  c.sujith.project.ProjectApplication - Starting ProjectApplication using Java 17.0.7 with PID 25876 (C:\Users\ssama\Desktop\project\springproject\build\classes\java\main started by ssama in C:\Users\ssama\Desktop\project\springproject)
62968 [restartedMain] DEBUG c.sujith.project.ProjectApplication - Running with Spring Boot v3.1.1, Spring v6.0.10
62968 [restartedMain] INFO  c.sujith.project.ProjectApplication - No active profile set, falling back to 1 default profile: "default"
63718 [restartedMain] INFO  c.sujith.project.ProjectApplication - Started ProjectApplication in 0.78 seconds (process running for 64.113)
65234 [restartedMain] INFO  c.sujith.project.ProjectApplication - Starting ProjectApplication using Java 17.0.7 with PID 25876 (C:\Users\ssama\Desktop\project\springproject\build\classes\java\main started by ssama in C:\Users\ssama\Desktop\project\springproject)
65235 [restartedMain] DEBUG c.sujith.project.ProjectApplication - Running with Spring Boot v3.1.1, Spring v6.0.10
65235 [restartedMain] INFO  c.sujith.project.ProjectApplication - No active profile set, falling back to 1 default profile: "default"
65854 [restartedMain] INFO  c.sujith.project.ProjectApplication - Started ProjectApplication in 0.641 seconds (process running for 66.248)
67591 [http-nio-8080-exec-2] INFO  c.s.p.interceptor.ApiInterceptor - preHandle method is invoked /api/employee/insertAll POST 1.689764428318E12
67601 [http-nio-8080-exec-2] ERROR c.s.p.service.EmployeeServiceImpl - Employee with lastname Doe is not inserted
67710 [http-nio-8080-exec-2] INFO  c.s.p.interceptor.ApiInterceptor - postHandle method is invoked /api/employee/insertAll POST 1.689764428438E12
67710 [http-nio-8080-exec-2] INFO  c.s.p.interceptor.ApiInterceptor - after completion is invoked Time took is 0.12 seconds.
1409 [Test worker] INFO  c.s.p.service.EmployeeServiceTest - Starting EmployeeServiceTest using Java 17.0.7 with PID 6876 (started by ssama in C:\Users\ssama\Desktop\project\springproject)
1411 [Test worker] DEBUG c.s.p.service.EmployeeServiceTest - Running with Spring Boot v3.1.1, Spring v6.0.10
1413 [Test worker] INFO  c.s.p.service.EmployeeServiceTest - No active profile set, falling back to 1 default profile: "default"
8224 [Test worker] INFO  c.s.p.service.EmployeeServiceTest - Started EmployeeServiceTest in 7.233 seconds (process running for 9.401)
8409 [Test worker] INFO  c.s.p.service.EmployeeServiceImpl - Course already exists !
8409 [Test worker] INFO  c.s.p.service.EmployeeServiceImpl - Course already exists !
8441 [Test worker] INFO  c.s.p.service.EmployeeServiceImpl - Course already exists !
8441 [Test worker] INFO  c.s.p.service.EmployeeServiceImpl - Course already exists !
8464 [Test worker] ERROR c.s.p.service.EmployeeServiceImpl - Employee with id : 0  does not exist ! 
8531 [Test worker] ERROR c.s.p.service.EmployeeServiceImpl - Employee with lastname sujith is not inserted
2425 [Test worker] INFO  c.s.p.service.EmployeeServiceTest - Starting EmployeeServiceTest using Java 17.0.7 with PID 6788 (started by ssama in C:\Users\ssama\Desktop\project\springproject)
2427 [Test worker] DEBUG c.s.p.service.EmployeeServiceTest - Running with Spring Boot v3.1.1, Spring v6.0.10
2428 [Test worker] INFO  c.s.p.service.EmployeeServiceTest - No active profile set, falling back to 1 default profile: "default"
10424 [Test worker] INFO  c.s.p.service.EmployeeServiceTest - Started EmployeeServiceTest in 8.759 seconds (process running for 12.199)
10690 [Test worker] INFO  c.s.p.service.EmployeeServiceImpl - Course already exists !
10690 [Test worker] INFO  c.s.p.service.EmployeeServiceImpl - Course already exists !
10731 [Test worker] INFO  c.s.p.service.EmployeeServiceImpl - Course already exists !
10731 [Test worker] INFO  c.s.p.service.EmployeeServiceImpl - Course already exists !
10756 [Test worker] ERROR c.s.p.service.EmployeeServiceImpl - Employee with id : 0  does not exist ! 
10874 [Test worker] INFO  c.s.p.c.AddressControllerTest - Starting AddressControllerTest using Java 17.0.7 with PID 6788 (started by ssama in C:\Users\ssama\Desktop\project\springproject)
10874 [Test worker] DEBUG c.s.p.c.AddressControllerTest - Running with Spring Boot v3.1.1, Spring v6.0.10
10875 [Test worker] INFO  c.s.p.c.AddressControllerTest - No active profile set, falling back to 1 default profile: "default"
11977 [Test worker] INFO  c.s.p.c.AddressControllerTest - Started AddressControllerTest in 1.131 seconds (process running for 13.752)
12085 [Test worker] INFO  c.s.p.interceptor.ApiInterceptor - preHandle method is invoked /api/address GET 1.689764508244E12
12297 [Test worker] INFO  c.s.p.interceptor.ApiInterceptor - postHandle method is invoked /api/address GET 1.689764508456E12
12297 [Test worker] INFO  c.s.p.interceptor.ApiInterceptor - after completion is invoked Time took is 0.212 seconds.
12326 [Test worker] INFO  c.s.p.interceptor.ApiInterceptor - preHandle method is invoked /api/address GET 1.689764508485E12
12351 [Test worker] INFO  c.s.p.interceptor.ApiInterceptor - after completion is invoked Time took is -0.029 seconds.
12519 [Test worker] INFO  c.s.p.c.CourseControllerTest - Starting CourseControllerTest using Java 17.0.7 with PID 6788 (started by ssama in C:\Users\ssama\Desktop\project\springproject)
12519 [Test worker] DEBUG c.s.p.c.CourseControllerTest - Running with Spring Boot v3.1.1, Spring v6.0.10
12520 [Test worker] INFO  c.s.p.c.CourseControllerTest - No active profile set, falling back to 1 default profile: "default"
13372 [Test worker] INFO  c.s.p.c.CourseControllerTest - Started CourseControllerTest in 0.883 seconds (process running for 15.146)
13377 [Test worker] INFO  c.s.p.interceptor.ApiInterceptor - preHandle method is invoked /api/courses GET 1.689764509536E12
13381 [Test worker] INFO  c.s.p.interceptor.ApiInterceptor - postHandle method is invoked /api/courses GET 1.68976450954E12
13381 [Test worker] INFO  c.s.p.interceptor.ApiInterceptor - after completion is invoked Time took is 0.004 seconds.
13388 [Test worker] INFO  c.s.p.interceptor.ApiInterceptor - preHandle method is invoked /api/courses/insertMany POST 1.689764509547E12
13494 [Test worker] INFO  c.s.p.interceptor.ApiInterceptor - postHandle method is invoked /api/courses/insertMany POST 1.689764509653E12
13495 [Test worker] INFO  c.s.p.interceptor.ApiInterceptor - after completion is invoked Time took is 0.106 seconds.
13503 [Test worker] INFO  c.s.p.interceptor.ApiInterceptor - preHandle method is invoked /api/courses POST 1.689764509662E12
13511 [Test worker] INFO  c.s.p.interceptor.ApiInterceptor - after completion is invoked Time took is -0.009 seconds.
13516 [Test worker] INFO  c.s.p.interceptor.ApiInterceptor - preHandle method is invoked /api/courses POST 1.689764509675E12
13523 [Test worker] INFO  c.s.p.interceptor.ApiInterceptor - postHandle method is invoked /api/courses POST 1.689764509682E12
13524 [Test worker] INFO  c.s.p.interceptor.ApiInterceptor - after completion is invoked Time took is 0.007 seconds.
13532 [Test worker] INFO  c.s.p.interceptor.ApiInterceptor - preHandle method is invoked /api/courses GET 1.689764509691E12
13535 [Test worker] INFO  c.s.p.interceptor.ApiInterceptor - after completion is invoked Time took is -0.009 seconds.
13540 [Test worker] INFO  c.s.p.interceptor.ApiInterceptor - preHandle method is invoked /api/courses/insertMany POST 1.689764509699E12
13543 [Test worker] INFO  c.s.p.interceptor.ApiInterceptor - after completion is invoked Time took is -0.017 seconds.
13579 [Test worker] INFO  c.s.p.c.EmployeeControllerTest - Starting EmployeeControllerTest using Java 17.0.7 with PID 6788 (started by ssama in C:\Users\ssama\Desktop\project\springproject)
13579 [Test worker] DEBUG c.s.p.c.EmployeeControllerTest - Running with Spring Boot v3.1.1, Spring v6.0.10
13579 [Test worker] INFO  c.s.p.c.EmployeeControllerTest - No active profile set, falling back to 1 default profile: "default"
14509 [Test worker] INFO  c.s.p.c.EmployeeControllerTest - Started EmployeeControllerTest in 0.955 seconds (process running for 16.284)
14516 [Test worker] INFO  c.s.p.interceptor.ApiInterceptor - preHandle method is invoked /api/employee/15 GET 1.689764510675E12
14539 [Test worker] INFO  c.s.p.interceptor.ApiInterceptor - preHandle method is invoked /api/employee/department GET 1.689764510698E12
14567 [Test worker] INFO  c.s.p.interceptor.ApiInterceptor - postHandle method is invoked /api/employee/department GET 1.689764510726E12
14568 [Test worker] INFO  c.s.p.interceptor.ApiInterceptor - after completion is invoked Time took is 0.028 seconds.
14574 [Test worker] INFO  c.s.p.interceptor.ApiInterceptor - preHandle method is invoked /api/employee/maxSalary GET 1.689764510733E12
14576 [Test worker] INFO  c.s.p.interceptor.ApiInterceptor - postHandle method is invoked /api/employee/maxSalary GET 1.689764510735E12
14577 [Test worker] INFO  c.s.p.interceptor.ApiInterceptor - after completion is invoked Time took is 0.002 seconds.
14611 [Test worker] INFO  c.s.p.interceptor.ApiInterceptor - preHandle method is invoked /api/employee/updateSalaryById PUT 1.68976451077E12
14616 [Test worker] INFO  c.s.p.interceptor.ApiInterceptor - postHandle method is invoked /api/employee/updateSalaryById PUT 1.689764510775E12
14616 [Test worker] INFO  c.s.p.interceptor.ApiInterceptor - after completion is invoked Time took is 0.005 seconds.
14624 [Test worker] INFO  c.s.p.interceptor.ApiInterceptor - preHandle method is invoked /api/employee/findAll GET 1.689764510783E12
14627 [Test worker] INFO  c.s.p.interceptor.ApiInterceptor - postHandle method is invoked /api/employee/findAll GET 1.689764510786E12
14627 [Test worker] INFO  c.s.p.interceptor.ApiInterceptor - after completion is invoked Time took is 0.003 seconds.
14637 [Test worker] INFO  c.s.p.interceptor.ApiInterceptor - preHandle method is invoked /api/employee/course GET 1.689764510796E12
14639 [Test worker] INFO  c.s.p.interceptor.ApiInterceptor - postHandle method is invoked /api/employee/course GET 1.689764510798E12
14640 [Test worker] INFO  c.s.p.interceptor.ApiInterceptor - after completion is invoked Time took is 0.002 seconds.
14647 [Test worker] INFO  c.s.p.interceptor.ApiInterceptor - preHandle method is invoked /api/employee POST 1.689764510806E12
14653 [Test worker] INFO  c.s.p.interceptor.ApiInterceptor - postHandle method is invoked /api/employee POST 1.689764510812E12
14654 [Test worker] INFO  c.s.p.interceptor.ApiInterceptor - after completion is invoked Time took is 0.006 seconds.
14660 [Test worker] INFO  c.s.p.interceptor.ApiInterceptor - preHandle method is invoked /api/employee GET 1.689764510819E12
14663 [Test worker] INFO  c.s.p.interceptor.ApiInterceptor - after completion is invoked Time took is -0.007 seconds.
14670 [Test worker] INFO  c.s.p.interceptor.ApiInterceptor - preHandle method is invoked /api/employee PUT 1.689764510829E12
14673 [Test worker] INFO  c.s.p.interceptor.ApiInterceptor - after completion is invoked Time took is -0.017 seconds.
14680 [Test worker] INFO  c.s.p.interceptor.ApiInterceptor - preHandle method is invoked /api/employee GET 1.689764510839E12
14705 [Test worker] INFO  c.s.p.interceptor.ApiInterceptor - after completion is invoked Time took is -0.027 seconds.
14713 [Test worker] INFO  c.s.p.interceptor.ApiInterceptor - preHandle method is invoked /api/employee/1 DELETE 1.689764510872E12
14716 [Test worker] INFO  c.s.p.interceptor.ApiInterceptor - postHandle method is invoked /api/employee/1 DELETE 1.689764510875E12
14717 [Test worker] INFO  c.s.p.interceptor.ApiInterceptor - after completion is invoked Time took is 0.003 seconds.
14725 [Test worker] INFO  c.s.p.interceptor.ApiInterceptor - preHandle method is invoked /api/employee/department/maxSalary GET 1.689764510884E12
14729 [Test worker] INFO  c.s.p.interceptor.ApiInterceptor - after completion is invoked Time took is -0.009 seconds.
14734 [Test worker] INFO  c.s.p.interceptor.ApiInterceptor - preHandle method is invoked /api/employee/maxSalary GET 1.689764510893E12
14736 [Test worker] INFO  c.s.p.interceptor.ApiInterceptor - after completion is invoked Time took is -0.018 seconds.
14741 [Test worker] INFO  c.s.p.interceptor.ApiInterceptor - preHandle method is invoked /api/employee PUT 1.6897645109E12
14743 [Test worker] INFO  c.s.p.interceptor.ApiInterceptor - postHandle method is invoked /api/employee PUT 1.689764510902E12
14744 [Test worker] INFO  c.s.p.interceptor.ApiInterceptor - after completion is invoked Time took is 0.002 seconds.
14749 [Test worker] INFO  c.s.p.interceptor.ApiInterceptor - preHandle method is invoked /api/employee/insertAll POST 1.689764510908E12
14756 [Test worker] INFO  c.s.p.interceptor.ApiInterceptor - postHandle method is invoked /api/employee/insertAll POST 1.689764510915E12
14757 [Test worker] INFO  c.s.p.interceptor.ApiInterceptor - after completion is invoked Time took is 0.007 seconds.
14763 [Test worker] INFO  c.s.p.interceptor.ApiInterceptor - preHandle method is invoked /api/employee/1 DELETE 1.689764510922E12
14765 [Test worker] INFO  c.s.p.interceptor.ApiInterceptor - after completion is invoked Time took is -0.007 seconds.
14771 [Test worker] INFO  c.s.p.interceptor.ApiInterceptor - preHandle method is invoked /api/employee/1 GET 1.68976451093E12
14775 [Test worker] INFO  c.s.p.interceptor.ApiInterceptor - postHandle method is invoked /api/employee/1 GET 1.689764510934E12
14776 [Test worker] INFO  c.s.p.interceptor.ApiInterceptor - after completion is invoked Time took is 0.004 seconds.
14782 [Test worker] INFO  c.s.p.interceptor.ApiInterceptor - preHandle method is invoked /api/employee/department GET 1.689764510941E12
14784 [Test worker] INFO  c.s.p.interceptor.ApiInterceptor - after completion is invoked Time took is -0.007 seconds.
14789 [Test worker] INFO  c.s.p.interceptor.ApiInterceptor - preHandle method is invoked /api/employee/0 GET 1.689764510948E12
14791 [Test worker] INFO  c.s.p.interceptor.ApiInterceptor - after completion is invoked Time took is -0.014 seconds.
14797 [Test worker] INFO  c.s.p.interceptor.ApiInterceptor - preHandle method is invoked /api/employee/findAll GET 1.689764510956E12
14800 [Test worker] INFO  c.s.p.interceptor.ApiInterceptor - after completion is invoked Time took is -0.022 seconds.
14804 [Test worker] INFO  c.s.p.interceptor.ApiInterceptor - preHandle method is invoked /api/employee/course GET 1.689764510963E12
14806 [Test worker] INFO  c.s.p.interceptor.ApiInterceptor - after completion is invoked Time took is -0.029 seconds.
14809 [Test worker] INFO  c.s.p.interceptor.ApiInterceptor - preHandle method is invoked /api/employee/updateSalaryById PUT 1.689764510968E12
14812 [Test worker] INFO  c.s.p.interceptor.ApiInterceptor - after completion is invoked Time took is -0.034 seconds.
14818 [Test worker] INFO  c.s.p.interceptor.ApiInterceptor - preHandle method is invoked /api/employee/department/maxSalary GET 1.689764510977E12
14819 [Test worker] INFO  c.s.p.interceptor.ApiInterceptor - postHandle method is invoked /api/employee/department/maxSalary GET 1.689764510978E12
14820 [Test worker] INFO  c.s.p.interceptor.ApiInterceptor - after completion is invoked Time took is 0.001 seconds.
14825 [Test worker] INFO  c.s.p.interceptor.ApiInterceptor - preHandle method is invoked /api/employee GET 1.689764510984E12
14828 [Test worker] INFO  c.s.p.interceptor.ApiInterceptor - postHandle method is invoked /api/employee GET 1.689764510987E12
14828 [Test worker] INFO  c.s.p.interceptor.ApiInterceptor - after completion is invoked Time took is 0.003 seconds.
14869 [Test worker] INFO  c.s.p.service.AddressServiceTest - Starting AddressServiceTest using Java 17.0.7 with PID 6788 (started by ssama in C:\Users\ssama\Desktop\project\springproject)
14870 [Test worker] DEBUG c.s.p.service.AddressServiceTest - Running with Spring Boot v3.1.1, Spring v6.0.10
14871 [Test worker] INFO  c.s.p.service.AddressServiceTest - No active profile set, falling back to 1 default profile: "default"
15699 [Test worker] INFO  c.s.p.service.AddressServiceTest - Started AddressServiceTest in 0.858 seconds (process running for 17.475)
15766 [Test worker] INFO  c.s.p.service.CourseServiceTest - Starting CourseServiceTest using Java 17.0.7 with PID 6788 (started by ssama in C:\Users\ssama\Desktop\project\springproject)
15766 [Test worker] DEBUG c.s.p.service.CourseServiceTest - Running with Spring Boot v3.1.1, Spring v6.0.10
15766 [Test worker] INFO  c.s.p.service.CourseServiceTest - No active profile set, falling back to 1 default profile: "default"
16552 [Test worker] INFO  c.s.p.service.CourseServiceTest - Started CourseServiceTest in 0.819 seconds (process running for 18.328)
16557 [Test worker] ERROR c.s.p.service.CourseServiceImpl - Invalid coursename
1382 [Test worker] INFO  c.s.p.service.EmployeeServiceTest - Starting EmployeeServiceTest using Java 17.0.7 with PID 29200 (started by ssama in C:\Users\ssama\Desktop\project\springproject)
1383 [Test worker] DEBUG c.s.p.service.EmployeeServiceTest - Running with Spring Boot v3.1.1, Spring v6.0.10
1384 [Test worker] INFO  c.s.p.service.EmployeeServiceTest - No active profile set, falling back to 1 default profile: "default"
1173 [Test worker] INFO  c.s.p.service.EmployeeServiceTest - Starting EmployeeServiceTest using Java 17.0.7 with PID 24928 (started by ssama in C:\Users\ssama\Desktop\project\springproject)
1174 [Test worker] DEBUG c.s.p.service.EmployeeServiceTest - Running with Spring Boot v3.1.1, Spring v6.0.10
1175 [Test worker] INFO  c.s.p.service.EmployeeServiceTest - No active profile set, falling back to 1 default profile: "default"
7420 [Test worker] INFO  c.s.p.service.EmployeeServiceTest - Started EmployeeServiceTest in 6.582 seconds (process running for 8.669)
7603 [Test worker] ERROR c.s.p.service.EmployeeServiceImpl - Employee with lastname sujith is not inserted
1189 [Test worker] INFO  c.s.p.service.EmployeeServiceTest - Starting EmployeeServiceTest using Java 17.0.7 with PID 5632 (started by ssama in C:\Users\ssama\Desktop\project\springproject)
1191 [Test worker] DEBUG c.s.p.service.EmployeeServiceTest - Running with Spring Boot v3.1.1, Spring v6.0.10
1192 [Test worker] INFO  c.s.p.service.EmployeeServiceTest - No active profile set, falling back to 1 default profile: "default"
7983 [Test worker] INFO  c.s.p.service.EmployeeServiceTest - Started EmployeeServiceTest in 7.162 seconds (process running for 9.25)
8116 [Test worker] ERROR c.s.p.service.EmployeeServiceImpl - Employee with lastname null is not inserted
1159 [Test worker] INFO  c.s.p.service.EmployeeServiceTest - Starting EmployeeServiceTest using Java 17.0.7 with PID 8056 (started by ssama in C:\Users\ssama\Desktop\project\springproject)
1160 [Test worker] DEBUG c.s.p.service.EmployeeServiceTest - Running with Spring Boot v3.1.1, Spring v6.0.10
1162 [Test worker] INFO  c.s.p.service.EmployeeServiceTest - No active profile set, falling back to 1 default profile: "default"
8610 [Test worker] INFO  c.s.p.service.EmployeeServiceTest - Started EmployeeServiceTest in 7.792 seconds (process running for 9.714)
1142 [Test worker] INFO  c.s.p.service.EmployeeServiceTest - Starting EmployeeServiceTest using Java 17.0.7 with PID 28448 (started by ssama in C:\Users\ssama\Desktop\project\springproject)
1143 [Test worker] DEBUG c.s.p.service.EmployeeServiceTest - Running with Spring Boot v3.1.1, Spring v6.0.10
1144 [Test worker] INFO  c.s.p.service.EmployeeServiceTest - No active profile set, falling back to 1 default profile: "default"
8890 [Test worker] INFO  c.s.p.service.EmployeeServiceTest - Started EmployeeServiceTest in 8.092 seconds (process running for 9.962)
9067 [Test worker] ERROR c.s.p.service.EmployeeServiceImpl - Employee with lastname sujith is not inserted
1272 [Test worker] INFO  c.s.p.service.EmployeeServiceTest - Starting EmployeeServiceTest using Java 17.0.7 with PID 30900 (started by ssama in C:\Users\ssama\Desktop\project\springproject)
1273 [Test worker] DEBUG c.s.p.service.EmployeeServiceTest - Running with Spring Boot v3.1.1, Spring v6.0.10
1274 [Test worker] INFO  c.s.p.service.EmployeeServiceTest - No active profile set, falling back to 1 default profile: "default"
8340 [Test worker] INFO  c.s.p.service.EmployeeServiceTest - Started EmployeeServiceTest in 7.502 seconds (process running for 9.547)
8475 [Test worker] ERROR c.s.p.service.EmployeeServiceImpl - Employee with lastname sujith is not inserted
1766 [Test worker] INFO  c.s.p.c.AddressControllerTest - Starting AddressControllerTest using Java 17.0.7 with PID 29320 (started by ssama in C:\Users\ssama\Desktop\project\springproject)
1767 [Test worker] DEBUG c.s.p.c.AddressControllerTest - Running with Spring Boot v3.1.1, Spring v6.0.10
1769 [Test worker] INFO  c.s.p.c.AddressControllerTest - No active profile set, falling back to 1 default profile: "default"
10764 [Test worker] INFO  c.s.p.c.AddressControllerTest - Started AddressControllerTest in 9.518 seconds (process running for 12.617)
10882 [Test worker] INFO  c.s.p.interceptor.ApiInterceptor - preHandle method is invoked /api/address GET 1.689764847951E12
11091 [Test worker] INFO  c.s.p.interceptor.ApiInterceptor - postHandle method is invoked /api/address GET 1.68976484816E12
11095 [Test worker] INFO  c.s.p.interceptor.ApiInterceptor - after completion is invoked Time took is 0.209 seconds.
11136 [Test worker] INFO  c.s.p.interceptor.ApiInterceptor - preHandle method is invoked /api/address GET 1.689764848205E12
11165 [Test worker] INFO  c.s.p.interceptor.ApiInterceptor - after completion is invoked Time took is -0.045 seconds.
11281 [Test worker] INFO  c.s.p.c.CourseControllerTest - Starting CourseControllerTest using Java 17.0.7 with PID 29320 (started by ssama in C:\Users\ssama\Desktop\project\springproject)
11281 [Test worker] DEBUG c.s.p.c.CourseControllerTest - Running with Spring Boot v3.1.1, Spring v6.0.10
11281 [Test worker] INFO  c.s.p.c.CourseControllerTest - No active profile set, falling back to 1 default profile: "default"
12091 [Test worker] INFO  c.s.p.c.CourseControllerTest - Started CourseControllerTest in 0.836 seconds (process running for 13.945)
12098 [Test worker] INFO  c.s.p.interceptor.ApiInterceptor - preHandle method is invoked /api/courses GET 1.689764849167E12
12103 [Test worker] INFO  c.s.p.interceptor.ApiInterceptor - postHandle method is invoked /api/courses GET 1.689764849172E12
12104 [Test worker] INFO  c.s.p.interceptor.ApiInterceptor - after completion is invoked Time took is 0.005 seconds.
12113 [Test worker] INFO  c.s.p.interceptor.ApiInterceptor - preHandle method is invoked /api/courses/insertMany POST 1.689764849182E12
12194 [Test worker] INFO  c.s.p.interceptor.ApiInterceptor - postHandle method is invoked /api/courses/insertMany POST 1.689764849263E12
12195 [Test worker] INFO  c.s.p.interceptor.ApiInterceptor - after completion is invoked Time took is 0.081 seconds.
12201 [Test worker] INFO  c.s.p.interceptor.ApiInterceptor - preHandle method is invoked /api/courses POST 1.68976484927E12
12206 [Test worker] INFO  c.s.p.interceptor.ApiInterceptor - after completion is invoked Time took is -0.007 seconds.
12212 [Test worker] INFO  c.s.p.interceptor.ApiInterceptor - preHandle method is invoked /api/courses POST 1.689764849281E12
12217 [Test worker] INFO  c.s.p.interceptor.ApiInterceptor - postHandle method is invoked /api/courses POST 1.689764849286E12
12218 [Test worker] INFO  c.s.p.interceptor.ApiInterceptor - after completion is invoked Time took is 0.005 seconds.
12222 [Test worker] INFO  c.s.p.interceptor.ApiInterceptor - preHandle method is invoked /api/courses GET 1.689764849291E12
12224 [Test worker] INFO  c.s.p.interceptor.ApiInterceptor - after completion is invoked Time took is -0.005 seconds.
12232 [Test worker] INFO  c.s.p.interceptor.ApiInterceptor - preHandle method is invoked /api/courses/insertMany POST 1.689764849301E12
12235 [Test worker] INFO  c.s.p.interceptor.ApiInterceptor - after completion is invoked Time took is -0.015 seconds.
12268 [Test worker] INFO  c.s.p.c.EmployeeControllerTest - Starting EmployeeControllerTest using Java 17.0.7 with PID 29320 (started by ssama in C:\Users\ssama\Desktop\project\springproject)
12268 [Test worker] DEBUG c.s.p.c.EmployeeControllerTest - Running with Spring Boot v3.1.1, Spring v6.0.10
12268 [Test worker] INFO  c.s.p.c.EmployeeControllerTest - No active profile set, falling back to 1 default profile: "default"
12952 [Test worker] INFO  c.s.p.c.EmployeeControllerTest - Started EmployeeControllerTest in 0.707 seconds (process running for 14.805)
12957 [Test worker] INFO  c.s.p.interceptor.ApiInterceptor - preHandle method is invoked /api/employee/15 GET 1.689764850026E12
12970 [Test worker] INFO  c.s.p.interceptor.ApiInterceptor - preHandle method is invoked /api/employee/department GET 1.689764850039E12
12985 [Test worker] INFO  c.s.p.interceptor.ApiInterceptor - postHandle method is invoked /api/employee/department GET 1.689764850054E12
12987 [Test worker] INFO  c.s.p.interceptor.ApiInterceptor - after completion is invoked Time took is 0.015 seconds.
12991 [Test worker] INFO  c.s.p.interceptor.ApiInterceptor - preHandle method is invoked /api/employee/maxSalary GET 1.68976485006E12
12992 [Test worker] INFO  c.s.p.interceptor.ApiInterceptor - postHandle method is invoked /api/employee/maxSalary GET 1.689764850061E12
12994 [Test worker] INFO  c.s.p.interceptor.ApiInterceptor - after completion is invoked Time took is 0.001 seconds.
13012 [Test worker] INFO  c.s.p.interceptor.ApiInterceptor - preHandle method is invoked /api/employee/updateSalaryById PUT 1.689764850081E12
13016 [Test worker] INFO  c.s.p.interceptor.ApiInterceptor - postHandle method is invoked /api/employee/updateSalaryById PUT 1.689764850085E12
13016 [Test worker] INFO  c.s.p.interceptor.ApiInterceptor - after completion is invoked Time took is 0.004 seconds.
13025 [Test worker] INFO  c.s.p.interceptor.ApiInterceptor - preHandle method is invoked /api/employee/findAll GET 1.689764850094E12
13026 [Test worker] INFO  c.s.p.interceptor.ApiInterceptor - postHandle method is invoked /api/employee/findAll GET 1.689764850095E12
13027 [Test worker] INFO  c.s.p.interceptor.ApiInterceptor - after completion is invoked Time took is 0.001 seconds.
13031 [Test worker] INFO  c.s.p.interceptor.ApiInterceptor - preHandle method is invoked /api/employee/course GET 1.6897648501E12
13033 [Test worker] INFO  c.s.p.interceptor.ApiInterceptor - postHandle method is invoked /api/employee/course GET 1.689764850102E12
13033 [Test worker] INFO  c.s.p.interceptor.ApiInterceptor - after completion is invoked Time took is 0.002 seconds.
13040 [Test worker] INFO  c.s.p.interceptor.ApiInterceptor - preHandle method is invoked /api/employee POST 1.689764850109E12
13046 [Test worker] INFO  c.s.p.interceptor.ApiInterceptor - postHandle method is invoked /api/employee POST 1.689764850115E12
13047 [Test worker] INFO  c.s.p.interceptor.ApiInterceptor - after completion is invoked Time took is 0.006 seconds.
13051 [Test worker] INFO  c.s.p.interceptor.ApiInterceptor - preHandle method is invoked /api/employee GET 1.68976485012E12
13053 [Test worker] INFO  c.s.p.interceptor.ApiInterceptor - after completion is invoked Time took is -0.005 seconds.
13059 [Test worker] INFO  c.s.p.interceptor.ApiInterceptor - preHandle method is invoked /api/employee PUT 1.689764850128E12
13062 [Test worker] INFO  c.s.p.interceptor.ApiInterceptor - after completion is invoked Time took is -0.013 seconds.
13068 [Test worker] INFO  c.s.p.interceptor.ApiInterceptor - preHandle method is invoked /api/employee GET 1.689764850137E12
13090 [Test worker] INFO  c.s.p.interceptor.ApiInterceptor - after completion is invoked Time took is -0.022 seconds.
13094 [Test worker] INFO  c.s.p.interceptor.ApiInterceptor - preHandle method is invoked /api/employee/1 DELETE 1.689764850163E12
13096 [Test worker] INFO  c.s.p.interceptor.ApiInterceptor - postHandle method is invoked /api/employee/1 DELETE 1.689764850165E12
13096 [Test worker] INFO  c.s.p.interceptor.ApiInterceptor - after completion is invoked Time took is 0.002 seconds.
13100 [Test worker] INFO  c.s.p.interceptor.ApiInterceptor - preHandle method is invoked /api/employee/department/maxSalary GET 1.689764850169E12
13102 [Test worker] INFO  c.s.p.interceptor.ApiInterceptor - after completion is invoked Time took is -0.004 seconds.
13107 [Test worker] INFO  c.s.p.interceptor.ApiInterceptor - preHandle method is invoked /api/employee/maxSalary GET 1.689764850176E12
13108 [Test worker] INFO  c.s.p.interceptor.ApiInterceptor - after completion is invoked Time took is -0.011 seconds.
13112 [Test worker] INFO  c.s.p.interceptor.ApiInterceptor - preHandle method is invoked /api/employee PUT 1.689764850181E12
13114 [Test worker] INFO  c.s.p.interceptor.ApiInterceptor - postHandle method is invoked /api/employee PUT 1.689764850183E12
13115 [Test worker] INFO  c.s.p.interceptor.ApiInterceptor - after completion is invoked Time took is 0.002 seconds.
13121 [Test worker] INFO  c.s.p.interceptor.ApiInterceptor - preHandle method is invoked /api/employee/insertAll POST 1.68976485019E12
13126 [Test worker] INFO  c.s.p.interceptor.ApiInterceptor - postHandle method is invoked /api/employee/insertAll POST 1.689764850195E12
13126 [Test worker] INFO  c.s.p.interceptor.ApiInterceptor - after completion is invoked Time took is 0.005 seconds.
13130 [Test worker] INFO  c.s.p.interceptor.ApiInterceptor - preHandle method is invoked /api/employee/1 DELETE 1.689764850199E12
13132 [Test worker] INFO  c.s.p.interceptor.ApiInterceptor - after completion is invoked Time took is -0.004 seconds.
13136 [Test worker] INFO  c.s.p.interceptor.ApiInterceptor - preHandle method is invoked /api/employee/1 GET 1.689764850205E12
13140 [Test worker] INFO  c.s.p.interceptor.ApiInterceptor - postHandle method is invoked /api/employee/1 GET 1.689764850209E12
13140 [Test worker] INFO  c.s.p.interceptor.ApiInterceptor - after completion is invoked Time took is 0.004 seconds.
13145 [Test worker] INFO  c.s.p.interceptor.ApiInterceptor - preHandle method is invoked /api/employee/department GET 1.689764850214E12
13146 [Test worker] INFO  c.s.p.interceptor.ApiInterceptor - after completion is invoked Time took is -0.005 seconds.
13152 [Test worker] INFO  c.s.p.interceptor.ApiInterceptor - preHandle method is invoked /api/employee/0 GET 1.689764850221E12
13154 [Test worker] INFO  c.s.p.interceptor.ApiInterceptor - after completion is invoked Time took is -0.012 seconds.
13159 [Test worker] INFO  c.s.p.interceptor.ApiInterceptor - preHandle method is invoked /api/employee/findAll GET 1.689764850228E12
13161 [Test worker] INFO  c.s.p.interceptor.ApiInterceptor - after completion is invoked Time took is -0.019 seconds.
13166 [Test worker] INFO  c.s.p.interceptor.ApiInterceptor - preHandle method is invoked /api/employee/course GET 1.689764850235E12
13168 [Test worker] INFO  c.s.p.interceptor.ApiInterceptor - after completion is invoked Time took is -0.026 seconds.
13172 [Test worker] INFO  c.s.p.interceptor.ApiInterceptor - preHandle method is invoked /api/employee/updateSalaryById PUT 1.689764850241E12
13174 [Test worker] INFO  c.s.p.interceptor.ApiInterceptor - after completion is invoked Time took is -0.032 seconds.
13178 [Test worker] INFO  c.s.p.interceptor.ApiInterceptor - preHandle method is invoked /api/employee/department/maxSalary GET 1.689764850247E12
13179 [Test worker] INFO  c.s.p.interceptor.ApiInterceptor - postHandle method is invoked /api/employee/department/maxSalary GET 1.689764850248E12
13180 [Test worker] INFO  c.s.p.interceptor.ApiInterceptor - after completion is invoked Time took is 0.001 seconds.
13184 [Test worker] INFO  c.s.p.interceptor.ApiInterceptor - preHandle method is invoked /api/employee GET 1.689764850253E12
13185 [Test worker] INFO  c.s.p.interceptor.ApiInterceptor - postHandle method is invoked /api/employee GET 1.689764850254E12
13186 [Test worker] INFO  c.s.p.interceptor.ApiInterceptor - after completion is invoked Time took is 0.001 seconds.
13219 [Test worker] INFO  c.s.p.service.AddressServiceTest - Starting AddressServiceTest using Java 17.0.7 with PID 29320 (started by ssama in C:\Users\ssama\Desktop\project\springproject)
13220 [Test worker] DEBUG c.s.p.service.AddressServiceTest - Running with Spring Boot v3.1.1, Spring v6.0.10
13220 [Test worker] INFO  c.s.p.service.AddressServiceTest - No active profile set, falling back to 1 default profile: "default"
13901 [Test worker] INFO  c.s.p.service.AddressServiceTest - Started AddressServiceTest in 0.701 seconds (process running for 15.754)
13966 [Test worker] INFO  c.s.p.service.CourseServiceTest - Starting CourseServiceTest using Java 17.0.7 with PID 29320 (started by ssama in C:\Users\ssama\Desktop\project\springproject)
13967 [Test worker] DEBUG c.s.p.service.CourseServiceTest - Running with Spring Boot v3.1.1, Spring v6.0.10
13967 [Test worker] INFO  c.s.p.service.CourseServiceTest - No active profile set, falling back to 1 default profile: "default"
14553 [Test worker] INFO  c.s.p.service.CourseServiceTest - Started CourseServiceTest in 0.605 seconds (process running for 16.407)
14558 [Test worker] ERROR c.s.p.service.CourseServiceImpl - Invalid coursename
14603 [Test worker] INFO  c.s.p.service.EmployeeServiceTest - Starting EmployeeServiceTest using Java 17.0.7 with PID 29320 (started by ssama in C:\Users\ssama\Desktop\project\springproject)
14604 [Test worker] DEBUG c.s.p.service.EmployeeServiceTest - Running with Spring Boot v3.1.1, Spring v6.0.10
14604 [Test worker] INFO  c.s.p.service.EmployeeServiceTest - No active profile set, falling back to 1 default profile: "default"
15145 [Test worker] INFO  c.s.p.service.EmployeeServiceTest - Started EmployeeServiceTest in 0.556 seconds (process running for 16.998)
15181 [Test worker] INFO  c.s.p.service.EmployeeServiceImpl - Course already exists !
15181 [Test worker] INFO  c.s.p.service.EmployeeServiceImpl - Course already exists !
15202 [Test worker] INFO  c.s.p.service.EmployeeServiceImpl - Course already exists !
15202 [Test worker] INFO  c.s.p.service.EmployeeServiceImpl - Course already exists !
15214 [Test worker] ERROR c.s.p.service.EmployeeServiceImpl - Employee with id : 0  does not exist ! 
15242 [Test worker] ERROR c.s.p.service.EmployeeServiceImpl - Employee with lastname sujith is not inserted
598  [restartedMain] INFO  c.sujith.project.ProjectApplication - Starting ProjectApplication using Java 17.0.7 with PID 5540 (C:\Users\ssama\Desktop\project\springproject\build\classes\java\main started by ssama in C:\Users\ssama\Desktop\project\springproject)
598  [restartedMain] DEBUG c.sujith.project.ProjectApplication - Running with Spring Boot v3.1.1, Spring v6.0.10
599  [restartedMain] INFO  c.sujith.project.ProjectApplication - No active profile set, falling back to 1 default profile: "default"
4290 [restartedMain] INFO  c.sujith.project.ProjectApplication - Started ProjectApplication in 4.038 seconds (process running for 4.642)
9792 [http-nio-8080-exec-2] INFO  c.s.p.interceptor.ApiInterceptor - preHandle method is invoked /api/employee/insertAll POST 1.689765300239E12
9906 [http-nio-8080-exec-2] ERROR c.s.p.service.EmployeeServiceImpl - Employee with lastname Doe is not inserted
10395 [http-nio-8080-exec-2] INFO  c.s.p.interceptor.ApiInterceptor - postHandle method is invoked /api/employee/insertAll POST 1.689765300842E12
10396 [http-nio-8080-exec-2] INFO  c.s.p.interceptor.ApiInterceptor - after completion is invoked Time took is 0.603 seconds.
14165 [http-nio-8080-exec-3] INFO  c.s.p.interceptor.ApiInterceptor - preHandle method is invoked /api/employee/course GET 1.689765304612E12
14223 [http-nio-8080-exec-3] INFO  c.s.p.interceptor.ApiInterceptor - postHandle method is invoked /api/employee/course GET 1.68976530467E12
14224 [http-nio-8080-exec-3] INFO  c.s.p.interceptor.ApiInterceptor - after completion is invoked Time took is 0.058 seconds.
24482 [http-nio-8080-exec-4] INFO  c.s.p.interceptor.ApiInterceptor - preHandle method is invoked /api/employee/course GET 1.689765314929E12
24491 [http-nio-8080-exec-4] INFO  c.s.p.interceptor.ApiInterceptor - postHandle method is invoked /api/employee/course GET 1.689765314938E12
24492 [http-nio-8080-exec-4] INFO  c.s.p.interceptor.ApiInterceptor - after completion is invoked Time took is 0.009 seconds.
2256 [Test worker] INFO  c.s.p.c.AddressControllerTest - Starting AddressControllerTest using Java 17.0.7 with PID 14916 (started by ssama in C:\Users\ssama\Desktop\project\springproject)
2257 [Test worker] DEBUG c.s.p.c.AddressControllerTest - Running with Spring Boot v3.1.1, Spring v6.0.10
2258 [Test worker] INFO  c.s.p.c.AddressControllerTest - No active profile set, falling back to 1 default profile: "default"
25238 [Test worker] INFO  c.s.p.c.AddressControllerTest - Started AddressControllerTest in 23.698 seconds (process running for 27.81)
25507 [Test worker] INFO  c.s.p.interceptor.ApiInterceptor - preHandle method is invoked /api/address GET 1.689765528248E12
25913 [Test worker] INFO  c.s.p.interceptor.ApiInterceptor - postHandle method is invoked /api/address GET 1.689765528654E12
25920 [Test worker] INFO  c.s.p.interceptor.ApiInterceptor - after completion is invoked Time took is 0.406 seconds.
25977 [Test worker] INFO  c.s.p.interceptor.ApiInterceptor - preHandle method is invoked /api/address GET 1.689765528718E12
26006 [Test worker] INFO  c.s.p.interceptor.ApiInterceptor - after completion is invoked Time took is -0.064 seconds.
26233 [Test worker] INFO  c.s.p.c.CourseControllerTest - Starting CourseControllerTest using Java 17.0.7 with PID 14916 (started by ssama in C:\Users\ssama\Desktop\project\springproject)
26234 [Test worker] DEBUG c.s.p.c.CourseControllerTest - Running with Spring Boot v3.1.1, Spring v6.0.10
26235 [Test worker] INFO  c.s.p.c.CourseControllerTest - No active profile set, falling back to 1 default profile: "default"
27716 [Test worker] INFO  c.s.p.c.CourseControllerTest - Started CourseControllerTest in 1.53 seconds (process running for 30.287)
27731 [Test worker] INFO  c.s.p.interceptor.ApiInterceptor - preHandle method is invoked /api/courses GET 1.689765530472E12
27741 [Test worker] INFO  c.s.p.interceptor.ApiInterceptor - postHandle method is invoked /api/courses GET 1.689765530482E12
27743 [Test worker] INFO  c.s.p.interceptor.ApiInterceptor - after completion is invoked Time took is 0.01 seconds.
27758 [Test worker] INFO  c.s.p.interceptor.ApiInterceptor - preHandle method is invoked /api/courses/insertMany POST 1.689765530499E12
27918 [Test worker] INFO  c.s.p.interceptor.ApiInterceptor - postHandle method is invoked /api/courses/insertMany POST 1.689765530659E12
27919 [Test worker] INFO  c.s.p.interceptor.ApiInterceptor - after completion is invoked Time took is 0.16 seconds.
27931 [Test worker] INFO  c.s.p.interceptor.ApiInterceptor - preHandle method is invoked /api/courses POST 1.689765530672E12
27949 [Test worker] INFO  c.s.p.interceptor.ApiInterceptor - after completion is invoked Time took is -0.013 seconds.
27966 [Test worker] INFO  c.s.p.interceptor.ApiInterceptor - preHandle method is invoked /api/courses POST 1.689765530707E12
27977 [Test worker] INFO  c.s.p.interceptor.ApiInterceptor - postHandle method is invoked /api/courses POST 1.689765530718E12
27978 [Test worker] INFO  c.s.p.interceptor.ApiInterceptor - after completion is invoked Time took is 0.011 seconds.
27990 [Test worker] INFO  c.s.p.interceptor.ApiInterceptor - preHandle method is invoked /api/courses GET 1.689765530731E12
27994 [Test worker] INFO  c.s.p.interceptor.ApiInterceptor - after completion is invoked Time took is -0.013 seconds.
28017 [Test worker] INFO  c.s.p.interceptor.ApiInterceptor - preHandle method is invoked /api/courses/insertMany POST 1.689765530758E12
28022 [Test worker] INFO  c.s.p.interceptor.ApiInterceptor - after completion is invoked Time took is -0.04 seconds.
28096 [Test worker] INFO  c.s.p.c.EmployeeControllerTest - Starting EmployeeControllerTest using Java 17.0.7 with PID 14916 (started by ssama in C:\Users\ssama\Desktop\project\springproject)
28096 [Test worker] DEBUG c.s.p.c.EmployeeControllerTest - Running with Spring Boot v3.1.1, Spring v6.0.10
28097 [Test worker] INFO  c.s.p.c.EmployeeControllerTest - No active profile set, falling back to 1 default profile: "default"
29307 [Test worker] INFO  c.s.p.c.EmployeeControllerTest - Started EmployeeControllerTest in 1.261 seconds (process running for 31.878)
29318 [Test worker] INFO  c.s.p.interceptor.ApiInterceptor - preHandle method is invoked /api/employee/15 GET 1.689765532059E12
29351 [Test worker] INFO  c.s.p.interceptor.ApiInterceptor - preHandle method is invoked /api/employee/department GET 1.689765532092E12
29384 [Test worker] INFO  c.s.p.interceptor.ApiInterceptor - postHandle method is invoked /api/employee/department GET 1.689765532125E12
29385 [Test worker] INFO  c.s.p.interceptor.ApiInterceptor - after completion is invoked Time took is 0.033 seconds.
29392 [Test worker] INFO  c.s.p.interceptor.ApiInterceptor - preHandle method is invoked /api/employee/maxSalary GET 1.689765532133E12
29396 [Test worker] INFO  c.s.p.interceptor.ApiInterceptor - postHandle method is invoked /api/employee/maxSalary GET 1.689765532137E12
29397 [Test worker] INFO  c.s.p.interceptor.ApiInterceptor - after completion is invoked Time took is 0.004 seconds.
29435 [Test worker] INFO  c.s.p.interceptor.ApiInterceptor - preHandle method is invoked /api/employee/updateSalaryById PUT 1.689765532176E12
29443 [Test worker] INFO  c.s.p.interceptor.ApiInterceptor - postHandle method is invoked /api/employee/updateSalaryById PUT 1.689765532184E12
29445 [Test worker] INFO  c.s.p.interceptor.ApiInterceptor - after completion is invoked Time took is 0.008 seconds.
29455 [Test worker] INFO  c.s.p.interceptor.ApiInterceptor - preHandle method is invoked /api/employee/findAll GET 1.689765532196E12
29459 [Test worker] INFO  c.s.p.interceptor.ApiInterceptor - postHandle method is invoked /api/employee/findAll GET 1.6897655322E12
29460 [Test worker] INFO  c.s.p.interceptor.ApiInterceptor - after completion is invoked Time took is 0.004 seconds.
29485 [Test worker] INFO  c.s.p.interceptor.ApiInterceptor - preHandle method is invoked /api/employee/course GET 1.689765532226E12
29490 [Test worker] INFO  c.s.p.interceptor.ApiInterceptor - postHandle method is invoked /api/employee/course GET 1.689765532231E12
29491 [Test worker] INFO  c.s.p.interceptor.ApiInterceptor - after completion is invoked Time took is 0.005 seconds.
29512 [Test worker] INFO  c.s.p.interceptor.ApiInterceptor - preHandle method is invoked /api/employee POST 1.689765532253E12
29527 [Test worker] INFO  c.s.p.interceptor.ApiInterceptor - postHandle method is invoked /api/employee POST 1.689765532268E12
29528 [Test worker] INFO  c.s.p.interceptor.ApiInterceptor - after completion is invoked Time took is 0.015 seconds.
29539 [Test worker] INFO  c.s.p.interceptor.ApiInterceptor - preHandle method is invoked /api/employee GET 1.68976553228E12
29545 [Test worker] INFO  c.s.p.interceptor.ApiInterceptor - after completion is invoked Time took is -0.012 seconds.
29556 [Test worker] INFO  c.s.p.interceptor.ApiInterceptor - preHandle method is invoked /api/employee PUT 1.689765532297E12
29562 [Test worker] INFO  c.s.p.interceptor.ApiInterceptor - after completion is invoked Time took is -0.029 seconds.
29572 [Test worker] INFO  c.s.p.interceptor.ApiInterceptor - preHandle method is invoked /api/employee GET 1.689765532313E12
29632 [Test worker] INFO  c.s.p.interceptor.ApiInterceptor - after completion is invoked Time took is -0.045 seconds.
29642 [Test worker] INFO  c.s.p.interceptor.ApiInterceptor - preHandle method is invoked /api/employee/1 DELETE 1.689765532383E12
29647 [Test worker] INFO  c.s.p.interceptor.ApiInterceptor - postHandle method is invoked /api/employee/1 DELETE 1.689765532388E12
29648 [Test worker] INFO  c.s.p.interceptor.ApiInterceptor - after completion is invoked Time took is 0.005 seconds.
29656 [Test worker] INFO  c.s.p.interceptor.ApiInterceptor - preHandle method is invoked /api/employee/department/maxSalary GET 1.689765532397E12
29669 [Test worker] INFO  c.s.p.interceptor.ApiInterceptor - after completion is invoked Time took is -0.009 seconds.
29694 [Test worker] INFO  c.s.p.interceptor.ApiInterceptor - preHandle method is invoked /api/employee/maxSalary GET 1.689765532435E12
29706 [Test worker] INFO  c.s.p.interceptor.ApiInterceptor - after completion is invoked Time took is -0.047 seconds.
29717 [Test worker] INFO  c.s.p.interceptor.ApiInterceptor - preHandle method is invoked /api/employee PUT 1.689765532458E12
29720 [Test worker] INFO  c.s.p.interceptor.ApiInterceptor - postHandle method is invoked /api/employee PUT 1.689765532461E12
29721 [Test worker] INFO  c.s.p.interceptor.ApiInterceptor - after completion is invoked Time took is 0.003 seconds.
29729 [Test worker] INFO  c.s.p.interceptor.ApiInterceptor - preHandle method is invoked /api/employee/insertAll POST 1.68976553247E12
29746 [Test worker] INFO  c.s.p.interceptor.ApiInterceptor - postHandle method is invoked /api/employee/insertAll POST 1.689765532487E12
29747 [Test worker] INFO  c.s.p.interceptor.ApiInterceptor - after completion is invoked Time took is 0.017 seconds.
29757 [Test worker] INFO  c.s.p.interceptor.ApiInterceptor - preHandle method is invoked /api/employee/1 DELETE 1.689765532498E12
29761 [Test worker] INFO  c.s.p.interceptor.ApiInterceptor - after completion is invoked Time took is -0.011 seconds.
29769 [Test worker] INFO  c.s.p.interceptor.ApiInterceptor - preHandle method is invoked /api/employee/1 GET 1.68976553251E12
29777 [Test worker] INFO  c.s.p.interceptor.ApiInterceptor - postHandle method is invoked /api/employee/1 GET 1.689765532518E12
29778 [Test worker] INFO  c.s.p.interceptor.ApiInterceptor - after completion is invoked Time took is 0.008 seconds.
29784 [Test worker] INFO  c.s.p.interceptor.ApiInterceptor - preHandle method is invoked /api/employee/department GET 1.689765532525E12
29787 [Test worker] INFO  c.s.p.interceptor.ApiInterceptor - after completion is invoked Time took is -0.007 seconds.
29794 [Test worker] INFO  c.s.p.interceptor.ApiInterceptor - preHandle method is invoked /api/employee/0 GET 1.689765532535E12
29796 [Test worker] INFO  c.s.p.interceptor.ApiInterceptor - after completion is invoked Time took is -0.017 seconds.
29803 [Test worker] INFO  c.s.p.interceptor.ApiInterceptor - preHandle method is invoked /api/employee/findAll GET 1.689765532544E12
29805 [Test worker] INFO  c.s.p.interceptor.ApiInterceptor - after completion is invoked Time took is -0.026 seconds.
29813 [Test worker] INFO  c.s.p.interceptor.ApiInterceptor - preHandle method is invoked /api/employee/course GET 1.689765532554E12
29817 [Test worker] INFO  c.s.p.interceptor.ApiInterceptor - after completion is invoked Time took is -0.036 seconds.
29824 [Test worker] INFO  c.s.p.interceptor.ApiInterceptor - preHandle method is invoked /api/employee/updateSalaryById PUT 1.689765532565E12
29828 [Test worker] INFO  c.s.p.interceptor.ApiInterceptor - after completion is invoked Time took is -0.047 seconds.
29834 [Test worker] INFO  c.s.p.interceptor.ApiInterceptor - preHandle method is invoked /api/employee/department/maxSalary GET 1.689765532575E12
29837 [Test worker] INFO  c.s.p.interceptor.ApiInterceptor - postHandle method is invoked /api/employee/department/maxSalary GET 1.689765532578E12
29838 [Test worker] INFO  c.s.p.interceptor.ApiInterceptor - after completion is invoked Time took is 0.003 seconds.
29844 [Test worker] INFO  c.s.p.interceptor.ApiInterceptor - preHandle method is invoked /api/employee GET 1.689765532585E12
29847 [Test worker] INFO  c.s.p.interceptor.ApiInterceptor - postHandle method is invoked /api/employee GET 1.689765532588E12
29848 [Test worker] INFO  c.s.p.interceptor.ApiInterceptor - after completion is invoked Time took is 0.003 seconds.
29936 [Test worker] INFO  c.s.p.service.AddressServiceTest - Starting AddressServiceTest using Java 17.0.7 with PID 14916 (started by ssama in C:\Users\ssama\Desktop\project\springproject)
29937 [Test worker] DEBUG c.s.p.service.AddressServiceTest - Running with Spring Boot v3.1.1, Spring v6.0.10
29937 [Test worker] INFO  c.s.p.service.AddressServiceTest - No active profile set, falling back to 1 default profile: "default"
31053 [Test worker] INFO  c.s.p.service.AddressServiceTest - Started AddressServiceTest in 1.164 seconds (process running for 33.624)
31157 [Test worker] INFO  c.s.p.service.CourseServiceTest - Starting CourseServiceTest using Java 17.0.7 with PID 14916 (started by ssama in C:\Users\ssama\Desktop\project\springproject)
31157 [Test worker] DEBUG c.s.p.service.CourseServiceTest - Running with Spring Boot v3.1.1, Spring v6.0.10
31157 [Test worker] INFO  c.s.p.service.CourseServiceTest - No active profile set, falling back to 1 default profile: "default"
32314 [Test worker] INFO  c.s.p.service.CourseServiceTest - Started CourseServiceTest in 1.186 seconds (process running for 34.885)
32322 [Test worker] ERROR c.s.p.service.CourseServiceImpl - Invalid coursename
32436 [Test worker] INFO  c.s.p.service.EmployeeServiceTest - Starting EmployeeServiceTest using Java 17.0.7 with PID 14916 (started by ssama in C:\Users\ssama\Desktop\project\springproject)
32437 [Test worker] DEBUG c.s.p.service.EmployeeServiceTest - Running with Spring Boot v3.1.1, Spring v6.0.10
32437 [Test worker] INFO  c.s.p.service.EmployeeServiceTest - No active profile set, falling back to 1 default profile: "default"
33543 [Test worker] INFO  c.s.p.service.EmployeeServiceTest - Started EmployeeServiceTest in 1.153 seconds (process running for 36.114)
33616 [Test worker] INFO  c.s.p.service.EmployeeServiceImpl - Course already exists !
33617 [Test worker] INFO  c.s.p.service.EmployeeServiceImpl - Course already exists !
33659 [Test worker] INFO  c.s.p.service.EmployeeServiceImpl - Course already exists !
33660 [Test worker] INFO  c.s.p.service.EmployeeServiceImpl - Course already exists !
33680 [Test worker] ERROR c.s.p.service.EmployeeServiceImpl - Employee with id : 0  does not exist ! 
33729 [Test worker] ERROR c.s.p.service.EmployeeServiceImpl - Employee with lastname sujith is not inserted
4125 [Test worker] INFO  c.s.p.c.AddressControllerTest - Starting AddressControllerTest using Java 17.0.7 with PID 1244 (started by ssama in C:\Users\ssama\Desktop\project\springproject)
4127 [Test worker] DEBUG c.s.p.c.AddressControllerTest - Running with Spring Boot v3.1.1, Spring v6.0.10
4129 [Test worker] INFO  c.s.p.c.AddressControllerTest - No active profile set, falling back to 1 default profile: "default"
19865 [Test worker] INFO  c.s.p.c.AddressControllerTest - Started AddressControllerTest in 17.268 seconds (process running for 23.08)
20102 [Test worker] INFO  c.s.p.interceptor.ApiInterceptor - preHandle method is invoked /api/address GET 1.689765588072E12
20442 [Test worker] INFO  c.s.p.interceptor.ApiInterceptor - postHandle method is invoked /api/address GET 1.689765588412E12
20447 [Test worker] INFO  c.s.p.interceptor.ApiInterceptor - after completion is invoked Time took is 0.34 seconds.
20492 [Test worker] INFO  c.s.p.interceptor.ApiInterceptor - preHandle method is invoked /api/address GET 1.689765588462E12
20518 [Test worker] INFO  c.s.p.interceptor.ApiInterceptor - after completion is invoked Time took is -0.05 seconds.
20772 [Test worker] INFO  c.s.p.c.CourseControllerTest - Starting CourseControllerTest using Java 17.0.7 with PID 1244 (started by ssama in C:\Users\ssama\Desktop\project\springproject)
20773 [Test worker] DEBUG c.s.p.c.CourseControllerTest - Running with Spring Boot v3.1.1, Spring v6.0.10
20774 [Test worker] INFO  c.s.p.c.CourseControllerTest - No active profile set, falling back to 1 default profile: "default"
21952 [Test worker] INFO  c.s.p.c.CourseControllerTest - Started CourseControllerTest in 1.238 seconds (process running for 25.167)
21962 [Test worker] INFO  c.s.p.interceptor.ApiInterceptor - preHandle method is invoked /api/courses GET 1.689765589932E12
21970 [Test worker] INFO  c.s.p.interceptor.ApiInterceptor - postHandle method is invoked /api/courses GET 1.68976558994E12
21971 [Test worker] INFO  c.s.p.interceptor.ApiInterceptor - after completion is invoked Time took is 0.008 seconds.
21985 [Test worker] INFO  c.s.p.interceptor.ApiInterceptor - preHandle method is invoked /api/courses/insertMany POST 1.689765589955E12
22175 [Test worker] INFO  c.s.p.interceptor.ApiInterceptor - postHandle method is invoked /api/courses/insertMany POST 1.689765590145E12
22176 [Test worker] INFO  c.s.p.interceptor.ApiInterceptor - after completion is invoked Time took is 0.19 seconds.
22187 [Test worker] INFO  c.s.p.interceptor.ApiInterceptor - preHandle method is invoked /api/courses POST 1.689765590157E12
22202 [Test worker] INFO  c.s.p.interceptor.ApiInterceptor - after completion is invoked Time took is -0.012 seconds.
22212 [Test worker] INFO  c.s.p.interceptor.ApiInterceptor - preHandle method is invoked /api/courses POST 1.689765590182E12
22224 [Test worker] INFO  c.s.p.interceptor.ApiInterceptor - postHandle method is invoked /api/courses POST 1.689765590194E12
22225 [Test worker] INFO  c.s.p.interceptor.ApiInterceptor - after completion is invoked Time took is 0.012 seconds.
22240 [Test worker] INFO  c.s.p.interceptor.ApiInterceptor - preHandle method is invoked /api/courses GET 1.68976559021E12
22244 [Test worker] INFO  c.s.p.interceptor.ApiInterceptor - after completion is invoked Time took is -0.016 seconds.
22263 [Test worker] INFO  c.s.p.interceptor.ApiInterceptor - preHandle method is invoked /api/courses/insertMany POST 1.689765590233E12
22268 [Test worker] INFO  c.s.p.interceptor.ApiInterceptor - after completion is invoked Time took is -0.039 seconds.
22345 [Test worker] INFO  c.s.p.c.EmployeeControllerTest - Starting EmployeeControllerTest using Java 17.0.7 with PID 1244 (started by ssama in C:\Users\ssama\Desktop\project\springproject)
22346 [Test worker] DEBUG c.s.p.c.EmployeeControllerTest - Running with Spring Boot v3.1.1, Spring v6.0.10
22347 [Test worker] INFO  c.s.p.c.EmployeeControllerTest - No active profile set, falling back to 1 default profile: "default"
23528 [Test worker] INFO  c.s.p.c.EmployeeControllerTest - Started EmployeeControllerTest in 1.237 seconds (process running for 26.743)
23539 [Test worker] INFO  c.s.p.interceptor.ApiInterceptor - preHandle method is invoked /api/employee/15 GET 1.689765591509E12
23560 [Test worker] INFO  c.s.p.interceptor.ApiInterceptor - preHandle method is invoked /api/employee/department GET 1.68976559153E12
23579 [Test worker] INFO  c.s.p.interceptor.ApiInterceptor - postHandle method is invoked /api/employee/department GET 1.689765591549E12
23581 [Test worker] INFO  c.s.p.interceptor.ApiInterceptor - after completion is invoked Time took is 0.019 seconds.
23589 [Test worker] INFO  c.s.p.interceptor.ApiInterceptor - preHandle method is invoked /api/employee/maxSalary GET 1.689765591559E12
23591 [Test worker] INFO  c.s.p.interceptor.ApiInterceptor - postHandle method is invoked /api/employee/maxSalary GET 1.689765591561E12
23593 [Test worker] INFO  c.s.p.interceptor.ApiInterceptor - after completion is invoked Time took is 0.002 seconds.
23625 [Test worker] INFO  c.s.p.interceptor.ApiInterceptor - preHandle method is invoked /api/employee/updateSalaryById PUT 1.689765591595E12
23631 [Test worker] INFO  c.s.p.interceptor.ApiInterceptor - postHandle method is invoked /api/employee/updateSalaryById PUT 1.6897655916E12
23631 [Test worker] INFO  c.s.p.interceptor.ApiInterceptor - after completion is invoked Time took is 0.005 seconds.
23642 [Test worker] INFO  c.s.p.interceptor.ApiInterceptor - preHandle method is invoked /api/employee/findAll GET 1.689765591612E12
23644 [Test worker] INFO  c.s.p.interceptor.ApiInterceptor - postHandle method is invoked /api/employee/findAll GET 1.689765591614E12
23645 [Test worker] INFO  c.s.p.interceptor.ApiInterceptor - after completion is invoked Time took is 0.002 seconds.
23658 [Test worker] INFO  c.s.p.interceptor.ApiInterceptor - preHandle method is invoked /api/employee/course GET 1.689765591628E12
23660 [Test worker] INFO  c.s.p.interceptor.ApiInterceptor - postHandle method is invoked /api/employee/course GET 1.68976559163E12
23661 [Test worker] INFO  c.s.p.interceptor.ApiInterceptor - after completion is invoked Time took is 0.002 seconds.
23669 [Test worker] INFO  c.s.p.interceptor.ApiInterceptor - preHandle method is invoked /api/employee POST 1.689765591639E12
23678 [Test worker] INFO  c.s.p.interceptor.ApiInterceptor - postHandle method is invoked /api/employee POST 1.689765591648E12
23679 [Test worker] INFO  c.s.p.interceptor.ApiInterceptor - after completion is invoked Time took is 0.009 seconds.
23686 [Test worker] INFO  c.s.p.interceptor.ApiInterceptor - preHandle method is invoked /api/employee GET 1.689765591656E12
23691 [Test worker] INFO  c.s.p.interceptor.ApiInterceptor - after completion is invoked Time took is -0.008 seconds.
23698 [Test worker] INFO  c.s.p.interceptor.ApiInterceptor - preHandle method is invoked /api/employee PUT 1.689765591668E12
23702 [Test worker] INFO  c.s.p.interceptor.ApiInterceptor - after completion is invoked Time took is -0.02 seconds.
23707 [Test worker] INFO  c.s.p.interceptor.ApiInterceptor - preHandle method is invoked /api/employee GET 1.689765591677E12
23743 [Test worker] INFO  c.s.p.interceptor.ApiInterceptor - after completion is invoked Time took is -0.029 seconds.
23752 [Test worker] INFO  c.s.p.interceptor.ApiInterceptor - preHandle method is invoked /api/employee/1 DELETE 1.689765591722E12
23754 [Test worker] INFO  c.s.p.interceptor.ApiInterceptor - postHandle method is invoked /api/employee/1 DELETE 1.689765591724E12
23754 [Test worker] INFO  c.s.p.interceptor.ApiInterceptor - after completion is invoked Time took is 0.002 seconds.
23759 [Test worker] INFO  c.s.p.interceptor.ApiInterceptor - preHandle method is invoked /api/employee/department/maxSalary GET 1.689765591729E12
23762 [Test worker] INFO  c.s.p.interceptor.ApiInterceptor - after completion is invoked Time took is -0.005 seconds.
23769 [Test worker] INFO  c.s.p.interceptor.ApiInterceptor - preHandle method is invoked /api/employee/maxSalary GET 1.689765591739E12
23771 [Test worker] INFO  c.s.p.interceptor.ApiInterceptor - after completion is invoked Time took is -0.015 seconds.
23776 [Test worker] INFO  c.s.p.interceptor.ApiInterceptor - preHandle method is invoked /api/employee PUT 1.689765591746E12
23778 [Test worker] INFO  c.s.p.interceptor.ApiInterceptor - postHandle method is invoked /api/employee PUT 1.689765591748E12
23779 [Test worker] INFO  c.s.p.interceptor.ApiInterceptor - after completion is invoked Time took is 0.002 seconds.
23788 [Test worker] INFO  c.s.p.interceptor.ApiInterceptor - preHandle method is invoked /api/employee/insertAll POST 1.689765591758E12
23798 [Test worker] INFO  c.s.p.interceptor.ApiInterceptor - postHandle method is invoked /api/employee/insertAll POST 1.689765591768E12
23799 [Test worker] INFO  c.s.p.interceptor.ApiInterceptor - after completion is invoked Time took is 0.01 seconds.
23810 [Test worker] INFO  c.s.p.interceptor.ApiInterceptor - preHandle method is invoked /api/employee/1 DELETE 1.68976559178E12
23812 [Test worker] INFO  c.s.p.interceptor.ApiInterceptor - after completion is invoked Time took is -0.012 seconds.
23818 [Test worker] INFO  c.s.p.interceptor.ApiInterceptor - preHandle method is invoked /api/employee/1 GET 1.689765591788E12
23824 [Test worker] INFO  c.s.p.interceptor.ApiInterceptor - postHandle method is invoked /api/employee/1 GET 1.689765591794E12
23825 [Test worker] INFO  c.s.p.interceptor.ApiInterceptor - after completion is invoked Time took is 0.006 seconds.
23835 [Test worker] INFO  c.s.p.interceptor.ApiInterceptor - preHandle method is invoked /api/employee/department GET 1.689765591805E12
23838 [Test worker] INFO  c.s.p.interceptor.ApiInterceptor - after completion is invoked Time took is -0.011 seconds.
23849 [Test worker] INFO  c.s.p.interceptor.ApiInterceptor - preHandle method is invoked /api/employee/0 GET 1.689765591819E12
23851 [Test worker] INFO  c.s.p.interceptor.ApiInterceptor - after completion is invoked Time took is -0.025 seconds.
23859 [Test worker] INFO  c.s.p.interceptor.ApiInterceptor - preHandle method is invoked /api/employee/findAll GET 1.689765591829E12
23861 [Test worker] INFO  c.s.p.interceptor.ApiInterceptor - after completion is invoked Time took is -0.035 seconds.
23868 [Test worker] INFO  c.s.p.interceptor.ApiInterceptor - preHandle method is invoked /api/employee/course GET 1.689765591838E12
23871 [Test worker] INFO  c.s.p.interceptor.ApiInterceptor - after completion is invoked Time took is -0.044 seconds.
23877 [Test worker] INFO  c.s.p.interceptor.ApiInterceptor - preHandle method is invoked /api/employee/updateSalaryById PUT 1.689765591847E12
23879 [Test worker] INFO  c.s.p.interceptor.ApiInterceptor - after completion is invoked Time took is -0.053 seconds.
23888 [Test worker] INFO  c.s.p.interceptor.ApiInterceptor - preHandle method is invoked /api/employee/department/maxSalary GET 1.689765591858E12
23890 [Test worker] INFO  c.s.p.interceptor.ApiInterceptor - postHandle method is invoked /api/employee/department/maxSalary GET 1.68976559186E12
23891 [Test worker] INFO  c.s.p.interceptor.ApiInterceptor - after completion is invoked Time took is 0.002 seconds.
23896 [Test worker] INFO  c.s.p.interceptor.ApiInterceptor - preHandle method is invoked /api/employee GET 1.689765591866E12
23899 [Test worker] INFO  c.s.p.interceptor.ApiInterceptor - postHandle method is invoked /api/employee GET 1.689765591869E12
23900 [Test worker] INFO  c.s.p.interceptor.ApiInterceptor - after completion is invoked Time took is 0.003 seconds.
23964 [Test worker] INFO  c.s.p.service.AddressServiceTest - Starting AddressServiceTest using Java 17.0.7 with PID 1244 (started by ssama in C:\Users\ssama\Desktop\project\springproject)
23964 [Test worker] DEBUG c.s.p.service.AddressServiceTest - Running with Spring Boot v3.1.1, Spring v6.0.10
23965 [Test worker] INFO  c.s.p.service.AddressServiceTest - No active profile set, falling back to 1 default profile: "default"
24880 [Test worker] INFO  c.s.p.service.AddressServiceTest - Started AddressServiceTest in 0.951 seconds (process running for 28.095)
24985 [Test worker] INFO  c.s.p.service.CourseServiceTest - Starting CourseServiceTest using Java 17.0.7 with PID 1244 (started by ssama in C:\Users\ssama\Desktop\project\springproject)
24986 [Test worker] DEBUG c.s.p.service.CourseServiceTest - Running with Spring Boot v3.1.1, Spring v6.0.10
24986 [Test worker] INFO  c.s.p.service.CourseServiceTest - No active profile set, falling back to 1 default profile: "default"
25765 [Test worker] INFO  c.s.p.service.CourseServiceTest - Started CourseServiceTest in 0.813 seconds (process running for 28.98)
25771 [Test worker] ERROR c.s.p.service.CourseServiceImpl - Invalid coursename
25839 [Test worker] INFO  c.s.p.service.EmployeeServiceTest - Starting EmployeeServiceTest using Java 17.0.7 with PID 1244 (started by ssama in C:\Users\ssama\Desktop\project\springproject)
25840 [Test worker] DEBUG c.s.p.service.EmployeeServiceTest - Running with Spring Boot v3.1.1, Spring v6.0.10
25840 [Test worker] INFO  c.s.p.service.EmployeeServiceTest - No active profile set, falling back to 1 default profile: "default"
26885 [Test worker] INFO  c.s.p.service.EmployeeServiceTest - Started EmployeeServiceTest in 1.077 seconds (process running for 30.101)
26939 [Test worker] INFO  c.s.p.service.EmployeeServiceImpl - Course already exists !
26939 [Test worker] INFO  c.s.p.service.EmployeeServiceImpl - Course already exists !
26975 [Test worker] INFO  c.s.p.service.EmployeeServiceImpl - Course already exists !
26975 [Test worker] INFO  c.s.p.service.EmployeeServiceImpl - Course already exists !
26997 [Test worker] ERROR c.s.p.service.EmployeeServiceImpl - Employee with id : 0  does not exist ! 
27059 [Test worker] ERROR c.s.p.service.EmployeeServiceImpl - Employee with lastname sujith is not inserted
2003 [Test worker] INFO  c.s.p.c.AddressControllerTest - Starting AddressControllerTest using Java 17.0.7 with PID 25532 (started by ssama in C:\Users\ssama\Desktop\project\springproject)
2004 [Test worker] DEBUG c.s.p.c.AddressControllerTest - Running with Spring Boot v3.1.1, Spring v6.0.10
2005 [Test worker] INFO  c.s.p.c.AddressControllerTest - No active profile set, falling back to 1 default profile: "default"
12193 [Test worker] INFO  c.s.p.c.AddressControllerTest - Started AddressControllerTest in 10.751 seconds (process running for 13.97)
12405 [Test worker] INFO  c.s.p.interceptor.ApiInterceptor - preHandle method is invoked /api/address GET 1.68976629021E12
12679 [Test worker] INFO  c.s.p.interceptor.ApiInterceptor - postHandle method is invoked /api/address GET 1.689766290484E12
12683 [Test worker] INFO  c.s.p.interceptor.ApiInterceptor - after completion is invoked Time took is 0.274 seconds.
12716 [Test worker] INFO  c.s.p.interceptor.ApiInterceptor - preHandle method is invoked /api/address GET 1.689766290521E12
12736 [Test worker] INFO  c.s.p.interceptor.ApiInterceptor - after completion is invoked Time took is -0.037 seconds.
12875 [Test worker] INFO  c.s.p.c.CourseControllerTest - Starting CourseControllerTest using Java 17.0.7 with PID 25532 (started by ssama in C:\Users\ssama\Desktop\project\springproject)
12876 [Test worker] DEBUG c.s.p.c.CourseControllerTest - Running with Spring Boot v3.1.1, Spring v6.0.10
12876 [Test worker] INFO  c.s.p.c.CourseControllerTest - No active profile set, falling back to 1 default profile: "default"
13897 [Test worker] INFO  c.s.p.c.CourseControllerTest - Started CourseControllerTest in 1.05 seconds (process running for 15.674)
13909 [Test worker] INFO  c.s.p.interceptor.ApiInterceptor - preHandle method is invoked /api/courses GET 1.689766291714E12
13915 [Test worker] INFO  c.s.p.interceptor.ApiInterceptor - postHandle method is invoked /api/courses GET 1.68976629172E12
13916 [Test worker] INFO  c.s.p.interceptor.ApiInterceptor - after completion is invoked Time took is 0.006 seconds.
13929 [Test worker] INFO  c.s.p.interceptor.ApiInterceptor - preHandle method is invoked /api/courses/insertMany POST 1.689766291734E12
14062 [Test worker] INFO  c.s.p.interceptor.ApiInterceptor - postHandle method is invoked /api/courses/insertMany POST 1.689766291867E12
14062 [Test worker] INFO  c.s.p.interceptor.ApiInterceptor - after completion is invoked Time took is 0.133 seconds.
14068 [Test worker] INFO  c.s.p.interceptor.ApiInterceptor - preHandle method is invoked /api/courses POST 1.689766291873E12
14076 [Test worker] INFO  c.s.p.interceptor.ApiInterceptor - after completion is invoked Time took is -0.006 seconds.
14082 [Test worker] INFO  c.s.p.interceptor.ApiInterceptor - preHandle method is invoked /api/courses POST 1.689766291887E12
14089 [Test worker] INFO  c.s.p.interceptor.ApiInterceptor - postHandle method is invoked /api/courses POST 1.689766291894E12
14090 [Test worker] INFO  c.s.p.interceptor.ApiInterceptor - after completion is invoked Time took is 0.007 seconds.
14097 [Test worker] INFO  c.s.p.interceptor.ApiInterceptor - preHandle method is invoked /api/courses GET 1.689766291902E12
14099 [Test worker] INFO  c.s.p.interceptor.ApiInterceptor - after completion is invoked Time took is -0.008 seconds.
14109 [Test worker] INFO  c.s.p.interceptor.ApiInterceptor - preHandle method is invoked /api/courses/insertMany POST 1.689766291914E12
14111 [Test worker] INFO  c.s.p.interceptor.ApiInterceptor - after completion is invoked Time took is -0.02 seconds.
14154 [Test worker] INFO  c.s.p.c.EmployeeControllerTest - Starting EmployeeControllerTest using Java 17.0.7 with PID 25532 (started by ssama in C:\Users\ssama\Desktop\project\springproject)
14155 [Test worker] DEBUG c.s.p.c.EmployeeControllerTest - Running with Spring Boot v3.1.1, Spring v6.0.10
14155 [Test worker] INFO  c.s.p.c.EmployeeControllerTest - No active profile set, falling back to 1 default profile: "default"
15023 [Test worker] INFO  c.s.p.c.EmployeeControllerTest - Started EmployeeControllerTest in 0.897 seconds (process running for 16.8)
15032 [Test worker] INFO  c.s.p.interceptor.ApiInterceptor - preHandle method is invoked /api/employee/15 GET 1.689766292837E12
15053 [Test worker] INFO  c.s.p.interceptor.ApiInterceptor - preHandle method is invoked /api/employee/department GET 1.689766292858E12
15070 [Test worker] INFO  c.s.p.interceptor.ApiInterceptor - postHandle method is invoked /api/employee/department GET 1.689766292875E12
15071 [Test worker] INFO  c.s.p.interceptor.ApiInterceptor - after completion is invoked Time took is 0.017 seconds.
15078 [Test worker] INFO  c.s.p.interceptor.ApiInterceptor - preHandle method is invoked /api/employee/maxSalary GET 1.689766292883E12
15080 [Test worker] INFO  c.s.p.interceptor.ApiInterceptor - postHandle method is invoked /api/employee/maxSalary GET 1.689766292885E12
15080 [Test worker] INFO  c.s.p.interceptor.ApiInterceptor - after completion is invoked Time took is 0.002 seconds.
15105 [Test worker] INFO  c.s.p.interceptor.ApiInterceptor - preHandle method is invoked /api/employee/updateSalaryById PUT 1.68976629291E12
15110 [Test worker] INFO  c.s.p.interceptor.ApiInterceptor - postHandle method is invoked /api/employee/updateSalaryById PUT 1.689766292915E12
15110 [Test worker] INFO  c.s.p.interceptor.ApiInterceptor - after completion is invoked Time took is 0.005 seconds.
15116 [Test worker] INFO  c.s.p.interceptor.ApiInterceptor - preHandle method is invoked /api/employee/findAll GET 1.689766292921E12
15118 [Test worker] INFO  c.s.p.interceptor.ApiInterceptor - postHandle method is invoked /api/employee/findAll GET 1.689766292923E12
15118 [Test worker] INFO  c.s.p.interceptor.ApiInterceptor - after completion is invoked Time took is 0.002 seconds.
15125 [Test worker] INFO  c.s.p.interceptor.ApiInterceptor - preHandle method is invoked /api/employee/course GET 1.68976629293E12
15126 [Test worker] INFO  c.s.p.interceptor.ApiInterceptor - postHandle method is invoked /api/employee/course GET 1.689766292931E12
15127 [Test worker] INFO  c.s.p.interceptor.ApiInterceptor - after completion is invoked Time took is 0.001 seconds.
15137 [Test worker] INFO  c.s.p.interceptor.ApiInterceptor - preHandle method is invoked /api/employee POST 1.689766292942E12
15146 [Test worker] INFO  c.s.p.interceptor.ApiInterceptor - postHandle method is invoked /api/employee POST 1.689766292951E12
15146 [Test worker] INFO  c.s.p.interceptor.ApiInterceptor - after completion is invoked Time took is 0.009 seconds.
15152 [Test worker] INFO  c.s.p.interceptor.ApiInterceptor - preHandle method is invoked /api/employee GET 1.689766292957E12
15157 [Test worker] INFO  c.s.p.interceptor.ApiInterceptor - after completion is invoked Time took is -0.006 seconds.
15162 [Test worker] INFO  c.s.p.interceptor.ApiInterceptor - preHandle method is invoked /api/employee PUT 1.689766292967E12
15166 [Test worker] INFO  c.s.p.interceptor.ApiInterceptor - after completion is invoked Time took is -0.016 seconds.
15172 [Test worker] INFO  c.s.p.interceptor.ApiInterceptor - preHandle method is invoked /api/employee GET 1.689766292977E12
15204 [Test worker] INFO  c.s.p.interceptor.ApiInterceptor - after completion is invoked Time took is -0.026 seconds.
15211 [Test worker] INFO  c.s.p.interceptor.ApiInterceptor - preHandle method is invoked /api/employee/1 DELETE 1.689766293016E12
15215 [Test worker] INFO  c.s.p.interceptor.ApiInterceptor - postHandle method is invoked /api/employee/1 DELETE 1.68976629302E12
15215 [Test worker] INFO  c.s.p.interceptor.ApiInterceptor - after completion is invoked Time took is 0.004 seconds.
15223 [Test worker] INFO  c.s.p.interceptor.ApiInterceptor - preHandle method is invoked /api/employee/department/maxSalary GET 1.689766293028E12
15227 [Test worker] INFO  c.s.p.interceptor.ApiInterceptor - after completion is invoked Time took is -0.008 seconds.
15234 [Test worker] INFO  c.s.p.interceptor.ApiInterceptor - preHandle method is invoked /api/employee/maxSalary GET 1.689766293039E12
15237 [Test worker] INFO  c.s.p.interceptor.ApiInterceptor - after completion is invoked Time took is -0.019 seconds.
15242 [Test worker] INFO  c.s.p.interceptor.ApiInterceptor - preHandle method is invoked /api/employee PUT 1.689766293047E12
15245 [Test worker] INFO  c.s.p.interceptor.ApiInterceptor - postHandle method is invoked /api/employee PUT 1.68976629305E12
15245 [Test worker] INFO  c.s.p.interceptor.ApiInterceptor - after completion is invoked Time took is 0.003 seconds.
15253 [Test worker] INFO  c.s.p.interceptor.ApiInterceptor - preHandle method is invoked /api/employee/insertAll POST 1.689766293058E12
15262 [Test worker] INFO  c.s.p.interceptor.ApiInterceptor - postHandle method is invoked /api/employee/insertAll POST 1.689766293067E12
15263 [Test worker] INFO  c.s.p.interceptor.ApiInterceptor - after completion is invoked Time took is 0.009 seconds.
15271 [Test worker] INFO  c.s.p.interceptor.ApiInterceptor - preHandle method is invoked /api/employee/1 DELETE 1.689766293076E12
15274 [Test worker] INFO  c.s.p.interceptor.ApiInterceptor - after completion is invoked Time took is -0.009 seconds.
15282 [Test worker] INFO  c.s.p.interceptor.ApiInterceptor - preHandle method is invoked /api/employee/1 GET 1.689766293087E12
15288 [Test worker] INFO  c.s.p.interceptor.ApiInterceptor - postHandle method is invoked /api/employee/1 GET 1.689766293093E12
15290 [Test worker] INFO  c.s.p.interceptor.ApiInterceptor - after completion is invoked Time took is 0.006 seconds.
15299 [Test worker] INFO  c.s.p.interceptor.ApiInterceptor - preHandle method is invoked /api/employee/department GET 1.689766293104E12
15301 [Test worker] INFO  c.s.p.interceptor.ApiInterceptor - after completion is invoked Time took is -0.011 seconds.
15307 [Test worker] INFO  c.s.p.interceptor.ApiInterceptor - preHandle method is invoked /api/employee/0 GET 1.689766293112E12
15309 [Test worker] INFO  c.s.p.interceptor.ApiInterceptor - after completion is invoked Time took is -0.019 seconds.
15314 [Test worker] INFO  c.s.p.interceptor.ApiInterceptor - preHandle method is invoked /api/employee/findAll GET 1.689766293119E12
15315 [Test worker] INFO  c.s.p.interceptor.ApiInterceptor - after completion is invoked Time took is -0.026 seconds.
15319 [Test worker] INFO  c.s.p.interceptor.ApiInterceptor - preHandle method is invoked /api/employee/course GET 1.689766293124E12
15322 [Test worker] INFO  c.s.p.interceptor.ApiInterceptor - after completion is invoked Time took is -0.031 seconds.
15327 [Test worker] INFO  c.s.p.interceptor.ApiInterceptor - preHandle method is invoked /api/employee/updateSalaryById PUT 1.689766293132E12
15328 [Test worker] INFO  c.s.p.interceptor.ApiInterceptor - after completion is invoked Time took is -0.039 seconds.
15335 [Test worker] INFO  c.s.p.interceptor.ApiInterceptor - preHandle method is invoked /api/employee/department/maxSalary GET 1.68976629314E12
15337 [Test worker] INFO  c.s.p.interceptor.ApiInterceptor - postHandle method is invoked /api/employee/department/maxSalary GET 1.689766293142E12
15337 [Test worker] INFO  c.s.p.interceptor.ApiInterceptor - after completion is invoked Time took is 0.002 seconds.
15342 [Test worker] INFO  c.s.p.interceptor.ApiInterceptor - preHandle method is invoked /api/employee GET 1.689766293147E12
15344 [Test worker] INFO  c.s.p.interceptor.ApiInterceptor - postHandle method is invoked /api/employee GET 1.689766293149E12
15345 [Test worker] INFO  c.s.p.interceptor.ApiInterceptor - after completion is invoked Time took is 0.002 seconds.
15405 [Test worker] INFO  c.s.p.service.AddressServiceTest - Starting AddressServiceTest using Java 17.0.7 with PID 25532 (started by ssama in C:\Users\ssama\Desktop\project\springproject)
15406 [Test worker] DEBUG c.s.p.service.AddressServiceTest - Running with Spring Boot v3.1.1, Spring v6.0.10
15406 [Test worker] INFO  c.s.p.service.AddressServiceTest - No active profile set, falling back to 1 default profile: "default"
16197 [Test worker] INFO  c.s.p.service.AddressServiceTest - Started AddressServiceTest in 0.828 seconds (process running for 17.974)
16271 [Test worker] INFO  c.s.p.service.CourseServiceTest - Starting CourseServiceTest using Java 17.0.7 with PID 25532 (started by ssama in C:\Users\ssama\Desktop\project\springproject)
16271 [Test worker] DEBUG c.s.p.service.CourseServiceTest - Running with Spring Boot v3.1.1, Spring v6.0.10
16271 [Test worker] INFO  c.s.p.service.CourseServiceTest - No active profile set, falling back to 1 default profile: "default"
16934 [Test worker] INFO  c.s.p.service.CourseServiceTest - Started CourseServiceTest in 0.683 seconds (process running for 18.712)
16939 [Test worker] ERROR c.s.p.service.CourseServiceImpl - Invalid coursename
16998 [Test worker] INFO  c.s.p.service.EmployeeServiceTest - Starting EmployeeServiceTest using Java 17.0.7 with PID 25532 (started by ssama in C:\Users\ssama\Desktop\project\springproject)
16998 [Test worker] DEBUG c.s.p.service.EmployeeServiceTest - Running with Spring Boot v3.1.1, Spring v6.0.10
16998 [Test worker] INFO  c.s.p.service.EmployeeServiceTest - No active profile set, falling back to 1 default profile: "default"
17691 [Test worker] INFO  c.s.p.service.EmployeeServiceTest - Started EmployeeServiceTest in 0.713 seconds (process running for 19.468)
17739 [Test worker] INFO  c.s.p.service.EmployeeServiceImpl - Course already exists !
17739 [Test worker] INFO  c.s.p.service.EmployeeServiceImpl - Course already exists !
17776 [Test worker] INFO  c.s.p.service.EmployeeServiceImpl - Course already exists !
17777 [Test worker] INFO  c.s.p.service.EmployeeServiceImpl - Course already exists !
17798 [Test worker] ERROR c.s.p.service.EmployeeServiceImpl - Employee with id : 0  does not exist ! 
17841 [Test worker] ERROR c.s.p.service.EmployeeServiceImpl - Employee with lastname sujith is not inserted
2056 [Test worker] INFO  c.s.p.c.AddressControllerTest - Starting AddressControllerTest using Java 17.0.7 with PID 18992 (started by ssama in C:\Users\ssama\Desktop\project\springproject)
2057 [Test worker] DEBUG c.s.p.c.AddressControllerTest - Running with Spring Boot v3.1.1, Spring v6.0.10
2057 [Test worker] INFO  c.s.p.c.AddressControllerTest - No active profile set, falling back to 1 default profile: "default"
11176 [Test worker] INFO  c.s.p.c.AddressControllerTest - Started AddressControllerTest in 9.691 seconds (process running for 13.159)
11323 [Test worker] INFO  c.s.p.interceptor.ApiInterceptor - preHandle method is invoked /api/address GET 1.689766449205E12
11530 [Test worker] INFO  c.s.p.interceptor.ApiInterceptor - postHandle method is invoked /api/address GET 1.689766449412E12
11533 [Test worker] INFO  c.s.p.interceptor.ApiInterceptor - after completion is invoked Time took is 0.207 seconds.
11562 [Test worker] INFO  c.s.p.interceptor.ApiInterceptor - preHandle method is invoked /api/address GET 1.689766449444E12
11579 [Test worker] INFO  c.s.p.interceptor.ApiInterceptor - after completion is invoked Time took is -0.032 seconds.
11716 [Test worker] INFO  c.s.p.c.CourseControllerTest - Starting CourseControllerTest using Java 17.0.7 with PID 18992 (started by ssama in C:\Users\ssama\Desktop\project\springproject)
11716 [Test worker] DEBUG c.s.p.c.CourseControllerTest - Running with Spring Boot v3.1.1, Spring v6.0.10
11716 [Test worker] INFO  c.s.p.c.CourseControllerTest - No active profile set, falling back to 1 default profile: "default"
12502 [Test worker] INFO  c.s.p.c.CourseControllerTest - Started CourseControllerTest in 0.811 seconds (process running for 14.486)
12511 [Test worker] INFO  c.s.p.interceptor.ApiInterceptor - preHandle method is invoked /api/courses GET 1.689766450393E12
12516 [Test worker] INFO  c.s.p.interceptor.ApiInterceptor - postHandle method is invoked /api/courses GET 1.689766450398E12
12517 [Test worker] INFO  c.s.p.interceptor.ApiInterceptor - after completion is invoked Time took is 0.005 seconds.
12524 [Test worker] INFO  c.s.p.interceptor.ApiInterceptor - preHandle method is invoked /api/courses/insertMany POST 1.689766450406E12
12609 [Test worker] INFO  c.s.p.interceptor.ApiInterceptor - postHandle method is invoked /api/courses/insertMany POST 1.689766450491E12
12610 [Test worker] INFO  c.s.p.interceptor.ApiInterceptor - after completion is invoked Time took is 0.085 seconds.
12617 [Test worker] INFO  c.s.p.interceptor.ApiInterceptor - preHandle method is invoked /api/courses POST 1.689766450499E12
12630 [Test worker] INFO  c.s.p.interceptor.ApiInterceptor - after completion is invoked Time took is -0.008 seconds.
12638 [Test worker] INFO  c.s.p.interceptor.ApiInterceptor - preHandle method is invoked /api/courses POST 1.68976645052E12
12654 [Test worker] INFO  c.s.p.interceptor.ApiInterceptor - postHandle method is invoked /api/courses POST 1.689766450536E12
12655 [Test worker] INFO  c.s.p.interceptor.ApiInterceptor - after completion is invoked Time took is 0.016 seconds.
12663 [Test worker] INFO  c.s.p.interceptor.ApiInterceptor - preHandle method is invoked /api/courses GET 1.689766450545E12
12667 [Test worker] INFO  c.s.p.interceptor.ApiInterceptor - after completion is invoked Time took is -0.009 seconds.
12678 [Test worker] INFO  c.s.p.interceptor.ApiInterceptor - preHandle method is invoked /api/courses/insertMany POST 1.68976645056E12
12680 [Test worker] INFO  c.s.p.interceptor.ApiInterceptor - after completion is invoked Time took is -0.024 seconds.
12719 [Test worker] INFO  c.s.p.c.EmployeeControllerTest - Starting EmployeeControllerTest using Java 17.0.7 with PID 18992 (started by ssama in C:\Users\ssama\Desktop\project\springproject)
12719 [Test worker] DEBUG c.s.p.c.EmployeeControllerTest - Running with Spring Boot v3.1.1, Spring v6.0.10
12719 [Test worker] INFO  c.s.p.c.EmployeeControllerTest - No active profile set, falling back to 1 default profile: "default"
13382 [Test worker] INFO  c.s.p.c.EmployeeControllerTest - Started EmployeeControllerTest in 0.686 seconds (process running for 15.364)
13387 [Test worker] INFO  c.s.p.interceptor.ApiInterceptor - preHandle method is invoked /api/employee/15 GET 1.689766451269E12
13400 [Test worker] INFO  c.s.p.interceptor.ApiInterceptor - preHandle method is invoked /api/employee/department GET 1.689766451282E12
13414 [Test worker] INFO  c.s.p.interceptor.ApiInterceptor - postHandle method is invoked /api/employee/department GET 1.689766451296E12
13415 [Test worker] INFO  c.s.p.interceptor.ApiInterceptor - after completion is invoked Time took is 0.014 seconds.
13420 [Test worker] INFO  c.s.p.interceptor.ApiInterceptor - preHandle method is invoked /api/employee/maxSalary GET 1.689766451302E12
13421 [Test worker] INFO  c.s.p.interceptor.ApiInterceptor - postHandle method is invoked /api/employee/maxSalary GET 1.689766451303E12
13422 [Test worker] INFO  c.s.p.interceptor.ApiInterceptor - after completion is invoked Time took is 0.001 seconds.
13440 [Test worker] INFO  c.s.p.interceptor.ApiInterceptor - preHandle method is invoked /api/employee/updateSalaryById PUT 1.689766451322E12
13446 [Test worker] INFO  c.s.p.interceptor.ApiInterceptor - postHandle method is invoked /api/employee/updateSalaryById PUT 1.689766451328E12
13447 [Test worker] INFO  c.s.p.interceptor.ApiInterceptor - after completion is invoked Time took is 0.006 seconds.
13456 [Test worker] INFO  c.s.p.interceptor.ApiInterceptor - preHandle method is invoked /api/employee/findAll GET 1.689766451338E12
13460 [Test worker] INFO  c.s.p.interceptor.ApiInterceptor - postHandle method is invoked /api/employee/findAll GET 1.689766451342E12
13460 [Test worker] INFO  c.s.p.interceptor.ApiInterceptor - after completion is invoked Time took is 0.004 seconds.
13465 [Test worker] INFO  c.s.p.interceptor.ApiInterceptor - preHandle method is invoked /api/employee/course GET 1.689766451347E12
13467 [Test worker] INFO  c.s.p.interceptor.ApiInterceptor - postHandle method is invoked /api/employee/course GET 1.689766451349E12
13467 [Test worker] INFO  c.s.p.interceptor.ApiInterceptor - after completion is invoked Time took is 0.002 seconds.
13478 [Test worker] INFO  c.s.p.interceptor.ApiInterceptor - preHandle method is invoked /api/employee POST 1.68976645136E12
13483 [Test worker] INFO  c.s.p.interceptor.ApiInterceptor - postHandle method is invoked /api/employee POST 1.689766451365E12
13484 [Test worker] INFO  c.s.p.interceptor.ApiInterceptor - after completion is invoked Time took is 0.005 seconds.
13490 [Test worker] INFO  c.s.p.interceptor.ApiInterceptor - preHandle method is invoked /api/employee GET 1.689766451372E12
13494 [Test worker] INFO  c.s.p.interceptor.ApiInterceptor - after completion is invoked Time took is -0.007 seconds.
13501 [Test worker] INFO  c.s.p.interceptor.ApiInterceptor - preHandle method is invoked /api/employee PUT 1.689766451383E12
13504 [Test worker] INFO  c.s.p.interceptor.ApiInterceptor - after completion is invoked Time took is -0.018 seconds.
13514 [Test worker] INFO  c.s.p.interceptor.ApiInterceptor - preHandle method is invoked /api/employee GET 1.689766451396E12
13541 [Test worker] INFO  c.s.p.interceptor.ApiInterceptor - after completion is invoked Time took is -0.031 seconds.
13546 [Test worker] INFO  c.s.p.interceptor.ApiInterceptor - preHandle method is invoked /api/employee/1 DELETE 1.689766451428E12
13548 [Test worker] INFO  c.s.p.interceptor.ApiInterceptor - postHandle method is invoked /api/employee/1 DELETE 1.68976645143E12
13548 [Test worker] INFO  c.s.p.interceptor.ApiInterceptor - after completion is invoked Time took is 0.002 seconds.
13552 [Test worker] INFO  c.s.p.interceptor.ApiInterceptor - preHandle method is invoked /api/employee/department/maxSalary GET 1.689766451434E12
13555 [Test worker] INFO  c.s.p.interceptor.ApiInterceptor - after completion is invoked Time took is -0.004 seconds.
13559 [Test worker] INFO  c.s.p.interceptor.ApiInterceptor - preHandle method is invoked /api/employee/maxSalary GET 1.689766451441E12
13560 [Test worker] INFO  c.s.p.interceptor.ApiInterceptor - after completion is invoked Time took is -0.011 seconds.
13564 [Test worker] INFO  c.s.p.interceptor.ApiInterceptor - preHandle method is invoked /api/employee PUT 1.689766451446E12
13565 [Test worker] INFO  c.s.p.interceptor.ApiInterceptor - postHandle method is invoked /api/employee PUT 1.689766451447E12
13565 [Test worker] INFO  c.s.p.interceptor.ApiInterceptor - after completion is invoked Time took is 0.001 seconds.
13570 [Test worker] INFO  c.s.p.interceptor.ApiInterceptor - preHandle method is invoked /api/employee/insertAll POST 1.689766451452E12
13574 [Test worker] INFO  c.s.p.interceptor.ApiInterceptor - postHandle method is invoked /api/employee/insertAll POST 1.689766451456E12
13574 [Test worker] INFO  c.s.p.interceptor.ApiInterceptor - after completion is invoked Time took is 0.004 seconds.
13578 [Test worker] INFO  c.s.p.interceptor.ApiInterceptor - preHandle method is invoked /api/employee/1 DELETE 1.68976645146E12
13580 [Test worker] INFO  c.s.p.interceptor.ApiInterceptor - after completion is invoked Time took is -0.004 seconds.
13584 [Test worker] INFO  c.s.p.interceptor.ApiInterceptor - preHandle method is invoked /api/employee/1 GET 1.689766451466E12
13588 [Test worker] INFO  c.s.p.interceptor.ApiInterceptor - postHandle method is invoked /api/employee/1 GET 1.68976645147E12
13588 [Test worker] INFO  c.s.p.interceptor.ApiInterceptor - after completion is invoked Time took is 0.004 seconds.
13591 [Test worker] INFO  c.s.p.interceptor.ApiInterceptor - preHandle method is invoked /api/employee/department GET 1.689766451473E12
13593 [Test worker] INFO  c.s.p.interceptor.ApiInterceptor - after completion is invoked Time took is -0.003 seconds.
13596 [Test worker] INFO  c.s.p.interceptor.ApiInterceptor - preHandle method is invoked /api/employee/0 GET 1.689766451478E12
13598 [Test worker] INFO  c.s.p.interceptor.ApiInterceptor - after completion is invoked Time took is -0.008 seconds.
13601 [Test worker] INFO  c.s.p.interceptor.ApiInterceptor - preHandle method is invoked /api/employee/findAll GET 1.689766451483E12
13602 [Test worker] INFO  c.s.p.interceptor.ApiInterceptor - after completion is invoked Time took is -0.013 seconds.
13606 [Test worker] INFO  c.s.p.interceptor.ApiInterceptor - preHandle method is invoked /api/employee/course GET 1.689766451488E12
13608 [Test worker] INFO  c.s.p.interceptor.ApiInterceptor - after completion is invoked Time took is -0.018 seconds.
13611 [Test worker] INFO  c.s.p.interceptor.ApiInterceptor - preHandle method is invoked /api/employee/updateSalaryById PUT 1.689766451493E12
13612 [Test worker] INFO  c.s.p.interceptor.ApiInterceptor - after completion is invoked Time took is -0.023 seconds.
13615 [Test worker] INFO  c.s.p.interceptor.ApiInterceptor - preHandle method is invoked /api/employee/department/maxSalary GET 1.689766451497E12
13616 [Test worker] INFO  c.s.p.interceptor.ApiInterceptor - postHandle method is invoked /api/employee/department/maxSalary GET 1.689766451498E12
13617 [Test worker] INFO  c.s.p.interceptor.ApiInterceptor - after completion is invoked Time took is 0.001 seconds.
13620 [Test worker] INFO  c.s.p.interceptor.ApiInterceptor - preHandle method is invoked /api/employee GET 1.689766451502E12
13621 [Test worker] INFO  c.s.p.interceptor.ApiInterceptor - postHandle method is invoked /api/employee GET 1.689766451503E12
13622 [Test worker] INFO  c.s.p.interceptor.ApiInterceptor - after completion is invoked Time took is 0.001 seconds.
13664 [Test worker] INFO  c.s.p.service.AddressServiceTest - Starting AddressServiceTest using Java 17.0.7 with PID 18992 (started by ssama in C:\Users\ssama\Desktop\project\springproject)
13665 [Test worker] DEBUG c.s.p.service.AddressServiceTest - Running with Spring Boot v3.1.1, Spring v6.0.10
13665 [Test worker] INFO  c.s.p.service.AddressServiceTest - No active profile set, falling back to 1 default profile: "default"
14337 [Test worker] INFO  c.s.p.service.AddressServiceTest - Started AddressServiceTest in 0.697 seconds (process running for 16.32)
14398 [Test worker] INFO  c.s.p.service.CourseServiceTest - Starting CourseServiceTest using Java 17.0.7 with PID 18992 (started by ssama in C:\Users\ssama\Desktop\project\springproject)
14399 [Test worker] DEBUG c.s.p.service.CourseServiceTest - Running with Spring Boot v3.1.1, Spring v6.0.10
14399 [Test worker] INFO  c.s.p.service.CourseServiceTest - No active profile set, falling back to 1 default profile: "default"
14990 [Test worker] INFO  c.s.p.service.CourseServiceTest - Started CourseServiceTest in 0.607 seconds (process running for 16.973)
14995 [Test worker] ERROR c.s.p.service.CourseServiceImpl - Invalid coursename
15044 [Test worker] INFO  c.s.p.service.EmployeeServiceTest - Starting EmployeeServiceTest using Java 17.0.7 with PID 18992 (started by ssama in C:\Users\ssama\Desktop\project\springproject)
15044 [Test worker] DEBUG c.s.p.service.EmployeeServiceTest - Running with Spring Boot v3.1.1, Spring v6.0.10
15045 [Test worker] INFO  c.s.p.service.EmployeeServiceTest - No active profile set, falling back to 1 default profile: "default"
15584 [Test worker] INFO  c.s.p.service.EmployeeServiceTest - Started EmployeeServiceTest in 0.558 seconds (process running for 17.567)
15618 [Test worker] INFO  c.s.p.service.EmployeeServiceImpl - Course already exists !
15618 [Test worker] INFO  c.s.p.service.EmployeeServiceImpl - Course already exists !
15639 [Test worker] INFO  c.s.p.service.EmployeeServiceImpl - Course already exists !
15639 [Test worker] INFO  c.s.p.service.EmployeeServiceImpl - Course already exists !
15652 [Test worker] ERROR c.s.p.service.EmployeeServiceImpl - Employee with id : 0  does not exist ! 
15677 [Test worker] ERROR c.s.p.service.EmployeeServiceImpl - Employee with lastname sujith is not inserted
1840 [Test worker] INFO  c.s.p.c.AddressControllerTest - Starting AddressControllerTest using Java 17.0.7 with PID 15532 (started by ssama in C:\Users\ssama\Desktop\project\springproject)
1841 [Test worker] DEBUG c.s.p.c.AddressControllerTest - Running with Spring Boot v3.1.1, Spring v6.0.10
1842 [Test worker] INFO  c.s.p.c.AddressControllerTest - No active profile set, falling back to 1 default profile: "default"
12712 [Test worker] INFO  c.s.p.c.AddressControllerTest - Started AddressControllerTest in 11.409 seconds (process running for 14.592)
12873 [Test worker] INFO  c.s.p.interceptor.ApiInterceptor - preHandle method is invoked /api/address GET 1.689766485628E12
13111 [Test worker] INFO  c.s.p.interceptor.ApiInterceptor - postHandle method is invoked /api/address GET 1.689766485866E12
13122 [Test worker] INFO  c.s.p.interceptor.ApiInterceptor - after completion is invoked Time took is 0.238 seconds.
13159 [Test worker] INFO  c.s.p.interceptor.ApiInterceptor - preHandle method is invoked /api/address GET 1.689766485914E12
13179 [Test worker] INFO  c.s.p.interceptor.ApiInterceptor - after completion is invoked Time took is -0.048 seconds.
13311 [Test worker] INFO  c.s.p.c.CourseControllerTest - Starting CourseControllerTest using Java 17.0.7 with PID 15532 (started by ssama in C:\Users\ssama\Desktop\project\springproject)
13312 [Test worker] DEBUG c.s.p.c.CourseControllerTest - Running with Spring Boot v3.1.1, Spring v6.0.10
13312 [Test worker] INFO  c.s.p.c.CourseControllerTest - No active profile set, falling back to 1 default profile: "default"
14284 [Test worker] INFO  c.s.p.c.CourseControllerTest - Started CourseControllerTest in 1.004 seconds (process running for 16.165)
14294 [Test worker] INFO  c.s.p.interceptor.ApiInterceptor - preHandle method is invoked /api/courses GET 1.689766487049E12
14300 [Test worker] INFO  c.s.p.interceptor.ApiInterceptor - postHandle method is invoked /api/courses GET 1.689766487055E12
14300 [Test worker] INFO  c.s.p.interceptor.ApiInterceptor - after completion is invoked Time took is 0.006 seconds.
14309 [Test worker] INFO  c.s.p.interceptor.ApiInterceptor - preHandle method is invoked /api/courses/insertMany POST 1.689766487064E12
14406 [Test worker] INFO  c.s.p.interceptor.ApiInterceptor - postHandle method is invoked /api/courses/insertMany POST 1.689766487161E12
14406 [Test worker] INFO  c.s.p.interceptor.ApiInterceptor - after completion is invoked Time took is 0.097 seconds.
14412 [Test worker] INFO  c.s.p.interceptor.ApiInterceptor - preHandle method is invoked /api/courses POST 1.689766487167E12
14419 [Test worker] INFO  c.s.p.interceptor.ApiInterceptor - after completion is invoked Time took is -0.006 seconds.
14426 [Test worker] INFO  c.s.p.interceptor.ApiInterceptor - preHandle method is invoked /api/courses POST 1.689766487181E12
14432 [Test worker] INFO  c.s.p.interceptor.ApiInterceptor - postHandle method is invoked /api/courses POST 1.689766487187E12
14432 [Test worker] INFO  c.s.p.interceptor.ApiInterceptor - after completion is invoked Time took is 0.006 seconds.
14439 [Test worker] INFO  c.s.p.interceptor.ApiInterceptor - preHandle method is invoked /api/courses GET 1.689766487194E12
14441 [Test worker] INFO  c.s.p.interceptor.ApiInterceptor - after completion is invoked Time took is -0.007 seconds.
14451 [Test worker] INFO  c.s.p.interceptor.ApiInterceptor - preHandle method is invoked /api/courses/insertMany POST 1.689766487205E12
14453 [Test worker] INFO  c.s.p.interceptor.ApiInterceptor - after completion is invoked Time took is -0.018 seconds.
14493 [Test worker] INFO  c.s.p.c.EmployeeControllerTest - Starting EmployeeControllerTest using Java 17.0.7 with PID 15532 (started by ssama in C:\Users\ssama\Desktop\project\springproject)
14494 [Test worker] DEBUG c.s.p.c.EmployeeControllerTest - Running with Spring Boot v3.1.1, Spring v6.0.10
14494 [Test worker] INFO  c.s.p.c.EmployeeControllerTest - No active profile set, falling back to 1 default profile: "default"
15261 [Test worker] INFO  c.s.p.c.EmployeeControllerTest - Started EmployeeControllerTest in 0.796 seconds (process running for 17.141)
15268 [Test worker] INFO  c.s.p.interceptor.ApiInterceptor - preHandle method is invoked /api/employee/15 GET 1.689766488023E12
15282 [Test worker] INFO  c.s.p.interceptor.ApiInterceptor - preHandle method is invoked /api/employee/department GET 1.689766488037E12
15297 [Test worker] INFO  c.s.p.interceptor.ApiInterceptor - postHandle method is invoked /api/employee/department GET 1.689766488052E12
15298 [Test worker] INFO  c.s.p.interceptor.ApiInterceptor - after completion is invoked Time took is 0.015 seconds.
15304 [Test worker] INFO  c.s.p.interceptor.ApiInterceptor - preHandle method is invoked /api/employee/maxSalary GET 1.689766488059E12
15306 [Test worker] INFO  c.s.p.interceptor.ApiInterceptor - postHandle method is invoked /api/employee/maxSalary GET 1.689766488061E12
15307 [Test worker] INFO  c.s.p.interceptor.ApiInterceptor - after completion is invoked Time took is 0.002 seconds.
15331 [Test worker] INFO  c.s.p.interceptor.ApiInterceptor - preHandle method is invoked /api/employee/updateSalaryById PUT 1.689766488086E12
15335 [Test worker] INFO  c.s.p.interceptor.ApiInterceptor - postHandle method is invoked /api/employee/updateSalaryById PUT 1.68976648809E12
15335 [Test worker] INFO  c.s.p.interceptor.ApiInterceptor - after completion is invoked Time took is 0.004 seconds.
15341 [Test worker] INFO  c.s.p.interceptor.ApiInterceptor - preHandle method is invoked /api/employee/findAll GET 1.689766488096E12
15342 [Test worker] INFO  c.s.p.interceptor.ApiInterceptor - postHandle method is invoked /api/employee/findAll GET 1.689766488097E12
15342 [Test worker] INFO  c.s.p.interceptor.ApiInterceptor - after completion is invoked Time took is 0.001 seconds.
15348 [Test worker] INFO  c.s.p.interceptor.ApiInterceptor - preHandle method is invoked /api/employee/course GET 1.689766488103E12
15350 [Test worker] INFO  c.s.p.interceptor.ApiInterceptor - postHandle method is invoked /api/employee/course GET 1.689766488105E12
15350 [Test worker] INFO  c.s.p.interceptor.ApiInterceptor - after completion is invoked Time took is 0.002 seconds.
15358 [Test worker] INFO  c.s.p.interceptor.ApiInterceptor - preHandle method is invoked /api/employee POST 1.689766488113E12
15364 [Test worker] INFO  c.s.p.interceptor.ApiInterceptor - postHandle method is invoked /api/employee POST 1.689766488119E12
15365 [Test worker] INFO  c.s.p.interceptor.ApiInterceptor - after completion is invoked Time took is 0.006 seconds.
15370 [Test worker] INFO  c.s.p.interceptor.ApiInterceptor - preHandle method is invoked /api/employee GET 1.689766488125E12
15374 [Test worker] INFO  c.s.p.interceptor.ApiInterceptor - after completion is invoked Time took is -0.006 seconds.
15383 [Test worker] INFO  c.s.p.interceptor.ApiInterceptor - preHandle method is invoked /api/employee PUT 1.689766488138E12
15387 [Test worker] INFO  c.s.p.interceptor.ApiInterceptor - after completion is invoked Time took is -0.019 seconds.
15392 [Test worker] INFO  c.s.p.interceptor.ApiInterceptor - preHandle method is invoked /api/employee GET 1.689766488147E12
15415 [Test worker] INFO  c.s.p.interceptor.ApiInterceptor - after completion is invoked Time took is -0.028 seconds.
15421 [Test worker] INFO  c.s.p.interceptor.ApiInterceptor - preHandle method is invoked /api/employee/1 DELETE 1.689766488176E12
15423 [Test worker] INFO  c.s.p.interceptor.ApiInterceptor - postHandle method is invoked /api/employee/1 DELETE 1.689766488178E12
15423 [Test worker] INFO  c.s.p.interceptor.ApiInterceptor - after completion is invoked Time took is 0.002 seconds.
15429 [Test worker] INFO  c.s.p.interceptor.ApiInterceptor - preHandle method is invoked /api/employee/department/maxSalary GET 1.689766488184E12
15431 [Test worker] INFO  c.s.p.interceptor.ApiInterceptor - after completion is invoked Time took is -0.006 seconds.
15436 [Test worker] INFO  c.s.p.interceptor.ApiInterceptor - preHandle method is invoked /api/employee/maxSalary GET 1.689766488191E12
15438 [Test worker] INFO  c.s.p.interceptor.ApiInterceptor - after completion is invoked Time took is -0.013 seconds.
15444 [Test worker] INFO  c.s.p.interceptor.ApiInterceptor - preHandle method is invoked /api/employee PUT 1.689766488199E12
15446 [Test worker] INFO  c.s.p.interceptor.ApiInterceptor - postHandle method is invoked /api/employee PUT 1.689766488201E12
15446 [Test worker] INFO  c.s.p.interceptor.ApiInterceptor - after completion is invoked Time took is 0.002 seconds.
15451 [Test worker] INFO  c.s.p.interceptor.ApiInterceptor - preHandle method is invoked /api/employee/insertAll POST 1.689766488206E12
15456 [Test worker] INFO  c.s.p.interceptor.ApiInterceptor - postHandle method is invoked /api/employee/insertAll POST 1.689766488211E12
15456 [Test worker] INFO  c.s.p.interceptor.ApiInterceptor - after completion is invoked Time took is 0.005 seconds.
15463 [Test worker] INFO  c.s.p.interceptor.ApiInterceptor - preHandle method is invoked /api/employee/1 DELETE 1.689766488218E12
15465 [Test worker] INFO  c.s.p.interceptor.ApiInterceptor - after completion is invoked Time took is -0.007 seconds.
15469 [Test worker] INFO  c.s.p.interceptor.ApiInterceptor - preHandle method is invoked /api/employee/1 GET 1.689766488224E12
15474 [Test worker] INFO  c.s.p.interceptor.ApiInterceptor - postHandle method is invoked /api/employee/1 GET 1.689766488229E12
15475 [Test worker] INFO  c.s.p.interceptor.ApiInterceptor - after completion is invoked Time took is 0.005 seconds.
15481 [Test worker] INFO  c.s.p.interceptor.ApiInterceptor - preHandle method is invoked /api/employee/department GET 1.689766488236E12
15483 [Test worker] INFO  c.s.p.interceptor.ApiInterceptor - after completion is invoked Time took is -0.007 seconds.
15489 [Test worker] INFO  c.s.p.interceptor.ApiInterceptor - preHandle method is invoked /api/employee/0 GET 1.689766488244E12
15491 [Test worker] INFO  c.s.p.interceptor.ApiInterceptor - after completion is invoked Time took is -0.015 seconds.
15498 [Test worker] INFO  c.s.p.interceptor.ApiInterceptor - preHandle method is invoked /api/employee/findAll GET 1.689766488253E12
15500 [Test worker] INFO  c.s.p.interceptor.ApiInterceptor - after completion is invoked Time took is -0.024 seconds.
15504 [Test worker] INFO  c.s.p.interceptor.ApiInterceptor - preHandle method is invoked /api/employee/course GET 1.689766488259E12
15507 [Test worker] INFO  c.s.p.interceptor.ApiInterceptor - after completion is invoked Time took is -0.03 seconds.
15511 [Test worker] INFO  c.s.p.interceptor.ApiInterceptor - preHandle method is invoked /api/employee/updateSalaryById PUT 1.689766488266E12
15513 [Test worker] INFO  c.s.p.interceptor.ApiInterceptor - after completion is invoked Time took is -0.037 seconds.
15517 [Test worker] INFO  c.s.p.interceptor.ApiInterceptor - preHandle method is invoked /api/employee/department/maxSalary GET 1.689766488272E12
15518 [Test worker] INFO  c.s.p.interceptor.ApiInterceptor - postHandle method is invoked /api/employee/department/maxSalary GET 1.689766488273E12
15518 [Test worker] INFO  c.s.p.interceptor.ApiInterceptor - after completion is invoked Time took is 0.001 seconds.
15524 [Test worker] INFO  c.s.p.interceptor.ApiInterceptor - preHandle method is invoked /api/employee GET 1.689766488279E12
15527 [Test worker] INFO  c.s.p.interceptor.ApiInterceptor - postHandle method is invoked /api/employee GET 1.689766488282E12
15527 [Test worker] INFO  c.s.p.interceptor.ApiInterceptor - after completion is invoked Time took is 0.003 seconds.
15573 [Test worker] INFO  c.s.p.service.AddressServiceTest - Starting AddressServiceTest using Java 17.0.7 with PID 15532 (started by ssama in C:\Users\ssama\Desktop\project\springproject)
15573 [Test worker] DEBUG c.s.p.service.AddressServiceTest - Running with Spring Boot v3.1.1, Spring v6.0.10
15573 [Test worker] INFO  c.s.p.service.AddressServiceTest - No active profile set, falling back to 1 default profile: "default"
16342 [Test worker] INFO  c.s.p.service.AddressServiceTest - Started AddressServiceTest in 0.796 seconds (process running for 18.223)
16420 [Test worker] INFO  c.s.p.service.CourseServiceTest - Starting CourseServiceTest using Java 17.0.7 with PID 15532 (started by ssama in C:\Users\ssama\Desktop\project\springproject)
16421 [Test worker] DEBUG c.s.p.service.CourseServiceTest - Running with Spring Boot v3.1.1, Spring v6.0.10
16421 [Test worker] INFO  c.s.p.service.CourseServiceTest - No active profile set, falling back to 1 default profile: "default"
17325 [Test worker] INFO  c.s.p.service.CourseServiceTest - Started CourseServiceTest in 0.924 seconds (process running for 19.205)
17331 [Test worker] ERROR c.s.p.service.CourseServiceImpl - Invalid coursename
17406 [Test worker] INFO  c.s.p.service.EmployeeServiceTest - Starting EmployeeServiceTest using Java 17.0.7 with PID 15532 (started by ssama in C:\Users\ssama\Desktop\project\springproject)
17407 [Test worker] DEBUG c.s.p.service.EmployeeServiceTest - Running with Spring Boot v3.1.1, Spring v6.0.10
17407 [Test worker] INFO  c.s.p.service.EmployeeServiceTest - No active profile set, falling back to 1 default profile: "default"
18159 [Test worker] INFO  c.s.p.service.EmployeeServiceTest - Started EmployeeServiceTest in 0.784 seconds (process running for 20.039)
18199 [Test worker] INFO  c.s.p.service.EmployeeServiceImpl - Course already exists !
18199 [Test worker] INFO  c.s.p.service.EmployeeServiceImpl - Course already exists !
18223 [Test worker] INFO  c.s.p.service.EmployeeServiceImpl - Course already exists !
18223 [Test worker] INFO  c.s.p.service.EmployeeServiceImpl - Course already exists !
18241 [Test worker] ERROR c.s.p.service.EmployeeServiceImpl - Employee with id : 0  does not exist ! 
18285 [Test worker] ERROR c.s.p.service.EmployeeServiceImpl - Employee with lastname sujith is not inserted
1904 [Test worker] INFO  c.s.p.c.AddressControllerTest - Starting AddressControllerTest using Java 17.0.7 with PID 18688 (started by ssama in C:\Users\ssama\Desktop\project\springproject)
1905 [Test worker] DEBUG c.s.p.c.AddressControllerTest - Running with Spring Boot v3.1.1, Spring v6.0.10
1906 [Test worker] INFO  c.s.p.c.AddressControllerTest - No active profile set, falling back to 1 default profile: "default"
11018 [Test worker] INFO  c.s.p.c.AddressControllerTest - Started AddressControllerTest in 9.673 seconds (process running for 12.909)
11176 [Test worker] INFO  c.s.p.interceptor.ApiInterceptor - preHandle method is invoked /api/address GET 1.689766529043E12
11428 [Test worker] INFO  c.s.p.interceptor.ApiInterceptor - postHandle method is invoked /api/address GET 1.689766529295E12
11432 [Test worker] INFO  c.s.p.interceptor.ApiInterceptor - after completion is invoked Time took is 0.252 seconds.
11479 [Test worker] INFO  c.s.p.interceptor.ApiInterceptor - preHandle method is invoked /api/address GET 1.689766529346E12
11502 [Test worker] INFO  c.s.p.interceptor.ApiInterceptor - after completion is invoked Time took is -0.051 seconds.
11645 [Test worker] INFO  c.s.p.c.CourseControllerTest - Starting CourseControllerTest using Java 17.0.7 with PID 18688 (started by ssama in C:\Users\ssama\Desktop\project\springproject)
11645 [Test worker] DEBUG c.s.p.c.CourseControllerTest - Running with Spring Boot v3.1.1, Spring v6.0.10
11646 [Test worker] INFO  c.s.p.c.CourseControllerTest - No active profile set, falling back to 1 default profile: "default"
12566 [Test worker] INFO  c.s.p.c.CourseControllerTest - Started CourseControllerTest in 0.95 seconds (process running for 14.457)
12574 [Test worker] INFO  c.s.p.interceptor.ApiInterceptor - preHandle method is invoked /api/courses GET 1.689766530441E12
12582 [Test worker] INFO  c.s.p.interceptor.ApiInterceptor - postHandle method is invoked /api/courses GET 1.689766530449E12
12583 [Test worker] INFO  c.s.p.interceptor.ApiInterceptor - after completion is invoked Time took is 0.008 seconds.
12595 [Test worker] INFO  c.s.p.interceptor.ApiInterceptor - preHandle method is invoked /api/courses/insertMany POST 1.689766530462E12
12703 [Test worker] INFO  c.s.p.interceptor.ApiInterceptor - postHandle method is invoked /api/courses/insertMany POST 1.68976653057E12
12703 [Test worker] INFO  c.s.p.interceptor.ApiInterceptor - after completion is invoked Time took is 0.108 seconds.
12709 [Test worker] INFO  c.s.p.interceptor.ApiInterceptor - preHandle method is invoked /api/courses POST 1.689766530576E12
12716 [Test worker] INFO  c.s.p.interceptor.ApiInterceptor - after completion is invoked Time took is -0.006 seconds.
12722 [Test worker] INFO  c.s.p.interceptor.ApiInterceptor - preHandle method is invoked /api/courses POST 1.689766530589E12
12729 [Test worker] INFO  c.s.p.interceptor.ApiInterceptor - postHandle method is invoked /api/courses POST 1.689766530596E12
12729 [Test worker] INFO  c.s.p.interceptor.ApiInterceptor - after completion is invoked Time took is 0.007 seconds.
12736 [Test worker] INFO  c.s.p.interceptor.ApiInterceptor - preHandle method is invoked /api/courses GET 1.689766530603E12
12738 [Test worker] INFO  c.s.p.interceptor.ApiInterceptor - after completion is invoked Time took is -0.007 seconds.
12747 [Test worker] INFO  c.s.p.interceptor.ApiInterceptor - preHandle method is invoked /api/courses/insertMany POST 1.689766530614E12
12750 [Test worker] INFO  c.s.p.interceptor.ApiInterceptor - after completion is invoked Time took is -0.018 seconds.
12785 [Test worker] INFO  c.s.p.c.EmployeeControllerTest - Starting EmployeeControllerTest using Java 17.0.7 with PID 18688 (started by ssama in C:\Users\ssama\Desktop\project\springproject)
12785 [Test worker] DEBUG c.s.p.c.EmployeeControllerTest - Running with Spring Boot v3.1.1, Spring v6.0.10
12785 [Test worker] INFO  c.s.p.c.EmployeeControllerTest - No active profile set, falling back to 1 default profile: "default"
13551 [Test worker] INFO  c.s.p.c.EmployeeControllerTest - Started EmployeeControllerTest in 0.79 seconds (process running for 15.442)
13559 [Test worker] INFO  c.s.p.interceptor.ApiInterceptor - preHandle method is invoked /api/employee/15 GET 1.689766531426E12
13578 [Test worker] INFO  c.s.p.interceptor.ApiInterceptor - preHandle method is invoked /api/employee/department GET 1.689766531445E12
13605 [Test worker] INFO  c.s.p.interceptor.ApiInterceptor - postHandle method is invoked /api/employee/department GET 1.689766531472E12
13605 [Test worker] INFO  c.s.p.interceptor.ApiInterceptor - after completion is invoked Time took is 0.027 seconds.
13613 [Test worker] INFO  c.s.p.interceptor.ApiInterceptor - preHandle method is invoked /api/employee/maxSalary GET 1.68976653148E12
13616 [Test worker] INFO  c.s.p.interceptor.ApiInterceptor - postHandle method is invoked /api/employee/maxSalary GET 1.689766531483E12
13616 [Test worker] INFO  c.s.p.interceptor.ApiInterceptor - after completion is invoked Time took is 0.003 seconds.
13643 [Test worker] INFO  c.s.p.interceptor.ApiInterceptor - preHandle method is invoked /api/employee/updateSalaryById PUT 1.68976653151E12
13648 [Test worker] INFO  c.s.p.interceptor.ApiInterceptor - postHandle method is invoked /api/employee/updateSalaryById PUT 1.689766531515E12
13649 [Test worker] INFO  c.s.p.interceptor.ApiInterceptor - after completion is invoked Time took is 0.005 seconds.
13655 [Test worker] INFO  c.s.p.interceptor.ApiInterceptor - preHandle method is invoked /api/employee/findAll GET 1.689766531522E12
13658 [Test worker] INFO  c.s.p.interceptor.ApiInterceptor - postHandle method is invoked /api/employee/findAll GET 1.689766531525E12
13658 [Test worker] INFO  c.s.p.interceptor.ApiInterceptor - after completion is invoked Time took is 0.003 seconds.
13662 [Test worker] INFO  c.s.p.interceptor.ApiInterceptor - preHandle method is invoked /api/employee/course GET 1.689766531529E12
13665 [Test worker] INFO  c.s.p.interceptor.ApiInterceptor - postHandle method is invoked /api/employee/course GET 1.689766531532E12
13666 [Test worker] INFO  c.s.p.interceptor.ApiInterceptor - after completion is invoked Time took is 0.003 seconds.
13675 [Test worker] INFO  c.s.p.interceptor.ApiInterceptor - preHandle method is invoked /api/employee POST 1.689766531542E12
13684 [Test worker] INFO  c.s.p.interceptor.ApiInterceptor - postHandle method is invoked /api/employee POST 1.689766531551E12
13685 [Test worker] INFO  c.s.p.interceptor.ApiInterceptor - after completion is invoked Time took is 0.009 seconds.
13689 [Test worker] INFO  c.s.p.interceptor.ApiInterceptor - preHandle method is invoked /api/employee GET 1.689766531556E12
13691 [Test worker] INFO  c.s.p.interceptor.ApiInterceptor - after completion is invoked Time took is -0.005 seconds.
13696 [Test worker] INFO  c.s.p.interceptor.ApiInterceptor - preHandle method is invoked /api/employee PUT 1.689766531563E12
13699 [Test worker] INFO  c.s.p.interceptor.ApiInterceptor - after completion is invoked Time took is -0.012 seconds.
13704 [Test worker] INFO  c.s.p.interceptor.ApiInterceptor - preHandle method is invoked /api/employee GET 1.689766531571E12
13728 [Test worker] INFO  c.s.p.interceptor.ApiInterceptor - after completion is invoked Time took is -0.02 seconds.
13734 [Test worker] INFO  c.s.p.interceptor.ApiInterceptor - preHandle method is invoked /api/employee/1 DELETE 1.689766531601E12
13736 [Test worker] INFO  c.s.p.interceptor.ApiInterceptor - postHandle method is invoked /api/employee/1 DELETE 1.689766531603E12
13736 [Test worker] INFO  c.s.p.interceptor.ApiInterceptor - after completion is invoked Time took is 0.002 seconds.
13741 [Test worker] INFO  c.s.p.interceptor.ApiInterceptor - preHandle method is invoked /api/employee/department/maxSalary GET 1.689766531608E12
13744 [Test worker] INFO  c.s.p.interceptor.ApiInterceptor - after completion is invoked Time took is -0.005 seconds.
13749 [Test worker] INFO  c.s.p.interceptor.ApiInterceptor - preHandle method is invoked /api/employee/maxSalary GET 1.689766531616E12
13751 [Test worker] INFO  c.s.p.interceptor.ApiInterceptor - after completion is invoked Time took is -0.013 seconds.
13755 [Test worker] INFO  c.s.p.interceptor.ApiInterceptor - preHandle method is invoked /api/employee PUT 1.689766531622E12
13757 [Test worker] INFO  c.s.p.interceptor.ApiInterceptor - postHandle method is invoked /api/employee PUT 1.689766531624E12
13757 [Test worker] INFO  c.s.p.interceptor.ApiInterceptor - after completion is invoked Time took is 0.002 seconds.
13762 [Test worker] INFO  c.s.p.interceptor.ApiInterceptor - preHandle method is invoked /api/employee/insertAll POST 1.689766531629E12
13767 [Test worker] INFO  c.s.p.interceptor.ApiInterceptor - postHandle method is invoked /api/employee/insertAll POST 1.689766531634E12
13767 [Test worker] INFO  c.s.p.interceptor.ApiInterceptor - after completion is invoked Time took is 0.005 seconds.
13772 [Test worker] INFO  c.s.p.interceptor.ApiInterceptor - preHandle method is invoked /api/employee/1 DELETE 1.689766531639E12
13775 [Test worker] INFO  c.s.p.interceptor.ApiInterceptor - after completion is invoked Time took is -0.005 seconds.
13780 [Test worker] INFO  c.s.p.interceptor.ApiInterceptor - preHandle method is invoked /api/employee/1 GET 1.689766531647E12
13785 [Test worker] INFO  c.s.p.interceptor.ApiInterceptor - postHandle method is invoked /api/employee/1 GET 1.689766531652E12
13785 [Test worker] INFO  c.s.p.interceptor.ApiInterceptor - after completion is invoked Time took is 0.005 seconds.
13790 [Test worker] INFO  c.s.p.interceptor.ApiInterceptor - preHandle method is invoked /api/employee/department GET 1.689766531657E12
13792 [Test worker] INFO  c.s.p.interceptor.ApiInterceptor - after completion is invoked Time took is -0.005 seconds.
13797 [Test worker] INFO  c.s.p.interceptor.ApiInterceptor - preHandle method is invoked /api/employee/0 GET 1.689766531664E12
13800 [Test worker] INFO  c.s.p.interceptor.ApiInterceptor - after completion is invoked Time took is -0.012 seconds.
13805 [Test worker] INFO  c.s.p.interceptor.ApiInterceptor - preHandle method is invoked /api/employee/findAll GET 1.689766531672E12
13807 [Test worker] INFO  c.s.p.interceptor.ApiInterceptor - after completion is invoked Time took is -0.02 seconds.
13812 [Test worker] INFO  c.s.p.interceptor.ApiInterceptor - preHandle method is invoked /api/employee/course GET 1.689766531679E12
13813 [Test worker] INFO  c.s.p.interceptor.ApiInterceptor - after completion is invoked Time took is -0.027 seconds.
13818 [Test worker] INFO  c.s.p.interceptor.ApiInterceptor - preHandle method is invoked /api/employee/updateSalaryById PUT 1.689766531685E12
13821 [Test worker] INFO  c.s.p.interceptor.ApiInterceptor - after completion is invoked Time took is -0.033 seconds.
13825 [Test worker] INFO  c.s.p.interceptor.ApiInterceptor - preHandle method is invoked /api/employee/department/maxSalary GET 1.689766531692E12
13827 [Test worker] INFO  c.s.p.interceptor.ApiInterceptor - postHandle method is invoked /api/employee/department/maxSalary GET 1.689766531694E12
13827 [Test worker] INFO  c.s.p.interceptor.ApiInterceptor - after completion is invoked Time took is 0.002 seconds.
13834 [Test worker] INFO  c.s.p.interceptor.ApiInterceptor - preHandle method is invoked /api/employee GET 1.689766531701E12
13836 [Test worker] INFO  c.s.p.interceptor.ApiInterceptor - postHandle method is invoked /api/employee GET 1.689766531703E12
13837 [Test worker] INFO  c.s.p.interceptor.ApiInterceptor - after completion is invoked Time took is 0.002 seconds.
13882 [Test worker] INFO  c.s.p.service.AddressServiceTest - Starting AddressServiceTest using Java 17.0.7 with PID 18688 (started by ssama in C:\Users\ssama\Desktop\project\springproject)
13882 [Test worker] DEBUG c.s.p.service.AddressServiceTest - Running with Spring Boot v3.1.1, Spring v6.0.10
13882 [Test worker] INFO  c.s.p.service.AddressServiceTest - No active profile set, falling back to 1 default profile: "default"
14712 [Test worker] INFO  c.s.p.service.AddressServiceTest - Started AddressServiceTest in 0.856 seconds (process running for 16.603)
14798 [Test worker] INFO  c.s.p.service.CourseServiceTest - Starting CourseServiceTest using Java 17.0.7 with PID 18688 (started by ssama in C:\Users\ssama\Desktop\project\springproject)
14799 [Test worker] DEBUG c.s.p.service.CourseServiceTest - Running with Spring Boot v3.1.1, Spring v6.0.10
14799 [Test worker] INFO  c.s.p.service.CourseServiceTest - No active profile set, falling back to 1 default profile: "default"
15630 [Test worker] INFO  c.s.p.service.CourseServiceTest - Started CourseServiceTest in 0.859 seconds (process running for 17.522)
15637 [Test worker] ERROR c.s.p.service.CourseServiceImpl - Invalid coursename
15701 [Test worker] INFO  c.s.p.service.EmployeeServiceTest - Starting EmployeeServiceTest using Java 17.0.7 with PID 18688 (started by ssama in C:\Users\ssama\Desktop\project\springproject)
15701 [Test worker] DEBUG c.s.p.service.EmployeeServiceTest - Running with Spring Boot v3.1.1, Spring v6.0.10
15701 [Test worker] INFO  c.s.p.service.EmployeeServiceTest - No active profile set, falling back to 1 default profile: "default"
16340 [Test worker] INFO  c.s.p.service.EmployeeServiceTest - Started EmployeeServiceTest in 0.66 seconds (process running for 18.232)
16383 [Test worker] INFO  c.s.p.service.EmployeeServiceImpl - Course already exists !
16383 [Test worker] INFO  c.s.p.service.EmployeeServiceImpl - Course already exists !
16412 [Test worker] INFO  c.s.p.service.EmployeeServiceImpl - Course already exists !
16413 [Test worker] INFO  c.s.p.service.EmployeeServiceImpl - Course already exists !
16434 [Test worker] ERROR c.s.p.service.EmployeeServiceImpl - Employee with id : 0  does not exist ! 
16476 [Test worker] ERROR c.s.p.service.EmployeeServiceImpl - Employee with lastname sujith is not inserted
1803 [Test worker] INFO  c.s.p.c.AddressControllerTest - Starting AddressControllerTest using Java 17.0.7 with PID 11772 (started by ssama in C:\Users\ssama\Desktop\project\springproject)
1805 [Test worker] DEBUG c.s.p.c.AddressControllerTest - Running with Spring Boot v3.1.1, Spring v6.0.10
1806 [Test worker] INFO  c.s.p.c.AddressControllerTest - No active profile set, falling back to 1 default profile: "default"
11160 [Test worker] INFO  c.s.p.c.AddressControllerTest - Started AddressControllerTest in 9.887 seconds (process running for 13.069)
11327 [Test worker] INFO  c.s.p.interceptor.ApiInterceptor - preHandle method is invoked /api/address GET 1.689766567178E12
11541 [Test worker] INFO  c.s.p.interceptor.ApiInterceptor - postHandle method is invoked /api/address GET 1.689766567392E12
11544 [Test worker] INFO  c.s.p.interceptor.ApiInterceptor - after completion is invoked Time took is 0.214 seconds.
11577 [Test worker] INFO  c.s.p.interceptor.ApiInterceptor - preHandle method is invoked /api/address GET 1.689766567428E12
11593 [Test worker] INFO  c.s.p.interceptor.ApiInterceptor - after completion is invoked Time took is -0.036 seconds.
11729 [Test worker] INFO  c.s.p.c.CourseControllerTest - Starting CourseControllerTest using Java 17.0.7 with PID 11772 (started by ssama in C:\Users\ssama\Desktop\project\springproject)
11730 [Test worker] DEBUG c.s.p.c.CourseControllerTest - Running with Spring Boot v3.1.1, Spring v6.0.10
11730 [Test worker] INFO  c.s.p.c.CourseControllerTest - No active profile set, falling back to 1 default profile: "default"
12624 [Test worker] INFO  c.s.p.c.CourseControllerTest - Started CourseControllerTest in 0.923 seconds (process running for 14.533)
12632 [Test worker] INFO  c.s.p.interceptor.ApiInterceptor - preHandle method is invoked /api/courses GET 1.689766568483E12
12638 [Test worker] INFO  c.s.p.interceptor.ApiInterceptor - postHandle method is invoked /api/courses GET 1.689766568489E12
12639 [Test worker] INFO  c.s.p.interceptor.ApiInterceptor - after completion is invoked Time took is 0.006 seconds.
12651 [Test worker] INFO  c.s.p.interceptor.ApiInterceptor - preHandle method is invoked /api/courses/insertMany POST 1.689766568502E12
12779 [Test worker] INFO  c.s.p.interceptor.ApiInterceptor - postHandle method is invoked /api/courses/insertMany POST 1.68976656863E12
12779 [Test worker] INFO  c.s.p.interceptor.ApiInterceptor - after completion is invoked Time took is 0.128 seconds.
12787 [Test worker] INFO  c.s.p.interceptor.ApiInterceptor - preHandle method is invoked /api/courses POST 1.689766568638E12
12797 [Test worker] INFO  c.s.p.interceptor.ApiInterceptor - after completion is invoked Time took is -0.008 seconds.
12806 [Test worker] INFO  c.s.p.interceptor.ApiInterceptor - preHandle method is invoked /api/courses POST 1.689766568657E12
12812 [Test worker] INFO  c.s.p.interceptor.ApiInterceptor - postHandle method is invoked /api/courses POST 1.689766568663E12
12812 [Test worker] INFO  c.s.p.interceptor.ApiInterceptor - after completion is invoked Time took is 0.006 seconds.
12820 [Test worker] INFO  c.s.p.interceptor.ApiInterceptor - preHandle method is invoked /api/courses GET 1.689766568671E12
12822 [Test worker] INFO  c.s.p.interceptor.ApiInterceptor - after completion is invoked Time took is -0.008 seconds.
12835 [Test worker] INFO  c.s.p.interceptor.ApiInterceptor - preHandle method is invoked /api/courses/insertMany POST 1.689766568686E12
12838 [Test worker] INFO  c.s.p.interceptor.ApiInterceptor - after completion is invoked Time took is -0.023 seconds.
12884 [Test worker] INFO  c.s.p.c.EmployeeControllerTest - Starting EmployeeControllerTest using Java 17.0.7 with PID 11772 (started by ssama in C:\Users\ssama\Desktop\project\springproject)
12885 [Test worker] DEBUG c.s.p.c.EmployeeControllerTest - Running with Spring Boot v3.1.1, Spring v6.0.10
12885 [Test worker] INFO  c.s.p.c.EmployeeControllerTest - No active profile set, falling back to 1 default profile: "default"
13691 [Test worker] INFO  c.s.p.c.EmployeeControllerTest - Started EmployeeControllerTest in 0.84 seconds (process running for 15.601)
13699 [Test worker] INFO  c.s.p.interceptor.ApiInterceptor - preHandle method is invoked /api/employee/15 GET 1.68976656955E12
13718 [Test worker] INFO  c.s.p.interceptor.ApiInterceptor - preHandle method is invoked /api/employee/department GET 1.689766569569E12
13735 [Test worker] INFO  c.s.p.interceptor.ApiInterceptor - postHandle method is invoked /api/employee/department GET 1.689766569586E12
13735 [Test worker] INFO  c.s.p.interceptor.ApiInterceptor - after completion is invoked Time took is 0.017 seconds.
13744 [Test worker] INFO  c.s.p.interceptor.ApiInterceptor - preHandle method is invoked /api/employee/maxSalary GET 1.689766569595E12
13746 [Test worker] INFO  c.s.p.interceptor.ApiInterceptor - postHandle method is invoked /api/employee/maxSalary GET 1.689766569597E12
13747 [Test worker] INFO  c.s.p.interceptor.ApiInterceptor - after completion is invoked Time took is 0.002 seconds.
13775 [Test worker] INFO  c.s.p.interceptor.ApiInterceptor - preHandle method is invoked /api/employee/updateSalaryById PUT 1.689766569626E12
13779 [Test worker] INFO  c.s.p.interceptor.ApiInterceptor - postHandle method is invoked /api/employee/updateSalaryById PUT 1.68976656963E12
13780 [Test worker] INFO  c.s.p.interceptor.ApiInterceptor - after completion is invoked Time took is 0.004 seconds.
13790 [Test worker] INFO  c.s.p.interceptor.ApiInterceptor - preHandle method is invoked /api/employee/findAll GET 1.689766569641E12
13792 [Test worker] INFO  c.s.p.interceptor.ApiInterceptor - postHandle method is invoked /api/employee/findAll GET 1.689766569643E12
13792 [Test worker] INFO  c.s.p.interceptor.ApiInterceptor - after completion is invoked Time took is 0.002 seconds.
13798 [Test worker] INFO  c.s.p.interceptor.ApiInterceptor - preHandle method is invoked /api/employee/course GET 1.689766569649E12
13800 [Test worker] INFO  c.s.p.interceptor.ApiInterceptor - postHandle method is invoked /api/employee/course GET 1.689766569651E12
13800 [Test worker] INFO  c.s.p.interceptor.ApiInterceptor - after completion is invoked Time took is 0.002 seconds.
13809 [Test worker] INFO  c.s.p.interceptor.ApiInterceptor - preHandle method is invoked /api/employee POST 1.68976656966E12
13816 [Test worker] INFO  c.s.p.interceptor.ApiInterceptor - postHandle method is invoked /api/employee POST 1.689766569667E12
13816 [Test worker] INFO  c.s.p.interceptor.ApiInterceptor - after completion is invoked Time took is 0.007 seconds.
13823 [Test worker] INFO  c.s.p.interceptor.ApiInterceptor - preHandle method is invoked /api/employee GET 1.689766569674E12
13825 [Test worker] INFO  c.s.p.interceptor.ApiInterceptor - after completion is invoked Time took is -0.007 seconds.
13831 [Test worker] INFO  c.s.p.interceptor.ApiInterceptor - preHandle method is invoked /api/employee PUT 1.689766569682E12
13834 [Test worker] INFO  c.s.p.interceptor.ApiInterceptor - after completion is invoked Time took is -0.015 seconds.
13840 [Test worker] INFO  c.s.p.interceptor.ApiInterceptor - preHandle method is invoked /api/employee GET 1.689766569691E12
13866 [Test worker] INFO  c.s.p.interceptor.ApiInterceptor - after completion is invoked Time took is -0.024 seconds.
13872 [Test worker] INFO  c.s.p.interceptor.ApiInterceptor - preHandle method is invoked /api/employee/1 DELETE 1.689766569723E12
13874 [Test worker] INFO  c.s.p.interceptor.ApiInterceptor - postHandle method is invoked /api/employee/1 DELETE 1.689766569725E12
13875 [Test worker] INFO  c.s.p.interceptor.ApiInterceptor - after completion is invoked Time took is 0.002 seconds.
13883 [Test worker] INFO  c.s.p.interceptor.ApiInterceptor - preHandle method is invoked /api/employee/department/maxSalary GET 1.689766569734E12
13886 [Test worker] INFO  c.s.p.interceptor.ApiInterceptor - after completion is invoked Time took is -0.009 seconds.
13891 [Test worker] INFO  c.s.p.interceptor.ApiInterceptor - preHandle method is invoked /api/employee/maxSalary GET 1.689766569742E12
13893 [Test worker] INFO  c.s.p.interceptor.ApiInterceptor - after completion is invoked Time took is -0.017 seconds.
13898 [Test worker] INFO  c.s.p.interceptor.ApiInterceptor - preHandle method is invoked /api/employee PUT 1.689766569749E12
13899 [Test worker] INFO  c.s.p.interceptor.ApiInterceptor - postHandle method is invoked /api/employee PUT 1.68976656975E12
13899 [Test worker] INFO  c.s.p.interceptor.ApiInterceptor - after completion is invoked Time took is 0.001 seconds.
13904 [Test worker] INFO  c.s.p.interceptor.ApiInterceptor - preHandle method is invoked /api/employee/insertAll POST 1.689766569755E12
13909 [Test worker] INFO  c.s.p.interceptor.ApiInterceptor - postHandle method is invoked /api/employee/insertAll POST 1.68976656976E12
13910 [Test worker] INFO  c.s.p.interceptor.ApiInterceptor - after completion is invoked Time took is 0.005 seconds.
13918 [Test worker] INFO  c.s.p.interceptor.ApiInterceptor - preHandle method is invoked /api/employee/1 DELETE 1.689766569769E12
13920 [Test worker] INFO  c.s.p.interceptor.ApiInterceptor - after completion is invoked Time took is -0.009 seconds.
13926 [Test worker] INFO  c.s.p.interceptor.ApiInterceptor - preHandle method is invoked /api/employee/1 GET 1.689766569777E12
13930 [Test worker] INFO  c.s.p.interceptor.ApiInterceptor - postHandle method is invoked /api/employee/1 GET 1.689766569781E12
13930 [Test worker] INFO  c.s.p.interceptor.ApiInterceptor - after completion is invoked Time took is 0.004 seconds.
13937 [Test worker] INFO  c.s.p.interceptor.ApiInterceptor - preHandle method is invoked /api/employee/department GET 1.689766569787E12
13939 [Test worker] INFO  c.s.p.interceptor.ApiInterceptor - after completion is invoked Time took is -0.006 seconds.
13944 [Test worker] INFO  c.s.p.interceptor.ApiInterceptor - preHandle method is invoked /api/employee/0 GET 1.689766569795E12
13947 [Test worker] INFO  c.s.p.interceptor.ApiInterceptor - after completion is invoked Time took is -0.014 seconds.
13951 [Test worker] INFO  c.s.p.interceptor.ApiInterceptor - preHandle method is invoked /api/employee/findAll GET 1.689766569802E12
13954 [Test worker] INFO  c.s.p.interceptor.ApiInterceptor - after completion is invoked Time took is -0.021 seconds.
13958 [Test worker] INFO  c.s.p.interceptor.ApiInterceptor - preHandle method is invoked /api/employee/course GET 1.689766569809E12
13960 [Test worker] INFO  c.s.p.interceptor.ApiInterceptor - after completion is invoked Time took is -0.028 seconds.
13965 [Test worker] INFO  c.s.p.interceptor.ApiInterceptor - preHandle method is invoked /api/employee/updateSalaryById PUT 1.689766569816E12
13967 [Test worker] INFO  c.s.p.interceptor.ApiInterceptor - after completion is invoked Time took is -0.035 seconds.
13971 [Test worker] INFO  c.s.p.interceptor.ApiInterceptor - preHandle method is invoked /api/employee/department/maxSalary GET 1.689766569822E12
13972 [Test worker] INFO  c.s.p.interceptor.ApiInterceptor - postHandle method is invoked /api/employee/department/maxSalary GET 1.689766569823E12
13973 [Test worker] INFO  c.s.p.interceptor.ApiInterceptor - after completion is invoked Time took is 0.001 seconds.
13978 [Test worker] INFO  c.s.p.interceptor.ApiInterceptor - preHandle method is invoked /api/employee GET 1.689766569829E12
13980 [Test worker] INFO  c.s.p.interceptor.ApiInterceptor - postHandle method is invoked /api/employee GET 1.689766569831E12
13980 [Test worker] INFO  c.s.p.interceptor.ApiInterceptor - after completion is invoked Time took is 0.002 seconds.
14033 [Test worker] INFO  c.s.p.service.AddressServiceTest - Starting AddressServiceTest using Java 17.0.7 with PID 11772 (started by ssama in C:\Users\ssama\Desktop\project\springproject)
14034 [Test worker] DEBUG c.s.p.service.AddressServiceTest - Running with Spring Boot v3.1.1, Spring v6.0.10
14034 [Test worker] INFO  c.s.p.service.AddressServiceTest - No active profile set, falling back to 1 default profile: "default"
14824 [Test worker] INFO  c.s.p.service.AddressServiceTest - Started AddressServiceTest in 0.819 seconds (process running for 16.733)
14900 [Test worker] INFO  c.s.p.service.CourseServiceTest - Starting CourseServiceTest using Java 17.0.7 with PID 11772 (started by ssama in C:\Users\ssama\Desktop\project\springproject)
14900 [Test worker] DEBUG c.s.p.service.CourseServiceTest - Running with Spring Boot v3.1.1, Spring v6.0.10
14900 [Test worker] INFO  c.s.p.service.CourseServiceTest - No active profile set, falling back to 1 default profile: "default"
15578 [Test worker] INFO  c.s.p.service.CourseServiceTest - Started CourseServiceTest in 0.698 seconds (process running for 17.488)
15583 [Test worker] ERROR c.s.p.service.CourseServiceImpl - Invalid coursename
15644 [Test worker] INFO  c.s.p.service.EmployeeServiceTest - Starting EmployeeServiceTest using Java 17.0.7 with PID 11772 (started by ssama in C:\Users\ssama\Desktop\project\springproject)
15644 [Test worker] DEBUG c.s.p.service.EmployeeServiceTest - Running with Spring Boot v3.1.1, Spring v6.0.10
15645 [Test worker] INFO  c.s.p.service.EmployeeServiceTest - No active profile set, falling back to 1 default profile: "default"
16362 [Test worker] INFO  c.s.p.service.EmployeeServiceTest - Started EmployeeServiceTest in 0.743 seconds (process running for 18.272)
16401 [Test worker] INFO  c.s.p.service.EmployeeServiceImpl - Course already exists !
16401 [Test worker] INFO  c.s.p.service.EmployeeServiceImpl - Course already exists !
16424 [Test worker] INFO  c.s.p.service.EmployeeServiceImpl - Course already exists !
16424 [Test worker] INFO  c.s.p.service.EmployeeServiceImpl - Course already exists !
16440 [Test worker] ERROR c.s.p.service.EmployeeServiceImpl - Employee with id : 0  does not exist ! 
16473 [Test worker] ERROR c.s.p.service.EmployeeServiceImpl - Employee with lastname sujith is not inserted
7632 [Test worker] INFO  c.sujith.project.ProjectApplication - Starting ProjectApplication using Java 17.0.7 with PID 26500 (started by ssama in C:\Users\ssama\Desktop\project\springproject)
7633 [Test worker] DEBUG c.sujith.project.ProjectApplication - Running with Spring Boot v3.1.1, Spring v6.0.10
7633 [Test worker] INFO  c.sujith.project.ProjectApplication - No active profile set, falling back to 1 default profile: "default"
8714 [Test worker] INFO  c.sujith.project.ProjectApplication - Started ProjectApplication in 1.111 seconds (process running for 9.819)
9344 [Test worker] INFO  c.sujith.project.ProjectApplication - Starting ProjectApplication using Java 17.0.7 with PID 15960 (started by ssama in C:\Users\ssama\Desktop\project\springproject)
9345 [Test worker] DEBUG c.sujith.project.ProjectApplication - Running with Spring Boot v3.1.1, Spring v6.0.10
9346 [Test worker] INFO  c.sujith.project.ProjectApplication - No active profile set, falling back to 1 default profile: "default"
10678 [Test worker] INFO  c.sujith.project.ProjectApplication - Started ProjectApplication in 1.396 seconds (process running for 12.579)
10762 [Test worker] INFO  c.s.p.c.AddressControllerTest - Starting AddressControllerTest using Java 17.0.7 with PID 15960 (started by ssama in C:\Users\ssama\Desktop\project\springproject)
10763 [Test worker] DEBUG c.s.p.c.AddressControllerTest - Running with Spring Boot v3.1.1, Spring v6.0.10
10763 [Test worker] INFO  c.s.p.c.AddressControllerTest - No active profile set, falling back to 1 default profile: "default"
11861 [Test worker] INFO  c.s.p.c.AddressControllerTest - Started AddressControllerTest in 1.124 seconds (process running for 13.762)
12034 [Test worker] INFO  c.s.p.interceptor.ApiInterceptor - preHandle method is invoked /api/address GET 1.689766753941E12
12452 [Test worker] INFO  c.s.p.interceptor.ApiInterceptor - postHandle method is invoked /api/address GET 1.689766754359E12
12460 [Test worker] INFO  c.s.p.interceptor.ApiInterceptor - after completion is invoked Time took is 0.418 seconds.
12500 [Test worker] INFO  c.s.p.interceptor.ApiInterceptor - preHandle method is invoked /api/address GET 1.689766754407E12
12532 [Test worker] INFO  c.s.p.interceptor.ApiInterceptor - after completion is invoked Time took is -0.048 seconds.
12737 [Test worker] INFO  c.s.p.c.CourseControllerTest - Starting CourseControllerTest using Java 17.0.7 with PID 15960 (started by ssama in C:\Users\ssama\Desktop\project\springproject)
12738 [Test worker] DEBUG c.s.p.c.CourseControllerTest - Running with Spring Boot v3.1.1, Spring v6.0.10
12738 [Test worker] INFO  c.s.p.c.CourseControllerTest - No active profile set, falling back to 1 default profile: "default"
13622 [Test worker] INFO  c.s.p.c.CourseControllerTest - Started CourseControllerTest in 0.911 seconds (process running for 15.523)
13631 [Test worker] INFO  c.s.p.interceptor.ApiInterceptor - preHandle method is invoked /api/courses GET 1.689766755538E12
13637 [Test worker] INFO  c.s.p.interceptor.ApiInterceptor - postHandle method is invoked /api/courses GET 1.689766755544E12
13638 [Test worker] INFO  c.s.p.interceptor.ApiInterceptor - after completion is invoked Time took is 0.006 seconds.
13655 [Test worker] INFO  c.s.p.interceptor.ApiInterceptor - preHandle method is invoked /api/courses/insertMany POST 1.689766755562E12
13839 [Test worker] INFO  c.s.p.interceptor.ApiInterceptor - postHandle method is invoked /api/courses/insertMany POST 1.689766755746E12
13840 [Test worker] INFO  c.s.p.interceptor.ApiInterceptor - after completion is invoked Time took is 0.184 seconds.
13847 [Test worker] INFO  c.s.p.interceptor.ApiInterceptor - preHandle method is invoked /api/courses POST 1.689766755754E12
13860 [Test worker] INFO  c.s.p.interceptor.ApiInterceptor - after completion is invoked Time took is -0.008 seconds.
13871 [Test worker] INFO  c.s.p.interceptor.ApiInterceptor - preHandle method is invoked /api/courses POST 1.689766755778E12
13879 [Test worker] INFO  c.s.p.interceptor.ApiInterceptor - postHandle method is invoked /api/courses POST 1.689766755786E12
13880 [Test worker] INFO  c.s.p.interceptor.ApiInterceptor - after completion is invoked Time took is 0.008 seconds.
13888 [Test worker] INFO  c.s.p.interceptor.ApiInterceptor - preHandle method is invoked /api/courses GET 1.689766755795E12
13890 [Test worker] INFO  c.s.p.interceptor.ApiInterceptor - after completion is invoked Time took is -0.009 seconds.
13907 [Test worker] INFO  c.s.p.interceptor.ApiInterceptor - preHandle method is invoked /api/courses/insertMany POST 1.689766755814E12
13911 [Test worker] INFO  c.s.p.interceptor.ApiInterceptor - after completion is invoked Time took is -0.028 seconds.
13962 [Test worker] INFO  c.s.p.c.EmployeeControllerTest - Starting EmployeeControllerTest using Java 17.0.7 with PID 15960 (started by ssama in C:\Users\ssama\Desktop\project\springproject)
13962 [Test worker] DEBUG c.s.p.c.EmployeeControllerTest - Running with Spring Boot v3.1.1, Spring v6.0.10
13963 [Test worker] INFO  c.s.p.c.EmployeeControllerTest - No active profile set, falling back to 1 default profile: "default"
15186 [Test worker] INFO  c.s.p.c.EmployeeControllerTest - Started EmployeeControllerTest in 1.255 seconds (process running for 17.088)
15203 [Test worker] INFO  c.s.p.interceptor.ApiInterceptor - preHandle method is invoked /api/employee/15 GET 1.68976675711E12
15226 [Test worker] INFO  c.s.p.interceptor.ApiInterceptor - preHandle method is invoked /api/employee/department GET 1.689766757133E12
15256 [Test worker] INFO  c.s.p.interceptor.ApiInterceptor - postHandle method is invoked /api/employee/department GET 1.689766757163E12
15258 [Test worker] INFO  c.s.p.interceptor.ApiInterceptor - after completion is invoked Time took is 0.03 seconds.
15266 [Test worker] INFO  c.s.p.interceptor.ApiInterceptor - preHandle method is invoked /api/employee/maxSalary GET 1.689766757173E12
15269 [Test worker] INFO  c.s.p.interceptor.ApiInterceptor - postHandle method is invoked /api/employee/maxSalary GET 1.689766757176E12
15269 [Test worker] INFO  c.s.p.interceptor.ApiInterceptor - after completion is invoked Time took is 0.003 seconds.
15315 [Test worker] INFO  c.s.p.interceptor.ApiInterceptor - preHandle method is invoked /api/employee/updateSalaryById PUT 1.689766757222E12
15323 [Test worker] INFO  c.s.p.interceptor.ApiInterceptor - postHandle method is invoked /api/employee/updateSalaryById PUT 1.68976675723E12
15323 [Test worker] INFO  c.s.p.interceptor.ApiInterceptor - after completion is invoked Time took is 0.008 seconds.
15331 [Test worker] INFO  c.s.p.interceptor.ApiInterceptor - preHandle method is invoked /api/employee/findAll GET 1.689766757238E12
15334 [Test worker] INFO  c.s.p.interceptor.ApiInterceptor - postHandle method is invoked /api/employee/findAll GET 1.689766757241E12
15335 [Test worker] INFO  c.s.p.interceptor.ApiInterceptor - after completion is invoked Time took is 0.003 seconds.
15344 [Test worker] INFO  c.s.p.interceptor.ApiInterceptor - preHandle method is invoked /api/employee/course GET 1.68976675725E12
15346 [Test worker] INFO  c.s.p.interceptor.ApiInterceptor - postHandle method is invoked /api/employee/course GET 1.689766757253E12
15347 [Test worker] INFO  c.s.p.interceptor.ApiInterceptor - after completion is invoked Time took is 0.003 seconds.
15359 [Test worker] INFO  c.s.p.interceptor.ApiInterceptor - preHandle method is invoked /api/employee POST 1.689766757266E12
15371 [Test worker] INFO  c.s.p.interceptor.ApiInterceptor - postHandle method is invoked /api/employee POST 1.689766757278E12
15372 [Test worker] INFO  c.s.p.interceptor.ApiInterceptor - after completion is invoked Time took is 0.012 seconds.
15382 [Test worker] INFO  c.s.p.interceptor.ApiInterceptor - preHandle method is invoked /api/employee GET 1.689766757289E12
15386 [Test worker] INFO  c.s.p.interceptor.ApiInterceptor - after completion is invoked Time took is -0.011 seconds.
15393 [Test worker] INFO  c.s.p.interceptor.ApiInterceptor - preHandle method is invoked /api/employee PUT 1.6897667573E12
15397 [Test worker] INFO  c.s.p.interceptor.ApiInterceptor - after completion is invoked Time took is -0.022 seconds.
15406 [Test worker] INFO  c.s.p.interceptor.ApiInterceptor - preHandle method is invoked /api/employee GET 1.689766757313E12
15443 [Test worker] INFO  c.s.p.interceptor.ApiInterceptor - after completion is invoked Time took is -0.035 seconds.
15452 [Test worker] INFO  c.s.p.interceptor.ApiInterceptor - preHandle method is invoked /api/employee/1 DELETE 1.689766757359E12
15454 [Test worker] INFO  c.s.p.interceptor.ApiInterceptor - postHandle method is invoked /api/employee/1 DELETE 1.689766757361E12
15455 [Test worker] INFO  c.s.p.interceptor.ApiInterceptor - after completion is invoked Time took is 0.002 seconds.
15462 [Test worker] INFO  c.s.p.interceptor.ApiInterceptor - preHandle method is invoked /api/employee/department/maxSalary GET 1.689766757369E12
15465 [Test worker] INFO  c.s.p.interceptor.ApiInterceptor - after completion is invoked Time took is -0.008 seconds.
15472 [Test worker] INFO  c.s.p.interceptor.ApiInterceptor - preHandle method is invoked /api/employee/maxSalary GET 1.689766757379E12
15474 [Test worker] INFO  c.s.p.interceptor.ApiInterceptor - after completion is invoked Time took is -0.018 seconds.
15483 [Test worker] INFO  c.s.p.interceptor.ApiInterceptor - preHandle method is invoked /api/employee PUT 1.689766757389E12
15485 [Test worker] INFO  c.s.p.interceptor.ApiInterceptor - postHandle method is invoked /api/employee PUT 1.689766757392E12
15486 [Test worker] INFO  c.s.p.interceptor.ApiInterceptor - after completion is invoked Time took is 0.003 seconds.
15497 [Test worker] INFO  c.s.p.interceptor.ApiInterceptor - preHandle method is invoked /api/employee/insertAll POST 1.689766757404E12
15506 [Test worker] INFO  c.s.p.interceptor.ApiInterceptor - postHandle method is invoked /api/employee/insertAll POST 1.689766757413E12
15507 [Test worker] INFO  c.s.p.interceptor.ApiInterceptor - after completion is invoked Time took is 0.009 seconds.
15517 [Test worker] INFO  c.s.p.interceptor.ApiInterceptor - preHandle method is invoked /api/employee/1 DELETE 1.689766757424E12
15521 [Test worker] INFO  c.s.p.interceptor.ApiInterceptor - after completion is invoked Time took is -0.011 seconds.
15528 [Test worker] INFO  c.s.p.interceptor.ApiInterceptor - preHandle method is invoked /api/employee/1 GET 1.689766757435E12
15535 [Test worker] INFO  c.s.p.interceptor.ApiInterceptor - postHandle method is invoked /api/employee/1 GET 1.689766757442E12
15535 [Test worker] INFO  c.s.p.interceptor.ApiInterceptor - after completion is invoked Time took is 0.007 seconds.
15546 [Test worker] INFO  c.s.p.interceptor.ApiInterceptor - preHandle method is invoked /api/employee/department GET 1.689766757453E12
15550 [Test worker] INFO  c.s.p.interceptor.ApiInterceptor - after completion is invoked Time took is -0.011 seconds.
15558 [Test worker] INFO  c.s.p.interceptor.ApiInterceptor - preHandle method is invoked /api/employee/0 GET 1.689766757465E12
15561 [Test worker] INFO  c.s.p.interceptor.ApiInterceptor - after completion is invoked Time took is -0.023 seconds.
15567 [Test worker] INFO  c.s.p.interceptor.ApiInterceptor - preHandle method is invoked /api/employee/findAll GET 1.689766757474E12
15569 [Test worker] INFO  c.s.p.interceptor.ApiInterceptor - after completion is invoked Time took is -0.032 seconds.
15579 [Test worker] INFO  c.s.p.interceptor.ApiInterceptor - preHandle method is invoked /api/employee/course GET 1.689766757486E12
15583 [Test worker] INFO  c.s.p.interceptor.ApiInterceptor - after completion is invoked Time took is -0.044 seconds.
15589 [Test worker] INFO  c.s.p.interceptor.ApiInterceptor - preHandle method is invoked /api/employee/updateSalaryById PUT 1.689766757496E12
15591 [Test worker] INFO  c.s.p.interceptor.ApiInterceptor - after completion is invoked Time took is -0.054 seconds.
15598 [Test worker] INFO  c.s.p.interceptor.ApiInterceptor - preHandle method is invoked /api/employee/department/maxSalary GET 1.689766757505E12
15601 [Test worker] INFO  c.s.p.interceptor.ApiInterceptor - postHandle method is invoked /api/employee/department/maxSalary GET 1.689766757508E12
15601 [Test worker] INFO  c.s.p.interceptor.ApiInterceptor - after completion is invoked Time took is 0.003 seconds.
15610 [Test worker] INFO  c.s.p.interceptor.ApiInterceptor - preHandle method is invoked /api/employee GET 1.689766757517E12
15612 [Test worker] INFO  c.s.p.interceptor.ApiInterceptor - postHandle method is invoked /api/employee GET 1.689766757519E12
15613 [Test worker] INFO  c.s.p.interceptor.ApiInterceptor - after completion is invoked Time took is 0.002 seconds.
15690 [Test worker] INFO  c.s.p.service.AddressServiceTest - Starting AddressServiceTest using Java 17.0.7 with PID 15960 (started by ssama in C:\Users\ssama\Desktop\project\springproject)
15690 [Test worker] DEBUG c.s.p.service.AddressServiceTest - Running with Spring Boot v3.1.1, Spring v6.0.10
15691 [Test worker] INFO  c.s.p.service.AddressServiceTest - No active profile set, falling back to 1 default profile: "default"
16914 [Test worker] INFO  c.s.p.service.AddressServiceTest - Started AddressServiceTest in 1.268 seconds (process running for 18.816)
17039 [Test worker] INFO  c.s.p.service.CourseServiceTest - Starting CourseServiceTest using Java 17.0.7 with PID 15960 (started by ssama in C:\Users\ssama\Desktop\project\springproject)
17039 [Test worker] DEBUG c.s.p.service.CourseServiceTest - Running with Spring Boot v3.1.1, Spring v6.0.10
17039 [Test worker] INFO  c.s.p.service.CourseServiceTest - No active profile set, falling back to 1 default profile: "default"
18071 [Test worker] INFO  c.s.p.service.CourseServiceTest - Started CourseServiceTest in 1.073 seconds (process running for 19.972)
18081 [Test worker] ERROR c.s.p.service.CourseServiceImpl - Invalid coursename
18168 [Test worker] INFO  c.s.p.service.EmployeeServiceTest - Starting EmployeeServiceTest using Java 17.0.7 with PID 15960 (started by ssama in C:\Users\ssama\Desktop\project\springproject)
18169 [Test worker] DEBUG c.s.p.service.EmployeeServiceTest - Running with Spring Boot v3.1.1, Spring v6.0.10
18169 [Test worker] INFO  c.s.p.service.EmployeeServiceTest - No active profile set, falling back to 1 default profile: "default"
19155 [Test worker] INFO  c.s.p.service.EmployeeServiceTest - Started EmployeeServiceTest in 1.02 seconds (process running for 21.057)
19224 [Test worker] INFO  c.s.p.service.EmployeeServiceImpl - Course already exists !
19224 [Test worker] INFO  c.s.p.service.EmployeeServiceImpl - Course already exists !
19265 [Test worker] INFO  c.s.p.service.EmployeeServiceImpl - Course already exists !
19265 [Test worker] INFO  c.s.p.service.EmployeeServiceImpl - Course already exists !
19290 [Test worker] ERROR c.s.p.service.EmployeeServiceImpl - Employee with id : 0  does not exist ! 
19351 [Test worker] ERROR c.s.p.service.EmployeeServiceImpl - Employee with lastname sujith is not inserted
11757 [Test worker] INFO  c.sujith.project.ProjectApplication - Starting ProjectApplication using Java 17.0.7 with PID 25220 (started by ssama in C:\Users\ssama\Desktop\project\springproject)
11758 [Test worker] DEBUG c.sujith.project.ProjectApplication - Running with Spring Boot v3.1.1, Spring v6.0.10
11759 [Test worker] INFO  c.sujith.project.ProjectApplication - No active profile set, falling back to 1 default profile: "default"
13051 [Test worker] INFO  c.sujith.project.ProjectApplication - Started ProjectApplication in 1.333 seconds (process running for 15.257)
13164 [Test worker] INFO  c.s.p.c.AddressControllerTest - Starting AddressControllerTest using Java 17.0.7 with PID 25220 (started by ssama in C:\Users\ssama\Desktop\project\springproject)
13165 [Test worker] DEBUG c.s.p.c.AddressControllerTest - Running with Spring Boot v3.1.1, Spring v6.0.10
13165 [Test worker] INFO  c.s.p.c.AddressControllerTest - No active profile set, falling back to 1 default profile: "default"
15078 [Test worker] INFO  c.s.p.c.AddressControllerTest - Started AddressControllerTest in 1.952 seconds (process running for 17.283)
15291 [Test worker] INFO  c.s.p.interceptor.ApiInterceptor - preHandle method is invoked /api/address GET 1.689766797994E12
15657 [Test worker] INFO  c.s.p.interceptor.ApiInterceptor - postHandle method is invoked /api/address GET 1.68976679836E12
15662 [Test worker] INFO  c.s.p.interceptor.ApiInterceptor - after completion is invoked Time took is 0.366 seconds.
15709 [Test worker] INFO  c.s.p.interceptor.ApiInterceptor - preHandle method is invoked /api/address GET 1.689766798412E12
15750 [Test worker] INFO  c.s.p.interceptor.ApiInterceptor - after completion is invoked Time took is -0.052 seconds.
15998 [Test worker] INFO  c.s.p.c.CourseControllerTest - Starting CourseControllerTest using Java 17.0.7 with PID 25220 (started by ssama in C:\Users\ssama\Desktop\project\springproject)
15999 [Test worker] DEBUG c.s.p.c.CourseControllerTest - Running with Spring Boot v3.1.1, Spring v6.0.10
15999 [Test worker] INFO  c.s.p.c.CourseControllerTest - No active profile set, falling back to 1 default profile: "default"
17276 [Test worker] INFO  c.s.p.c.CourseControllerTest - Started CourseControllerTest in 1.338 seconds (process running for 19.482)
17288 [Test worker] INFO  c.s.p.interceptor.ApiInterceptor - preHandle method is invoked /api/courses GET 1.689766799991E12
17294 [Test worker] INFO  c.s.p.interceptor.ApiInterceptor - postHandle method is invoked /api/courses GET 1.689766799997E12
17294 [Test worker] INFO  c.s.p.interceptor.ApiInterceptor - after completion is invoked Time took is 0.006 seconds.
17310 [Test worker] INFO  c.s.p.interceptor.ApiInterceptor - preHandle method is invoked /api/courses/insertMany POST 1.689766800013E12
17437 [Test worker] INFO  c.s.p.interceptor.ApiInterceptor - postHandle method is invoked /api/courses/insertMany POST 1.68976680014E12
17438 [Test worker] INFO  c.s.p.interceptor.ApiInterceptor - after completion is invoked Time took is 0.127 seconds.
17449 [Test worker] INFO  c.s.p.interceptor.ApiInterceptor - preHandle method is invoked /api/courses POST 1.689766800152E12
17459 [Test worker] INFO  c.s.p.interceptor.ApiInterceptor - after completion is invoked Time took is -0.012 seconds.
17471 [Test worker] INFO  c.s.p.interceptor.ApiInterceptor - preHandle method is invoked /api/courses POST 1.689766800174E12
17479 [Test worker] INFO  c.s.p.interceptor.ApiInterceptor - postHandle method is invoked /api/courses POST 1.689766800181E12
17479 [Test worker] INFO  c.s.p.interceptor.ApiInterceptor - after completion is invoked Time took is 0.007 seconds.
17488 [Test worker] INFO  c.s.p.interceptor.ApiInterceptor - preHandle method is invoked /api/courses GET 1.689766800191E12
17492 [Test worker] INFO  c.s.p.interceptor.ApiInterceptor - after completion is invoked Time took is -0.01 seconds.
17507 [Test worker] INFO  c.s.p.interceptor.ApiInterceptor - preHandle method is invoked /api/courses/insertMany POST 1.68976680021E12
17512 [Test worker] INFO  c.s.p.interceptor.ApiInterceptor - after completion is invoked Time took is -0.029 seconds.
17577 [Test worker] INFO  c.s.p.c.EmployeeControllerTest - Starting EmployeeControllerTest using Java 17.0.7 with PID 25220 (started by ssama in C:\Users\ssama\Desktop\project\springproject)
17578 [Test worker] DEBUG c.s.p.c.EmployeeControllerTest - Running with Spring Boot v3.1.1, Spring v6.0.10
17578 [Test worker] INFO  c.s.p.c.EmployeeControllerTest - No active profile set, falling back to 1 default profile: "default"
18714 [Test worker] INFO  c.s.p.c.EmployeeControllerTest - Started EmployeeControllerTest in 1.182 seconds (process running for 20.92)
18729 [Test worker] INFO  c.s.p.interceptor.ApiInterceptor - preHandle method is invoked /api/employee/15 GET 1.689766801432E12
18750 [Test worker] INFO  c.s.p.interceptor.ApiInterceptor - preHandle method is invoked /api/employee/department GET 1.689766801453E12
18772 [Test worker] INFO  c.s.p.interceptor.ApiInterceptor - postHandle method is invoked /api/employee/department GET 1.689766801475E12
18772 [Test worker] INFO  c.s.p.interceptor.ApiInterceptor - after completion is invoked Time took is 0.022 seconds.
18783 [Test worker] INFO  c.s.p.interceptor.ApiInterceptor - preHandle method is invoked /api/employee/maxSalary GET 1.689766801486E12
18785 [Test worker] INFO  c.s.p.interceptor.ApiInterceptor - postHandle method is invoked /api/employee/maxSalary GET 1.689766801488E12
18785 [Test worker] INFO  c.s.p.interceptor.ApiInterceptor - after completion is invoked Time took is 0.002 seconds.
18809 [Test worker] INFO  c.s.p.interceptor.ApiInterceptor - preHandle method is invoked /api/employee/updateSalaryById PUT 1.689766801512E12
18816 [Test worker] INFO  c.s.p.interceptor.ApiInterceptor - postHandle method is invoked /api/employee/updateSalaryById PUT 1.689766801519E12
18816 [Test worker] INFO  c.s.p.interceptor.ApiInterceptor - after completion is invoked Time took is 0.007 seconds.
18825 [Test worker] INFO  c.s.p.interceptor.ApiInterceptor - preHandle method is invoked /api/employee/findAll GET 1.689766801528E12
18826 [Test worker] INFO  c.s.p.interceptor.ApiInterceptor - postHandle method is invoked /api/employee/findAll GET 1.689766801529E12
18828 [Test worker] INFO  c.s.p.interceptor.ApiInterceptor - after completion is invoked Time took is 0.001 seconds.
18837 [Test worker] INFO  c.s.p.interceptor.ApiInterceptor - preHandle method is invoked /api/employee/course GET 1.68976680154E12
18840 [Test worker] INFO  c.s.p.interceptor.ApiInterceptor - postHandle method is invoked /api/employee/course GET 1.689766801543E12
18841 [Test worker] INFO  c.s.p.interceptor.ApiInterceptor - after completion is invoked Time took is 0.003 seconds.
18853 [Test worker] INFO  c.s.p.interceptor.ApiInterceptor - preHandle method is invoked /api/employee POST 1.689766801556E12
18864 [Test worker] INFO  c.s.p.interceptor.ApiInterceptor - postHandle method is invoked /api/employee POST 1.689766801567E12
18864 [Test worker] INFO  c.s.p.interceptor.ApiInterceptor - after completion is invoked Time took is 0.011 seconds.
18873 [Test worker] INFO  c.s.p.interceptor.ApiInterceptor - preHandle method is invoked /api/employee GET 1.689766801576E12
18878 [Test worker] INFO  c.s.p.interceptor.ApiInterceptor - after completion is invoked Time took is -0.009 seconds.
18887 [Test worker] INFO  c.s.p.interceptor.ApiInterceptor - preHandle method is invoked /api/employee PUT 1.68976680159E12
18890 [Test worker] INFO  c.s.p.interceptor.ApiInterceptor - after completion is invoked Time took is -0.023 seconds.
18896 [Test worker] INFO  c.s.p.interceptor.ApiInterceptor - preHandle method is invoked /api/employee GET 1.689766801599E12
18930 [Test worker] INFO  c.s.p.interceptor.ApiInterceptor - after completion is invoked Time took is -0.032 seconds.
18939 [Test worker] INFO  c.s.p.interceptor.ApiInterceptor - preHandle method is invoked /api/employee/1 DELETE 1.689766801642E12
18941 [Test worker] INFO  c.s.p.interceptor.ApiInterceptor - postHandle method is invoked /api/employee/1 DELETE 1.689766801644E12
18941 [Test worker] INFO  c.s.p.interceptor.ApiInterceptor - after completion is invoked Time took is 0.002 seconds.
18949 [Test worker] INFO  c.s.p.interceptor.ApiInterceptor - preHandle method is invoked /api/employee/department/maxSalary GET 1.689766801652E12
18952 [Test worker] INFO  c.s.p.interceptor.ApiInterceptor - after completion is invoked Time took is -0.008 seconds.
18959 [Test worker] INFO  c.s.p.interceptor.ApiInterceptor - preHandle method is invoked /api/employee/maxSalary GET 1.689766801662E12
18962 [Test worker] INFO  c.s.p.interceptor.ApiInterceptor - after completion is invoked Time took is -0.018 seconds.
18971 [Test worker] INFO  c.s.p.interceptor.ApiInterceptor - preHandle method is invoked /api/employee PUT 1.689766801674E12
18976 [Test worker] INFO  c.s.p.interceptor.ApiInterceptor - postHandle method is invoked /api/employee PUT 1.689766801679E12
18977 [Test worker] INFO  c.s.p.interceptor.ApiInterceptor - after completion is invoked Time took is 0.005 seconds.
18985 [Test worker] INFO  c.s.p.interceptor.ApiInterceptor - preHandle method is invoked /api/employee/insertAll POST 1.689766801688E12
18992 [Test worker] INFO  c.s.p.interceptor.ApiInterceptor - postHandle method is invoked /api/employee/insertAll POST 1.689766801695E12
18993 [Test worker] INFO  c.s.p.interceptor.ApiInterceptor - after completion is invoked Time took is 0.007 seconds.
19002 [Test worker] INFO  c.s.p.interceptor.ApiInterceptor - preHandle method is invoked /api/employee/1 DELETE 1.689766801705E12
19004 [Test worker] INFO  c.s.p.interceptor.ApiInterceptor - after completion is invoked Time took is -0.01 seconds.
19011 [Test worker] INFO  c.s.p.interceptor.ApiInterceptor - preHandle method is invoked /api/employee/1 GET 1.689766801714E12
19016 [Test worker] INFO  c.s.p.interceptor.ApiInterceptor - postHandle method is invoked /api/employee/1 GET 1.689766801719E12
19016 [Test worker] INFO  c.s.p.interceptor.ApiInterceptor - after completion is invoked Time took is 0.005 seconds.
19022 [Test worker] INFO  c.s.p.interceptor.ApiInterceptor - preHandle method is invoked /api/employee/department GET 1.689766801725E12
19025 [Test worker] INFO  c.s.p.interceptor.ApiInterceptor - after completion is invoked Time took is -0.006 seconds.
19032 [Test worker] INFO  c.s.p.interceptor.ApiInterceptor - preHandle method is invoked /api/employee/0 GET 1.689766801735E12
19035 [Test worker] INFO  c.s.p.interceptor.ApiInterceptor - after completion is invoked Time took is -0.016 seconds.
19044 [Test worker] INFO  c.s.p.interceptor.ApiInterceptor - preHandle method is invoked /api/employee/findAll GET 1.689766801747E12
19048 [Test worker] INFO  c.s.p.interceptor.ApiInterceptor - after completion is invoked Time took is -0.028 seconds.
19054 [Test worker] INFO  c.s.p.interceptor.ApiInterceptor - preHandle method is invoked /api/employee/course GET 1.689766801757E12
19056 [Test worker] INFO  c.s.p.interceptor.ApiInterceptor - after completion is invoked Time took is -0.038 seconds.
19063 [Test worker] INFO  c.s.p.interceptor.ApiInterceptor - preHandle method is invoked /api/employee/updateSalaryById PUT 1.689766801766E12
19066 [Test worker] INFO  c.s.p.interceptor.ApiInterceptor - after completion is invoked Time took is -0.047 seconds.
19074 [Test worker] INFO  c.s.p.interceptor.ApiInterceptor - preHandle method is invoked /api/employee/department/maxSalary GET 1.689766801777E12
19076 [Test worker] INFO  c.s.p.interceptor.ApiInterceptor - postHandle method is invoked /api/employee/department/maxSalary GET 1.689766801779E12
19077 [Test worker] INFO  c.s.p.interceptor.ApiInterceptor - after completion is invoked Time took is 0.002 seconds.
19085 [Test worker] INFO  c.s.p.interceptor.ApiInterceptor - preHandle method is invoked /api/employee GET 1.689766801788E12
19088 [Test worker] INFO  c.s.p.interceptor.ApiInterceptor - postHandle method is invoked /api/employee GET 1.689766801791E12
19089 [Test worker] INFO  c.s.p.interceptor.ApiInterceptor - after completion is invoked Time took is 0.003 seconds.
19162 [Test worker] INFO  c.s.p.service.AddressServiceTest - Starting AddressServiceTest using Java 17.0.7 with PID 25220 (started by ssama in C:\Users\ssama\Desktop\project\springproject)
19163 [Test worker] DEBUG c.s.p.service.AddressServiceTest - Running with Spring Boot v3.1.1, Spring v6.0.10
19163 [Test worker] INFO  c.s.p.service.AddressServiceTest - No active profile set, falling back to 1 default profile: "default"
20173 [Test worker] INFO  c.s.p.service.AddressServiceTest - Started AddressServiceTest in 1.046 seconds (process running for 22.38)
20255 [Test worker] INFO  c.s.p.service.CourseServiceTest - Starting CourseServiceTest using Java 17.0.7 with PID 25220 (started by ssama in C:\Users\ssama\Desktop\project\springproject)
20255 [Test worker] DEBUG c.s.p.service.CourseServiceTest - Running with Spring Boot v3.1.1, Spring v6.0.10
20255 [Test worker] INFO  c.s.p.service.CourseServiceTest - No active profile set, falling back to 1 default profile: "default"
21196 [Test worker] INFO  c.s.p.service.CourseServiceTest - Started CourseServiceTest in 0.967 seconds (process running for 23.402)
21205 [Test worker] ERROR c.s.p.service.CourseServiceImpl - Invalid coursename
21281 [Test worker] INFO  c.s.p.service.EmployeeServiceTest - Starting EmployeeServiceTest using Java 17.0.7 with PID 25220 (started by ssama in C:\Users\ssama\Desktop\project\springproject)
21282 [Test worker] DEBUG c.s.p.service.EmployeeServiceTest - Running with Spring Boot v3.1.1, Spring v6.0.10
21282 [Test worker] INFO  c.s.p.service.EmployeeServiceTest - No active profile set, falling back to 1 default profile: "default"
22162 [Test worker] INFO  c.s.p.service.EmployeeServiceTest - Started EmployeeServiceTest in 0.907 seconds (process running for 24.368)
22206 [Test worker] INFO  c.s.p.service.EmployeeServiceImpl - Course already exists !
22207 [Test worker] INFO  c.s.p.service.EmployeeServiceImpl - Course already exists !
22243 [Test worker] INFO  c.s.p.service.EmployeeServiceImpl - Course already exists !
22244 [Test worker] INFO  c.s.p.service.EmployeeServiceImpl - Course already exists !
22265 [Test worker] ERROR c.s.p.service.EmployeeServiceImpl - Employee with id : 0  does not exist ! 
22322 [Test worker] ERROR c.s.p.service.EmployeeServiceImpl - Employee with lastname sujith is not inserted
9120 [Test worker] INFO  c.sujith.project.ProjectApplication - Starting ProjectApplication using Java 17.0.7 with PID 11160 (started by ssama in C:\Users\ssama\Desktop\project\springproject)
9121 [Test worker] DEBUG c.sujith.project.ProjectApplication - Running with Spring Boot v3.1.1, Spring v6.0.10
9121 [Test worker] INFO  c.sujith.project.ProjectApplication - No active profile set, falling back to 1 default profile: "default"
10174 [Test worker] INFO  c.sujith.project.ProjectApplication - Started ProjectApplication in 1.08 seconds (process running for 11.816)
10236 [Test worker] INFO  c.s.p.c.AddressControllerTest - Starting AddressControllerTest using Java 17.0.7 with PID 11160 (started by ssama in C:\Users\ssama\Desktop\project\springproject)
10236 [Test worker] DEBUG c.s.p.c.AddressControllerTest - Running with Spring Boot v3.1.1, Spring v6.0.10
10236 [Test worker] INFO  c.s.p.c.AddressControllerTest - No active profile set, falling back to 1 default profile: "default"
11607 [Test worker] INFO  c.s.p.c.AddressControllerTest - Started AddressControllerTest in 1.393 seconds (process running for 13.248)
11781 [Test worker] INFO  c.s.p.interceptor.ApiInterceptor - preHandle method is invoked /api/address GET 1.689766910879E12
12067 [Test worker] INFO  c.s.p.interceptor.ApiInterceptor - postHandle method is invoked /api/address GET 1.689766911165E12
12073 [Test worker] INFO  c.s.p.interceptor.ApiInterceptor - after completion is invoked Time took is 0.286 seconds.
12106 [Test worker] INFO  c.s.p.interceptor.ApiInterceptor - preHandle method is invoked /api/address GET 1.689766911204E12
12129 [Test worker] INFO  c.s.p.interceptor.ApiInterceptor - after completion is invoked Time took is -0.039 seconds.
12277 [Test worker] INFO  c.s.p.c.CourseControllerTest - Starting CourseControllerTest using Java 17.0.7 with PID 11160 (started by ssama in C:\Users\ssama\Desktop\project\springproject)
12277 [Test worker] DEBUG c.s.p.c.CourseControllerTest - Running with Spring Boot v3.1.1, Spring v6.0.10
12279 [Test worker] INFO  c.s.p.c.CourseControllerTest - No active profile set, falling back to 1 default profile: "default"
13278 [Test worker] INFO  c.s.p.c.CourseControllerTest - Started CourseControllerTest in 1.043 seconds (process running for 14.919)
13285 [Test worker] INFO  c.s.p.interceptor.ApiInterceptor - preHandle method is invoked /api/courses GET 1.689766912383E12
13289 [Test worker] INFO  c.s.p.interceptor.ApiInterceptor - postHandle method is invoked /api/courses GET 1.689766912387E12
13290 [Test worker] INFO  c.s.p.interceptor.ApiInterceptor - after completion is invoked Time took is 0.004 seconds.
13299 [Test worker] INFO  c.s.p.interceptor.ApiInterceptor - preHandle method is invoked /api/courses/insertMany POST 1.689766912397E12
13405 [Test worker] INFO  c.s.p.interceptor.ApiInterceptor - postHandle method is invoked /api/courses/insertMany POST 1.689766912503E12
13406 [Test worker] INFO  c.s.p.interceptor.ApiInterceptor - after completion is invoked Time took is 0.106 seconds.
13414 [Test worker] INFO  c.s.p.interceptor.ApiInterceptor - preHandle method is invoked /api/courses POST 1.689766912512E12
13421 [Test worker] INFO  c.s.p.interceptor.ApiInterceptor - after completion is invoked Time took is -0.009 seconds.
13429 [Test worker] INFO  c.s.p.interceptor.ApiInterceptor - preHandle method is invoked /api/courses POST 1.689766912527E12
13435 [Test worker] INFO  c.s.p.interceptor.ApiInterceptor - postHandle method is invoked /api/courses POST 1.689766912533E12
13436 [Test worker] INFO  c.s.p.interceptor.ApiInterceptor - after completion is invoked Time took is 0.006 seconds.
13443 [Test worker] INFO  c.s.p.interceptor.ApiInterceptor - preHandle method is invoked /api/courses GET 1.689766912541E12
13445 [Test worker] INFO  c.s.p.interceptor.ApiInterceptor - after completion is invoked Time took is -0.008 seconds.
13458 [Test worker] INFO  c.s.p.interceptor.ApiInterceptor - preHandle method is invoked /api/courses/insertMany POST 1.689766912556E12
13463 [Test worker] INFO  c.s.p.interceptor.ApiInterceptor - after completion is invoked Time took is -0.023 seconds.
13512 [Test worker] INFO  c.s.p.c.EmployeeControllerTest - Starting EmployeeControllerTest using Java 17.0.7 with PID 11160 (started by ssama in C:\Users\ssama\Desktop\project\springproject)
13512 [Test worker] DEBUG c.s.p.c.EmployeeControllerTest - Running with Spring Boot v3.1.1, Spring v6.0.10
13513 [Test worker] INFO  c.s.p.c.EmployeeControllerTest - No active profile set, falling back to 1 default profile: "default"
14439 [Test worker] INFO  c.s.p.c.EmployeeControllerTest - Started EmployeeControllerTest in 0.958 seconds (process running for 16.081)
14448 [Test worker] INFO  c.s.p.interceptor.ApiInterceptor - preHandle method is invoked /api/employee/15 GET 1.689766913546E12
14465 [Test worker] INFO  c.s.p.interceptor.ApiInterceptor - preHandle method is invoked /api/employee/department GET 1.689766913563E12
14479 [Test worker] INFO  c.s.p.interceptor.ApiInterceptor - postHandle method is invoked /api/employee/department GET 1.689766913577E12
14480 [Test worker] INFO  c.s.p.interceptor.ApiInterceptor - after completion is invoked Time took is 0.014 seconds.
14489 [Test worker] INFO  c.s.p.interceptor.ApiInterceptor - preHandle method is invoked /api/employee/maxSalary GET 1.689766913587E12
14490 [Test worker] INFO  c.s.p.interceptor.ApiInterceptor - postHandle method is invoked /api/employee/maxSalary GET 1.689766913588E12
14491 [Test worker] INFO  c.s.p.interceptor.ApiInterceptor - after completion is invoked Time took is 0.001 seconds.
14515 [Test worker] INFO  c.s.p.interceptor.ApiInterceptor - preHandle method is invoked /api/employee/updateSalaryById PUT 1.689766913613E12
14519 [Test worker] INFO  c.s.p.interceptor.ApiInterceptor - postHandle method is invoked /api/employee/updateSalaryById PUT 1.689766913617E12
14520 [Test worker] INFO  c.s.p.interceptor.ApiInterceptor - after completion is invoked Time took is 0.004 seconds.
14527 [Test worker] INFO  c.s.p.interceptor.ApiInterceptor - preHandle method is invoked /api/employee/findAll GET 1.689766913625E12
14529 [Test worker] INFO  c.s.p.interceptor.ApiInterceptor - postHandle method is invoked /api/employee/findAll GET 1.689766913627E12
14529 [Test worker] INFO  c.s.p.interceptor.ApiInterceptor - after completion is invoked Time took is 0.002 seconds.
14535 [Test worker] INFO  c.s.p.interceptor.ApiInterceptor - preHandle method is invoked /api/employee/course GET 1.689766913633E12
14536 [Test worker] INFO  c.s.p.interceptor.ApiInterceptor - postHandle method is invoked /api/employee/course GET 1.689766913634E12
14537 [Test worker] INFO  c.s.p.interceptor.ApiInterceptor - after completion is invoked Time took is 0.001 seconds.
14544 [Test worker] INFO  c.s.p.interceptor.ApiInterceptor - preHandle method is invoked /api/employee POST 1.689766913642E12
14552 [Test worker] INFO  c.s.p.interceptor.ApiInterceptor - postHandle method is invoked /api/employee POST 1.68976691365E12
14553 [Test worker] INFO  c.s.p.interceptor.ApiInterceptor - after completion is invoked Time took is 0.008 seconds.
14561 [Test worker] INFO  c.s.p.interceptor.ApiInterceptor - preHandle method is invoked /api/employee GET 1.689766913659E12
14564 [Test worker] INFO  c.s.p.interceptor.ApiInterceptor - after completion is invoked Time took is -0.009 seconds.
14572 [Test worker] INFO  c.s.p.interceptor.ApiInterceptor - preHandle method is invoked /api/employee PUT 1.68976691367E12
14574 [Test worker] INFO  c.s.p.interceptor.ApiInterceptor - after completion is invoked Time took is -0.02 seconds.
14583 [Test worker] INFO  c.s.p.interceptor.ApiInterceptor - preHandle method is invoked /api/employee GET 1.689766913681E12
14606 [Test worker] INFO  c.s.p.interceptor.ApiInterceptor - after completion is invoked Time took is -0.031 seconds.
14612 [Test worker] INFO  c.s.p.interceptor.ApiInterceptor - preHandle method is invoked /api/employee/1 DELETE 1.68976691371E12
14613 [Test worker] INFO  c.s.p.interceptor.ApiInterceptor - postHandle method is invoked /api/employee/1 DELETE 1.689766913711E12
14615 [Test worker] INFO  c.s.p.interceptor.ApiInterceptor - after completion is invoked Time took is 0.001 seconds.
14622 [Test worker] INFO  c.s.p.interceptor.ApiInterceptor - preHandle method is invoked /api/employee/department/maxSalary GET 1.68976691372E12
14623 [Test worker] INFO  c.s.p.interceptor.ApiInterceptor - after completion is invoked Time took is -0.009 seconds.
14628 [Test worker] INFO  c.s.p.interceptor.ApiInterceptor - preHandle method is invoked /api/employee/maxSalary GET 1.689766913726E12
14630 [Test worker] INFO  c.s.p.interceptor.ApiInterceptor - after completion is invoked Time took is -0.015 seconds.
14639 [Test worker] INFO  c.s.p.interceptor.ApiInterceptor - preHandle method is invoked /api/employee PUT 1.689766913737E12
14641 [Test worker] INFO  c.s.p.interceptor.ApiInterceptor - postHandle method is invoked /api/employee PUT 1.689766913739E12
14641 [Test worker] INFO  c.s.p.interceptor.ApiInterceptor - after completion is invoked Time took is 0.002 seconds.
14649 [Test worker] INFO  c.s.p.interceptor.ApiInterceptor - preHandle method is invoked /api/employee/insertAll POST 1.689766913747E12
14654 [Test worker] INFO  c.s.p.interceptor.ApiInterceptor - postHandle method is invoked /api/employee/insertAll POST 1.689766913752E12
14654 [Test worker] INFO  c.s.p.interceptor.ApiInterceptor - after completion is invoked Time took is 0.005 seconds.
14662 [Test worker] INFO  c.s.p.interceptor.ApiInterceptor - preHandle method is invoked /api/employee/1 DELETE 1.68976691376E12
14665 [Test worker] INFO  c.s.p.interceptor.ApiInterceptor - after completion is invoked Time took is -0.008 seconds.
14669 [Test worker] INFO  c.s.p.interceptor.ApiInterceptor - preHandle method is invoked /api/employee/1 GET 1.689766913767E12
14674 [Test worker] INFO  c.s.p.interceptor.ApiInterceptor - postHandle method is invoked /api/employee/1 GET 1.689766913772E12
14675 [Test worker] INFO  c.s.p.interceptor.ApiInterceptor - after completion is invoked Time took is 0.005 seconds.
14680 [Test worker] INFO  c.s.p.interceptor.ApiInterceptor - preHandle method is invoked /api/employee/department GET 1.689766913778E12
14682 [Test worker] INFO  c.s.p.interceptor.ApiInterceptor - after completion is invoked Time took is -0.006 seconds.
14687 [Test worker] INFO  c.s.p.interceptor.ApiInterceptor - preHandle method is invoked /api/employee/0 GET 1.689766913785E12
14691 [Test worker] INFO  c.s.p.interceptor.ApiInterceptor - after completion is invoked Time took is -0.013 seconds.
14696 [Test worker] INFO  c.s.p.interceptor.ApiInterceptor - preHandle method is invoked /api/employee/findAll GET 1.689766913794E12
14699 [Test worker] INFO  c.s.p.interceptor.ApiInterceptor - after completion is invoked Time took is -0.022 seconds.
14705 [Test worker] INFO  c.s.p.interceptor.ApiInterceptor - preHandle method is invoked /api/employee/course GET 1.689766913803E12
14707 [Test worker] INFO  c.s.p.interceptor.ApiInterceptor - after completion is invoked Time took is -0.031 seconds.
14713 [Test worker] INFO  c.s.p.interceptor.ApiInterceptor - preHandle method is invoked /api/employee/updateSalaryById PUT 1.689766913811E12
14714 [Test worker] INFO  c.s.p.interceptor.ApiInterceptor - after completion is invoked Time took is -0.039 seconds.
14722 [Test worker] INFO  c.s.p.interceptor.ApiInterceptor - preHandle method is invoked /api/employee/department/maxSalary GET 1.68976691382E12
14723 [Test worker] INFO  c.s.p.interceptor.ApiInterceptor - postHandle method is invoked /api/employee/department/maxSalary GET 1.689766913821E12
14724 [Test worker] INFO  c.s.p.interceptor.ApiInterceptor - after completion is invoked Time took is 0.001 seconds.
14730 [Test worker] INFO  c.s.p.interceptor.ApiInterceptor - preHandle method is invoked /api/employee GET 1.689766913828E12
14731 [Test worker] INFO  c.s.p.interceptor.ApiInterceptor - postHandle method is invoked /api/employee GET 1.689766913829E12
14732 [Test worker] INFO  c.s.p.interceptor.ApiInterceptor - after completion is invoked Time took is 0.001 seconds.
14782 [Test worker] INFO  c.s.p.service.AddressServiceTest - Starting AddressServiceTest using Java 17.0.7 with PID 11160 (started by ssama in C:\Users\ssama\Desktop\project\springproject)
14783 [Test worker] DEBUG c.s.p.service.AddressServiceTest - Running with Spring Boot v3.1.1, Spring v6.0.10
14783 [Test worker] INFO  c.s.p.service.AddressServiceTest - No active profile set, falling back to 1 default profile: "default"
15620 [Test worker] INFO  c.s.p.service.AddressServiceTest - Started AddressServiceTest in 0.862 seconds (process running for 17.262)
15695 [Test worker] INFO  c.s.p.service.CourseServiceTest - Starting CourseServiceTest using Java 17.0.7 with PID 11160 (started by ssama in C:\Users\ssama\Desktop\project\springproject)
15696 [Test worker] DEBUG c.s.p.service.CourseServiceTest - Running with Spring Boot v3.1.1, Spring v6.0.10
15696 [Test worker] INFO  c.s.p.service.CourseServiceTest - No active profile set, falling back to 1 default profile: "default"
16413 [Test worker] INFO  c.s.p.service.CourseServiceTest - Started CourseServiceTest in 0.74 seconds (process running for 18.055)
16419 [Test worker] ERROR c.s.p.service.CourseServiceImpl - Invalid coursename
16483 [Test worker] INFO  c.s.p.service.EmployeeServiceTest - Starting EmployeeServiceTest using Java 17.0.7 with PID 11160 (started by ssama in C:\Users\ssama\Desktop\project\springproject)
16484 [Test worker] DEBUG c.s.p.service.EmployeeServiceTest - Running with Spring Boot v3.1.1, Spring v6.0.10
16484 [Test worker] INFO  c.s.p.service.EmployeeServiceTest - No active profile set, falling back to 1 default profile: "default"
17162 [Test worker] INFO  c.s.p.service.EmployeeServiceTest - Started EmployeeServiceTest in 0.7 seconds (process running for 18.803)
17198 [Test worker] INFO  c.s.p.service.EmployeeServiceImpl - Course already exists !
17199 [Test worker] INFO  c.s.p.service.EmployeeServiceImpl - Course already exists !
17232 [Test worker] INFO  c.s.p.service.EmployeeServiceImpl - Course already exists !
17232 [Test worker] INFO  c.s.p.service.EmployeeServiceImpl - Course already exists !
17259 [Test worker] ERROR c.s.p.service.EmployeeServiceImpl - Employee with id : 0  does not exist ! 
17301 [Test worker] ERROR c.s.p.service.EmployeeServiceImpl - Employee with lastname sujith is not inserted
6202 [Test worker] INFO  c.sujith.project.ProjectApplication - Starting ProjectApplication using Java 17.0.7 with PID 15280 (started by ssama in C:\Users\ssama\Desktop\project\springproject)
6203 [Test worker] DEBUG c.sujith.project.ProjectApplication - Running with Spring Boot v3.1.1, Spring v6.0.10
6203 [Test worker] INFO  c.sujith.project.ProjectApplication - No active profile set, falling back to 1 default profile: "default"
7367 [Test worker] INFO  c.sujith.project.ProjectApplication - Started ProjectApplication in 1.195 seconds (process running for 8.653)
7492 [Test worker] INFO  c.s.p.c.AddressControllerTest - Starting AddressControllerTest using Java 17.0.7 with PID 15280 (started by ssama in C:\Users\ssama\Desktop\project\springproject)
7492 [Test worker] DEBUG c.s.p.c.AddressControllerTest - Running with Spring Boot v3.1.1, Spring v6.0.10
7493 [Test worker] INFO  c.s.p.c.AddressControllerTest - No active profile set, falling back to 1 default profile: "default"
9370 [Test worker] INFO  c.s.p.c.AddressControllerTest - Started AddressControllerTest in 1.944 seconds (process running for 10.655)
9555 [Test worker] INFO  c.s.p.interceptor.ApiInterceptor - preHandle method is invoked /api/address GET 1.689767080162E12
9855 [Test worker] INFO  c.s.p.interceptor.ApiInterceptor - postHandle method is invoked /api/address GET 1.689767080462E12
9859 [Test worker] INFO  c.s.p.interceptor.ApiInterceptor - after completion is invoked Time took is 0.3 seconds.
9893 [Test worker] INFO  c.s.p.interceptor.ApiInterceptor - preHandle method is invoked /api/address GET 1.6897670805E12
9918 [Test worker] INFO  c.s.p.interceptor.ApiInterceptor - after completion is invoked Time took is -0.038 seconds.
10060 [Test worker] INFO  c.s.p.c.CourseControllerTest - Starting CourseControllerTest using Java 17.0.7 with PID 15280 (started by ssama in C:\Users\ssama\Desktop\project\springproject)
10060 [Test worker] DEBUG c.s.p.c.CourseControllerTest - Running with Spring Boot v3.1.1, Spring v6.0.10
10060 [Test worker] INFO  c.s.p.c.CourseControllerTest - No active profile set, falling back to 1 default profile: "default"
11112 [Test worker] INFO  c.s.p.c.CourseControllerTest - Started CourseControllerTest in 1.091 seconds (process running for 12.398)
11119 [Test worker] INFO  c.s.p.interceptor.ApiInterceptor - preHandle method is invoked /api/courses GET 1.689767081726E12
11125 [Test worker] INFO  c.s.p.interceptor.ApiInterceptor - postHandle method is invoked /api/courses GET 1.689767081732E12
11126 [Test worker] INFO  c.s.p.interceptor.ApiInterceptor - after completion is invoked Time took is 0.006 seconds.
11136 [Test worker] INFO  c.s.p.interceptor.ApiInterceptor - preHandle method is invoked /api/courses/insertMany POST 1.689767081743E12
11238 [Test worker] INFO  c.s.p.interceptor.ApiInterceptor - postHandle method is invoked /api/courses/insertMany POST 1.689767081845E12
11238 [Test worker] INFO  c.s.p.interceptor.ApiInterceptor - after completion is invoked Time took is 0.102 seconds.
11247 [Test worker] INFO  c.s.p.interceptor.ApiInterceptor - preHandle method is invoked /api/courses POST 1.689767081854E12
11255 [Test worker] INFO  c.s.p.interceptor.ApiInterceptor - after completion is invoked Time took is -0.009 seconds.
11269 [Test worker] INFO  c.s.p.interceptor.ApiInterceptor - preHandle method is invoked /api/courses POST 1.689767081876E12
11276 [Test worker] INFO  c.s.p.interceptor.ApiInterceptor - postHandle method is invoked /api/courses POST 1.689767081883E12
11277 [Test worker] INFO  c.s.p.interceptor.ApiInterceptor - after completion is invoked Time took is 0.007 seconds.
11285 [Test worker] INFO  c.s.p.interceptor.ApiInterceptor - preHandle method is invoked /api/courses GET 1.689767081892E12
11288 [Test worker] INFO  c.s.p.interceptor.ApiInterceptor - after completion is invoked Time took is -0.009 seconds.
11304 [Test worker] INFO  c.s.p.interceptor.ApiInterceptor - preHandle method is invoked /api/courses/insertMany POST 1.689767081911E12
11313 [Test worker] INFO  c.s.p.interceptor.ApiInterceptor - after completion is invoked Time took is -0.028 seconds.
11359 [Test worker] INFO  c.s.p.c.EmployeeControllerTest - Starting EmployeeControllerTest using Java 17.0.7 with PID 15280 (started by ssama in C:\Users\ssama\Desktop\project\springproject)
11360 [Test worker] DEBUG c.s.p.c.EmployeeControllerTest - Running with Spring Boot v3.1.1, Spring v6.0.10
11360 [Test worker] INFO  c.s.p.c.EmployeeControllerTest - No active profile set, falling back to 1 default profile: "default"
12369 [Test worker] INFO  c.s.p.c.EmployeeControllerTest - Started EmployeeControllerTest in 1.038 seconds (process running for 13.655)
12380 [Test worker] INFO  c.s.p.interceptor.ApiInterceptor - preHandle method is invoked /api/employee/15 GET 1.689767082987E12
12400 [Test worker] INFO  c.s.p.interceptor.ApiInterceptor - preHandle method is invoked /api/employee/department GET 1.689767083007E12
12428 [Test worker] INFO  c.s.p.interceptor.ApiInterceptor - postHandle method is invoked /api/employee/department GET 1.689767083035E12
12429 [Test worker] INFO  c.s.p.interceptor.ApiInterceptor - after completion is invoked Time took is 0.028 seconds.
12444 [Test worker] INFO  c.s.p.interceptor.ApiInterceptor - preHandle method is invoked /api/employee/maxSalary GET 1.689767083051E12
12447 [Test worker] INFO  c.s.p.interceptor.ApiInterceptor - postHandle method is invoked /api/employee/maxSalary GET 1.689767083054E12
12448 [Test worker] INFO  c.s.p.interceptor.ApiInterceptor - after completion is invoked Time took is 0.003 seconds.
12480 [Test worker] INFO  c.s.p.interceptor.ApiInterceptor - preHandle method is invoked /api/employee/updateSalaryById PUT 1.689767083087E12
12486 [Test worker] INFO  c.s.p.interceptor.ApiInterceptor - postHandle method is invoked /api/employee/updateSalaryById PUT 1.689767083093E12
12487 [Test worker] INFO  c.s.p.interceptor.ApiInterceptor - after completion is invoked Time took is 0.006 seconds.
12500 [Test worker] INFO  c.s.p.interceptor.ApiInterceptor - preHandle method is invoked /api/employee/findAll GET 1.689767083107E12
12502 [Test worker] INFO  c.s.p.interceptor.ApiInterceptor - postHandle method is invoked /api/employee/findAll GET 1.689767083109E12
12502 [Test worker] INFO  c.s.p.interceptor.ApiInterceptor - after completion is invoked Time took is 0.002 seconds.
12514 [Test worker] INFO  c.s.p.interceptor.ApiInterceptor - preHandle method is invoked /api/employee/course GET 1.689767083121E12
12516 [Test worker] INFO  c.s.p.interceptor.ApiInterceptor - postHandle method is invoked /api/employee/course GET 1.689767083123E12
12517 [Test worker] INFO  c.s.p.interceptor.ApiInterceptor - after completion is invoked Time took is 0.002 seconds.
12526 [Test worker] INFO  c.s.p.interceptor.ApiInterceptor - preHandle method is invoked /api/employee POST 1.689767083133E12
12533 [Test worker] INFO  c.s.p.interceptor.ApiInterceptor - postHandle method is invoked /api/employee POST 1.68976708314E12
12534 [Test worker] INFO  c.s.p.interceptor.ApiInterceptor - after completion is invoked Time took is 0.007 seconds.
12546 [Test worker] INFO  c.s.p.interceptor.ApiInterceptor - preHandle method is invoked /api/employee GET 1.689767083153E12
12549 [Test worker] INFO  c.s.p.interceptor.ApiInterceptor - after completion is invoked Time took is -0.013 seconds.
12558 [Test worker] INFO  c.s.p.interceptor.ApiInterceptor - preHandle method is invoked /api/employee PUT 1.689767083165E12
12561 [Test worker] INFO  c.s.p.interceptor.ApiInterceptor - after completion is invoked Time took is -0.025 seconds.
12569 [Test worker] INFO  c.s.p.interceptor.ApiInterceptor - preHandle method is invoked /api/employee GET 1.689767083176E12
12599 [Test worker] INFO  c.s.p.interceptor.ApiInterceptor - after completion is invoked Time took is -0.036 seconds.
12608 [Test worker] INFO  c.s.p.interceptor.ApiInterceptor - preHandle method is invoked /api/employee/1 DELETE 1.689767083215E12
12611 [Test worker] INFO  c.s.p.interceptor.ApiInterceptor - postHandle method is invoked /api/employee/1 DELETE 1.689767083218E12
12612 [Test worker] INFO  c.s.p.interceptor.ApiInterceptor - after completion is invoked Time took is 0.003 seconds.
12626 [Test worker] INFO  c.s.p.interceptor.ApiInterceptor - preHandle method is invoked /api/employee/department/maxSalary GET 1.689767083233E12
12630 [Test worker] INFO  c.s.p.interceptor.ApiInterceptor - after completion is invoked Time took is -0.015 seconds.
12637 [Test worker] INFO  c.s.p.interceptor.ApiInterceptor - preHandle method is invoked /api/employee/maxSalary GET 1.689767083244E12
12639 [Test worker] INFO  c.s.p.interceptor.ApiInterceptor - after completion is invoked Time took is -0.026 seconds.
12645 [Test worker] INFO  c.s.p.interceptor.ApiInterceptor - preHandle method is invoked /api/employee PUT 1.689767083252E12
12648 [Test worker] INFO  c.s.p.interceptor.ApiInterceptor - postHandle method is invoked /api/employee PUT 1.689767083255E12
12649 [Test worker] INFO  c.s.p.interceptor.ApiInterceptor - after completion is invoked Time took is 0.003 seconds.
12656 [Test worker] INFO  c.s.p.interceptor.ApiInterceptor - preHandle method is invoked /api/employee/insertAll POST 1.689767083263E12
12662 [Test worker] INFO  c.s.p.interceptor.ApiInterceptor - postHandle method is invoked /api/employee/insertAll POST 1.689767083269E12
12663 [Test worker] INFO  c.s.p.interceptor.ApiInterceptor - after completion is invoked Time took is 0.006 seconds.
12669 [Test worker] INFO  c.s.p.interceptor.ApiInterceptor - preHandle method is invoked /api/employee/1 DELETE 1.689767083276E12
12671 [Test worker] INFO  c.s.p.interceptor.ApiInterceptor - after completion is invoked Time took is -0.007 seconds.
12678 [Test worker] INFO  c.s.p.interceptor.ApiInterceptor - preHandle method is invoked /api/employee/1 GET 1.689767083285E12
12682 [Test worker] INFO  c.s.p.interceptor.ApiInterceptor - postHandle method is invoked /api/employee/1 GET 1.689767083289E12
12683 [Test worker] INFO  c.s.p.interceptor.ApiInterceptor - after completion is invoked Time took is 0.004 seconds.
12690 [Test worker] INFO  c.s.p.interceptor.ApiInterceptor - preHandle method is invoked /api/employee/department GET 1.689767083297E12
12693 [Test worker] INFO  c.s.p.interceptor.ApiInterceptor - after completion is invoked Time took is -0.008 seconds.
12700 [Test worker] INFO  c.s.p.interceptor.ApiInterceptor - preHandle method is invoked /api/employee/0 GET 1.689767083307E12
12703 [Test worker] INFO  c.s.p.interceptor.ApiInterceptor - after completion is invoked Time took is -0.018 seconds.
12708 [Test worker] INFO  c.s.p.interceptor.ApiInterceptor - preHandle method is invoked /api/employee/findAll GET 1.689767083315E12
12710 [Test worker] INFO  c.s.p.interceptor.ApiInterceptor - after completion is invoked Time took is -0.026 seconds.
12717 [Test worker] INFO  c.s.p.interceptor.ApiInterceptor - preHandle method is invoked /api/employee/course GET 1.689767083324E12
12719 [Test worker] INFO  c.s.p.interceptor.ApiInterceptor - after completion is invoked Time took is -0.035 seconds.
12725 [Test worker] INFO  c.s.p.interceptor.ApiInterceptor - preHandle method is invoked /api/employee/updateSalaryById PUT 1.689767083332E12
12727 [Test worker] INFO  c.s.p.interceptor.ApiInterceptor - after completion is invoked Time took is -0.043 seconds.
12734 [Test worker] INFO  c.s.p.interceptor.ApiInterceptor - preHandle method is invoked /api/employee/department/maxSalary GET 1.689767083341E12
12736 [Test worker] INFO  c.s.p.interceptor.ApiInterceptor - postHandle method is invoked /api/employee/department/maxSalary GET 1.689767083343E12
12736 [Test worker] INFO  c.s.p.interceptor.ApiInterceptor - after completion is invoked Time took is 0.002 seconds.
12741 [Test worker] INFO  c.s.p.interceptor.ApiInterceptor - preHandle method is invoked /api/employee GET 1.689767083348E12
12744 [Test worker] INFO  c.s.p.interceptor.ApiInterceptor - postHandle method is invoked /api/employee GET 1.689767083351E12
12744 [Test worker] INFO  c.s.p.interceptor.ApiInterceptor - after completion is invoked Time took is 0.003 seconds.
12804 [Test worker] INFO  c.s.p.service.AddressServiceTest - Starting AddressServiceTest using Java 17.0.7 with PID 15280 (started by ssama in C:\Users\ssama\Desktop\project\springproject)
12804 [Test worker] DEBUG c.s.p.service.AddressServiceTest - Running with Spring Boot v3.1.1, Spring v6.0.10
12804 [Test worker] INFO  c.s.p.service.AddressServiceTest - No active profile set, falling back to 1 default profile: "default"
13863 [Test worker] INFO  c.s.p.service.AddressServiceTest - Started AddressServiceTest in 1.093 seconds (process running for 15.149)
13954 [Test worker] INFO  c.s.p.service.CourseServiceTest - Starting CourseServiceTest using Java 17.0.7 with PID 15280 (started by ssama in C:\Users\ssama\Desktop\project\springproject)
13955 [Test worker] DEBUG c.s.p.service.CourseServiceTest - Running with Spring Boot v3.1.1, Spring v6.0.10
13955 [Test worker] INFO  c.s.p.service.CourseServiceTest - No active profile set, falling back to 1 default profile: "default"
14792 [Test worker] INFO  c.s.p.service.CourseServiceTest - Started CourseServiceTest in 0.865 seconds (process running for 16.077)
14877 [Test worker] INFO  c.s.p.service.EmployeeServiceTest - Starting EmployeeServiceTest using Java 17.0.7 with PID 15280 (started by ssama in C:\Users\ssama\Desktop\project\springproject)
14877 [Test worker] DEBUG c.s.p.service.EmployeeServiceTest - Running with Spring Boot v3.1.1, Spring v6.0.10
14878 [Test worker] INFO  c.s.p.service.EmployeeServiceTest - No active profile set, falling back to 1 default profile: "default"
15715 [Test worker] INFO  c.s.p.service.EmployeeServiceTest - Started EmployeeServiceTest in 0.867 seconds (process running for 17.001)
15762 [Test worker] INFO  c.s.p.service.EmployeeServiceImpl - Course already exists !
15762 [Test worker] INFO  c.s.p.service.EmployeeServiceImpl - Course already exists !
15802 [Test worker] INFO  c.s.p.service.EmployeeServiceImpl - Course already exists !
15803 [Test worker] INFO  c.s.p.service.EmployeeServiceImpl - Course already exists !
15832 [Test worker] ERROR c.s.p.service.EmployeeServiceImpl - Employee with id : 0  does not exist ! 
1391 [Test worker] INFO  c.s.p.c.CourseControllerTest - Starting CourseControllerTest using Java 17.0.7 with PID 6328 (started by ssama in C:\Users\ssama\Desktop\project\springproject)
1393 [Test worker] DEBUG c.s.p.c.CourseControllerTest - Running with Spring Boot v3.1.1, Spring v6.0.10
1394 [Test worker] INFO  c.s.p.c.CourseControllerTest - No active profile set, falling back to 1 default profile: "default"
8222 [Test worker] INFO  c.s.p.c.CourseControllerTest - Started CourseControllerTest in 7.227 seconds (process running for 9.589)
8365 [Test worker] INFO  c.s.p.interceptor.ApiInterceptor - preHandle method is invoked /api/courses GET 1.68976711982E12
8534 [Test worker] INFO  c.s.p.interceptor.ApiInterceptor - postHandle method is invoked /api/courses GET 1.689767119989E12
8537 [Test worker] INFO  c.s.p.interceptor.ApiInterceptor - after completion is invoked Time took is 0.169 seconds.
8565 [Test worker] INFO  c.s.p.interceptor.ApiInterceptor - preHandle method is invoked /api/courses/insertMany POST 1.68976712002E12
8617 [Test worker] INFO  c.s.p.interceptor.ApiInterceptor - postHandle method is invoked /api/courses/insertMany POST 1.689767120072E12
8618 [Test worker] INFO  c.s.p.interceptor.ApiInterceptor - after completion is invoked Time took is 0.052 seconds.
8627 [Test worker] INFO  c.s.p.interceptor.ApiInterceptor - preHandle method is invoked /api/courses POST 1.689767120082E12
8643 [Test worker] INFO  c.s.p.interceptor.ApiInterceptor - after completion is invoked Time took is -0.01 seconds.
8653 [Test worker] INFO  c.s.p.interceptor.ApiInterceptor - preHandle method is invoked /api/courses POST 1.689767120108E12
8657 [Test worker] INFO  c.s.p.interceptor.ApiInterceptor - postHandle method is invoked /api/courses POST 1.689767120112E12
8657 [Test worker] INFO  c.s.p.interceptor.ApiInterceptor - after completion is invoked Time took is 0.004 seconds.
8663 [Test worker] INFO  c.s.p.interceptor.ApiInterceptor - preHandle method is invoked /api/courses GET 1.689767120118E12
8667 [Test worker] INFO  c.s.p.interceptor.ApiInterceptor - after completion is invoked Time took is -0.006 seconds.
8722 [Test worker] INFO  c.s.p.interceptor.ApiInterceptor - preHandle method is invoked /api/courses/insertMany POST 1.689767120177E12
8725 [Test worker] INFO  c.s.p.interceptor.ApiInterceptor - after completion is invoked Time took is -0.065 seconds.
8783 [Test worker] INFO  c.s.p.c.EmployeeControllerTest - Starting EmployeeControllerTest using Java 17.0.7 with PID 6328 (started by ssama in C:\Users\ssama\Desktop\project\springproject)
8783 [Test worker] DEBUG c.s.p.c.EmployeeControllerTest - Running with Spring Boot v3.1.1, Spring v6.0.10
8783 [Test worker] INFO  c.s.p.c.EmployeeControllerTest - No active profile set, falling back to 1 default profile: "default"
9607 [Test worker] INFO  c.s.p.c.EmployeeControllerTest - Started EmployeeControllerTest in 0.86 seconds (process running for 10.975)
9619 [Test worker] INFO  c.s.p.interceptor.ApiInterceptor - preHandle method is invoked /api/employee/15 GET 1.689767121074E12
9637 [Test worker] INFO  c.s.p.interceptor.ApiInterceptor - preHandle method is invoked /api/employee/department GET 1.689767121092E12
9652 [Test worker] INFO  c.s.p.interceptor.ApiInterceptor - postHandle method is invoked /api/employee/department GET 1.689767121107E12
9653 [Test worker] INFO  c.s.p.interceptor.ApiInterceptor - after completion is invoked Time took is 0.015 seconds.
9659 [Test worker] INFO  c.s.p.interceptor.ApiInterceptor - preHandle method is invoked /api/employee/maxSalary GET 1.689767121114E12
9661 [Test worker] INFO  c.s.p.interceptor.ApiInterceptor - postHandle method is invoked /api/employee/maxSalary GET 1.689767121116E12
9661 [Test worker] INFO  c.s.p.interceptor.ApiInterceptor - after completion is invoked Time took is 0.002 seconds.
9679 [Test worker] INFO  c.s.p.interceptor.ApiInterceptor - preHandle method is invoked /api/employee/updateSalaryById PUT 1.689767121134E12
9683 [Test worker] INFO  c.s.p.interceptor.ApiInterceptor - postHandle method is invoked /api/employee/updateSalaryById PUT 1.689767121138E12
9684 [Test worker] INFO  c.s.p.interceptor.ApiInterceptor - after completion is invoked Time took is 0.004 seconds.
9693 [Test worker] INFO  c.s.p.interceptor.ApiInterceptor - preHandle method is invoked /api/employee/findAll GET 1.689767121148E12
9695 [Test worker] INFO  c.s.p.interceptor.ApiInterceptor - postHandle method is invoked /api/employee/findAll GET 1.68976712115E12
9696 [Test worker] INFO  c.s.p.interceptor.ApiInterceptor - after completion is invoked Time took is 0.002 seconds.
9701 [Test worker] INFO  c.s.p.interceptor.ApiInterceptor - preHandle method is invoked /api/employee/course GET 1.689767121156E12
9703 [Test worker] INFO  c.s.p.interceptor.ApiInterceptor - postHandle method is invoked /api/employee/course GET 1.689767121158E12
9703 [Test worker] INFO  c.s.p.interceptor.ApiInterceptor - after completion is invoked Time took is 0.002 seconds.
9711 [Test worker] INFO  c.s.p.interceptor.ApiInterceptor - preHandle method is invoked /api/employee POST 1.689767121166E12
9716 [Test worker] INFO  c.s.p.interceptor.ApiInterceptor - postHandle method is invoked /api/employee POST 1.689767121171E12
9717 [Test worker] INFO  c.s.p.interceptor.ApiInterceptor - after completion is invoked Time took is 0.005 seconds.
9721 [Test worker] INFO  c.s.p.interceptor.ApiInterceptor - preHandle method is invoked /api/employee GET 1.689767121176E12
9723 [Test worker] INFO  c.s.p.interceptor.ApiInterceptor - after completion is invoked Time took is -0.005 seconds.
9729 [Test worker] INFO  c.s.p.interceptor.ApiInterceptor - preHandle method is invoked /api/employee PUT 1.689767121184E12
9731 [Test worker] INFO  c.s.p.interceptor.ApiInterceptor - after completion is invoked Time took is -0.013 seconds.
9743 [Test worker] INFO  c.s.p.interceptor.ApiInterceptor - preHandle method is invoked /api/employee GET 1.689767121198E12
9763 [Test worker] INFO  c.s.p.interceptor.ApiInterceptor - after completion is invoked Time took is -0.027 seconds.
9768 [Test worker] INFO  c.s.p.interceptor.ApiInterceptor - preHandle method is invoked /api/employee/1 DELETE 1.689767121223E12
9769 [Test worker] INFO  c.s.p.interceptor.ApiInterceptor - postHandle method is invoked /api/employee/1 DELETE 1.689767121224E12
9770 [Test worker] INFO  c.s.p.interceptor.ApiInterceptor - after completion is invoked Time took is 0.001 seconds.
9780 [Test worker] INFO  c.s.p.interceptor.ApiInterceptor - preHandle method is invoked /api/employee/department/maxSalary GET 1.689767121235E12
9783 [Test worker] INFO  c.s.p.interceptor.ApiInterceptor - after completion is invoked Time took is -0.011 seconds.
9790 [Test worker] INFO  c.s.p.interceptor.ApiInterceptor - preHandle method is invoked /api/employee/maxSalary GET 1.689767121245E12
9793 [Test worker] INFO  c.s.p.interceptor.ApiInterceptor - after completion is invoked Time took is -0.021 seconds.
9804 [Test worker] INFO  c.s.p.interceptor.ApiInterceptor - preHandle method is invoked /api/employee PUT 1.689767121259E12
9807 [Test worker] INFO  c.s.p.interceptor.ApiInterceptor - postHandle method is invoked /api/employee PUT 1.689767121262E12
9808 [Test worker] INFO  c.s.p.interceptor.ApiInterceptor - after completion is invoked Time took is 0.003 seconds.
9821 [Test worker] INFO  c.s.p.interceptor.ApiInterceptor - preHandle method is invoked /api/employee/insertAll POST 1.689767121276E12
9830 [Test worker] INFO  c.s.p.interceptor.ApiInterceptor - postHandle method is invoked /api/employee/insertAll POST 1.689767121285E12
9832 [Test worker] INFO  c.s.p.interceptor.ApiInterceptor - after completion is invoked Time took is 0.009 seconds.
9840 [Test worker] INFO  c.s.p.interceptor.ApiInterceptor - preHandle method is invoked /api/employee/1 DELETE 1.689767121295E12
9844 [Test worker] INFO  c.s.p.interceptor.ApiInterceptor - after completion is invoked Time took is -0.01 seconds.
9852 [Test worker] INFO  c.s.p.interceptor.ApiInterceptor - preHandle method is invoked /api/employee/1 GET 1.689767121307E12
9856 [Test worker] INFO  c.s.p.interceptor.ApiInterceptor - postHandle method is invoked /api/employee/1 GET 1.689767121311E12
9856 [Test worker] INFO  c.s.p.interceptor.ApiInterceptor - after completion is invoked Time took is 0.004 seconds.
9864 [Test worker] INFO  c.s.p.interceptor.ApiInterceptor - preHandle method is invoked /api/employee/department GET 1.689767121319E12
9866 [Test worker] INFO  c.s.p.interceptor.ApiInterceptor - after completion is invoked Time took is -0.008 seconds.
9871 [Test worker] INFO  c.s.p.interceptor.ApiInterceptor - preHandle method is invoked /api/employee/0 GET 1.689767121326E12
9873 [Test worker] INFO  c.s.p.interceptor.ApiInterceptor - after completion is invoked Time took is -0.015 seconds.
9878 [Test worker] INFO  c.s.p.interceptor.ApiInterceptor - preHandle method is invoked /api/employee/findAll GET 1.689767121333E12
9881 [Test worker] INFO  c.s.p.interceptor.ApiInterceptor - after completion is invoked Time took is -0.022 seconds.
9887 [Test worker] INFO  c.s.p.interceptor.ApiInterceptor - preHandle method is invoked /api/employee/course GET 1.689767121342E12
9889 [Test worker] INFO  c.s.p.interceptor.ApiInterceptor - after completion is invoked Time took is -0.031 seconds.
9894 [Test worker] INFO  c.s.p.interceptor.ApiInterceptor - preHandle method is invoked /api/employee/updateSalaryById PUT 1.689767121349E12
9898 [Test worker] INFO  c.s.p.interceptor.ApiInterceptor - after completion is invoked Time took is -0.038 seconds.
9902 [Test worker] INFO  c.s.p.interceptor.ApiInterceptor - preHandle method is invoked /api/employee/department/maxSalary GET 1.689767121357E12
9903 [Test worker] INFO  c.s.p.interceptor.ApiInterceptor - postHandle method is invoked /api/employee/department/maxSalary GET 1.689767121358E12
9903 [Test worker] INFO  c.s.p.interceptor.ApiInterceptor - after completion is invoked Time took is 0.001 seconds.
9908 [Test worker] INFO  c.s.p.interceptor.ApiInterceptor - preHandle method is invoked /api/employee GET 1.689767121363E12
9910 [Test worker] INFO  c.s.p.interceptor.ApiInterceptor - postHandle method is invoked /api/employee GET 1.689767121365E12
9910 [Test worker] INFO  c.s.p.interceptor.ApiInterceptor - after completion is invoked Time took is 0.002 seconds.
9957 [Test worker] INFO  c.s.p.service.CourseServiceTest - Starting CourseServiceTest using Java 17.0.7 with PID 6328 (started by ssama in C:\Users\ssama\Desktop\project\springproject)
9957 [Test worker] DEBUG c.s.p.service.CourseServiceTest - Running with Spring Boot v3.1.1, Spring v6.0.10
9957 [Test worker] INFO  c.s.p.service.CourseServiceTest - No active profile set, falling back to 1 default profile: "default"
10597 [Test worker] INFO  c.s.p.service.CourseServiceTest - Started CourseServiceTest in 0.667 seconds (process running for 11.965)
10671 [Test worker] INFO  c.s.p.service.EmployeeServiceTest - Starting EmployeeServiceTest using Java 17.0.7 with PID 6328 (started by ssama in C:\Users\ssama\Desktop\project\springproject)
10673 [Test worker] DEBUG c.s.p.service.EmployeeServiceTest - Running with Spring Boot v3.1.1, Spring v6.0.10
10673 [Test worker] INFO  c.s.p.service.EmployeeServiceTest - No active profile set, falling back to 1 default profile: "default"
11318 [Test worker] INFO  c.s.p.service.EmployeeServiceTest - Started EmployeeServiceTest in 0.666 seconds (process running for 12.685)
11348 [Test worker] INFO  c.s.p.service.EmployeeServiceImpl - Course already exists !
11349 [Test worker] INFO  c.s.p.service.EmployeeServiceImpl - Course already exists !
11377 [Test worker] INFO  c.s.p.service.EmployeeServiceImpl - Course already exists !
11378 [Test worker] INFO  c.s.p.service.EmployeeServiceImpl - Course already exists !
11394 [Test worker] ERROR c.s.p.service.EmployeeServiceImpl - Employee with id : 0  does not exist ! 
12082 [Test worker] INFO  c.sujith.project.ProjectApplication - Starting ProjectApplication using Java 17.0.7 with PID 6328 (started by ssama in C:\Users\ssama\Desktop\project\springproject)
12083 [Test worker] DEBUG c.sujith.project.ProjectApplication - Running with Spring Boot v3.1.1, Spring v6.0.10
12083 [Test worker] INFO  c.sujith.project.ProjectApplication - No active profile set, falling back to 1 default profile: "default"
13124 [Test worker] INFO  c.sujith.project.ProjectApplication - Started ProjectApplication in 1.065 seconds (process running for 14.492)
13155 [Test worker] INFO  c.s.p.c.AddressControllerTest - Starting AddressControllerTest using Java 17.0.7 with PID 6328 (started by ssama in C:\Users\ssama\Desktop\project\springproject)
13155 [Test worker] DEBUG c.s.p.c.AddressControllerTest - Running with Spring Boot v3.1.1, Spring v6.0.10
13155 [Test worker] INFO  c.s.p.c.AddressControllerTest - No active profile set, falling back to 1 default profile: "default"
13757 [Test worker] INFO  c.s.p.c.AddressControllerTest - Started AddressControllerTest in 0.624 seconds (process running for 15.126)
13762 [Test worker] INFO  c.s.p.interceptor.ApiInterceptor - preHandle method is invoked /api/address GET 1.689767125217E12
13766 [Test worker] INFO  c.s.p.interceptor.ApiInterceptor - postHandle method is invoked /api/address GET 1.689767125221E12
13766 [Test worker] INFO  c.s.p.interceptor.ApiInterceptor - after completion is invoked Time took is 0.004 seconds.
13770 [Test worker] INFO  c.s.p.interceptor.ApiInterceptor - preHandle method is invoked /api/address GET 1.689767125225E12
13773 [Test worker] INFO  c.s.p.interceptor.ApiInterceptor - after completion is invoked Time took is -0.004 seconds.
13805 [Test worker] INFO  c.s.p.service.AddressServiceTest - Starting AddressServiceTest using Java 17.0.7 with PID 6328 (started by ssama in C:\Users\ssama\Desktop\project\springproject)
13805 [Test worker] DEBUG c.s.p.service.AddressServiceTest - Running with Spring Boot v3.1.1, Spring v6.0.10
13805 [Test worker] INFO  c.s.p.service.AddressServiceTest - No active profile set, falling back to 1 default profile: "default"
14426 [Test worker] INFO  c.s.p.service.AddressServiceTest - Started AddressServiceTest in 0.642 seconds (process running for 15.793)
1315 [Test worker] INFO  c.s.p.c.CourseControllerTest - Starting CourseControllerTest using Java 17.0.7 with PID 29176 (started by ssama in C:\Users\ssama\Desktop\project\springproject)
1317 [Test worker] DEBUG c.s.p.c.CourseControllerTest - Running with Spring Boot v3.1.1, Spring v6.0.10
1318 [Test worker] INFO  c.s.p.c.CourseControllerTest - No active profile set, falling back to 1 default profile: "default"
8571 [Test worker] INFO  c.s.p.c.CourseControllerTest - Started CourseControllerTest in 7.665 seconds (process running for 9.863)
8800 [Test worker] INFO  c.s.p.interceptor.ApiInterceptor - preHandle method is invoked /api/courses GET 1.689767188504E12
8994 [Test worker] INFO  c.s.p.interceptor.ApiInterceptor - postHandle method is invoked /api/courses GET 1.689767188698E12
8998 [Test worker] INFO  c.s.p.interceptor.ApiInterceptor - after completion is invoked Time took is 0.194 seconds.
9034 [Test worker] INFO  c.s.p.interceptor.ApiInterceptor - preHandle method is invoked /api/courses/insertMany POST 1.689767188738E12
9103 [Test worker] INFO  c.s.p.interceptor.ApiInterceptor - postHandle method is invoked /api/courses/insertMany POST 1.689767188807E12
9103 [Test worker] INFO  c.s.p.interceptor.ApiInterceptor - after completion is invoked Time took is 0.069 seconds.
9111 [Test worker] INFO  c.s.p.interceptor.ApiInterceptor - preHandle method is invoked /api/courses POST 1.689767188815E12
9135 [Test worker] INFO  c.s.p.interceptor.ApiInterceptor - after completion is invoked Time took is -0.008 seconds.
9151 [Test worker] INFO  c.s.p.interceptor.ApiInterceptor - preHandle method is invoked /api/courses POST 1.689767188855E12
9159 [Test worker] INFO  c.s.p.interceptor.ApiInterceptor - postHandle method is invoked /api/courses POST 1.689767188863E12
9159 [Test worker] INFO  c.s.p.interceptor.ApiInterceptor - after completion is invoked Time took is 0.008 seconds.
9168 [Test worker] INFO  c.s.p.interceptor.ApiInterceptor - preHandle method is invoked /api/courses GET 1.689767188872E12
9171 [Test worker] INFO  c.s.p.interceptor.ApiInterceptor - after completion is invoked Time took is -0.009 seconds.
9232 [Test worker] INFO  c.s.p.interceptor.ApiInterceptor - preHandle method is invoked /api/courses/insertMany POST 1.689767188936E12
9236 [Test worker] INFO  c.s.p.interceptor.ApiInterceptor - after completion is invoked Time took is -0.073 seconds.
9342 [Test worker] INFO  c.s.p.c.EmployeeControllerTest - Starting EmployeeControllerTest using Java 17.0.7 with PID 29176 (started by ssama in C:\Users\ssama\Desktop\project\springproject)
9342 [Test worker] DEBUG c.s.p.c.EmployeeControllerTest - Running with Spring Boot v3.1.1, Spring v6.0.10
9342 [Test worker] INFO  c.s.p.c.EmployeeControllerTest - No active profile set, falling back to 1 default profile: "default"
10429 [Test worker] INFO  c.s.p.c.EmployeeControllerTest - Started EmployeeControllerTest in 1.142 seconds (process running for 11.72)
10435 [Test worker] INFO  c.s.p.interceptor.ApiInterceptor - preHandle method is invoked /api/employee/15 GET 1.689767190139E12
10453 [Test worker] INFO  c.s.p.interceptor.ApiInterceptor - preHandle method is invoked /api/employee/department GET 1.689767190157E12
10465 [Test worker] INFO  c.s.p.interceptor.ApiInterceptor - postHandle method is invoked /api/employee/department GET 1.689767190169E12
10466 [Test worker] INFO  c.s.p.interceptor.ApiInterceptor - after completion is invoked Time took is 0.012 seconds.
10470 [Test worker] INFO  c.s.p.interceptor.ApiInterceptor - preHandle method is invoked /api/employee/maxSalary GET 1.689767190174E12
10472 [Test worker] INFO  c.s.p.interceptor.ApiInterceptor - postHandle method is invoked /api/employee/maxSalary GET 1.689767190176E12
10472 [Test worker] INFO  c.s.p.interceptor.ApiInterceptor - after completion is invoked Time took is 0.002 seconds.
10487 [Test worker] INFO  c.s.p.interceptor.ApiInterceptor - preHandle method is invoked /api/employee/updateSalaryById PUT 1.689767190191E12
10491 [Test worker] INFO  c.s.p.interceptor.ApiInterceptor - postHandle method is invoked /api/employee/updateSalaryById PUT 1.689767190195E12
10492 [Test worker] INFO  c.s.p.interceptor.ApiInterceptor - after completion is invoked Time took is 0.004 seconds.
10497 [Test worker] INFO  c.s.p.interceptor.ApiInterceptor - preHandle method is invoked /api/employee/findAll GET 1.689767190201E12
10498 [Test worker] INFO  c.s.p.interceptor.ApiInterceptor - postHandle method is invoked /api/employee/findAll GET 1.689767190202E12
10499 [Test worker] INFO  c.s.p.interceptor.ApiInterceptor - after completion is invoked Time took is 0.001 seconds.
10505 [Test worker] INFO  c.s.p.interceptor.ApiInterceptor - preHandle method is invoked /api/employee/course GET 1.689767190209E12
10508 [Test worker] INFO  c.s.p.interceptor.ApiInterceptor - postHandle method is invoked /api/employee/course GET 1.689767190212E12
10508 [Test worker] INFO  c.s.p.interceptor.ApiInterceptor - after completion is invoked Time took is 0.003 seconds.
10514 [Test worker] INFO  c.s.p.interceptor.ApiInterceptor - preHandle method is invoked /api/employee POST 1.689767190218E12
10521 [Test worker] INFO  c.s.p.interceptor.ApiInterceptor - postHandle method is invoked /api/employee POST 1.689767190225E12
10522 [Test worker] INFO  c.s.p.interceptor.ApiInterceptor - after completion is invoked Time took is 0.007 seconds.
10526 [Test worker] INFO  c.s.p.interceptor.ApiInterceptor - preHandle method is invoked /api/employee GET 1.68976719023E12
10528 [Test worker] INFO  c.s.p.interceptor.ApiInterceptor - after completion is invoked Time took is -0.005 seconds.
10533 [Test worker] INFO  c.s.p.interceptor.ApiInterceptor - preHandle method is invoked /api/employee PUT 1.689767190237E12
10535 [Test worker] INFO  c.s.p.interceptor.ApiInterceptor - after completion is invoked Time took is -0.012 seconds.
10541 [Test worker] INFO  c.s.p.interceptor.ApiInterceptor - preHandle method is invoked /api/employee GET 1.689767190245E12
10560 [Test worker] INFO  c.s.p.interceptor.ApiInterceptor - after completion is invoked Time took is -0.02 seconds.
10567 [Test worker] INFO  c.s.p.interceptor.ApiInterceptor - preHandle method is invoked /api/employee/1 DELETE 1.689767190271E12
10569 [Test worker] INFO  c.s.p.interceptor.ApiInterceptor - postHandle method is invoked /api/employee/1 DELETE 1.689767190273E12
10569 [Test worker] INFO  c.s.p.interceptor.ApiInterceptor - after completion is invoked Time took is 0.002 seconds.
10573 [Test worker] INFO  c.s.p.interceptor.ApiInterceptor - preHandle method is invoked /api/employee/department/maxSalary GET 1.689767190277E12
10574 [Test worker] INFO  c.s.p.interceptor.ApiInterceptor - after completion is invoked Time took is -0.004 seconds.
10578 [Test worker] INFO  c.s.p.interceptor.ApiInterceptor - preHandle method is invoked /api/employee/maxSalary GET 1.689767190282E12
10580 [Test worker] INFO  c.s.p.interceptor.ApiInterceptor - after completion is invoked Time took is -0.009 seconds.
10587 [Test worker] INFO  c.s.p.interceptor.ApiInterceptor - preHandle method is invoked /api/employee PUT 1.689767190291E12
10588 [Test worker] INFO  c.s.p.interceptor.ApiInterceptor - postHandle method is invoked /api/employee PUT 1.689767190292E12
10589 [Test worker] INFO  c.s.p.interceptor.ApiInterceptor - after completion is invoked Time took is 0.001 seconds.
10593 [Test worker] INFO  c.s.p.interceptor.ApiInterceptor - preHandle method is invoked /api/employee/insertAll POST 1.689767190297E12
10601 [Test worker] INFO  c.s.p.interceptor.ApiInterceptor - postHandle method is invoked /api/employee/insertAll POST 1.689767190305E12
10601 [Test worker] INFO  c.s.p.interceptor.ApiInterceptor - after completion is invoked Time took is 0.008 seconds.
10607 [Test worker] INFO  c.s.p.interceptor.ApiInterceptor - preHandle method is invoked /api/employee/1 DELETE 1.689767190311E12
10609 [Test worker] INFO  c.s.p.interceptor.ApiInterceptor - after completion is invoked Time took is -0.006 seconds.
10613 [Test worker] INFO  c.s.p.interceptor.ApiInterceptor - preHandle method is invoked /api/employee/1 GET 1.689767190317E12
10616 [Test worker] INFO  c.s.p.interceptor.ApiInterceptor - postHandle method is invoked /api/employee/1 GET 1.68976719032E12
10617 [Test worker] INFO  c.s.p.interceptor.ApiInterceptor - after completion is invoked Time took is 0.003 seconds.
10621 [Test worker] INFO  c.s.p.interceptor.ApiInterceptor - preHandle method is invoked /api/employee/department GET 1.689767190325E12
10623 [Test worker] INFO  c.s.p.interceptor.ApiInterceptor - after completion is invoked Time took is -0.005 seconds.
10626 [Test worker] INFO  c.s.p.interceptor.ApiInterceptor - preHandle method is invoked /api/employee/0 GET 1.68976719033E12
10628 [Test worker] INFO  c.s.p.interceptor.ApiInterceptor - after completion is invoked Time took is -0.01 seconds.
10633 [Test worker] INFO  c.s.p.interceptor.ApiInterceptor - preHandle method is invoked /api/employee/findAll GET 1.689767190337E12
10634 [Test worker] INFO  c.s.p.interceptor.ApiInterceptor - after completion is invoked Time took is -0.017 seconds.
10638 [Test worker] INFO  c.s.p.interceptor.ApiInterceptor - preHandle method is invoked /api/employee/course GET 1.689767190342E12
10640 [Test worker] INFO  c.s.p.interceptor.ApiInterceptor - after completion is invoked Time took is -0.022 seconds.
10645 [Test worker] INFO  c.s.p.interceptor.ApiInterceptor - preHandle method is invoked /api/employee/updateSalaryById PUT 1.689767190349E12
10647 [Test worker] INFO  c.s.p.interceptor.ApiInterceptor - after completion is invoked Time took is -0.029 seconds.
10651 [Test worker] INFO  c.s.p.interceptor.ApiInterceptor - preHandle method is invoked /api/employee/department/maxSalary GET 1.689767190355E12
10653 [Test worker] INFO  c.s.p.interceptor.ApiInterceptor - postHandle method is invoked /api/employee/department/maxSalary GET 1.689767190357E12
10653 [Test worker] INFO  c.s.p.interceptor.ApiInterceptor - after completion is invoked Time took is 0.002 seconds.
10657 [Test worker] INFO  c.s.p.interceptor.ApiInterceptor - preHandle method is invoked /api/employee GET 1.689767190361E12
10658 [Test worker] INFO  c.s.p.interceptor.ApiInterceptor - postHandle method is invoked /api/employee GET 1.689767190362E12
10658 [Test worker] INFO  c.s.p.interceptor.ApiInterceptor - after completion is invoked Time took is 0.001 seconds.
10697 [Test worker] INFO  c.s.p.service.CourseServiceTest - Starting CourseServiceTest using Java 17.0.7 with PID 29176 (started by ssama in C:\Users\ssama\Desktop\project\springproject)
10697 [Test worker] DEBUG c.s.p.service.CourseServiceTest - Running with Spring Boot v3.1.1, Spring v6.0.10
10697 [Test worker] INFO  c.s.p.service.CourseServiceTest - No active profile set, falling back to 1 default profile: "default"
11389 [Test worker] INFO  c.s.p.service.CourseServiceTest - Started CourseServiceTest in 0.714 seconds (process running for 12.679)
11468 [Test worker] INFO  c.s.p.service.EmployeeServiceTest - Starting EmployeeServiceTest using Java 17.0.7 with PID 29176 (started by ssama in C:\Users\ssama\Desktop\project\springproject)
11470 [Test worker] DEBUG c.s.p.service.EmployeeServiceTest - Running with Spring Boot v3.1.1, Spring v6.0.10
11470 [Test worker] INFO  c.s.p.service.EmployeeServiceTest - No active profile set, falling back to 1 default profile: "default"
12087 [Test worker] INFO  c.s.p.service.EmployeeServiceTest - Started EmployeeServiceTest in 0.639 seconds (process running for 13.377)
12116 [Test worker] INFO  c.s.p.service.EmployeeServiceImpl - Course already exists !
12116 [Test worker] INFO  c.s.p.service.EmployeeServiceImpl - Course already exists !
12141 [Test worker] INFO  c.s.p.service.EmployeeServiceImpl - Course already exists !
12141 [Test worker] INFO  c.s.p.service.EmployeeServiceImpl - Course already exists !
12156 [Test worker] ERROR c.s.p.service.EmployeeServiceImpl - Employee with id : 0  does not exist ! 
12774 [Test worker] INFO  c.sujith.project.ProjectApplication - Starting ProjectApplication using Java 17.0.7 with PID 29176 (started by ssama in C:\Users\ssama\Desktop\project\springproject)
12774 [Test worker] DEBUG c.sujith.project.ProjectApplication - Running with Spring Boot v3.1.1, Spring v6.0.10
12774 [Test worker] INFO  c.sujith.project.ProjectApplication - No active profile set, falling back to 1 default profile: "default"
13695 [Test worker] INFO  c.sujith.project.ProjectApplication - Started ProjectApplication in 0.947 seconds (process running for 14.987)
13733 [Test worker] INFO  c.s.p.c.AddressControllerTest - Starting AddressControllerTest using Java 17.0.7 with PID 29176 (started by ssama in C:\Users\ssama\Desktop\project\springproject)
13734 [Test worker] DEBUG c.s.p.c.AddressControllerTest - Running with Spring Boot v3.1.1, Spring v6.0.10
13734 [Test worker] INFO  c.s.p.c.AddressControllerTest - No active profile set, falling back to 1 default profile: "default"
14418 [Test worker] INFO  c.s.p.c.AddressControllerTest - Started AddressControllerTest in 0.712 seconds (process running for 15.709)
14426 [Test worker] INFO  c.s.p.interceptor.ApiInterceptor - preHandle method is invoked /api/address GET 1.68976719413E12
14430 [Test worker] INFO  c.s.p.interceptor.ApiInterceptor - postHandle method is invoked /api/address GET 1.689767194134E12
14431 [Test worker] INFO  c.s.p.interceptor.ApiInterceptor - after completion is invoked Time took is 0.004 seconds.
14435 [Test worker] INFO  c.s.p.interceptor.ApiInterceptor - preHandle method is invoked /api/address GET 1.689767194139E12
14441 [Test worker] INFO  c.s.p.interceptor.ApiInterceptor - after completion is invoked Time took is -0.005 seconds.
14477 [Test worker] INFO  c.s.p.service.AddressServiceTest - Starting AddressServiceTest using Java 17.0.7 with PID 29176 (started by ssama in C:\Users\ssama\Desktop\project\springproject)
14477 [Test worker] DEBUG c.s.p.service.AddressServiceTest - Running with Spring Boot v3.1.1, Spring v6.0.10
14477 [Test worker] INFO  c.s.p.service.AddressServiceTest - No active profile set, falling back to 1 default profile: "default"
15167 [Test worker] INFO  c.s.p.service.AddressServiceTest - Started AddressServiceTest in 0.715 seconds (process running for 16.459)
1825 [Test worker] INFO  c.s.p.c.CourseControllerTest - Starting CourseControllerTest using Java 17.0.7 with PID 27748 (started by ssama in C:\Users\ssama\Desktop\project\springproject)
1826 [Test worker] DEBUG c.s.p.c.CourseControllerTest - Running with Spring Boot v3.1.1, Spring v6.0.10
1827 [Test worker] INFO  c.s.p.c.CourseControllerTest - No active profile set, falling back to 1 default profile: "default"
11128 [Test worker] INFO  c.s.p.c.CourseControllerTest - Started CourseControllerTest in 9.833 seconds (process running for 12.972)
11262 [Test worker] INFO  c.s.p.interceptor.ApiInterceptor - preHandle method is invoked /api/courses GET 1.689767226774E12
11515 [Test worker] INFO  c.s.p.interceptor.ApiInterceptor - postHandle method is invoked /api/courses GET 1.689767227027E12
11521 [Test worker] INFO  c.s.p.interceptor.ApiInterceptor - after completion is invoked Time took is 0.253 seconds.
11567 [Test worker] INFO  c.s.p.interceptor.ApiInterceptor - preHandle method is invoked /api/courses/insertMany POST 1.689767227079E12
11664 [Test worker] INFO  c.s.p.interceptor.ApiInterceptor - postHandle method is invoked /api/courses/insertMany POST 1.689767227176E12
11664 [Test worker] INFO  c.s.p.interceptor.ApiInterceptor - after completion is invoked Time took is 0.097 seconds.
11674 [Test worker] INFO  c.s.p.interceptor.ApiInterceptor - preHandle method is invoked /api/courses POST 1.689767227186E12
11691 [Test worker] INFO  c.s.p.interceptor.ApiInterceptor - after completion is invoked Time took is -0.01 seconds.
11704 [Test worker] INFO  c.s.p.interceptor.ApiInterceptor - preHandle method is invoked /api/courses POST 1.689767227216E12
11714 [Test worker] INFO  c.s.p.interceptor.ApiInterceptor - postHandle method is invoked /api/courses POST 1.689767227226E12
11715 [Test worker] INFO  c.s.p.interceptor.ApiInterceptor - after completion is invoked Time took is 0.01 seconds.
11723 [Test worker] INFO  c.s.p.interceptor.ApiInterceptor - preHandle method is invoked /api/courses GET 1.689767227235E12
11726 [Test worker] INFO  c.s.p.interceptor.ApiInterceptor - after completion is invoked Time took is -0.009 seconds.
11819 [Test worker] INFO  c.s.p.interceptor.ApiInterceptor - preHandle method is invoked /api/courses/insertMany POST 1.689767227331E12
11822 [Test worker] INFO  c.s.p.interceptor.ApiInterceptor - after completion is invoked Time took is -0.105 seconds.
11859 [Test worker] INFO  c.s.p.c.EmployeeControllerTest - Starting EmployeeControllerTest using Java 17.0.7 with PID 27748 (started by ssama in C:\Users\ssama\Desktop\project\springproject)
11860 [Test worker] DEBUG c.s.p.c.EmployeeControllerTest - Running with Spring Boot v3.1.1, Spring v6.0.10
11860 [Test worker] INFO  c.s.p.c.EmployeeControllerTest - No active profile set, falling back to 1 default profile: "default"
12598 [Test worker] INFO  c.s.p.c.EmployeeControllerTest - Started EmployeeControllerTest in 0.762 seconds (process running for 14.442)
12606 [Test worker] INFO  c.s.p.interceptor.ApiInterceptor - preHandle method is invoked /api/employee/15 GET 1.689767228118E12
12625 [Test worker] INFO  c.s.p.interceptor.ApiInterceptor - preHandle method is invoked /api/employee/department GET 1.689767228137E12
12641 [Test worker] INFO  c.s.p.interceptor.ApiInterceptor - postHandle method is invoked /api/employee/department GET 1.689767228153E12
12642 [Test worker] INFO  c.s.p.interceptor.ApiInterceptor - after completion is invoked Time took is 0.016 seconds.
12646 [Test worker] INFO  c.s.p.interceptor.ApiInterceptor - preHandle method is invoked /api/employee/maxSalary GET 1.689767228158E12
12649 [Test worker] INFO  c.s.p.interceptor.ApiInterceptor - postHandle method is invoked /api/employee/maxSalary GET 1.689767228161E12
12649 [Test worker] INFO  c.s.p.interceptor.ApiInterceptor - after completion is invoked Time took is 0.003 seconds.
12671 [Test worker] INFO  c.s.p.interceptor.ApiInterceptor - preHandle method is invoked /api/employee/updateSalaryById PUT 1.689767228183E12
12675 [Test worker] INFO  c.s.p.interceptor.ApiInterceptor - postHandle method is invoked /api/employee/updateSalaryById PUT 1.689767228187E12
12675 [Test worker] INFO  c.s.p.interceptor.ApiInterceptor - after completion is invoked Time took is 0.004 seconds.
12682 [Test worker] INFO  c.s.p.interceptor.ApiInterceptor - preHandle method is invoked /api/employee/findAll GET 1.689767228194E12
12684 [Test worker] INFO  c.s.p.interceptor.ApiInterceptor - postHandle method is invoked /api/employee/findAll GET 1.689767228196E12
12684 [Test worker] INFO  c.s.p.interceptor.ApiInterceptor - after completion is invoked Time took is 0.002 seconds.
12690 [Test worker] INFO  c.s.p.interceptor.ApiInterceptor - preHandle method is invoked /api/employee/course GET 1.689767228202E12
12692 [Test worker] INFO  c.s.p.interceptor.ApiInterceptor - postHandle method is invoked /api/employee/course GET 1.689767228204E12
12693 [Test worker] INFO  c.s.p.interceptor.ApiInterceptor - after completion is invoked Time took is 0.002 seconds.
12701 [Test worker] INFO  c.s.p.interceptor.ApiInterceptor - preHandle method is invoked /api/employee POST 1.689767228213E12
12708 [Test worker] INFO  c.s.p.interceptor.ApiInterceptor - postHandle method is invoked /api/employee POST 1.68976722822E12
12708 [Test worker] INFO  c.s.p.interceptor.ApiInterceptor - after completion is invoked Time took is 0.007 seconds.
12716 [Test worker] INFO  c.s.p.interceptor.ApiInterceptor - preHandle method is invoked /api/employee GET 1.689767228228E12
12717 [Test worker] INFO  c.s.p.interceptor.ApiInterceptor - after completion is invoked Time took is -0.008 seconds.
12723 [Test worker] INFO  c.s.p.interceptor.ApiInterceptor - preHandle method is invoked /api/employee PUT 1.689767228235E12
12725 [Test worker] INFO  c.s.p.interceptor.ApiInterceptor - after completion is invoked Time took is -0.015 seconds.
12736 [Test worker] INFO  c.s.p.interceptor.ApiInterceptor - preHandle method is invoked /api/employee GET 1.689767228248E12
12758 [Test worker] INFO  c.s.p.interceptor.ApiInterceptor - after completion is invoked Time took is -0.028 seconds.
12763 [Test worker] INFO  c.s.p.interceptor.ApiInterceptor - preHandle method is invoked /api/employee/1 DELETE 1.689767228275E12
12765 [Test worker] INFO  c.s.p.interceptor.ApiInterceptor - postHandle method is invoked /api/employee/1 DELETE 1.689767228277E12
12765 [Test worker] INFO  c.s.p.interceptor.ApiInterceptor - after completion is invoked Time took is 0.002 seconds.
12770 [Test worker] INFO  c.s.p.interceptor.ApiInterceptor - preHandle method is invoked /api/employee/department/maxSalary GET 1.689767228282E12
12772 [Test worker] INFO  c.s.p.interceptor.ApiInterceptor - after completion is invoked Time took is -0.005 seconds.
12777 [Test worker] INFO  c.s.p.interceptor.ApiInterceptor - preHandle method is invoked /api/employee/maxSalary GET 1.689767228289E12
12779 [Test worker] INFO  c.s.p.interceptor.ApiInterceptor - after completion is invoked Time took is -0.012 seconds.
12784 [Test worker] INFO  c.s.p.interceptor.ApiInterceptor - preHandle method is invoked /api/employee PUT 1.689767228296E12
12785 [Test worker] INFO  c.s.p.interceptor.ApiInterceptor - postHandle method is invoked /api/employee PUT 1.689767228297E12
12786 [Test worker] INFO  c.s.p.interceptor.ApiInterceptor - after completion is invoked Time took is 0.001 seconds.
12790 [Test worker] INFO  c.s.p.interceptor.ApiInterceptor - preHandle method is invoked /api/employee/insertAll POST 1.689767228302E12
12795 [Test worker] INFO  c.s.p.interceptor.ApiInterceptor - postHandle method is invoked /api/employee/insertAll POST 1.689767228307E12
12796 [Test worker] INFO  c.s.p.interceptor.ApiInterceptor - after completion is invoked Time took is 0.005 seconds.
12802 [Test worker] INFO  c.s.p.interceptor.ApiInterceptor - preHandle method is invoked /api/employee/1 DELETE 1.689767228314E12
12804 [Test worker] INFO  c.s.p.interceptor.ApiInterceptor - after completion is invoked Time took is -0.007 seconds.
12808 [Test worker] INFO  c.s.p.interceptor.ApiInterceptor - preHandle method is invoked /api/employee/1 GET 1.68976722832E12
12813 [Test worker] INFO  c.s.p.interceptor.ApiInterceptor - postHandle method is invoked /api/employee/1 GET 1.689767228325E12
12813 [Test worker] INFO  c.s.p.interceptor.ApiInterceptor - after completion is invoked Time took is 0.005 seconds.
12819 [Test worker] INFO  c.s.p.interceptor.ApiInterceptor - preHandle method is invoked /api/employee/department GET 1.689767228331E12
12821 [Test worker] INFO  c.s.p.interceptor.ApiInterceptor - after completion is invoked Time took is -0.006 seconds.
12825 [Test worker] INFO  c.s.p.interceptor.ApiInterceptor - preHandle method is invoked /api/employee/0 GET 1.689767228337E12
12826 [Test worker] INFO  c.s.p.interceptor.ApiInterceptor - after completion is invoked Time took is -0.012 seconds.
12831 [Test worker] INFO  c.s.p.interceptor.ApiInterceptor - preHandle method is invoked /api/employee/findAll GET 1.689767228343E12
12833 [Test worker] INFO  c.s.p.interceptor.ApiInterceptor - after completion is invoked Time took is -0.018 seconds.
12837 [Test worker] INFO  c.s.p.interceptor.ApiInterceptor - preHandle method is invoked /api/employee/course GET 1.689767228349E12
12838 [Test worker] INFO  c.s.p.interceptor.ApiInterceptor - after completion is invoked Time took is -0.024 seconds.
12843 [Test worker] INFO  c.s.p.interceptor.ApiInterceptor - preHandle method is invoked /api/employee/updateSalaryById PUT 1.689767228355E12
12846 [Test worker] INFO  c.s.p.interceptor.ApiInterceptor - after completion is invoked Time took is -0.03 seconds.
12850 [Test worker] INFO  c.s.p.interceptor.ApiInterceptor - preHandle method is invoked /api/employee/department/maxSalary GET 1.689767228362E12
12851 [Test worker] INFO  c.s.p.interceptor.ApiInterceptor - postHandle method is invoked /api/employee/department/maxSalary GET 1.689767228363E12
12851 [Test worker] INFO  c.s.p.interceptor.ApiInterceptor - after completion is invoked Time took is 0.001 seconds.
12855 [Test worker] INFO  c.s.p.interceptor.ApiInterceptor - preHandle method is invoked /api/employee GET 1.689767228367E12
12856 [Test worker] INFO  c.s.p.interceptor.ApiInterceptor - postHandle method is invoked /api/employee GET 1.689767228368E12
12856 [Test worker] INFO  c.s.p.interceptor.ApiInterceptor - after completion is invoked Time took is 0.001 seconds.
12893 [Test worker] INFO  c.s.p.service.CourseServiceTest - Starting CourseServiceTest using Java 17.0.7 with PID 27748 (started by ssama in C:\Users\ssama\Desktop\project\springproject)
12893 [Test worker] DEBUG c.s.p.service.CourseServiceTest - Running with Spring Boot v3.1.1, Spring v6.0.10
12893 [Test worker] INFO  c.s.p.service.CourseServiceTest - No active profile set, falling back to 1 default profile: "default"
13535 [Test worker] INFO  c.s.p.service.CourseServiceTest - Started CourseServiceTest in 0.663 seconds (process running for 15.38)
13619 [Test worker] INFO  c.s.p.service.EmployeeServiceTest - Starting EmployeeServiceTest using Java 17.0.7 with PID 27748 (started by ssama in C:\Users\ssama\Desktop\project\springproject)
13619 [Test worker] DEBUG c.s.p.service.EmployeeServiceTest - Running with Spring Boot v3.1.1, Spring v6.0.10
13620 [Test worker] INFO  c.s.p.service.EmployeeServiceTest - No active profile set, falling back to 1 default profile: "default"
14259 [Test worker] INFO  c.s.p.service.EmployeeServiceTest - Started EmployeeServiceTest in 0.666 seconds (process running for 16.103)
14295 [Test worker] INFO  c.s.p.service.EmployeeServiceImpl - Course already exists !
14295 [Test worker] INFO  c.s.p.service.EmployeeServiceImpl - Course already exists !
14320 [Test worker] INFO  c.s.p.service.EmployeeServiceImpl - Course already exists !
14321 [Test worker] INFO  c.s.p.service.EmployeeServiceImpl - Course already exists !
14336 [Test worker] ERROR c.s.p.service.EmployeeServiceImpl - Employee with id : 0  does not exist ! 
15018 [Test worker] INFO  c.sujith.project.ProjectApplication - Starting ProjectApplication using Java 17.0.7 with PID 27748 (started by ssama in C:\Users\ssama\Desktop\project\springproject)
15018 [Test worker] DEBUG c.sujith.project.ProjectApplication - Running with Spring Boot v3.1.1, Spring v6.0.10
15018 [Test worker] INFO  c.sujith.project.ProjectApplication - No active profile set, falling back to 1 default profile: "default"
16179 [Test worker] INFO  c.sujith.project.ProjectApplication - Started ProjectApplication in 1.183 seconds (process running for 18.023)
16205 [Test worker] INFO  c.s.p.c.AddressControllerTest - Starting AddressControllerTest using Java 17.0.7 with PID 27748 (started by ssama in C:\Users\ssama\Desktop\project\springproject)
16206 [Test worker] DEBUG c.s.p.c.AddressControllerTest - Running with Spring Boot v3.1.1, Spring v6.0.10
16206 [Test worker] INFO  c.s.p.c.AddressControllerTest - No active profile set, falling back to 1 default profile: "default"
16799 [Test worker] INFO  c.s.p.c.AddressControllerTest - Started AddressControllerTest in 0.611 seconds (process running for 18.643)
16809 [Test worker] INFO  c.s.p.interceptor.ApiInterceptor - preHandle method is invoked /api/address GET 1.689767232321E12
16814 [Test worker] INFO  c.s.p.interceptor.ApiInterceptor - postHandle method is invoked /api/address GET 1.689767232326E12
16815 [Test worker] INFO  c.s.p.interceptor.ApiInterceptor - after completion is invoked Time took is 0.005 seconds.
16820 [Test worker] INFO  c.s.p.interceptor.ApiInterceptor - preHandle method is invoked /api/address GET 1.689767232332E12
16826 [Test worker] INFO  c.s.p.interceptor.ApiInterceptor - after completion is invoked Time took is -0.006 seconds.
16853 [Test worker] INFO  c.s.p.service.AddressServiceTest - Starting AddressServiceTest using Java 17.0.7 with PID 27748 (started by ssama in C:\Users\ssama\Desktop\project\springproject)
16853 [Test worker] DEBUG c.s.p.service.AddressServiceTest - Running with Spring Boot v3.1.1, Spring v6.0.10
16853 [Test worker] INFO  c.s.p.service.AddressServiceTest - No active profile set, falling back to 1 default profile: "default"
17441 [Test worker] INFO  c.s.p.service.AddressServiceTest - Started AddressServiceTest in 0.606 seconds (process running for 19.285)
1255 [Test worker] INFO  c.s.p.c.CourseControllerTest - Starting CourseControllerTest using Java 17.0.7 with PID 10496 (started by ssama in C:\Users\ssama\Desktop\project\springproject)
1256 [Test worker] DEBUG c.s.p.c.CourseControllerTest - Running with Spring Boot v3.1.1, Spring v6.0.10
1258 [Test worker] INFO  c.s.p.c.CourseControllerTest - No active profile set, falling back to 1 default profile: "default"
8322 [Test worker] INFO  c.s.p.c.CourseControllerTest - Started CourseControllerTest in 7.436 seconds (process running for 9.65)
8441 [Test worker] INFO  c.s.p.interceptor.ApiInterceptor - preHandle method is invoked /api/courses GET 1.689767258E12
8611 [Test worker] INFO  c.s.p.interceptor.ApiInterceptor - postHandle method is invoked /api/courses GET 1.68976725817E12
8616 [Test worker] INFO  c.s.p.interceptor.ApiInterceptor - after completion is invoked Time took is 0.17 seconds.
8649 [Test worker] INFO  c.s.p.interceptor.ApiInterceptor - preHandle method is invoked /api/courses/insertMany POST 1.689767258208E12
8719 [Test worker] INFO  c.s.p.interceptor.ApiInterceptor - postHandle method is invoked /api/courses/insertMany POST 1.689767258278E12
8720 [Test worker] INFO  c.s.p.interceptor.ApiInterceptor - after completion is invoked Time took is 0.07 seconds.
8732 [Test worker] INFO  c.s.p.interceptor.ApiInterceptor - preHandle method is invoked /api/courses POST 1.689767258291E12
8751 [Test worker] INFO  c.s.p.interceptor.ApiInterceptor - after completion is invoked Time took is -0.013 seconds.
8764 [Test worker] INFO  c.s.p.interceptor.ApiInterceptor - preHandle method is invoked /api/courses POST 1.689767258323E12
8770 [Test worker] INFO  c.s.p.interceptor.ApiInterceptor - postHandle method is invoked /api/courses POST 1.689767258329E12
8771 [Test worker] INFO  c.s.p.interceptor.ApiInterceptor - after completion is invoked Time took is 0.006 seconds.
8779 [Test worker] INFO  c.s.p.interceptor.ApiInterceptor - preHandle method is invoked /api/courses GET 1.689767258337E12
8780 [Test worker] INFO  c.s.p.interceptor.ApiInterceptor - after completion is invoked Time took is -0.008 seconds.
8849 [Test worker] INFO  c.s.p.interceptor.ApiInterceptor - preHandle method is invoked /api/courses/insertMany POST 1.689767258408E12
8853 [Test worker] INFO  c.s.p.interceptor.ApiInterceptor - after completion is invoked Time took is -0.079 seconds.
8904 [Test worker] INFO  c.s.p.c.EmployeeControllerTest - Starting EmployeeControllerTest using Java 17.0.7 with PID 10496 (started by ssama in C:\Users\ssama\Desktop\project\springproject)
8905 [Test worker] DEBUG c.s.p.c.EmployeeControllerTest - Running with Spring Boot v3.1.1, Spring v6.0.10
8905 [Test worker] INFO  c.s.p.c.EmployeeControllerTest - No active profile set, falling back to 1 default profile: "default"
9768 [Test worker] INFO  c.s.p.c.EmployeeControllerTest - Started EmployeeControllerTest in 0.895 seconds (process running for 11.096)
9777 [Test worker] INFO  c.s.p.interceptor.ApiInterceptor - preHandle method is invoked /api/employee/15 GET 1.689767259336E12
9797 [Test worker] INFO  c.s.p.interceptor.ApiInterceptor - preHandle method is invoked /api/employee/department GET 1.689767259356E12
9810 [Test worker] INFO  c.s.p.interceptor.ApiInterceptor - postHandle method is invoked /api/employee/department GET 1.689767259369E12
9811 [Test worker] INFO  c.s.p.interceptor.ApiInterceptor - after completion is invoked Time took is 0.013 seconds.
9818 [Test worker] INFO  c.s.p.interceptor.ApiInterceptor - preHandle method is invoked /api/employee/maxSalary GET 1.689767259377E12
9820 [Test worker] INFO  c.s.p.interceptor.ApiInterceptor - postHandle method is invoked /api/employee/maxSalary GET 1.689767259379E12
9821 [Test worker] INFO  c.s.p.interceptor.ApiInterceptor - after completion is invoked Time took is 0.002 seconds.
9839 [Test worker] INFO  c.s.p.interceptor.ApiInterceptor - preHandle method is invoked /api/employee/updateSalaryById PUT 1.689767259398E12
9843 [Test worker] INFO  c.s.p.interceptor.ApiInterceptor - postHandle method is invoked /api/employee/updateSalaryById PUT 1.689767259402E12
9844 [Test worker] INFO  c.s.p.interceptor.ApiInterceptor - after completion is invoked Time took is 0.004 seconds.
9851 [Test worker] INFO  c.s.p.interceptor.ApiInterceptor - preHandle method is invoked /api/employee/findAll GET 1.68976725941E12
9852 [Test worker] INFO  c.s.p.interceptor.ApiInterceptor - postHandle method is invoked /api/employee/findAll GET 1.689767259411E12
9854 [Test worker] INFO  c.s.p.interceptor.ApiInterceptor - after completion is invoked Time took is 0.001 seconds.
9860 [Test worker] INFO  c.s.p.interceptor.ApiInterceptor - preHandle method is invoked /api/employee/course GET 1.689767259419E12
9863 [Test worker] INFO  c.s.p.interceptor.ApiInterceptor - postHandle method is invoked /api/employee/course GET 1.689767259422E12
9864 [Test worker] INFO  c.s.p.interceptor.ApiInterceptor - after completion is invoked Time took is 0.003 seconds.
9873 [Test worker] INFO  c.s.p.interceptor.ApiInterceptor - preHandle method is invoked /api/employee POST 1.689767259432E12
9882 [Test worker] INFO  c.s.p.interceptor.ApiInterceptor - postHandle method is invoked /api/employee POST 1.689767259441E12
9883 [Test worker] INFO  c.s.p.interceptor.ApiInterceptor - after completion is invoked Time took is 0.009 seconds.
9889 [Test worker] INFO  c.s.p.interceptor.ApiInterceptor - preHandle method is invoked /api/employee GET 1.689767259448E12
9891 [Test worker] INFO  c.s.p.interceptor.ApiInterceptor - after completion is invoked Time took is -0.007 seconds.
9898 [Test worker] INFO  c.s.p.interceptor.ApiInterceptor - preHandle method is invoked /api/employee PUT 1.689767259457E12
9901 [Test worker] INFO  c.s.p.interceptor.ApiInterceptor - after completion is invoked Time took is -0.016 seconds.
9908 [Test worker] INFO  c.s.p.interceptor.ApiInterceptor - preHandle method is invoked /api/employee GET 1.689767259467E12
9934 [Test worker] INFO  c.s.p.interceptor.ApiInterceptor - after completion is invoked Time took is -0.026 seconds.
9940 [Test worker] INFO  c.s.p.interceptor.ApiInterceptor - preHandle method is invoked /api/employee/1 DELETE 1.689767259499E12
9943 [Test worker] INFO  c.s.p.interceptor.ApiInterceptor - postHandle method is invoked /api/employee/1 DELETE 1.689767259502E12
9944 [Test worker] INFO  c.s.p.interceptor.ApiInterceptor - after completion is invoked Time took is 0.003 seconds.
9949 [Test worker] INFO  c.s.p.interceptor.ApiInterceptor - preHandle method is invoked /api/employee/department/maxSalary GET 1.689767259508E12
9951 [Test worker] INFO  c.s.p.interceptor.ApiInterceptor - after completion is invoked Time took is -0.006 seconds.
9957 [Test worker] INFO  c.s.p.interceptor.ApiInterceptor - preHandle method is invoked /api/employee/maxSalary GET 1.689767259516E12
9960 [Test worker] INFO  c.s.p.interceptor.ApiInterceptor - after completion is invoked Time took is -0.014 seconds.
9965 [Test worker] INFO  c.s.p.interceptor.ApiInterceptor - preHandle method is invoked /api/employee PUT 1.689767259524E12
9966 [Test worker] INFO  c.s.p.interceptor.ApiInterceptor - postHandle method is invoked /api/employee PUT 1.689767259525E12
9968 [Test worker] INFO  c.s.p.interceptor.ApiInterceptor - after completion is invoked Time took is 0.001 seconds.
9974 [Test worker] INFO  c.s.p.interceptor.ApiInterceptor - preHandle method is invoked /api/employee/insertAll POST 1.689767259533E12
9980 [Test worker] INFO  c.s.p.interceptor.ApiInterceptor - postHandle method is invoked /api/employee/insertAll POST 1.689767259539E12
9981 [Test worker] INFO  c.s.p.interceptor.ApiInterceptor - after completion is invoked Time took is 0.006 seconds.
9988 [Test worker] INFO  c.s.p.interceptor.ApiInterceptor - preHandle method is invoked /api/employee/1 DELETE 1.689767259547E12
9990 [Test worker] INFO  c.s.p.interceptor.ApiInterceptor - after completion is invoked Time took is -0.008 seconds.
9995 [Test worker] INFO  c.s.p.interceptor.ApiInterceptor - preHandle method is invoked /api/employee/1 GET 1.689767259554E12
10000 [Test worker] INFO  c.s.p.interceptor.ApiInterceptor - postHandle method is invoked /api/employee/1 GET 1.689767259559E12
10000 [Test worker] INFO  c.s.p.interceptor.ApiInterceptor - after completion is invoked Time took is 0.005 seconds.
10007 [Test worker] INFO  c.s.p.interceptor.ApiInterceptor - preHandle method is invoked /api/employee/department GET 1.689767259566E12
10009 [Test worker] INFO  c.s.p.interceptor.ApiInterceptor - after completion is invoked Time took is -0.007 seconds.
10014 [Test worker] INFO  c.s.p.interceptor.ApiInterceptor - preHandle method is invoked /api/employee/0 GET 1.689767259573E12
10016 [Test worker] INFO  c.s.p.interceptor.ApiInterceptor - after completion is invoked Time took is -0.014 seconds.
10020 [Test worker] INFO  c.s.p.interceptor.ApiInterceptor - preHandle method is invoked /api/employee/findAll GET 1.689767259579E12
10022 [Test worker] INFO  c.s.p.interceptor.ApiInterceptor - after completion is invoked Time took is -0.02 seconds.
10027 [Test worker] INFO  c.s.p.interceptor.ApiInterceptor - preHandle method is invoked /api/employee/course GET 1.689767259586E12
10030 [Test worker] INFO  c.s.p.interceptor.ApiInterceptor - after completion is invoked Time took is -0.027 seconds.
10035 [Test worker] INFO  c.s.p.interceptor.ApiInterceptor - preHandle method is invoked /api/employee/updateSalaryById PUT 1.689767259594E12
10039 [Test worker] INFO  c.s.p.interceptor.ApiInterceptor - after completion is invoked Time took is -0.035 seconds.
10043 [Test worker] INFO  c.s.p.interceptor.ApiInterceptor - preHandle method is invoked /api/employee/department/maxSalary GET 1.689767259602E12
10044 [Test worker] INFO  c.s.p.interceptor.ApiInterceptor - postHandle method is invoked /api/employee/department/maxSalary GET 1.689767259603E12
10046 [Test worker] INFO  c.s.p.interceptor.ApiInterceptor - after completion is invoked Time took is 0.001 seconds.
10050 [Test worker] INFO  c.s.p.interceptor.ApiInterceptor - preHandle method is invoked /api/employee GET 1.689767259609E12
10052 [Test worker] INFO  c.s.p.interceptor.ApiInterceptor - postHandle method is invoked /api/employee GET 1.689767259611E12
10053 [Test worker] INFO  c.s.p.interceptor.ApiInterceptor - after completion is invoked Time took is 0.002 seconds.
10101 [Test worker] INFO  c.s.p.service.CourseServiceTest - Starting CourseServiceTest using Java 17.0.7 with PID 10496 (started by ssama in C:\Users\ssama\Desktop\project\springproject)
10101 [Test worker] DEBUG c.s.p.service.CourseServiceTest - Running with Spring Boot v3.1.1, Spring v6.0.10
10102 [Test worker] INFO  c.s.p.service.CourseServiceTest - No active profile set, falling back to 1 default profile: "default"
10974 [Test worker] INFO  c.s.p.service.CourseServiceTest - Started CourseServiceTest in 0.901 seconds (process running for 12.301)
11073 [Test worker] INFO  c.s.p.service.EmployeeServiceTest - Starting EmployeeServiceTest using Java 17.0.7 with PID 10496 (started by ssama in C:\Users\ssama\Desktop\project\springproject)
11074 [Test worker] DEBUG c.s.p.service.EmployeeServiceTest - Running with Spring Boot v3.1.1, Spring v6.0.10
11074 [Test worker] INFO  c.s.p.service.EmployeeServiceTest - No active profile set, falling back to 1 default profile: "default"
11863 [Test worker] INFO  c.s.p.service.EmployeeServiceTest - Started EmployeeServiceTest in 0.815 seconds (process running for 13.19)
11901 [Test worker] INFO  c.s.p.service.EmployeeServiceImpl - Course already exists !
11902 [Test worker] INFO  c.s.p.service.EmployeeServiceImpl - Course already exists !
11931 [Test worker] INFO  c.s.p.service.EmployeeServiceImpl - Course already exists !
11931 [Test worker] INFO  c.s.p.service.EmployeeServiceImpl - Course already exists !
11951 [Test worker] ERROR c.s.p.service.EmployeeServiceImpl - Employee with id : 0  does not exist ! 
12716 [Test worker] INFO  c.sujith.project.ProjectApplication - Starting ProjectApplication using Java 17.0.7 with PID 10496 (started by ssama in C:\Users\ssama\Desktop\project\springproject)
12716 [Test worker] DEBUG c.sujith.project.ProjectApplication - Running with Spring Boot v3.1.1, Spring v6.0.10
12716 [Test worker] INFO  c.sujith.project.ProjectApplication - No active profile set, falling back to 1 default profile: "default"
13822 [Test worker] INFO  c.sujith.project.ProjectApplication - Started ProjectApplication in 1.135 seconds (process running for 15.15)
13852 [Test worker] INFO  c.s.p.c.AddressControllerTest - Starting AddressControllerTest using Java 17.0.7 with PID 10496 (started by ssama in C:\Users\ssama\Desktop\project\springproject)
13852 [Test worker] DEBUG c.s.p.c.AddressControllerTest - Running with Spring Boot v3.1.1, Spring v6.0.10
13852 [Test worker] INFO  c.s.p.c.AddressControllerTest - No active profile set, falling back to 1 default profile: "default"
14517 [Test worker] INFO  c.s.p.c.AddressControllerTest - Started AddressControllerTest in 0.684 seconds (process running for 15.845)
14521 [Test worker] INFO  c.s.p.interceptor.ApiInterceptor - preHandle method is invoked /api/address GET 1.68976726408E12
14525 [Test worker] INFO  c.s.p.interceptor.ApiInterceptor - postHandle method is invoked /api/address GET 1.689767264084E12
14526 [Test worker] INFO  c.s.p.interceptor.ApiInterceptor - after completion is invoked Time took is 0.004 seconds.
14530 [Test worker] INFO  c.s.p.interceptor.ApiInterceptor - preHandle method is invoked /api/address GET 1.689767264089E12
14535 [Test worker] INFO  c.s.p.interceptor.ApiInterceptor - after completion is invoked Time took is -0.005 seconds.
14568 [Test worker] INFO  c.s.p.service.AddressServiceTest - Starting AddressServiceTest using Java 17.0.7 with PID 10496 (started by ssama in C:\Users\ssama\Desktop\project\springproject)
14569 [Test worker] DEBUG c.s.p.service.AddressServiceTest - Running with Spring Boot v3.1.1, Spring v6.0.10
14569 [Test worker] INFO  c.s.p.service.AddressServiceTest - No active profile set, falling back to 1 default profile: "default"
15224 [Test worker] INFO  c.s.p.service.AddressServiceTest - Started AddressServiceTest in 0.679 seconds (process running for 16.552)
1375 [Test worker] INFO  c.s.p.c.CourseControllerTest - Starting CourseControllerTest using Java 17.0.7 with PID 9876 (started by ssama in C:\Users\ssama\Desktop\project\springproject)
1376 [Test worker] DEBUG c.s.p.c.CourseControllerTest - Running with Spring Boot v3.1.1, Spring v6.0.10
1377 [Test worker] INFO  c.s.p.c.CourseControllerTest - No active profile set, falling back to 1 default profile: "default"
2267 [Test worker] INFO  c.s.p.c.CourseControllerTest - Starting CourseControllerTest using Java 17.0.7 with PID 9876 (started by ssama in C:\Users\ssama\Desktop\project\springproject)
2268 [Test worker] DEBUG c.s.p.c.CourseControllerTest - Running with Spring Boot v3.1.1, Spring v6.0.10
2269 [Test worker] INFO  c.s.p.c.CourseControllerTest - No active profile set, falling back to 1 default profile: "default"
2364 [Test worker] INFO  c.s.p.c.CourseControllerTest - Starting CourseControllerTest using Java 17.0.7 with PID 9876 (started by ssama in C:\Users\ssama\Desktop\project\springproject)
2364 [Test worker] DEBUG c.s.p.c.CourseControllerTest - Running with Spring Boot v3.1.1, Spring v6.0.10
2370 [Test worker] INFO  c.s.p.c.CourseControllerTest - No active profile set, falling back to 1 default profile: "default"
2470 [Test worker] INFO  c.s.p.c.CourseControllerTest - Starting CourseControllerTest using Java 17.0.7 with PID 9876 (started by ssama in C:\Users\ssama\Desktop\project\springproject)
2471 [Test worker] DEBUG c.s.p.c.CourseControllerTest - Running with Spring Boot v3.1.1, Spring v6.0.10
2471 [Test worker] INFO  c.s.p.c.CourseControllerTest - No active profile set, falling back to 1 default profile: "default"
2543 [Test worker] INFO  c.s.p.c.CourseControllerTest - Starting CourseControllerTest using Java 17.0.7 with PID 9876 (started by ssama in C:\Users\ssama\Desktop\project\springproject)
2544 [Test worker] DEBUG c.s.p.c.CourseControllerTest - Running with Spring Boot v3.1.1, Spring v6.0.10
2544 [Test worker] INFO  c.s.p.c.CourseControllerTest - No active profile set, falling back to 1 default profile: "default"
2615 [Test worker] INFO  c.s.p.c.CourseControllerTest - Starting CourseControllerTest using Java 17.0.7 with PID 9876 (started by ssama in C:\Users\ssama\Desktop\project\springproject)
2616 [Test worker] DEBUG c.s.p.c.CourseControllerTest - Running with Spring Boot v3.1.1, Spring v6.0.10
2616 [Test worker] INFO  c.s.p.c.CourseControllerTest - No active profile set, falling back to 1 default profile: "default"
2719 [Test worker] INFO  c.s.p.c.EmployeeControllerTest - Starting EmployeeControllerTest using Java 17.0.7 with PID 9876 (started by ssama in C:\Users\ssama\Desktop\project\springproject)
2719 [Test worker] DEBUG c.s.p.c.EmployeeControllerTest - Running with Spring Boot v3.1.1, Spring v6.0.10
2719 [Test worker] INFO  c.s.p.c.EmployeeControllerTest - No active profile set, falling back to 1 default profile: "default"
2781 [Test worker] INFO  c.s.p.c.EmployeeControllerTest - Starting EmployeeControllerTest using Java 17.0.7 with PID 9876 (started by ssama in C:\Users\ssama\Desktop\project\springproject)
2781 [Test worker] DEBUG c.s.p.c.EmployeeControllerTest - Running with Spring Boot v3.1.1, Spring v6.0.10
2782 [Test worker] INFO  c.s.p.c.EmployeeControllerTest - No active profile set, falling back to 1 default profile: "default"
2841 [Test worker] INFO  c.s.p.c.EmployeeControllerTest - Starting EmployeeControllerTest using Java 17.0.7 with PID 9876 (started by ssama in C:\Users\ssama\Desktop\project\springproject)
2842 [Test worker] DEBUG c.s.p.c.EmployeeControllerTest - Running with Spring Boot v3.1.1, Spring v6.0.10
2842 [Test worker] INFO  c.s.p.c.EmployeeControllerTest - No active profile set, falling back to 1 default profile: "default"
2925 [Test worker] INFO  c.s.p.c.EmployeeControllerTest - Starting EmployeeControllerTest using Java 17.0.7 with PID 9876 (started by ssama in C:\Users\ssama\Desktop\project\springproject)
2926 [Test worker] DEBUG c.s.p.c.EmployeeControllerTest - Running with Spring Boot v3.1.1, Spring v6.0.10
2926 [Test worker] INFO  c.s.p.c.EmployeeControllerTest - No active profile set, falling back to 1 default profile: "default"
2985 [Test worker] INFO  c.s.p.c.EmployeeControllerTest - Starting EmployeeControllerTest using Java 17.0.7 with PID 9876 (started by ssama in C:\Users\ssama\Desktop\project\springproject)
2986 [Test worker] DEBUG c.s.p.c.EmployeeControllerTest - Running with Spring Boot v3.1.1, Spring v6.0.10
2986 [Test worker] INFO  c.s.p.c.EmployeeControllerTest - No active profile set, falling back to 1 default profile: "default"
3046 [Test worker] INFO  c.s.p.c.EmployeeControllerTest - Starting EmployeeControllerTest using Java 17.0.7 with PID 9876 (started by ssama in C:\Users\ssama\Desktop\project\springproject)
3046 [Test worker] DEBUG c.s.p.c.EmployeeControllerTest - Running with Spring Boot v3.1.1, Spring v6.0.10
3046 [Test worker] INFO  c.s.p.c.EmployeeControllerTest - No active profile set, falling back to 1 default profile: "default"
3123 [Test worker] INFO  c.s.p.c.EmployeeControllerTest - Starting EmployeeControllerTest using Java 17.0.7 with PID 9876 (started by ssama in C:\Users\ssama\Desktop\project\springproject)
3124 [Test worker] DEBUG c.s.p.c.EmployeeControllerTest - Running with Spring Boot v3.1.1, Spring v6.0.10
3124 [Test worker] INFO  c.s.p.c.EmployeeControllerTest - No active profile set, falling back to 1 default profile: "default"
3189 [Test worker] INFO  c.s.p.c.EmployeeControllerTest - Starting EmployeeControllerTest using Java 17.0.7 with PID 9876 (started by ssama in C:\Users\ssama\Desktop\project\springproject)
3190 [Test worker] DEBUG c.s.p.c.EmployeeControllerTest - Running with Spring Boot v3.1.1, Spring v6.0.10
3190 [Test worker] INFO  c.s.p.c.EmployeeControllerTest - No active profile set, falling back to 1 default profile: "default"
3253 [Test worker] INFO  c.s.p.c.EmployeeControllerTest - Starting EmployeeControllerTest using Java 17.0.7 with PID 9876 (started by ssama in C:\Users\ssama\Desktop\project\springproject)
3254 [Test worker] DEBUG c.s.p.c.EmployeeControllerTest - Running with Spring Boot v3.1.1, Spring v6.0.10
3254 [Test worker] INFO  c.s.p.c.EmployeeControllerTest - No active profile set, falling back to 1 default profile: "default"
3331 [Test worker] INFO  c.s.p.c.EmployeeControllerTest - Starting EmployeeControllerTest using Java 17.0.7 with PID 9876 (started by ssama in C:\Users\ssama\Desktop\project\springproject)
3332 [Test worker] DEBUG c.s.p.c.EmployeeControllerTest - Running with Spring Boot v3.1.1, Spring v6.0.10
3333 [Test worker] INFO  c.s.p.c.EmployeeControllerTest - No active profile set, falling back to 1 default profile: "default"
3423 [Test worker] INFO  c.s.p.c.EmployeeControllerTest - Starting EmployeeControllerTest using Java 17.0.7 with PID 9876 (started by ssama in C:\Users\ssama\Desktop\project\springproject)
3423 [Test worker] DEBUG c.s.p.c.EmployeeControllerTest - Running with Spring Boot v3.1.1, Spring v6.0.10
3424 [Test worker] INFO  c.s.p.c.EmployeeControllerTest - No active profile set, falling back to 1 default profile: "default"
3513 [Test worker] INFO  c.s.p.c.EmployeeControllerTest - Starting EmployeeControllerTest using Java 17.0.7 with PID 9876 (started by ssama in C:\Users\ssama\Desktop\project\springproject)
3513 [Test worker] DEBUG c.s.p.c.EmployeeControllerTest - Running with Spring Boot v3.1.1, Spring v6.0.10
3514 [Test worker] INFO  c.s.p.c.EmployeeControllerTest - No active profile set, falling back to 1 default profile: "default"
3584 [Test worker] INFO  c.s.p.c.EmployeeControllerTest - Starting EmployeeControllerTest using Java 17.0.7 with PID 9876 (started by ssama in C:\Users\ssama\Desktop\project\springproject)
3586 [Test worker] DEBUG c.s.p.c.EmployeeControllerTest - Running with Spring Boot v3.1.1, Spring v6.0.10
3587 [Test worker] INFO  c.s.p.c.EmployeeControllerTest - No active profile set, falling back to 1 default profile: "default"
3664 [Test worker] INFO  c.s.p.c.EmployeeControllerTest - Starting EmployeeControllerTest using Java 17.0.7 with PID 9876 (started by ssama in C:\Users\ssama\Desktop\project\springproject)
3665 [Test worker] DEBUG c.s.p.c.EmployeeControllerTest - Running with Spring Boot v3.1.1, Spring v6.0.10
3666 [Test worker] INFO  c.s.p.c.EmployeeControllerTest - No active profile set, falling back to 1 default profile: "default"
3751 [Test worker] INFO  c.s.p.c.EmployeeControllerTest - Starting EmployeeControllerTest using Java 17.0.7 with PID 9876 (started by ssama in C:\Users\ssama\Desktop\project\springproject)
3752 [Test worker] DEBUG c.s.p.c.EmployeeControllerTest - Running with Spring Boot v3.1.1, Spring v6.0.10
3752 [Test worker] INFO  c.s.p.c.EmployeeControllerTest - No active profile set, falling back to 1 default profile: "default"
3814 [Test worker] INFO  c.s.p.c.EmployeeControllerTest - Starting EmployeeControllerTest using Java 17.0.7 with PID 9876 (started by ssama in C:\Users\ssama\Desktop\project\springproject)
3814 [Test worker] DEBUG c.s.p.c.EmployeeControllerTest - Running with Spring Boot v3.1.1, Spring v6.0.10
3814 [Test worker] INFO  c.s.p.c.EmployeeControllerTest - No active profile set, falling back to 1 default profile: "default"
3875 [Test worker] INFO  c.s.p.c.EmployeeControllerTest - Starting EmployeeControllerTest using Java 17.0.7 with PID 9876 (started by ssama in C:\Users\ssama\Desktop\project\springproject)
3876 [Test worker] DEBUG c.s.p.c.EmployeeControllerTest - Running with Spring Boot v3.1.1, Spring v6.0.10
3876 [Test worker] INFO  c.s.p.c.EmployeeControllerTest - No active profile set, falling back to 1 default profile: "default"
3922 [Test worker] INFO  c.s.p.c.EmployeeControllerTest - Starting EmployeeControllerTest using Java 17.0.7 with PID 9876 (started by ssama in C:\Users\ssama\Desktop\project\springproject)
3923 [Test worker] DEBUG c.s.p.c.EmployeeControllerTest - Running with Spring Boot v3.1.1, Spring v6.0.10
3923 [Test worker] INFO  c.s.p.c.EmployeeControllerTest - No active profile set, falling back to 1 default profile: "default"
3975 [Test worker] INFO  c.s.p.c.EmployeeControllerTest - Starting EmployeeControllerTest using Java 17.0.7 with PID 9876 (started by ssama in C:\Users\ssama\Desktop\project\springproject)
3976 [Test worker] DEBUG c.s.p.c.EmployeeControllerTest - Running with Spring Boot v3.1.1, Spring v6.0.10
3976 [Test worker] INFO  c.s.p.c.EmployeeControllerTest - No active profile set, falling back to 1 default profile: "default"
4026 [Test worker] INFO  c.s.p.c.EmployeeControllerTest - Starting EmployeeControllerTest using Java 17.0.7 with PID 9876 (started by ssama in C:\Users\ssama\Desktop\project\springproject)
4027 [Test worker] DEBUG c.s.p.c.EmployeeControllerTest - Running with Spring Boot v3.1.1, Spring v6.0.10
4027 [Test worker] INFO  c.s.p.c.EmployeeControllerTest - No active profile set, falling back to 1 default profile: "default"
4087 [Test worker] INFO  c.s.p.c.EmployeeControllerTest - Starting EmployeeControllerTest using Java 17.0.7 with PID 9876 (started by ssama in C:\Users\ssama\Desktop\project\springproject)
4087 [Test worker] DEBUG c.s.p.c.EmployeeControllerTest - Running with Spring Boot v3.1.1, Spring v6.0.10
4087 [Test worker] INFO  c.s.p.c.EmployeeControllerTest - No active profile set, falling back to 1 default profile: "default"
4136 [Test worker] INFO  c.s.p.c.EmployeeControllerTest - Starting EmployeeControllerTest using Java 17.0.7 with PID 9876 (started by ssama in C:\Users\ssama\Desktop\project\springproject)
4137 [Test worker] DEBUG c.s.p.c.EmployeeControllerTest - Running with Spring Boot v3.1.1, Spring v6.0.10
4137 [Test worker] INFO  c.s.p.c.EmployeeControllerTest - No active profile set, falling back to 1 default profile: "default"
4191 [Test worker] INFO  c.s.p.c.EmployeeControllerTest - Starting EmployeeControllerTest using Java 17.0.7 with PID 9876 (started by ssama in C:\Users\ssama\Desktop\project\springproject)
4191 [Test worker] DEBUG c.s.p.c.EmployeeControllerTest - Running with Spring Boot v3.1.1, Spring v6.0.10
4192 [Test worker] INFO  c.s.p.c.EmployeeControllerTest - No active profile set, falling back to 1 default profile: "default"
4247 [Test worker] INFO  c.s.p.c.EmployeeControllerTest - Starting EmployeeControllerTest using Java 17.0.7 with PID 9876 (started by ssama in C:\Users\ssama\Desktop\project\springproject)
4248 [Test worker] DEBUG c.s.p.c.EmployeeControllerTest - Running with Spring Boot v3.1.1, Spring v6.0.10
4248 [Test worker] INFO  c.s.p.c.EmployeeControllerTest - No active profile set, falling back to 1 default profile: "default"
4370 [Test worker] INFO  c.s.p.service.CourseServiceTest - Starting CourseServiceTest using Java 17.0.7 with PID 9876 (started by ssama in C:\Users\ssama\Desktop\project\springproject)
4371 [Test worker] DEBUG c.s.p.service.CourseServiceTest - Running with Spring Boot v3.1.1, Spring v6.0.10
4371 [Test worker] INFO  c.s.p.service.CourseServiceTest - No active profile set, falling back to 1 default profile: "default"
6740 [Test worker] INFO  c.sujith.project.ProjectApplication - Starting ProjectApplication using Java 17.0.7 with PID 20508 (started by ssama in C:\Users\ssama\Desktop\project\springproject)
6740 [Test worker] DEBUG c.sujith.project.ProjectApplication - Running with Spring Boot v3.1.1, Spring v6.0.10
6741 [Test worker] INFO  c.sujith.project.ProjectApplication - No active profile set, falling back to 1 default profile: "default"
7825 [Test worker] INFO  c.sujith.project.ProjectApplication - Started ProjectApplication in 1.112 seconds (process running for 9.304)
7908 [Test worker] INFO  c.s.p.c.AddressControllerTest - Starting AddressControllerTest using Java 17.0.7 with PID 20508 (started by ssama in C:\Users\ssama\Desktop\project\springproject)
7908 [Test worker] DEBUG c.s.p.c.AddressControllerTest - Running with Spring Boot v3.1.1, Spring v6.0.10
7909 [Test worker] INFO  c.s.p.c.AddressControllerTest - No active profile set, falling back to 1 default profile: "default"
9416 [Test worker] INFO  c.s.p.c.AddressControllerTest - Started AddressControllerTest in 1.53 seconds (process running for 10.894)
9588 [Test worker] INFO  c.s.p.interceptor.ApiInterceptor - preHandle method is invoked /api/address GET 1.689767428828E12
9868 [Test worker] INFO  c.s.p.interceptor.ApiInterceptor - postHandle method is invoked /api/address GET 1.689767429107E12
9872 [Test worker] INFO  c.s.p.interceptor.ApiInterceptor - after completion is invoked Time took is 0.279 seconds.
9902 [Test worker] INFO  c.s.p.interceptor.ApiInterceptor - preHandle method is invoked /api/address GET 1.689767429142E12
9927 [Test worker] INFO  c.s.p.interceptor.ApiInterceptor - after completion is invoked Time took is -0.035 seconds.
10066 [Test worker] INFO  c.s.p.c.CourseControllerTest - Starting CourseControllerTest using Java 17.0.7 with PID 20508 (started by ssama in C:\Users\ssama\Desktop\project\springproject)
10067 [Test worker] DEBUG c.s.p.c.CourseControllerTest - Running with Spring Boot v3.1.1, Spring v6.0.10
10067 [Test worker] INFO  c.s.p.c.CourseControllerTest - No active profile set, falling back to 1 default profile: "default"
11053 [Test worker] INFO  c.s.p.c.CourseControllerTest - Started CourseControllerTest in 1.025 seconds (process running for 12.531)
11062 [Test worker] INFO  c.s.p.interceptor.ApiInterceptor - preHandle method is invoked /api/courses GET 1.689767430302E12
11066 [Test worker] INFO  c.s.p.interceptor.ApiInterceptor - postHandle method is invoked /api/courses GET 1.689767430306E12
11067 [Test worker] INFO  c.s.p.interceptor.ApiInterceptor - after completion is invoked Time took is 0.004 seconds.
11080 [Test worker] INFO  c.s.p.interceptor.ApiInterceptor - preHandle method is invoked /api/courses/insertMany POST 1.68976743032E12
11168 [Test worker] INFO  c.s.p.interceptor.ApiInterceptor - postHandle method is invoked /api/courses/insertMany POST 1.689767430408E12
11169 [Test worker] INFO  c.s.p.interceptor.ApiInterceptor - after completion is invoked Time took is 0.088 seconds.
11179 [Test worker] INFO  c.s.p.interceptor.ApiInterceptor - preHandle method is invoked /api/courses POST 1.689767430419E12
11188 [Test worker] INFO  c.s.p.interceptor.ApiInterceptor - after completion is invoked Time took is -0.011 seconds.
11199 [Test worker] INFO  c.s.p.interceptor.ApiInterceptor - preHandle method is invoked /api/courses POST 1.689767430439E12
11209 [Test worker] INFO  c.s.p.interceptor.ApiInterceptor - postHandle method is invoked /api/courses POST 1.689767430449E12
11210 [Test worker] INFO  c.s.p.interceptor.ApiInterceptor - after completion is invoked Time took is 0.01 seconds.
11219 [Test worker] INFO  c.s.p.interceptor.ApiInterceptor - preHandle method is invoked /api/courses GET 1.689767430459E12
11222 [Test worker] INFO  c.s.p.interceptor.ApiInterceptor - after completion is invoked Time took is -0.01 seconds.
11239 [Test worker] INFO  c.s.p.interceptor.ApiInterceptor - preHandle method is invoked /api/courses/insertMany POST 1.689767430479E12
11246 [Test worker] INFO  c.s.p.interceptor.ApiInterceptor - after completion is invoked Time took is -0.03 seconds.
11298 [Test worker] INFO  c.s.p.c.EmployeeControllerTest - Starting EmployeeControllerTest using Java 17.0.7 with PID 20508 (started by ssama in C:\Users\ssama\Desktop\project\springproject)
11298 [Test worker] DEBUG c.s.p.c.EmployeeControllerTest - Running with Spring Boot v3.1.1, Spring v6.0.10
11299 [Test worker] INFO  c.s.p.c.EmployeeControllerTest - No active profile set, falling back to 1 default profile: "default"
12153 [Test worker] INFO  c.s.p.c.EmployeeControllerTest - Started EmployeeControllerTest in 0.888 seconds (process running for 13.632)
12161 [Test worker] INFO  c.s.p.interceptor.ApiInterceptor - preHandle method is invoked /api/employee/15 GET 1.689767431401E12
12186 [Test worker] INFO  c.s.p.interceptor.ApiInterceptor - preHandle method is invoked /api/employee/department GET 1.689767431426E12
12204 [Test worker] INFO  c.s.p.interceptor.ApiInterceptor - postHandle method is invoked /api/employee/department GET 1.689767431443E12
12204 [Test worker] INFO  c.s.p.interceptor.ApiInterceptor - after completion is invoked Time took is 0.017 seconds.
12212 [Test worker] INFO  c.s.p.interceptor.ApiInterceptor - preHandle method is invoked /api/employee/maxSalary GET 1.689767431451E12
12214 [Test worker] INFO  c.s.p.interceptor.ApiInterceptor - postHandle method is invoked /api/employee/maxSalary GET 1.689767431454E12
12215 [Test worker] INFO  c.s.p.interceptor.ApiInterceptor - after completion is invoked Time took is 0.003 seconds.
12231 [Test worker] INFO  c.s.p.interceptor.ApiInterceptor - preHandle method is invoked /api/employee/updateSalaryById PUT 1.689767431471E12
12235 [Test worker] INFO  c.s.p.interceptor.ApiInterceptor - postHandle method is invoked /api/employee/updateSalaryById PUT 1.689767431475E12
12235 [Test worker] INFO  c.s.p.interceptor.ApiInterceptor - after completion is invoked Time took is 0.004 seconds.
12244 [Test worker] INFO  c.s.p.interceptor.ApiInterceptor - preHandle method is invoked /api/employee/findAll GET 1.689767431484E12
12247 [Test worker] INFO  c.s.p.interceptor.ApiInterceptor - postHandle method is invoked /api/employee/findAll GET 1.689767431487E12
12248 [Test worker] INFO  c.s.p.interceptor.ApiInterceptor - after completion is invoked Time took is 0.003 seconds.
12253 [Test worker] INFO  c.s.p.interceptor.ApiInterceptor - preHandle method is invoked /api/employee/course GET 1.689767431493E12
12255 [Test worker] INFO  c.s.p.interceptor.ApiInterceptor - postHandle method is invoked /api/employee/course GET 1.689767431495E12
12256 [Test worker] INFO  c.s.p.interceptor.ApiInterceptor - after completion is invoked Time took is 0.002 seconds.
12264 [Test worker] INFO  c.s.p.interceptor.ApiInterceptor - preHandle method is invoked /api/employee POST 1.689767431504E12
12269 [Test worker] INFO  c.s.p.interceptor.ApiInterceptor - postHandle method is invoked /api/employee POST 1.689767431509E12
12269 [Test worker] INFO  c.s.p.interceptor.ApiInterceptor - after completion is invoked Time took is 0.005 seconds.
12277 [Test worker] INFO  c.s.p.interceptor.ApiInterceptor - preHandle method is invoked /api/employee GET 1.689767431517E12
12282 [Test worker] INFO  c.s.p.interceptor.ApiInterceptor - after completion is invoked Time took is -0.008 seconds.
12288 [Test worker] INFO  c.s.p.interceptor.ApiInterceptor - preHandle method is invoked /api/employee PUT 1.689767431528E12
12290 [Test worker] INFO  c.s.p.interceptor.ApiInterceptor - after completion is invoked Time took is -0.019 seconds.
12296 [Test worker] INFO  c.s.p.interceptor.ApiInterceptor - preHandle method is invoked /api/employee GET 1.689767431536E12
12320 [Test worker] INFO  c.s.p.interceptor.ApiInterceptor - after completion is invoked Time took is -0.027 seconds.
12325 [Test worker] INFO  c.s.p.interceptor.ApiInterceptor - preHandle method is invoked /api/employee/1 DELETE 1.689767431565E12
12328 [Test worker] INFO  c.s.p.interceptor.ApiInterceptor - postHandle method is invoked /api/employee/1 DELETE 1.689767431568E12
12329 [Test worker] INFO  c.s.p.interceptor.ApiInterceptor - after completion is invoked Time took is 0.003 seconds.
12336 [Test worker] INFO  c.s.p.interceptor.ApiInterceptor - preHandle method is invoked /api/employee/department/maxSalary GET 1.689767431576E12
12338 [Test worker] INFO  c.s.p.interceptor.ApiInterceptor - after completion is invoked Time took is -0.008 seconds.
12344 [Test worker] INFO  c.s.p.interceptor.ApiInterceptor - preHandle method is invoked /api/employee/maxSalary GET 1.689767431584E12
12346 [Test worker] INFO  c.s.p.interceptor.ApiInterceptor - after completion is invoked Time took is -0.016 seconds.
12351 [Test worker] INFO  c.s.p.interceptor.ApiInterceptor - preHandle method is invoked /api/employee PUT 1.689767431591E12
12353 [Test worker] INFO  c.s.p.interceptor.ApiInterceptor - postHandle method is invoked /api/employee PUT 1.689767431593E12
12353 [Test worker] INFO  c.s.p.interceptor.ApiInterceptor - after completion is invoked Time took is 0.002 seconds.
12358 [Test worker] INFO  c.s.p.interceptor.ApiInterceptor - preHandle method is invoked /api/employee/insertAll POST 1.689767431598E12
12365 [Test worker] INFO  c.s.p.interceptor.ApiInterceptor - postHandle method is invoked /api/employee/insertAll POST 1.689767431605E12
12366 [Test worker] INFO  c.s.p.interceptor.ApiInterceptor - after completion is invoked Time took is 0.007 seconds.
12373 [Test worker] INFO  c.s.p.interceptor.ApiInterceptor - preHandle method is invoked /api/employee/1 DELETE 1.689767431613E12
12375 [Test worker] INFO  c.s.p.interceptor.ApiInterceptor - after completion is invoked Time took is -0.008 seconds.
12380 [Test worker] INFO  c.s.p.interceptor.ApiInterceptor - preHandle method is invoked /api/employee/1 GET 1.68976743162E12
12385 [Test worker] INFO  c.s.p.interceptor.ApiInterceptor - postHandle method is invoked /api/employee/1 GET 1.689767431623E12
12385 [Test worker] INFO  c.s.p.interceptor.ApiInterceptor - after completion is invoked Time took is 0.003 seconds.
12390 [Test worker] INFO  c.s.p.interceptor.ApiInterceptor - preHandle method is invoked /api/employee/department GET 1.68976743163E12
12393 [Test worker] INFO  c.s.p.interceptor.ApiInterceptor - after completion is invoked Time took is -0.007 seconds.
12402 [Test worker] INFO  c.s.p.interceptor.ApiInterceptor - preHandle method is invoked /api/employee/0 GET 1.689767431642E12
12406 [Test worker] INFO  c.s.p.interceptor.ApiInterceptor - after completion is invoked Time took is -0.019 seconds.
12409 [Test worker] INFO  c.s.p.interceptor.ApiInterceptor - preHandle method is invoked /api/employee/findAll GET 1.689767431649E12
12411 [Test worker] INFO  c.s.p.interceptor.ApiInterceptor - after completion is invoked Time took is -0.026 seconds.
12417 [Test worker] INFO  c.s.p.interceptor.ApiInterceptor - preHandle method is invoked /api/employee/course GET 1.689767431657E12
12419 [Test worker] INFO  c.s.p.interceptor.ApiInterceptor - after completion is invoked Time took is -0.034 seconds.
12425 [Test worker] INFO  c.s.p.interceptor.ApiInterceptor - preHandle method is invoked /api/employee/updateSalaryById PUT 1.689767431665E12
12427 [Test worker] INFO  c.s.p.interceptor.ApiInterceptor - after completion is invoked Time took is -0.042 seconds.
12434 [Test worker] INFO  c.s.p.interceptor.ApiInterceptor - preHandle method is invoked /api/employee/department/maxSalary GET 1.689767431674E12
12435 [Test worker] INFO  c.s.p.interceptor.ApiInterceptor - postHandle method is invoked /api/employee/department/maxSalary GET 1.689767431675E12
12436 [Test worker] INFO  c.s.p.interceptor.ApiInterceptor - after completion is invoked Time took is 0.001 seconds.
12440 [Test worker] INFO  c.s.p.interceptor.ApiInterceptor - preHandle method is invoked /api/employee GET 1.689767431679E12
12441 [Test worker] INFO  c.s.p.interceptor.ApiInterceptor - postHandle method is invoked /api/employee GET 1.689767431681E12
12441 [Test worker] INFO  c.s.p.interceptor.ApiInterceptor - after completion is invoked Time took is 0.002 seconds.
12483 [Test worker] INFO  c.s.p.service.AddressServiceTest - Starting AddressServiceTest using Java 17.0.7 with PID 20508 (started by ssama in C:\Users\ssama\Desktop\project\springproject)
12484 [Test worker] DEBUG c.s.p.service.AddressServiceTest - Running with Spring Boot v3.1.1, Spring v6.0.10
12484 [Test worker] INFO  c.s.p.service.AddressServiceTest - No active profile set, falling back to 1 default profile: "default"
13221 [Test worker] INFO  c.s.p.service.AddressServiceTest - Started AddressServiceTest in 0.758 seconds (process running for 14.7)
13283 [Test worker] INFO  c.s.p.service.CourseServiceTest - Starting CourseServiceTest using Java 17.0.7 with PID 20508 (started by ssama in C:\Users\ssama\Desktop\project\springproject)
13284 [Test worker] DEBUG c.s.p.service.CourseServiceTest - Running with Spring Boot v3.1.1, Spring v6.0.10
13284 [Test worker] INFO  c.s.p.service.CourseServiceTest - No active profile set, falling back to 1 default profile: "default"
13942 [Test worker] INFO  c.s.p.service.CourseServiceTest - Started CourseServiceTest in 0.676 seconds (process running for 15.42)
14018 [Test worker] INFO  c.s.p.service.EmployeeServiceTest - Starting EmployeeServiceTest using Java 17.0.7 with PID 20508 (started by ssama in C:\Users\ssama\Desktop\project\springproject)
14019 [Test worker] DEBUG c.s.p.service.EmployeeServiceTest - Running with Spring Boot v3.1.1, Spring v6.0.10
14019 [Test worker] INFO  c.s.p.service.EmployeeServiceTest - No active profile set, falling back to 1 default profile: "default"
14652 [Test worker] INFO  c.s.p.service.EmployeeServiceTest - Started EmployeeServiceTest in 0.659 seconds (process running for 16.131)
14696 [Test worker] INFO  c.s.p.service.EmployeeServiceImpl - Course already exists !
14696 [Test worker] INFO  c.s.p.service.EmployeeServiceImpl - Course already exists !
14729 [Test worker] INFO  c.s.p.service.EmployeeServiceImpl - Course already exists !
14730 [Test worker] INFO  c.s.p.service.EmployeeServiceImpl - Course already exists !
14748 [Test worker] ERROR c.s.p.service.EmployeeServiceImpl - Employee with id : 0  does not exist ! 
1901 [Test worker] INFO  c.s.p.service.CourseServiceTest - Starting CourseServiceTest using Java 17.0.7 with PID 31376 (started by ssama in C:\Users\ssama\Desktop\project\springproject)
1902 [Test worker] DEBUG c.s.p.service.CourseServiceTest - Running with Spring Boot v3.1.1, Spring v6.0.10
1903 [Test worker] INFO  c.s.p.service.CourseServiceTest - No active profile set, falling back to 1 default profile: "default"
9517 [Test worker] INFO  c.s.p.service.CourseServiceTest - Started CourseServiceTest in 8.178 seconds (process running for 11.495)
10485 [Test worker] INFO  c.sujith.project.ProjectApplication - Starting ProjectApplication using Java 17.0.7 with PID 31376 (started by ssama in C:\Users\ssama\Desktop\project\springproject)
10485 [Test worker] DEBUG c.sujith.project.ProjectApplication - Running with Spring Boot v3.1.1, Spring v6.0.10
10486 [Test worker] INFO  c.sujith.project.ProjectApplication - No active profile set, falling back to 1 default profile: "default"
11550 [Test worker] INFO  c.sujith.project.ProjectApplication - Started ProjectApplication in 1.092 seconds (process running for 13.529)
11596 [Test worker] INFO  c.s.p.c.AddressControllerTest - Starting AddressControllerTest using Java 17.0.7 with PID 31376 (started by ssama in C:\Users\ssama\Desktop\project\springproject)
11596 [Test worker] DEBUG c.s.p.c.AddressControllerTest - Running with Spring Boot v3.1.1, Spring v6.0.10
11596 [Test worker] INFO  c.s.p.c.AddressControllerTest - No active profile set, falling back to 1 default profile: "default"
12520 [Test worker] INFO  c.s.p.c.AddressControllerTest - Started AddressControllerTest in 0.944 seconds (process running for 14.499)
12628 [Test worker] INFO  c.s.p.interceptor.ApiInterceptor - preHandle method is invoked /api/address GET 1.689767499666E12
12783 [Test worker] INFO  c.s.p.interceptor.ApiInterceptor - postHandle method is invoked /api/address GET 1.689767499821E12
12783 [Test worker] INFO  c.s.p.interceptor.ApiInterceptor - after completion is invoked Time took is 0.155 seconds.
12807 [Test worker] INFO  c.s.p.interceptor.ApiInterceptor - preHandle method is invoked /api/address GET 1.689767499845E12
12827 [Test worker] INFO  c.s.p.interceptor.ApiInterceptor - after completion is invoked Time took is -0.024 seconds.
12971 [Test worker] INFO  c.s.p.c.CourseControllerTest - Starting CourseControllerTest using Java 17.0.7 with PID 31376 (started by ssama in C:\Users\ssama\Desktop\project\springproject)
12971 [Test worker] DEBUG c.s.p.c.CourseControllerTest - Running with Spring Boot v3.1.1, Spring v6.0.10
12971 [Test worker] INFO  c.s.p.c.CourseControllerTest - No active profile set, falling back to 1 default profile: "default"
13797 [Test worker] INFO  c.s.p.c.CourseControllerTest - Started CourseControllerTest in 0.853 seconds (process running for 15.776)
13803 [Test worker] INFO  c.s.p.interceptor.ApiInterceptor - preHandle method is invoked /api/courses GET 1.689767500841E12
13807 [Test worker] INFO  c.s.p.interceptor.ApiInterceptor - postHandle method is invoked /api/courses GET 1.689767500845E12
13807 [Test worker] INFO  c.s.p.interceptor.ApiInterceptor - after completion is invoked Time took is 0.004 seconds.
13815 [Test worker] INFO  c.s.p.interceptor.ApiInterceptor - preHandle method is invoked /api/courses/insertMany POST 1.689767500853E12
13943 [Test worker] INFO  c.s.p.interceptor.ApiInterceptor - postHandle method is invoked /api/courses/insertMany POST 1.689767500981E12
13943 [Test worker] INFO  c.s.p.interceptor.ApiInterceptor - after completion is invoked Time took is 0.128 seconds.
13949 [Test worker] INFO  c.s.p.interceptor.ApiInterceptor - preHandle method is invoked /api/courses POST 1.689767500987E12
13955 [Test worker] INFO  c.s.p.interceptor.ApiInterceptor - after completion is invoked Time took is -0.006 seconds.
13962 [Test worker] INFO  c.s.p.interceptor.ApiInterceptor - preHandle method is invoked /api/courses POST 1.689767501E12
13968 [Test worker] INFO  c.s.p.interceptor.ApiInterceptor - postHandle method is invoked /api/courses POST 1.689767501006E12
13968 [Test worker] INFO  c.s.p.interceptor.ApiInterceptor - after completion is invoked Time took is 0.006 seconds.
13973 [Test worker] INFO  c.s.p.interceptor.ApiInterceptor - preHandle method is invoked /api/courses GET 1.689767501011E12
13975 [Test worker] INFO  c.s.p.interceptor.ApiInterceptor - after completion is invoked Time took is -0.005 seconds.
13983 [Test worker] INFO  c.s.p.interceptor.ApiInterceptor - preHandle method is invoked /api/courses/insertMany POST 1.689767501021E12
13986 [Test worker] INFO  c.s.p.interceptor.ApiInterceptor - after completion is invoked Time took is -0.015 seconds.
14027 [Test worker] INFO  c.s.p.c.EmployeeControllerTest - Starting EmployeeControllerTest using Java 17.0.7 with PID 31376 (started by ssama in C:\Users\ssama\Desktop\project\springproject)
14027 [Test worker] DEBUG c.s.p.c.EmployeeControllerTest - Running with Spring Boot v3.1.1, Spring v6.0.10
14028 [Test worker] INFO  c.s.p.c.EmployeeControllerTest - No active profile set, falling back to 1 default profile: "default"
14775 [Test worker] INFO  c.s.p.c.EmployeeControllerTest - Started EmployeeControllerTest in 0.776 seconds (process running for 16.753)
14782 [Test worker] INFO  c.s.p.interceptor.ApiInterceptor - preHandle method is invoked /api/employee/15 GET 1.68976750182E12
14802 [Test worker] INFO  c.s.p.interceptor.ApiInterceptor - preHandle method is invoked /api/employee/department GET 1.68976750184E12
14818 [Test worker] INFO  c.s.p.interceptor.ApiInterceptor - postHandle method is invoked /api/employee/department GET 1.689767501856E12
14819 [Test worker] INFO  c.s.p.interceptor.ApiInterceptor - after completion is invoked Time took is 0.016 seconds.
14826 [Test worker] INFO  c.s.p.interceptor.ApiInterceptor - preHandle method is invoked /api/employee/maxSalary GET 1.689767501864E12
14828 [Test worker] INFO  c.s.p.interceptor.ApiInterceptor - postHandle method is invoked /api/employee/maxSalary GET 1.689767501866E12
14828 [Test worker] INFO  c.s.p.interceptor.ApiInterceptor - after completion is invoked Time took is 0.002 seconds.
14851 [Test worker] INFO  c.s.p.interceptor.ApiInterceptor - preHandle method is invoked /api/employee/updateSalaryById PUT 1.689767501889E12
14854 [Test worker] INFO  c.s.p.interceptor.ApiInterceptor - postHandle method is invoked /api/employee/updateSalaryById PUT 1.689767501892E12
14854 [Test worker] INFO  c.s.p.interceptor.ApiInterceptor - after completion is invoked Time took is 0.003 seconds.
14860 [Test worker] INFO  c.s.p.interceptor.ApiInterceptor - preHandle method is invoked /api/employee/findAll GET 1.689767501898E12
14861 [Test worker] INFO  c.s.p.interceptor.ApiInterceptor - postHandle method is invoked /api/employee/findAll GET 1.689767501899E12
14862 [Test worker] INFO  c.s.p.interceptor.ApiInterceptor - after completion is invoked Time took is 0.001 seconds.
14868 [Test worker] INFO  c.s.p.interceptor.ApiInterceptor - preHandle method is invoked /api/employee/course GET 1.689767501906E12
14869 [Test worker] INFO  c.s.p.interceptor.ApiInterceptor - postHandle method is invoked /api/employee/course GET 1.689767501907E12
14870 [Test worker] INFO  c.s.p.interceptor.ApiInterceptor - after completion is invoked Time took is 0.001 seconds.
14878 [Test worker] INFO  c.s.p.interceptor.ApiInterceptor - preHandle method is invoked /api/employee POST 1.689767501916E12
14884 [Test worker] INFO  c.s.p.interceptor.ApiInterceptor - postHandle method is invoked /api/employee POST 1.689767501922E12
14885 [Test worker] INFO  c.s.p.interceptor.ApiInterceptor - after completion is invoked Time took is 0.006 seconds.
14891 [Test worker] INFO  c.s.p.interceptor.ApiInterceptor - preHandle method is invoked /api/employee GET 1.689767501929E12
14893 [Test worker] INFO  c.s.p.interceptor.ApiInterceptor - after completion is invoked Time took is -0.007 seconds.
14897 [Test worker] INFO  c.s.p.interceptor.ApiInterceptor - preHandle method is invoked /api/employee PUT 1.689767501935E12
14899 [Test worker] INFO  c.s.p.interceptor.ApiInterceptor - after completion is invoked Time took is -0.013 seconds.
14903 [Test worker] INFO  c.s.p.interceptor.ApiInterceptor - preHandle method is invoked /api/employee GET 1.689767501941E12
14929 [Test worker] INFO  c.s.p.interceptor.ApiInterceptor - after completion is invoked Time took is -0.019 seconds.
14935 [Test worker] INFO  c.s.p.interceptor.ApiInterceptor - preHandle method is invoked /api/employee/1 DELETE 1.689767501973E12
14937 [Test worker] INFO  c.s.p.interceptor.ApiInterceptor - postHandle method is invoked /api/employee/1 DELETE 1.689767501975E12
14937 [Test worker] INFO  c.s.p.interceptor.ApiInterceptor - after completion is invoked Time took is 0.002 seconds.
14942 [Test worker] INFO  c.s.p.interceptor.ApiInterceptor - preHandle method is invoked /api/employee/department/maxSalary GET 1.68976750198E12
14944 [Test worker] INFO  c.s.p.interceptor.ApiInterceptor - after completion is invoked Time took is -0.005 seconds.
14948 [Test worker] INFO  c.s.p.interceptor.ApiInterceptor - preHandle method is invoked /api/employee/maxSalary GET 1.689767501986E12
14950 [Test worker] INFO  c.s.p.interceptor.ApiInterceptor - after completion is invoked Time took is -0.011 seconds.
14955 [Test worker] INFO  c.s.p.interceptor.ApiInterceptor - preHandle method is invoked /api/employee PUT 1.689767501993E12
14956 [Test worker] INFO  c.s.p.interceptor.ApiInterceptor - postHandle method is invoked /api/employee PUT 1.689767501994E12
14956 [Test worker] INFO  c.s.p.interceptor.ApiInterceptor - after completion is invoked Time took is 0.001 seconds.
14962 [Test worker] INFO  c.s.p.interceptor.ApiInterceptor - preHandle method is invoked /api/employee/insertAll POST 1.689767502E12
14967 [Test worker] INFO  c.s.p.interceptor.ApiInterceptor - postHandle method is invoked /api/employee/insertAll POST 1.689767502005E12
14967 [Test worker] INFO  c.s.p.interceptor.ApiInterceptor - after completion is invoked Time took is 0.005 seconds.
14972 [Test worker] INFO  c.s.p.interceptor.ApiInterceptor - preHandle method is invoked /api/employee/1 DELETE 1.68976750201E12
14975 [Test worker] INFO  c.s.p.interceptor.ApiInterceptor - after completion is invoked Time took is -0.005 seconds.
14981 [Test worker] INFO  c.s.p.interceptor.ApiInterceptor - preHandle method is invoked /api/employee/1 GET 1.689767502019E12
14985 [Test worker] INFO  c.s.p.interceptor.ApiInterceptor - postHandle method is invoked /api/employee/1 GET 1.689767502023E12
14985 [Test worker] INFO  c.s.p.interceptor.ApiInterceptor - after completion is invoked Time took is 0.004 seconds.
14993 [Test worker] INFO  c.s.p.interceptor.ApiInterceptor - preHandle method is invoked /api/employee/department GET 1.689767502031E12
14999 [Test worker] INFO  c.s.p.interceptor.ApiInterceptor - after completion is invoked Time took is -0.008 seconds.
15004 [Test worker] INFO  c.s.p.interceptor.ApiInterceptor - preHandle method is invoked /api/employee/0 GET 1.689767502042E12
15006 [Test worker] INFO  c.s.p.interceptor.ApiInterceptor - after completion is invoked Time took is -0.019 seconds.
15010 [Test worker] INFO  c.s.p.interceptor.ApiInterceptor - preHandle method is invoked /api/employee/findAll GET 1.689767502048E12
15012 [Test worker] INFO  c.s.p.interceptor.ApiInterceptor - after completion is invoked Time took is -0.025 seconds.
15018 [Test worker] INFO  c.s.p.interceptor.ApiInterceptor - preHandle method is invoked /api/employee/course GET 1.689767502056E12
15019 [Test worker] INFO  c.s.p.interceptor.ApiInterceptor - after completion is invoked Time took is -0.033 seconds.
15024 [Test worker] INFO  c.s.p.interceptor.ApiInterceptor - preHandle method is invoked /api/employee/updateSalaryById PUT 1.689767502062E12
15026 [Test worker] INFO  c.s.p.interceptor.ApiInterceptor - after completion is invoked Time took is -0.039 seconds.
15032 [Test worker] INFO  c.s.p.interceptor.ApiInterceptor - preHandle method is invoked /api/employee/department/maxSalary GET 1.68976750207E12
15034 [Test worker] INFO  c.s.p.interceptor.ApiInterceptor - postHandle method is invoked /api/employee/department/maxSalary GET 1.689767502072E12
15034 [Test worker] INFO  c.s.p.interceptor.ApiInterceptor - after completion is invoked Time took is 0.002 seconds.
15038 [Test worker] INFO  c.s.p.interceptor.ApiInterceptor - preHandle method is invoked /api/employee GET 1.689767502076E12
15040 [Test worker] INFO  c.s.p.interceptor.ApiInterceptor - postHandle method is invoked /api/employee GET 1.689767502078E12
15040 [Test worker] INFO  c.s.p.interceptor.ApiInterceptor - after completion is invoked Time took is 0.002 seconds.
15069 [Test worker] INFO  c.s.p.service.AddressServiceTest - Starting AddressServiceTest using Java 17.0.7 with PID 31376 (started by ssama in C:\Users\ssama\Desktop\project\springproject)
15070 [Test worker] DEBUG c.s.p.service.AddressServiceTest - Running with Spring Boot v3.1.1, Spring v6.0.10
15070 [Test worker] INFO  c.s.p.service.AddressServiceTest - No active profile set, falling back to 1 default profile: "default"
15810 [Test worker] INFO  c.s.p.service.AddressServiceTest - Started AddressServiceTest in 0.761 seconds (process running for 17.79)
15862 [Test worker] INFO  c.s.p.service.EmployeeServiceTest - Starting EmployeeServiceTest using Java 17.0.7 with PID 31376 (started by ssama in C:\Users\ssama\Desktop\project\springproject)
15863 [Test worker] DEBUG c.s.p.service.EmployeeServiceTest - Running with Spring Boot v3.1.1, Spring v6.0.10
15863 [Test worker] INFO  c.s.p.service.EmployeeServiceTest - No active profile set, falling back to 1 default profile: "default"
16622 [Test worker] INFO  c.s.p.service.EmployeeServiceTest - Started EmployeeServiceTest in 0.781 seconds (process running for 18.6)
16673 [Test worker] INFO  c.s.p.service.EmployeeServiceImpl - Course already exists !
16674 [Test worker] INFO  c.s.p.service.EmployeeServiceImpl - Course already exists !
16705 [Test worker] INFO  c.s.p.service.EmployeeServiceImpl - Course already exists !
16705 [Test worker] INFO  c.s.p.service.EmployeeServiceImpl - Course already exists !
16730 [Test worker] ERROR c.s.p.service.EmployeeServiceImpl - Employee with id : 0  does not exist ! 
2607 [Test worker] INFO  c.s.p.c.CourseControllerTest - Starting CourseControllerTest using Java 17.0.7 with PID 25776 (started by ssama in C:\Users\ssama\Desktop\project\springproject)
2609 [Test worker] DEBUG c.s.p.c.CourseControllerTest - Running with Spring Boot v3.1.1, Spring v6.0.10
2610 [Test worker] INFO  c.s.p.c.CourseControllerTest - No active profile set, falling back to 1 default profile: "default"
12739 [Test worker] INFO  c.s.p.c.CourseControllerTest - Started CourseControllerTest in 10.856 seconds (process running for 14.434)
12875 [Test worker] INFO  c.s.p.interceptor.ApiInterceptor - preHandle method is invoked /api/courses GET 1.689767563262E12
13084 [Test worker] INFO  c.s.p.interceptor.ApiInterceptor - postHandle method is invoked /api/courses GET 1.689767563472E12
13089 [Test worker] INFO  c.s.p.interceptor.ApiInterceptor - after completion is invoked Time took is 0.21 seconds.
13125 [Test worker] INFO  c.s.p.interceptor.ApiInterceptor - preHandle method is invoked /api/courses/insertMany POST 1.689767563513E12
13197 [Test worker] INFO  c.s.p.interceptor.ApiInterceptor - postHandle method is invoked /api/courses/insertMany POST 1.689767563585E12
13198 [Test worker] INFO  c.s.p.interceptor.ApiInterceptor - after completion is invoked Time took is 0.072 seconds.
13208 [Test worker] INFO  c.s.p.interceptor.ApiInterceptor - preHandle method is invoked /api/courses POST 1.689767563596E12
13228 [Test worker] INFO  c.s.p.interceptor.ApiInterceptor - after completion is invoked Time took is -0.011 seconds.
13237 [Test worker] INFO  c.s.p.interceptor.ApiInterceptor - preHandle method is invoked /api/courses POST 1.689767563625E12
13242 [Test worker] INFO  c.s.p.interceptor.ApiInterceptor - postHandle method is invoked /api/courses POST 1.68976756363E12
13243 [Test worker] INFO  c.s.p.interceptor.ApiInterceptor - after completion is invoked Time took is 0.005 seconds.
13249 [Test worker] INFO  c.s.p.interceptor.ApiInterceptor - preHandle method is invoked /api/courses GET 1.689767563637E12
13251 [Test worker] INFO  c.s.p.interceptor.ApiInterceptor - after completion is invoked Time took is -0.007 seconds.
13358 [Test worker] INFO  c.s.p.interceptor.ApiInterceptor - preHandle method is invoked /api/courses/insertMany POST 1.689767563746E12
13362 [Test worker] INFO  c.s.p.interceptor.ApiInterceptor - after completion is invoked Time took is -0.116 seconds.
1228 [Test worker] INFO  c.s.p.service.CourseServiceTest - Starting CourseServiceTest using Java 17.0.7 with PID 23232 (started by ssama in C:\Users\ssama\Desktop\project\springproject)
1230 [Test worker] DEBUG c.s.p.service.CourseServiceTest - Running with Spring Boot v3.1.1, Spring v6.0.10
1231 [Test worker] INFO  c.s.p.service.CourseServiceTest - No active profile set, falling back to 1 default profile: "default"
8034 [Test worker] INFO  c.s.p.service.CourseServiceTest - Started CourseServiceTest in 7.199 seconds (process running for 9.153)
8164 [Test worker] ERROR c.s.p.service.CourseServiceImpl - Invalid coursename
2707 [Test worker] INFO  c.s.p.service.CourseServiceTest - Starting CourseServiceTest using Java 17.0.7 with PID 18268 (started by ssama in C:\Users\ssama\Desktop\project\springproject)
2708 [Test worker] DEBUG c.s.p.service.CourseServiceTest - Running with Spring Boot v3.1.1, Spring v6.0.10
2709 [Test worker] INFO  c.s.p.service.CourseServiceTest - No active profile set, falling back to 1 default profile: "default"
10803 [Test worker] INFO  c.s.p.service.CourseServiceTest - Started CourseServiceTest in 8.902 seconds (process running for 12.644)
10968 [Test worker] ERROR c.s.p.service.CourseServiceImpl - Invalid coursename
11780 [Test worker] INFO  c.sujith.project.ProjectApplication - Starting ProjectApplication using Java 17.0.7 with PID 18268 (started by ssama in C:\Users\ssama\Desktop\project\springproject)
11781 [Test worker] DEBUG c.sujith.project.ProjectApplication - Running with Spring Boot v3.1.1, Spring v6.0.10
11781 [Test worker] INFO  c.sujith.project.ProjectApplication - No active profile set, falling back to 1 default profile: "default"
12910 [Test worker] INFO  c.sujith.project.ProjectApplication - Started ProjectApplication in 1.162 seconds (process running for 14.751)
12969 [Test worker] INFO  c.s.p.c.AddressControllerTest - Starting AddressControllerTest using Java 17.0.7 with PID 18268 (started by ssama in C:\Users\ssama\Desktop\project\springproject)
12969 [Test worker] DEBUG c.s.p.c.AddressControllerTest - Running with Spring Boot v3.1.1, Spring v6.0.10
12969 [Test worker] INFO  c.s.p.c.AddressControllerTest - No active profile set, falling back to 1 default profile: "default"
13945 [Test worker] INFO  c.s.p.c.AddressControllerTest - Started AddressControllerTest in 1.004 seconds (process running for 15.787)
14044 [Test worker] INFO  c.s.p.interceptor.ApiInterceptor - preHandle method is invoked /api/address GET 1.689767718641E12
14209 [Test worker] INFO  c.s.p.interceptor.ApiInterceptor - postHandle method is invoked /api/address GET 1.689767718806E12
14210 [Test worker] INFO  c.s.p.interceptor.ApiInterceptor - after completion is invoked Time took is 0.165 seconds.
14235 [Test worker] INFO  c.s.p.interceptor.ApiInterceptor - preHandle method is invoked /api/address GET 1.689767718832E12
14258 [Test worker] INFO  c.s.p.interceptor.ApiInterceptor - after completion is invoked Time took is -0.026 seconds.
14400 [Test worker] INFO  c.s.p.c.CourseControllerTest - Starting CourseControllerTest using Java 17.0.7 with PID 18268 (started by ssama in C:\Users\ssama\Desktop\project\springproject)
14400 [Test worker] DEBUG c.s.p.c.CourseControllerTest - Running with Spring Boot v3.1.1, Spring v6.0.10
14400 [Test worker] INFO  c.s.p.c.CourseControllerTest - No active profile set, falling back to 1 default profile: "default"
15222 [Test worker] INFO  c.s.p.c.CourseControllerTest - Started CourseControllerTest in 0.848 seconds (process running for 17.063)
15230 [Test worker] INFO  c.s.p.interceptor.ApiInterceptor - preHandle method is invoked /api/courses GET 1.689767719827E12
15234 [Test worker] INFO  c.s.p.interceptor.ApiInterceptor - postHandle method is invoked /api/courses GET 1.689767719831E12
15235 [Test worker] INFO  c.s.p.interceptor.ApiInterceptor - after completion is invoked Time took is 0.004 seconds.
15243 [Test worker] INFO  c.s.p.interceptor.ApiInterceptor - preHandle method is invoked /api/courses/insertMany POST 1.68976771984E12
15353 [Test worker] INFO  c.s.p.interceptor.ApiInterceptor - postHandle method is invoked /api/courses/insertMany POST 1.68976771995E12
15353 [Test worker] INFO  c.s.p.interceptor.ApiInterceptor - after completion is invoked Time took is 0.11 seconds.
15358 [Test worker] INFO  c.s.p.interceptor.ApiInterceptor - preHandle method is invoked /api/courses POST 1.689767719955E12
15365 [Test worker] INFO  c.s.p.interceptor.ApiInterceptor - after completion is invoked Time took is -0.005 seconds.
15370 [Test worker] INFO  c.s.p.interceptor.ApiInterceptor - preHandle method is invoked /api/courses POST 1.689767719967E12
15376 [Test worker] INFO  c.s.p.interceptor.ApiInterceptor - postHandle method is invoked /api/courses POST 1.689767719973E12
15376 [Test worker] INFO  c.s.p.interceptor.ApiInterceptor - after completion is invoked Time took is 0.006 seconds.
15382 [Test worker] INFO  c.s.p.interceptor.ApiInterceptor - preHandle method is invoked /api/courses GET 1.689767719979E12
15384 [Test worker] INFO  c.s.p.interceptor.ApiInterceptor - after completion is invoked Time took is -0.006 seconds.
15389 [Test worker] INFO  c.s.p.interceptor.ApiInterceptor - preHandle method is invoked /api/courses/insertMany POST 1.689767719986E12
15393 [Test worker] INFO  c.s.p.interceptor.ApiInterceptor - after completion is invoked Time took is -0.013 seconds.
15427 [Test worker] INFO  c.s.p.c.EmployeeControllerTest - Starting EmployeeControllerTest using Java 17.0.7 with PID 18268 (started by ssama in C:\Users\ssama\Desktop\project\springproject)
15428 [Test worker] DEBUG c.s.p.c.EmployeeControllerTest - Running with Spring Boot v3.1.1, Spring v6.0.10
15428 [Test worker] INFO  c.s.p.c.EmployeeControllerTest - No active profile set, falling back to 1 default profile: "default"
16164 [Test worker] INFO  c.s.p.c.EmployeeControllerTest - Started EmployeeControllerTest in 0.758 seconds (process running for 18.006)
16171 [Test worker] INFO  c.s.p.interceptor.ApiInterceptor - preHandle method is invoked /api/employee/15 GET 1.689767720768E12
16188 [Test worker] INFO  c.s.p.interceptor.ApiInterceptor - preHandle method is invoked /api/employee/department GET 1.689767720785E12
16201 [Test worker] INFO  c.s.p.interceptor.ApiInterceptor - postHandle method is invoked /api/employee/department GET 1.689767720798E12
16202 [Test worker] INFO  c.s.p.interceptor.ApiInterceptor - after completion is invoked Time took is 0.013 seconds.
16207 [Test worker] INFO  c.s.p.interceptor.ApiInterceptor - preHandle method is invoked /api/employee/maxSalary GET 1.689767720804E12
16209 [Test worker] INFO  c.s.p.interceptor.ApiInterceptor - postHandle method is invoked /api/employee/maxSalary GET 1.689767720806E12
16209 [Test worker] INFO  c.s.p.interceptor.ApiInterceptor - after completion is invoked Time took is 0.002 seconds.
16234 [Test worker] INFO  c.s.p.interceptor.ApiInterceptor - preHandle method is invoked /api/employee/updateSalaryById PUT 1.689767720831E12
16238 [Test worker] INFO  c.s.p.interceptor.ApiInterceptor - postHandle method is invoked /api/employee/updateSalaryById PUT 1.689767720835E12
16238 [Test worker] INFO  c.s.p.interceptor.ApiInterceptor - after completion is invoked Time took is 0.004 seconds.
16243 [Test worker] INFO  c.s.p.interceptor.ApiInterceptor - preHandle method is invoked /api/employee/findAll GET 1.68976772084E12
16245 [Test worker] INFO  c.s.p.interceptor.ApiInterceptor - postHandle method is invoked /api/employee/findAll GET 1.689767720842E12
16245 [Test worker] INFO  c.s.p.interceptor.ApiInterceptor - after completion is invoked Time took is 0.002 seconds.
16249 [Test worker] INFO  c.s.p.interceptor.ApiInterceptor - preHandle method is invoked /api/employee/course GET 1.689767720846E12
16250 [Test worker] INFO  c.s.p.interceptor.ApiInterceptor - postHandle method is invoked /api/employee/course GET 1.689767720847E12
16251 [Test worker] INFO  c.s.p.interceptor.ApiInterceptor - after completion is invoked Time took is 0.001 seconds.
16260 [Test worker] INFO  c.s.p.interceptor.ApiInterceptor - preHandle method is invoked /api/employee POST 1.689767720857E12
16265 [Test worker] INFO  c.s.p.interceptor.ApiInterceptor - postHandle method is invoked /api/employee POST 1.689767720862E12
16266 [Test worker] INFO  c.s.p.interceptor.ApiInterceptor - after completion is invoked Time took is 0.005 seconds.
16271 [Test worker] INFO  c.s.p.interceptor.ApiInterceptor - preHandle method is invoked /api/employee GET 1.689767720868E12
16273 [Test worker] INFO  c.s.p.interceptor.ApiInterceptor - after completion is invoked Time took is -0.006 seconds.
16277 [Test worker] INFO  c.s.p.interceptor.ApiInterceptor - preHandle method is invoked /api/employee PUT 1.689767720874E12
16279 [Test worker] INFO  c.s.p.interceptor.ApiInterceptor - after completion is invoked Time took is -0.012 seconds.
16286 [Test worker] INFO  c.s.p.interceptor.ApiInterceptor - preHandle method is invoked /api/employee GET 1.689767720883E12
16305 [Test worker] INFO  c.s.p.interceptor.ApiInterceptor - after completion is invoked Time took is -0.021 seconds.
16309 [Test worker] INFO  c.s.p.interceptor.ApiInterceptor - preHandle method is invoked /api/employee/1 DELETE 1.689767720906E12
16311 [Test worker] INFO  c.s.p.interceptor.ApiInterceptor - postHandle method is invoked /api/employee/1 DELETE 1.689767720908E12
16311 [Test worker] INFO  c.s.p.interceptor.ApiInterceptor - after completion is invoked Time took is 0.002 seconds.
16317 [Test worker] INFO  c.s.p.interceptor.ApiInterceptor - preHandle method is invoked /api/employee/department/maxSalary GET 1.689767720914E12
16319 [Test worker] INFO  c.s.p.interceptor.ApiInterceptor - after completion is invoked Time took is -0.006 seconds.
16326 [Test worker] INFO  c.s.p.interceptor.ApiInterceptor - preHandle method is invoked /api/employee/maxSalary GET 1.689767720923E12
16328 [Test worker] INFO  c.s.p.interceptor.ApiInterceptor - after completion is invoked Time took is -0.015 seconds.
16333 [Test worker] INFO  c.s.p.interceptor.ApiInterceptor - preHandle method is invoked /api/employee PUT 1.68976772093E12
16334 [Test worker] INFO  c.s.p.interceptor.ApiInterceptor - postHandle method is invoked /api/employee PUT 1.689767720931E12
16335 [Test worker] INFO  c.s.p.interceptor.ApiInterceptor - after completion is invoked Time took is 0.001 seconds.
16339 [Test worker] INFO  c.s.p.interceptor.ApiInterceptor - preHandle method is invoked /api/employee/insertAll POST 1.689767720936E12
16343 [Test worker] INFO  c.s.p.interceptor.ApiInterceptor - postHandle method is invoked /api/employee/insertAll POST 1.68976772094E12
16343 [Test worker] INFO  c.s.p.interceptor.ApiInterceptor - after completion is invoked Time took is 0.004 seconds.
16349 [Test worker] INFO  c.s.p.interceptor.ApiInterceptor - preHandle method is invoked /api/employee/1 DELETE 1.689767720946E12
16351 [Test worker] INFO  c.s.p.interceptor.ApiInterceptor - after completion is invoked Time took is -0.006 seconds.
16355 [Test worker] INFO  c.s.p.interceptor.ApiInterceptor - preHandle method is invoked /api/employee/1 GET 1.689767720952E12
16359 [Test worker] INFO  c.s.p.interceptor.ApiInterceptor - postHandle method is invoked /api/employee/1 GET 1.689767720956E12
16359 [Test worker] INFO  c.s.p.interceptor.ApiInterceptor - after completion is invoked Time took is 0.004 seconds.
16367 [Test worker] INFO  c.s.p.interceptor.ApiInterceptor - preHandle method is invoked /api/employee/department GET 1.689767720964E12
16368 [Test worker] INFO  c.s.p.interceptor.ApiInterceptor - after completion is invoked Time took is -0.008 seconds.
16373 [Test worker] INFO  c.s.p.interceptor.ApiInterceptor - preHandle method is invoked /api/employee/0 GET 1.68976772097E12
16374 [Test worker] INFO  c.s.p.interceptor.ApiInterceptor - after completion is invoked Time took is -0.014 seconds.
16381 [Test worker] INFO  c.s.p.interceptor.ApiInterceptor - preHandle method is invoked /api/employee/findAll GET 1.689767720978E12
16382 [Test worker] INFO  c.s.p.interceptor.ApiInterceptor - after completion is invoked Time took is -0.022 seconds.
16387 [Test worker] INFO  c.s.p.interceptor.ApiInterceptor - preHandle method is invoked /api/employee/course GET 1.689767720984E12
16388 [Test worker] INFO  c.s.p.interceptor.ApiInterceptor - after completion is invoked Time took is -0.028 seconds.
16393 [Test worker] INFO  c.s.p.interceptor.ApiInterceptor - preHandle method is invoked /api/employee/updateSalaryById PUT 1.68976772099E12
16395 [Test worker] INFO  c.s.p.interceptor.ApiInterceptor - after completion is invoked Time took is -0.034 seconds.
16399 [Test worker] INFO  c.s.p.interceptor.ApiInterceptor - preHandle method is invoked /api/employee/department/maxSalary GET 1.689767720996E12
16400 [Test worker] INFO  c.s.p.interceptor.ApiInterceptor - postHandle method is invoked /api/employee/department/maxSalary GET 1.689767720997E12
16400 [Test worker] INFO  c.s.p.interceptor.ApiInterceptor - after completion is invoked Time took is 0.001 seconds.
16404 [Test worker] INFO  c.s.p.interceptor.ApiInterceptor - preHandle method is invoked /api/employee GET 1.689767721001E12
16406 [Test worker] INFO  c.s.p.interceptor.ApiInterceptor - postHandle method is invoked /api/employee GET 1.689767721003E12
16406 [Test worker] INFO  c.s.p.interceptor.ApiInterceptor - after completion is invoked Time took is 0.002 seconds.
16435 [Test worker] INFO  c.s.p.service.AddressServiceTest - Starting AddressServiceTest using Java 17.0.7 with PID 18268 (started by ssama in C:\Users\ssama\Desktop\project\springproject)
16435 [Test worker] DEBUG c.s.p.service.AddressServiceTest - Running with Spring Boot v3.1.1, Spring v6.0.10
16435 [Test worker] INFO  c.s.p.service.AddressServiceTest - No active profile set, falling back to 1 default profile: "default"
17162 [Test worker] INFO  c.s.p.service.AddressServiceTest - Started AddressServiceTest in 0.746 seconds (process running for 19.004)
17213 [Test worker] INFO  c.s.p.service.EmployeeServiceTest - Starting EmployeeServiceTest using Java 17.0.7 with PID 18268 (started by ssama in C:\Users\ssama\Desktop\project\springproject)
17213 [Test worker] DEBUG c.s.p.service.EmployeeServiceTest - Running with Spring Boot v3.1.1, Spring v6.0.10
17214 [Test worker] INFO  c.s.p.service.EmployeeServiceTest - No active profile set, falling back to 1 default profile: "default"
17897 [Test worker] INFO  c.s.p.service.EmployeeServiceTest - Started EmployeeServiceTest in 0.705 seconds (process running for 19.739)
17935 [Test worker] INFO  c.s.p.service.EmployeeServiceImpl - Course already exists !
17936 [Test worker] INFO  c.s.p.service.EmployeeServiceImpl - Course already exists !
17965 [Test worker] INFO  c.s.p.service.EmployeeServiceImpl - Course already exists !
17965 [Test worker] INFO  c.s.p.service.EmployeeServiceImpl - Course already exists !
17983 [Test worker] ERROR c.s.p.service.EmployeeServiceImpl - Employee with id : 0  does not exist ! 
9485 [Test worker] INFO  c.sujith.project.ProjectApplication - Starting ProjectApplication using Java 17.0.7 with PID 19612 (started by ssama in C:\Users\ssama\Desktop\project\springproject)
9486 [Test worker] DEBUG c.sujith.project.ProjectApplication - Running with Spring Boot v3.1.1, Spring v6.0.10
9487 [Test worker] INFO  c.sujith.project.ProjectApplication - No active profile set, falling back to 1 default profile: "default"
10903 [Test worker] INFO  c.sujith.project.ProjectApplication - Started ProjectApplication in 1.444 seconds (process running for 13.058)
10970 [Test worker] INFO  c.s.p.c.AddressControllerTest - Starting AddressControllerTest using Java 17.0.7 with PID 19612 (started by ssama in C:\Users\ssama\Desktop\project\springproject)
10971 [Test worker] DEBUG c.s.p.c.AddressControllerTest - Running with Spring Boot v3.1.1, Spring v6.0.10
10971 [Test worker] INFO  c.s.p.c.AddressControllerTest - No active profile set, falling back to 1 default profile: "default"
12504 [Test worker] INFO  c.s.p.c.AddressControllerTest - Started AddressControllerTest in 1.557 seconds (process running for 14.659)
12651 [Test worker] INFO  c.s.p.interceptor.ApiInterceptor - preHandle method is invoked /api/address GET 1.68977140884E12
13024 [Test worker] INFO  c.s.p.interceptor.ApiInterceptor - postHandle method is invoked /api/address GET 1.689771409213E12
13030 [Test worker] INFO  c.s.p.interceptor.ApiInterceptor - after completion is invoked Time took is 0.373 seconds.
13059 [Test worker] INFO  c.s.p.interceptor.ApiInterceptor - preHandle method is invoked /api/address GET 1.689771409248E12
13079 [Test worker] INFO  c.s.p.interceptor.ApiInterceptor - after completion is invoked Time took is -0.035 seconds.
13205 [Test worker] INFO  c.s.p.c.CourseControllerTest - Starting CourseControllerTest using Java 17.0.7 with PID 19612 (started by ssama in C:\Users\ssama\Desktop\project\springproject)
13206 [Test worker] DEBUG c.s.p.c.CourseControllerTest - Running with Spring Boot v3.1.1, Spring v6.0.10
13206 [Test worker] INFO  c.s.p.c.CourseControllerTest - No active profile set, falling back to 1 default profile: "default"
14180 [Test worker] INFO  c.s.p.c.CourseControllerTest - Started CourseControllerTest in 1.003 seconds (process running for 16.335)
14190 [Test worker] INFO  c.s.p.interceptor.ApiInterceptor - preHandle method is invoked /api/courses GET 1.689771410379E12
14195 [Test worker] INFO  c.s.p.interceptor.ApiInterceptor - postHandle method is invoked /api/courses GET 1.689771410384E12
14196 [Test worker] INFO  c.s.p.interceptor.ApiInterceptor - after completion is invoked Time took is 0.005 seconds.
14206 [Test worker] INFO  c.s.p.interceptor.ApiInterceptor - preHandle method is invoked /api/courses/insertMany POST 1.689771410395E12
14337 [Test worker] INFO  c.s.p.interceptor.ApiInterceptor - postHandle method is invoked /api/courses/insertMany POST 1.689771410526E12
14337 [Test worker] INFO  c.s.p.interceptor.ApiInterceptor - after completion is invoked Time took is 0.131 seconds.
14344 [Test worker] INFO  c.s.p.interceptor.ApiInterceptor - preHandle method is invoked /api/courses POST 1.689771410533E12
14351 [Test worker] INFO  c.s.p.interceptor.ApiInterceptor - after completion is invoked Time took is -0.007 seconds.
14358 [Test worker] INFO  c.s.p.interceptor.ApiInterceptor - preHandle method is invoked /api/courses POST 1.689771410547E12
14364 [Test worker] INFO  c.s.p.interceptor.ApiInterceptor - postHandle method is invoked /api/courses POST 1.689771410553E12
14365 [Test worker] INFO  c.s.p.interceptor.ApiInterceptor - after completion is invoked Time took is 0.006 seconds.
14373 [Test worker] INFO  c.s.p.interceptor.ApiInterceptor - preHandle method is invoked /api/courses GET 1.689771410562E12
14376 [Test worker] INFO  c.s.p.interceptor.ApiInterceptor - after completion is invoked Time took is -0.009 seconds.
14388 [Test worker] INFO  c.s.p.interceptor.ApiInterceptor - preHandle method is invoked /api/courses/insertMany POST 1.689771410577E12
14394 [Test worker] INFO  c.s.p.interceptor.ApiInterceptor - after completion is invoked Time took is -0.024 seconds.
14442 [Test worker] INFO  c.s.p.c.EmployeeControllerTest - Starting EmployeeControllerTest using Java 17.0.7 with PID 19612 (started by ssama in C:\Users\ssama\Desktop\project\springproject)
14443 [Test worker] DEBUG c.s.p.c.EmployeeControllerTest - Running with Spring Boot v3.1.1, Spring v6.0.10
14443 [Test worker] INFO  c.s.p.c.EmployeeControllerTest - No active profile set, falling back to 1 default profile: "default"
16349 [Test worker] INFO  c.s.p.c.EmployeeControllerTest - Started EmployeeControllerTest in 1.94 seconds (process running for 18.504)
16375 [Test worker] INFO  c.s.p.interceptor.ApiInterceptor - preHandle method is invoked /api/employee/15 GET 1.689771412564E12
16463 [Test worker] INFO  c.s.p.interceptor.ApiInterceptor - preHandle method is invoked /api/employee/department GET 1.689771412652E12
16492 [Test worker] INFO  c.s.p.interceptor.ApiInterceptor - postHandle method is invoked /api/employee/department GET 1.689771412681E12
16493 [Test worker] INFO  c.s.p.interceptor.ApiInterceptor - after completion is invoked Time took is 0.029 seconds.
16506 [Test worker] INFO  c.s.p.interceptor.ApiInterceptor - preHandle method is invoked /api/employee/maxSalary GET 1.689771412695E12
16509 [Test worker] INFO  c.s.p.interceptor.ApiInterceptor - postHandle method is invoked /api/employee/maxSalary GET 1.689771412698E12
16509 [Test worker] INFO  c.s.p.interceptor.ApiInterceptor - after completion is invoked Time took is 0.003 seconds.
16553 [Test worker] INFO  c.s.p.interceptor.ApiInterceptor - preHandle method is invoked /api/employee/updateSalaryById PUT 1.689771412742E12
16559 [Test worker] INFO  c.s.p.interceptor.ApiInterceptor - postHandle method is invoked /api/employee/updateSalaryById PUT 1.689771412748E12
16561 [Test worker] INFO  c.s.p.interceptor.ApiInterceptor - after completion is invoked Time took is 0.006 seconds.
16575 [Test worker] INFO  c.s.p.interceptor.ApiInterceptor - preHandle method is invoked /api/employee/findAll GET 1.689771412764E12
16578 [Test worker] INFO  c.s.p.interceptor.ApiInterceptor - postHandle method is invoked /api/employee/findAll GET 1.689771412767E12
16578 [Test worker] INFO  c.s.p.interceptor.ApiInterceptor - after completion is invoked Time took is 0.003 seconds.
16592 [Test worker] INFO  c.s.p.interceptor.ApiInterceptor - preHandle method is invoked /api/employee/course GET 1.689771412781E12
16595 [Test worker] INFO  c.s.p.interceptor.ApiInterceptor - postHandle method is invoked /api/employee/course GET 1.689771412784E12
16596 [Test worker] INFO  c.s.p.interceptor.ApiInterceptor - after completion is invoked Time took is 0.003 seconds.
16614 [Test worker] INFO  c.s.p.interceptor.ApiInterceptor - preHandle method is invoked /api/employee POST 1.689771412803E12
16633 [Test worker] INFO  c.s.p.interceptor.ApiInterceptor - postHandle method is invoked /api/employee POST 1.689771412822E12
16634 [Test worker] INFO  c.s.p.interceptor.ApiInterceptor - after completion is invoked Time took is 0.019 seconds.
16647 [Test worker] INFO  c.s.p.interceptor.ApiInterceptor - preHandle method is invoked /api/employee GET 1.689771412836E12
16653 [Test worker] INFO  c.s.p.interceptor.ApiInterceptor - after completion is invoked Time took is -0.014 seconds.
16663 [Test worker] INFO  c.s.p.interceptor.ApiInterceptor - preHandle method is invoked /api/employee PUT 1.689771412852E12
16667 [Test worker] INFO  c.s.p.interceptor.ApiInterceptor - after completion is invoked Time took is -0.03 seconds.
16676 [Test worker] INFO  c.s.p.interceptor.ApiInterceptor - preHandle method is invoked /api/employee GET 1.689771412865E12
16717 [Test worker] INFO  c.s.p.interceptor.ApiInterceptor - after completion is invoked Time took is -0.043 seconds.
16724 [Test worker] INFO  c.s.p.interceptor.ApiInterceptor - preHandle method is invoked /api/employee/1 DELETE 1.689771412913E12
16727 [Test worker] INFO  c.s.p.interceptor.ApiInterceptor - postHandle method is invoked /api/employee/1 DELETE 1.689771412916E12
16728 [Test worker] INFO  c.s.p.interceptor.ApiInterceptor - after completion is invoked Time took is 0.003 seconds.
16739 [Test worker] INFO  c.s.p.interceptor.ApiInterceptor - preHandle method is invoked /api/employee/department/maxSalary GET 1.689771412928E12
16743 [Test worker] INFO  c.s.p.interceptor.ApiInterceptor - after completion is invoked Time took is -0.012 seconds.
16752 [Test worker] INFO  c.s.p.interceptor.ApiInterceptor - preHandle method is invoked /api/employee/maxSalary GET 1.689771412941E12
16754 [Test worker] INFO  c.s.p.interceptor.ApiInterceptor - after completion is invoked Time took is -0.025 seconds.
16762 [Test worker] INFO  c.s.p.interceptor.ApiInterceptor - preHandle method is invoked /api/employee PUT 1.689771412951E12
16765 [Test worker] INFO  c.s.p.interceptor.ApiInterceptor - postHandle method is invoked /api/employee PUT 1.689771412954E12
16765 [Test worker] INFO  c.s.p.interceptor.ApiInterceptor - after completion is invoked Time took is 0.003 seconds.
16773 [Test worker] INFO  c.s.p.interceptor.ApiInterceptor - preHandle method is invoked /api/employee/insertAll POST 1.689771412962E12
16781 [Test worker] INFO  c.s.p.interceptor.ApiInterceptor - postHandle method is invoked /api/employee/insertAll POST 1.68977141297E12
16782 [Test worker] INFO  c.s.p.interceptor.ApiInterceptor - after completion is invoked Time took is 0.008 seconds.
16792 [Test worker] INFO  c.s.p.interceptor.ApiInterceptor - preHandle method is invoked /api/employee/1 DELETE 1.689771412981E12
16797 [Test worker] INFO  c.s.p.interceptor.ApiInterceptor - after completion is invoked Time took is -0.011 seconds.
16804 [Test worker] INFO  c.s.p.interceptor.ApiInterceptor - preHandle method is invoked /api/employee/1 GET 1.689771412993E12
16809 [Test worker] INFO  c.s.p.interceptor.ApiInterceptor - postHandle method is invoked /api/employee/1 GET 1.689771412998E12
16810 [Test worker] INFO  c.s.p.interceptor.ApiInterceptor - after completion is invoked Time took is 0.005 seconds.
16815 [Test worker] INFO  c.s.p.interceptor.ApiInterceptor - preHandle method is invoked /api/employee/department GET 1.689771413004E12
16818 [Test worker] INFO  c.s.p.interceptor.ApiInterceptor - after completion is invoked Time took is -0.006 seconds.
16824 [Test worker] INFO  c.s.p.interceptor.ApiInterceptor - preHandle method is invoked /api/employee/0 GET 1.689771413013E12
16826 [Test worker] INFO  c.s.p.interceptor.ApiInterceptor - after completion is invoked Time took is -0.015 seconds.
16832 [Test worker] INFO  c.s.p.interceptor.ApiInterceptor - preHandle method is invoked /api/employee/findAll GET 1.689771413021E12
16835 [Test worker] INFO  c.s.p.interceptor.ApiInterceptor - after completion is invoked Time took is -0.023 seconds.
16841 [Test worker] INFO  c.s.p.interceptor.ApiInterceptor - preHandle method is invoked /api/employee/course GET 1.68977141303E12
16843 [Test worker] INFO  c.s.p.interceptor.ApiInterceptor - after completion is invoked Time took is -0.032 seconds.
16851 [Test worker] INFO  c.s.p.interceptor.ApiInterceptor - preHandle method is invoked /api/employee/updateSalaryById PUT 1.68977141304E12
16853 [Test worker] INFO  c.s.p.interceptor.ApiInterceptor - after completion is invoked Time took is -0.042 seconds.
16860 [Test worker] INFO  c.s.p.interceptor.ApiInterceptor - preHandle method is invoked /api/employee/department/maxSalary GET 1.689771413049E12
16862 [Test worker] INFO  c.s.p.interceptor.ApiInterceptor - postHandle method is invoked /api/employee/department/maxSalary GET 1.689771413051E12
16863 [Test worker] INFO  c.s.p.interceptor.ApiInterceptor - after completion is invoked Time took is 0.002 seconds.
16869 [Test worker] INFO  c.s.p.interceptor.ApiInterceptor - preHandle method is invoked /api/employee GET 1.689771413058E12
16870 [Test worker] INFO  c.s.p.interceptor.ApiInterceptor - postHandle method is invoked /api/employee GET 1.689771413059E12
16871 [Test worker] INFO  c.s.p.interceptor.ApiInterceptor - after completion is invoked Time took is 0.001 seconds.
16942 [Test worker] INFO  c.s.p.service.AddressServiceTest - Starting AddressServiceTest using Java 17.0.7 with PID 19612 (started by ssama in C:\Users\ssama\Desktop\project\springproject)
16943 [Test worker] DEBUG c.s.p.service.AddressServiceTest - Running with Spring Boot v3.1.1, Spring v6.0.10
16943 [Test worker] INFO  c.s.p.service.AddressServiceTest - No active profile set, falling back to 1 default profile: "default"
18009 [Test worker] INFO  c.s.p.service.AddressServiceTest - Started AddressServiceTest in 1.107 seconds (process running for 20.164)
18102 [Test worker] INFO  c.s.p.service.CourseServiceTest - Starting CourseServiceTest using Java 17.0.7 with PID 19612 (started by ssama in C:\Users\ssama\Desktop\project\springproject)
18102 [Test worker] DEBUG c.s.p.service.CourseServiceTest - Running with Spring Boot v3.1.1, Spring v6.0.10
18103 [Test worker] INFO  c.s.p.service.CourseServiceTest - No active profile set, falling back to 1 default profile: "default"
19020 [Test worker] INFO  c.s.p.service.CourseServiceTest - Started CourseServiceTest in 0.946 seconds (process running for 21.175)
19028 [Test worker] ERROR c.s.p.service.CourseServiceImpl - Invalid coursename
19098 [Test worker] INFO  c.s.p.service.EmployeeServiceTest - Starting EmployeeServiceTest using Java 17.0.7 with PID 19612 (started by ssama in C:\Users\ssama\Desktop\project\springproject)
19098 [Test worker] DEBUG c.s.p.service.EmployeeServiceTest - Running with Spring Boot v3.1.1, Spring v6.0.10
19098 [Test worker] INFO  c.s.p.service.EmployeeServiceTest - No active profile set, falling back to 1 default profile: "default"
19908 [Test worker] INFO  c.s.p.service.EmployeeServiceTest - Started EmployeeServiceTest in 0.833 seconds (process running for 22.063)
19947 [Test worker] INFO  c.s.p.service.EmployeeServiceImpl - Course already exists !
19947 [Test worker] INFO  c.s.p.service.EmployeeServiceImpl - Course already exists !
19977 [Test worker] INFO  c.s.p.service.EmployeeServiceImpl - Course already exists !
19977 [Test worker] INFO  c.s.p.service.EmployeeServiceImpl - Course already exists !
19995 [Test worker] ERROR c.s.p.service.EmployeeServiceImpl - Employee with id : 0  does not exist ! 
9899 [Test worker] INFO  c.sujith.project.ProjectApplication - Starting ProjectApplication using Java 17.0.7 with PID 820 (started by ssama in C:\Users\ssama\Desktop\project\springproject)
9900 [Test worker] DEBUG c.sujith.project.ProjectApplication - Running with Spring Boot v3.1.1, Spring v6.0.10
9901 [Test worker] INFO  c.sujith.project.ProjectApplication - No active profile set, falling back to 1 default profile: "default"
11263 [Test worker] INFO  c.sujith.project.ProjectApplication - Started ProjectApplication in 1.41 seconds (process running for 12.918)
11345 [Test worker] INFO  c.s.p.c.AddressControllerTest - Starting AddressControllerTest using Java 17.0.7 with PID 820 (started by ssama in C:\Users\ssama\Desktop\project\springproject)
11346 [Test worker] DEBUG c.s.p.c.AddressControllerTest - Running with Spring Boot v3.1.1, Spring v6.0.10
11346 [Test worker] INFO  c.s.p.c.AddressControllerTest - No active profile set, falling back to 1 default profile: "default"
13265 [Test worker] INFO  c.s.p.c.AddressControllerTest - Started AddressControllerTest in 1.947 seconds (process running for 14.921)
13508 [Test worker] INFO  c.s.p.interceptor.ApiInterceptor - preHandle method is invoked /api/address GET 1.689772004507E12
13915 [Test worker] INFO  c.s.p.interceptor.ApiInterceptor - postHandle method is invoked /api/address GET 1.689772004914E12
13920 [Test worker] INFO  c.s.p.interceptor.ApiInterceptor - after completion is invoked Time took is 0.407 seconds.
13959 [Test worker] INFO  c.s.p.interceptor.ApiInterceptor - preHandle method is invoked /api/address GET 1.689772004958E12
13984 [Test worker] INFO  c.s.p.interceptor.ApiInterceptor - after completion is invoked Time took is -0.044 seconds.
14442 [Test worker] INFO  c.s.p.c.CourseControllerTest - Starting CourseControllerTest using Java 17.0.7 with PID 820 (started by ssama in C:\Users\ssama\Desktop\project\springproject)
14443 [Test worker] DEBUG c.s.p.c.CourseControllerTest - Running with Spring Boot v3.1.1, Spring v6.0.10
14444 [Test worker] INFO  c.s.p.c.CourseControllerTest - No active profile set, falling back to 1 default profile: "default"
15887 [Test worker] INFO  c.s.p.c.CourseControllerTest - Started CourseControllerTest in 1.574 seconds (process running for 17.543)
15898 [Test worker] INFO  c.s.p.interceptor.ApiInterceptor - preHandle method is invoked /api/courses GET 1.689772006897E12
15904 [Test worker] INFO  c.s.p.interceptor.ApiInterceptor - postHandle method is invoked /api/courses GET 1.689772006903E12
15905 [Test worker] INFO  c.s.p.interceptor.ApiInterceptor - after completion is invoked Time took is 0.006 seconds.
15915 [Test worker] INFO  c.s.p.interceptor.ApiInterceptor - preHandle method is invoked /api/courses/insertMany POST 1.689772006914E12
16042 [Test worker] INFO  c.s.p.interceptor.ApiInterceptor - postHandle method is invoked /api/courses/insertMany POST 1.689772007041E12
16043 [Test worker] INFO  c.s.p.interceptor.ApiInterceptor - after completion is invoked Time took is 0.127 seconds.
16053 [Test worker] INFO  c.s.p.interceptor.ApiInterceptor - preHandle method is invoked /api/courses POST 1.689772007052E12
16063 [Test worker] INFO  c.s.p.interceptor.ApiInterceptor - after completion is invoked Time took is -0.011 seconds.
16080 [Test worker] INFO  c.s.p.interceptor.ApiInterceptor - preHandle method is invoked /api/courses POST 1.689772007079E12
16088 [Test worker] INFO  c.s.p.interceptor.ApiInterceptor - postHandle method is invoked /api/courses POST 1.689772007087E12
16089 [Test worker] INFO  c.s.p.interceptor.ApiInterceptor - after completion is invoked Time took is 0.008 seconds.
16098 [Test worker] INFO  c.s.p.interceptor.ApiInterceptor - preHandle method is invoked /api/courses GET 1.689772007097E12
16101 [Test worker] INFO  c.s.p.interceptor.ApiInterceptor - after completion is invoked Time took is -0.01 seconds.
16116 [Test worker] INFO  c.s.p.interceptor.ApiInterceptor - preHandle method is invoked /api/courses/insertMany POST 1.689772007115E12
16119 [Test worker] INFO  c.s.p.interceptor.ApiInterceptor - after completion is invoked Time took is -0.028 seconds.
16164 [Test worker] INFO  c.s.p.c.EmployeeControllerTest - Starting EmployeeControllerTest using Java 17.0.7 with PID 820 (started by ssama in C:\Users\ssama\Desktop\project\springproject)
16164 [Test worker] DEBUG c.s.p.c.EmployeeControllerTest - Running with Spring Boot v3.1.1, Spring v6.0.10
16164 [Test worker] INFO  c.s.p.c.EmployeeControllerTest - No active profile set, falling back to 1 default profile: "default"
17224 [Test worker] INFO  c.s.p.c.EmployeeControllerTest - Started EmployeeControllerTest in 1.089 seconds (process running for 18.879)
17235 [Test worker] INFO  c.s.p.interceptor.ApiInterceptor - preHandle method is invoked /api/employee/15 GET 1.689772008234E12
17257 [Test worker] INFO  c.s.p.interceptor.ApiInterceptor - preHandle method is invoked /api/employee/department GET 1.689772008256E12
17283 [Test worker] INFO  c.s.p.interceptor.ApiInterceptor - postHandle method is invoked /api/employee/department GET 1.689772008282E12
17284 [Test worker] INFO  c.s.p.interceptor.ApiInterceptor - after completion is invoked Time took is 0.026 seconds.
17292 [Test worker] INFO  c.s.p.interceptor.ApiInterceptor - preHandle method is invoked /api/employee/maxSalary GET 1.689772008291E12
17295 [Test worker] INFO  c.s.p.interceptor.ApiInterceptor - postHandle method is invoked /api/employee/maxSalary GET 1.689772008294E12
17295 [Test worker] INFO  c.s.p.interceptor.ApiInterceptor - after completion is invoked Time took is 0.003 seconds.
17317 [Test worker] INFO  c.s.p.interceptor.ApiInterceptor - preHandle method is invoked /api/employee/updateSalaryById PUT 1.689772008316E12
17321 [Test worker] INFO  c.s.p.interceptor.ApiInterceptor - postHandle method is invoked /api/employee/updateSalaryById PUT 1.68977200832E12
17322 [Test worker] INFO  c.s.p.interceptor.ApiInterceptor - after completion is invoked Time took is 0.004 seconds.
17330 [Test worker] INFO  c.s.p.interceptor.ApiInterceptor - preHandle method is invoked /api/employee/findAll GET 1.689772008329E12
17332 [Test worker] INFO  c.s.p.interceptor.ApiInterceptor - postHandle method is invoked /api/employee/findAll GET 1.689772008331E12
17333 [Test worker] INFO  c.s.p.interceptor.ApiInterceptor - after completion is invoked Time took is 0.002 seconds.
17339 [Test worker] INFO  c.s.p.interceptor.ApiInterceptor - preHandle method is invoked /api/employee/course GET 1.689772008338E12
17342 [Test worker] INFO  c.s.p.interceptor.ApiInterceptor - postHandle method is invoked /api/employee/course GET 1.689772008341E12
17343 [Test worker] INFO  c.s.p.interceptor.ApiInterceptor - after completion is invoked Time took is 0.003 seconds.
17354 [Test worker] INFO  c.s.p.interceptor.ApiInterceptor - preHandle method is invoked /api/employee POST 1.689772008353E12
17363 [Test worker] INFO  c.s.p.interceptor.ApiInterceptor - postHandle method is invoked /api/employee POST 1.689772008362E12
17364 [Test worker] INFO  c.s.p.interceptor.ApiInterceptor - after completion is invoked Time took is 0.009 seconds.
17370 [Test worker] INFO  c.s.p.interceptor.ApiInterceptor - preHandle method is invoked /api/employee GET 1.689772008369E12
17374 [Test worker] INFO  c.s.p.interceptor.ApiInterceptor - after completion is invoked Time took is -0.007 seconds.
17381 [Test worker] INFO  c.s.p.interceptor.ApiInterceptor - preHandle method is invoked /api/employee PUT 1.68977200838E12
17384 [Test worker] INFO  c.s.p.interceptor.ApiInterceptor - after completion is invoked Time took is -0.018 seconds.
17395 [Test worker] INFO  c.s.p.interceptor.ApiInterceptor - preHandle method is invoked /api/employee GET 1.689772008394E12
17421 [Test worker] INFO  c.s.p.interceptor.ApiInterceptor - after completion is invoked Time took is -0.032 seconds.
17427 [Test worker] INFO  c.s.p.interceptor.ApiInterceptor - preHandle method is invoked /api/employee/1 DELETE 1.689772008426E12
17429 [Test worker] INFO  c.s.p.interceptor.ApiInterceptor - postHandle method is invoked /api/employee/1 DELETE 1.689772008428E12
17430 [Test worker] INFO  c.s.p.interceptor.ApiInterceptor - after completion is invoked Time took is 0.002 seconds.
17439 [Test worker] INFO  c.s.p.interceptor.ApiInterceptor - preHandle method is invoked /api/employee/department/maxSalary GET 1.689772008438E12
17444 [Test worker] INFO  c.s.p.interceptor.ApiInterceptor - after completion is invoked Time took is -0.01 seconds.
17453 [Test worker] INFO  c.s.p.interceptor.ApiInterceptor - preHandle method is invoked /api/employee/maxSalary GET 1.689772008452E12
17455 [Test worker] INFO  c.s.p.interceptor.ApiInterceptor - after completion is invoked Time took is -0.024 seconds.
17461 [Test worker] INFO  c.s.p.interceptor.ApiInterceptor - preHandle method is invoked /api/employee PUT 1.68977200846E12
17463 [Test worker] INFO  c.s.p.interceptor.ApiInterceptor - postHandle method is invoked /api/employee PUT 1.689772008462E12
17464 [Test worker] INFO  c.s.p.interceptor.ApiInterceptor - after completion is invoked Time took is 0.002 seconds.
17471 [Test worker] INFO  c.s.p.interceptor.ApiInterceptor - preHandle method is invoked /api/employee/insertAll POST 1.68977200847E12
17476 [Test worker] INFO  c.s.p.interceptor.ApiInterceptor - postHandle method is invoked /api/employee/insertAll POST 1.689772008475E12
17477 [Test worker] INFO  c.s.p.interceptor.ApiInterceptor - after completion is invoked Time took is 0.005 seconds.
17483 [Test worker] INFO  c.s.p.interceptor.ApiInterceptor - preHandle method is invoked /api/employee/1 DELETE 1.689772008482E12
17486 [Test worker] INFO  c.s.p.interceptor.ApiInterceptor - after completion is invoked Time took is -0.007 seconds.
17492 [Test worker] INFO  c.s.p.interceptor.ApiInterceptor - preHandle method is invoked /api/employee/1 GET 1.689772008491E12
17496 [Test worker] INFO  c.s.p.interceptor.ApiInterceptor - postHandle method is invoked /api/employee/1 GET 1.689772008495E12
17496 [Test worker] INFO  c.s.p.interceptor.ApiInterceptor - after completion is invoked Time took is 0.004 seconds.
17503 [Test worker] INFO  c.s.p.interceptor.ApiInterceptor - preHandle method is invoked /api/employee/department GET 1.689772008502E12
17506 [Test worker] INFO  c.s.p.interceptor.ApiInterceptor - after completion is invoked Time took is -0.007 seconds.
17511 [Test worker] INFO  c.s.p.interceptor.ApiInterceptor - preHandle method is invoked /api/employee/0 GET 1.68977200851E12
17514 [Test worker] INFO  c.s.p.interceptor.ApiInterceptor - after completion is invoked Time took is -0.015 seconds.
17521 [Test worker] INFO  c.s.p.interceptor.ApiInterceptor - preHandle method is invoked /api/employee/findAll GET 1.68977200852E12
17523 [Test worker] INFO  c.s.p.interceptor.ApiInterceptor - after completion is invoked Time took is -0.025 seconds.
17529 [Test worker] INFO  c.s.p.interceptor.ApiInterceptor - preHandle method is invoked /api/employee/course GET 1.689772008528E12
17531 [Test worker] INFO  c.s.p.interceptor.ApiInterceptor - after completion is invoked Time took is -0.033 seconds.
17536 [Test worker] INFO  c.s.p.interceptor.ApiInterceptor - preHandle method is invoked /api/employee/updateSalaryById PUT 1.689772008535E12
17537 [Test worker] INFO  c.s.p.interceptor.ApiInterceptor - after completion is invoked Time took is -0.04 seconds.
17542 [Test worker] INFO  c.s.p.interceptor.ApiInterceptor - preHandle method is invoked /api/employee/department/maxSalary GET 1.689772008541E12
17544 [Test worker] INFO  c.s.p.interceptor.ApiInterceptor - postHandle method is invoked /api/employee/department/maxSalary GET 1.689772008543E12
17544 [Test worker] INFO  c.s.p.interceptor.ApiInterceptor - after completion is invoked Time took is 0.002 seconds.
17548 [Test worker] INFO  c.s.p.interceptor.ApiInterceptor - preHandle method is invoked /api/employee GET 1.689772008547E12
17549 [Test worker] INFO  c.s.p.interceptor.ApiInterceptor - postHandle method is invoked /api/employee GET 1.689772008548E12
17550 [Test worker] INFO  c.s.p.interceptor.ApiInterceptor - after completion is invoked Time took is 0.001 seconds.
17603 [Test worker] INFO  c.s.p.service.AddressServiceTest - Starting AddressServiceTest using Java 17.0.7 with PID 820 (started by ssama in C:\Users\ssama\Desktop\project\springproject)
17604 [Test worker] DEBUG c.s.p.service.AddressServiceTest - Running with Spring Boot v3.1.1, Spring v6.0.10
17604 [Test worker] INFO  c.s.p.service.AddressServiceTest - No active profile set, falling back to 1 default profile: "default"
18595 [Test worker] INFO  c.s.p.service.AddressServiceTest - Started AddressServiceTest in 1.021 seconds (process running for 20.251)
18684 [Test worker] INFO  c.s.p.service.CourseServiceTest - Starting CourseServiceTest using Java 17.0.7 with PID 820 (started by ssama in C:\Users\ssama\Desktop\project\springproject)
18685 [Test worker] DEBUG c.s.p.service.CourseServiceTest - Running with Spring Boot v3.1.1, Spring v6.0.10
18685 [Test worker] INFO  c.s.p.service.CourseServiceTest - No active profile set, falling back to 1 default profile: "default"
19557 [Test worker] INFO  c.s.p.service.CourseServiceTest - Started CourseServiceTest in 0.903 seconds (process running for 21.213)
19648 [Test worker] INFO  c.s.p.service.EmployeeServiceTest - Starting EmployeeServiceTest using Java 17.0.7 with PID 820 (started by ssama in C:\Users\ssama\Desktop\project\springproject)
19648 [Test worker] DEBUG c.s.p.service.EmployeeServiceTest - Running with Spring Boot v3.1.1, Spring v6.0.10
19648 [Test worker] INFO  c.s.p.service.EmployeeServiceTest - No active profile set, falling back to 1 default profile: "default"
20620 [Test worker] INFO  c.s.p.service.EmployeeServiceTest - Started EmployeeServiceTest in 1.0 seconds (process running for 22.276)
20660 [Test worker] INFO  c.s.p.service.EmployeeServiceImpl - Course already exists !
20660 [Test worker] INFO  c.s.p.service.EmployeeServiceImpl - Course already exists !
20693 [Test worker] INFO  c.s.p.service.EmployeeServiceImpl - Course already exists !
20694 [Test worker] INFO  c.s.p.service.EmployeeServiceImpl - Course already exists !
20717 [Test worker] ERROR c.s.p.service.EmployeeServiceImpl - Employee with id : 0  does not exist ! 
20771 [Test worker] ERROR c.s.p.service.EmployeeServiceImpl - Employee with lastname sujith is not inserted
2127 [Test worker] INFO  c.s.p.c.CourseControllerTest - Starting CourseControllerTest using Java 17.0.7 with PID 13092 (started by ssama in C:\Users\ssama\Desktop\project\springproject)
2128 [Test worker] DEBUG c.s.p.c.CourseControllerTest - Running with Spring Boot v3.1.1, Spring v6.0.10
2130 [Test worker] INFO  c.s.p.c.CourseControllerTest - No active profile set, falling back to 1 default profile: "default"
14334 [Test worker] INFO  c.s.p.c.CourseControllerTest - Started CourseControllerTest in 12.817 seconds (process running for 16.321)
14565 [Test worker] INFO  c.s.p.interceptor.ApiInterceptor - preHandle method is invoked /api/courses GET 1.689772059265E12
14889 [Test worker] INFO  c.s.p.interceptor.ApiInterceptor - postHandle method is invoked /api/courses GET 1.689772059589E12
14896 [Test worker] INFO  c.s.p.interceptor.ApiInterceptor - after completion is invoked Time took is 0.324 seconds.
14931 [Test worker] INFO  c.s.p.interceptor.ApiInterceptor - preHandle method is invoked /api/courses/insertMany POST 1.689772059631E12
15058 [Test worker] INFO  c.s.p.interceptor.ApiInterceptor - postHandle method is invoked /api/courses/insertMany POST 1.689772059758E12
15058 [Test worker] INFO  c.s.p.interceptor.ApiInterceptor - after completion is invoked Time took is 0.127 seconds.
15073 [Test worker] INFO  c.s.p.interceptor.ApiInterceptor - preHandle method is invoked /api/courses POST 1.689772059773E12
15096 [Test worker] INFO  c.s.p.interceptor.ApiInterceptor - after completion is invoked Time took is -0.015 seconds.
15112 [Test worker] INFO  c.s.p.interceptor.ApiInterceptor - preHandle method is invoked /api/courses POST 1.689772059812E12
15121 [Test worker] INFO  c.s.p.interceptor.ApiInterceptor - postHandle method is invoked /api/courses POST 1.689772059821E12
15121 [Test worker] INFO  c.s.p.interceptor.ApiInterceptor - after completion is invoked Time took is 0.009 seconds.
15130 [Test worker] INFO  c.s.p.interceptor.ApiInterceptor - preHandle method is invoked /api/courses GET 1.68977205983E12
15132 [Test worker] INFO  c.s.p.interceptor.ApiInterceptor - after completion is invoked Time took is -0.009 seconds.
15305 [Test worker] INFO  c.s.p.interceptor.ApiInterceptor - preHandle method is invoked /api/courses/insertMany POST 1.689772060005E12
15311 [Test worker] INFO  c.s.p.interceptor.ApiInterceptor - after completion is invoked Time took is -0.184 seconds.
15394 [Test worker] INFO  c.s.p.c.EmployeeControllerTest - Starting EmployeeControllerTest using Java 17.0.7 with PID 13092 (started by ssama in C:\Users\ssama\Desktop\project\springproject)
15395 [Test worker] DEBUG c.s.p.c.EmployeeControllerTest - Running with Spring Boot v3.1.1, Spring v6.0.10
15395 [Test worker] INFO  c.s.p.c.EmployeeControllerTest - No active profile set, falling back to 1 default profile: "default"
16671 [Test worker] INFO  c.s.p.c.EmployeeControllerTest - Started EmployeeControllerTest in 1.331 seconds (process running for 18.659)
16680 [Test worker] INFO  c.s.p.interceptor.ApiInterceptor - preHandle method is invoked /api/employee/15 GET 1.68977206138E12
16702 [Test worker] INFO  c.s.p.interceptor.ApiInterceptor - preHandle method is invoked /api/employee/department GET 1.689772061402E12
16720 [Test worker] INFO  c.s.p.interceptor.ApiInterceptor - postHandle method is invoked /api/employee/department GET 1.68977206142E12
16721 [Test worker] INFO  c.s.p.interceptor.ApiInterceptor - after completion is invoked Time took is 0.018 seconds.
16728 [Test worker] INFO  c.s.p.interceptor.ApiInterceptor - preHandle method is invoked /api/employee/maxSalary GET 1.689772061428E12
16730 [Test worker] INFO  c.s.p.interceptor.ApiInterceptor - postHandle method is invoked /api/employee/maxSalary GET 1.68977206143E12
16731 [Test worker] INFO  c.s.p.interceptor.ApiInterceptor - after completion is invoked Time took is 0.002 seconds.
16757 [Test worker] INFO  c.s.p.interceptor.ApiInterceptor - preHandle method is invoked /api/employee/updateSalaryById PUT 1.689772061457E12
16763 [Test worker] INFO  c.s.p.interceptor.ApiInterceptor - postHandle method is invoked /api/employee/updateSalaryById PUT 1.689772061463E12
16763 [Test worker] INFO  c.s.p.interceptor.ApiInterceptor - after completion is invoked Time took is 0.006 seconds.
16769 [Test worker] INFO  c.s.p.interceptor.ApiInterceptor - preHandle method is invoked /api/employee/findAll GET 1.689772061469E12
16771 [Test worker] INFO  c.s.p.interceptor.ApiInterceptor - postHandle method is invoked /api/employee/findAll GET 1.689772061471E12
16771 [Test worker] INFO  c.s.p.interceptor.ApiInterceptor - after completion is invoked Time took is 0.002 seconds.
16777 [Test worker] INFO  c.s.p.interceptor.ApiInterceptor - preHandle method is invoked /api/employee/course GET 1.689772061477E12
16779 [Test worker] INFO  c.s.p.interceptor.ApiInterceptor - postHandle method is invoked /api/employee/course GET 1.689772061479E12
16779 [Test worker] INFO  c.s.p.interceptor.ApiInterceptor - after completion is invoked Time took is 0.002 seconds.
16786 [Test worker] INFO  c.s.p.interceptor.ApiInterceptor - preHandle method is invoked /api/employee POST 1.689772061486E12
16795 [Test worker] INFO  c.s.p.interceptor.ApiInterceptor - postHandle method is invoked /api/employee POST 1.689772061495E12
16795 [Test worker] INFO  c.s.p.interceptor.ApiInterceptor - after completion is invoked Time took is 0.009 seconds.
16802 [Test worker] INFO  c.s.p.interceptor.ApiInterceptor - preHandle method is invoked /api/employee GET 1.689772061502E12
16805 [Test worker] INFO  c.s.p.interceptor.ApiInterceptor - after completion is invoked Time took is -0.007 seconds.
16812 [Test worker] INFO  c.s.p.interceptor.ApiInterceptor - preHandle method is invoked /api/employee PUT 1.689772061512E12
16815 [Test worker] INFO  c.s.p.interceptor.ApiInterceptor - after completion is invoked Time took is -0.017 seconds.
16823 [Test worker] INFO  c.s.p.interceptor.ApiInterceptor - preHandle method is invoked /api/employee GET 1.689772061523E12
16850 [Test worker] INFO  c.s.p.interceptor.ApiInterceptor - after completion is invoked Time took is -0.028 seconds.
16857 [Test worker] INFO  c.s.p.interceptor.ApiInterceptor - preHandle method is invoked /api/employee/1 DELETE 1.689772061557E12
16859 [Test worker] INFO  c.s.p.interceptor.ApiInterceptor - postHandle method is invoked /api/employee/1 DELETE 1.689772061559E12
16859 [Test worker] INFO  c.s.p.interceptor.ApiInterceptor - after completion is invoked Time took is 0.002 seconds.
16864 [Test worker] INFO  c.s.p.interceptor.ApiInterceptor - preHandle method is invoked /api/employee/department/maxSalary GET 1.689772061564E12
16868 [Test worker] INFO  c.s.p.interceptor.ApiInterceptor - after completion is invoked Time took is -0.005 seconds.
16873 [Test worker] INFO  c.s.p.interceptor.ApiInterceptor - preHandle method is invoked /api/employee/maxSalary GET 1.689772061573E12
16876 [Test worker] INFO  c.s.p.interceptor.ApiInterceptor - after completion is invoked Time took is -0.014 seconds.
16882 [Test worker] INFO  c.s.p.interceptor.ApiInterceptor - preHandle method is invoked /api/employee PUT 1.689772061582E12
16883 [Test worker] INFO  c.s.p.interceptor.ApiInterceptor - postHandle method is invoked /api/employee PUT 1.689772061583E12
16883 [Test worker] INFO  c.s.p.interceptor.ApiInterceptor - after completion is invoked Time took is 0.001 seconds.
16891 [Test worker] INFO  c.s.p.interceptor.ApiInterceptor - preHandle method is invoked /api/employee/insertAll POST 1.689772061591E12
16897 [Test worker] INFO  c.s.p.interceptor.ApiInterceptor - postHandle method is invoked /api/employee/insertAll POST 1.689772061597E12
16897 [Test worker] INFO  c.s.p.interceptor.ApiInterceptor - after completion is invoked Time took is 0.006 seconds.
16906 [Test worker] INFO  c.s.p.interceptor.ApiInterceptor - preHandle method is invoked /api/employee/1 DELETE 1.689772061606E12
16908 [Test worker] INFO  c.s.p.interceptor.ApiInterceptor - after completion is invoked Time took is -0.009 seconds.
16914 [Test worker] INFO  c.s.p.interceptor.ApiInterceptor - preHandle method is invoked /api/employee/1 GET 1.689772061614E12
16919 [Test worker] INFO  c.s.p.interceptor.ApiInterceptor - postHandle method is invoked /api/employee/1 GET 1.689772061619E12
16920 [Test worker] INFO  c.s.p.interceptor.ApiInterceptor - after completion is invoked Time took is 0.005 seconds.
16926 [Test worker] INFO  c.s.p.interceptor.ApiInterceptor - preHandle method is invoked /api/employee/department GET 1.689772061626E12
16928 [Test worker] INFO  c.s.p.interceptor.ApiInterceptor - after completion is invoked Time took is -0.007 seconds.
16933 [Test worker] INFO  c.s.p.interceptor.ApiInterceptor - preHandle method is invoked /api/employee/0 GET 1.689772061633E12
16935 [Test worker] INFO  c.s.p.interceptor.ApiInterceptor - after completion is invoked Time took is -0.014 seconds.
16941 [Test worker] INFO  c.s.p.interceptor.ApiInterceptor - preHandle method is invoked /api/employee/findAll GET 1.689772061641E12
16944 [Test worker] INFO  c.s.p.interceptor.ApiInterceptor - after completion is invoked Time took is -0.022 seconds.
16948 [Test worker] INFO  c.s.p.interceptor.ApiInterceptor - preHandle method is invoked /api/employee/course GET 1.689772061648E12
16950 [Test worker] INFO  c.s.p.interceptor.ApiInterceptor - after completion is invoked Time took is -0.029 seconds.
16956 [Test worker] INFO  c.s.p.interceptor.ApiInterceptor - preHandle method is invoked /api/employee/updateSalaryById PUT 1.689772061656E12
16958 [Test worker] INFO  c.s.p.interceptor.ApiInterceptor - after completion is invoked Time took is -0.037 seconds.
16964 [Test worker] INFO  c.s.p.interceptor.ApiInterceptor - preHandle method is invoked /api/employee/department/maxSalary GET 1.689772061664E12
16966 [Test worker] INFO  c.s.p.interceptor.ApiInterceptor - postHandle method is invoked /api/employee/department/maxSalary GET 1.689772061666E12
16966 [Test worker] INFO  c.s.p.interceptor.ApiInterceptor - after completion is invoked Time took is 0.002 seconds.
16972 [Test worker] INFO  c.s.p.interceptor.ApiInterceptor - preHandle method is invoked /api/employee GET 1.689772061672E12
16973 [Test worker] INFO  c.s.p.interceptor.ApiInterceptor - postHandle method is invoked /api/employee GET 1.689772061673E12
16973 [Test worker] INFO  c.s.p.interceptor.ApiInterceptor - after completion is invoked Time took is 0.001 seconds.
17030 [Test worker] INFO  c.s.p.service.CourseServiceTest - Starting CourseServiceTest using Java 17.0.7 with PID 13092 (started by ssama in C:\Users\ssama\Desktop\project\springproject)
17030 [Test worker] DEBUG c.s.p.service.CourseServiceTest - Running with Spring Boot v3.1.1, Spring v6.0.10
17032 [Test worker] INFO  c.s.p.service.CourseServiceTest - No active profile set, falling back to 1 default profile: "default"
17982 [Test worker] INFO  c.s.p.service.CourseServiceTest - Started CourseServiceTest in 0.989 seconds (process running for 19.969)
18111 [Test worker] INFO  c.s.p.service.EmployeeServiceTest - Starting EmployeeServiceTest using Java 17.0.7 with PID 13092 (started by ssama in C:\Users\ssama\Desktop\project\springproject)
18111 [Test worker] DEBUG c.s.p.service.EmployeeServiceTest - Running with Spring Boot v3.1.1, Spring v6.0.10
18112 [Test worker] INFO  c.s.p.service.EmployeeServiceTest - No active profile set, falling back to 1 default profile: "default"
18920 [Test worker] INFO  c.s.p.service.EmployeeServiceTest - Started EmployeeServiceTest in 0.839 seconds (process running for 20.909)
18976 [Test worker] INFO  c.s.p.service.EmployeeServiceImpl - Course already exists !
18976 [Test worker] INFO  c.s.p.service.EmployeeServiceImpl - Course already exists !
19010 [Test worker] INFO  c.s.p.service.EmployeeServiceImpl - Course already exists !
19010 [Test worker] INFO  c.s.p.service.EmployeeServiceImpl - Course already exists !
19040 [Test worker] ERROR c.s.p.service.EmployeeServiceImpl - Employee with id : 0  does not exist ! 
19089 [Test worker] ERROR c.s.p.service.EmployeeServiceImpl - Employee with lastname sujith is not inserted
19969 [Test worker] INFO  c.sujith.project.ProjectApplication - Starting ProjectApplication using Java 17.0.7 with PID 13092 (started by ssama in C:\Users\ssama\Desktop\project\springproject)
19969 [Test worker] DEBUG c.sujith.project.ProjectApplication - Running with Spring Boot v3.1.1, Spring v6.0.10
19969 [Test worker] INFO  c.sujith.project.ProjectApplication - No active profile set, falling back to 1 default profile: "default"
21317 [Test worker] INFO  c.sujith.project.ProjectApplication - Started ProjectApplication in 1.378 seconds (process running for 23.306)
21347 [Test worker] INFO  c.s.p.c.AddressControllerTest - Starting AddressControllerTest using Java 17.0.7 with PID 13092 (started by ssama in C:\Users\ssama\Desktop\project\springproject)
21348 [Test worker] DEBUG c.s.p.c.AddressControllerTest - Running with Spring Boot v3.1.1, Spring v6.0.10
21348 [Test worker] INFO  c.s.p.c.AddressControllerTest - No active profile set, falling back to 1 default profile: "default"
22081 [Test worker] INFO  c.s.p.c.AddressControllerTest - Started AddressControllerTest in 0.754 seconds (process running for 24.069)
22086 [Test worker] INFO  c.s.p.interceptor.ApiInterceptor - preHandle method is invoked /api/address GET 1.689772066786E12
22089 [Test worker] INFO  c.s.p.interceptor.ApiInterceptor - postHandle method is invoked /api/address GET 1.689772066789E12
22089 [Test worker] INFO  c.s.p.interceptor.ApiInterceptor - after completion is invoked Time took is 0.003 seconds.
22094 [Test worker] INFO  c.s.p.interceptor.ApiInterceptor - preHandle method is invoked /api/address GET 1.689772066794E12
22099 [Test worker] INFO  c.s.p.interceptor.ApiInterceptor - after completion is invoked Time took is -0.005 seconds.
22129 [Test worker] INFO  c.s.p.service.AddressServiceTest - Starting AddressServiceTest using Java 17.0.7 with PID 13092 (started by ssama in C:\Users\ssama\Desktop\project\springproject)
22130 [Test worker] DEBUG c.s.p.service.AddressServiceTest - Running with Spring Boot v3.1.1, Spring v6.0.10
22130 [Test worker] INFO  c.s.p.service.AddressServiceTest - No active profile set, falling back to 1 default profile: "default"
22890 [Test worker] INFO  c.s.p.service.AddressServiceTest - Started AddressServiceTest in 0.781 seconds (process running for 24.877)
2547 [Test worker] INFO  c.s.p.c.CourseControllerTest - Starting CourseControllerTest using Java 17.0.7 with PID 4628 (started by ssama in C:\Users\ssama\Desktop\project\springproject)
2550 [Test worker] DEBUG c.s.p.c.CourseControllerTest - Running with Spring Boot v3.1.1, Spring v6.0.10
2552 [Test worker] INFO  c.s.p.c.CourseControllerTest - No active profile set, falling back to 1 default profile: "default"
12515 [Test worker] INFO  c.s.p.c.CourseControllerTest - Started CourseControllerTest in 10.664 seconds (process running for 14.421)
12682 [Test worker] INFO  c.s.p.interceptor.ApiInterceptor - preHandle method is invoked /api/courses GET 1.689772238786E12
12936 [Test worker] INFO  c.s.p.interceptor.ApiInterceptor - postHandle method is invoked /api/courses GET 1.689772239041E12
12940 [Test worker] INFO  c.s.p.interceptor.ApiInterceptor - after completion is invoked Time took is 0.255 seconds.
12971 [Test worker] INFO  c.s.p.interceptor.ApiInterceptor - preHandle method is invoked /api/courses/insertMany POST 1.689772239076E12
13062 [Test worker] INFO  c.s.p.interceptor.ApiInterceptor - postHandle method is invoked /api/courses/insertMany POST 1.689772239167E12
13062 [Test worker] INFO  c.s.p.interceptor.ApiInterceptor - after completion is invoked Time took is 0.091 seconds.
13072 [Test worker] INFO  c.s.p.interceptor.ApiInterceptor - preHandle method is invoked /api/courses POST 1.689772239177E12
13092 [Test worker] INFO  c.s.p.interceptor.ApiInterceptor - after completion is invoked Time took is -0.01 seconds.
13107 [Test worker] INFO  c.s.p.interceptor.ApiInterceptor - preHandle method is invoked /api/courses POST 1.689772239212E12
13114 [Test worker] INFO  c.s.p.interceptor.ApiInterceptor - postHandle method is invoked /api/courses POST 1.689772239219E12
13114 [Test worker] INFO  c.s.p.interceptor.ApiInterceptor - after completion is invoked Time took is 0.007 seconds.
13119 [Test worker] INFO  c.s.p.interceptor.ApiInterceptor - preHandle method is invoked /api/courses GET 1.689772239224E12
13121 [Test worker] INFO  c.s.p.interceptor.ApiInterceptor - after completion is invoked Time took is -0.005 seconds.
13216 [Test worker] INFO  c.s.p.interceptor.ApiInterceptor - preHandle method is invoked /api/courses/insertMany POST 1.689772239321E12
13219 [Test worker] INFO  c.s.p.interceptor.ApiInterceptor - after completion is invoked Time took is -0.102 seconds.
13266 [Test worker] INFO  c.s.p.c.EmployeeControllerTest - Starting EmployeeControllerTest using Java 17.0.7 with PID 4628 (started by ssama in C:\Users\ssama\Desktop\project\springproject)
13266 [Test worker] DEBUG c.s.p.c.EmployeeControllerTest - Running with Spring Boot v3.1.1, Spring v6.0.10
13266 [Test worker] INFO  c.s.p.c.EmployeeControllerTest - No active profile set, falling back to 1 default profile: "default"
14182 [Test worker] INFO  c.s.p.c.EmployeeControllerTest - Started EmployeeControllerTest in 0.943 seconds (process running for 16.087)
14189 [Test worker] INFO  c.s.p.interceptor.ApiInterceptor - preHandle method is invoked /api/employee/15 GET 1.689772240294E12
14207 [Test worker] INFO  c.s.p.interceptor.ApiInterceptor - preHandle method is invoked /api/employee/department GET 1.689772240312E12
14223 [Test worker] INFO  c.s.p.interceptor.ApiInterceptor - postHandle method is invoked /api/employee/department GET 1.689772240328E12
14224 [Test worker] INFO  c.s.p.interceptor.ApiInterceptor - after completion is invoked Time took is 0.016 seconds.
14231 [Test worker] INFO  c.s.p.interceptor.ApiInterceptor - preHandle method is invoked /api/employee/maxSalary GET 1.689772240336E12
14234 [Test worker] INFO  c.s.p.interceptor.ApiInterceptor - postHandle method is invoked /api/employee/maxSalary GET 1.689772240339E12
14234 [Test worker] INFO  c.s.p.interceptor.ApiInterceptor - after completion is invoked Time took is 0.003 seconds.
14259 [Test worker] INFO  c.s.p.interceptor.ApiInterceptor - preHandle method is invoked /api/employee/updateSalaryById PUT 1.689772240364E12
14263 [Test worker] INFO  c.s.p.interceptor.ApiInterceptor - postHandle method is invoked /api/employee/updateSalaryById PUT 1.689772240368E12
14265 [Test worker] INFO  c.s.p.interceptor.ApiInterceptor - after completion is invoked Time took is 0.004 seconds.
14272 [Test worker] INFO  c.s.p.interceptor.ApiInterceptor - preHandle method is invoked /api/employee/findAll GET 1.689772240377E12
14274 [Test worker] INFO  c.s.p.interceptor.ApiInterceptor - postHandle method is invoked /api/employee/findAll GET 1.689772240379E12
14274 [Test worker] INFO  c.s.p.interceptor.ApiInterceptor - after completion is invoked Time took is 0.002 seconds.
14282 [Test worker] INFO  c.s.p.interceptor.ApiInterceptor - preHandle method is invoked /api/employee/course GET 1.689772240387E12
14285 [Test worker] INFO  c.s.p.interceptor.ApiInterceptor - postHandle method is invoked /api/employee/course GET 1.68977224039E12
14286 [Test worker] INFO  c.s.p.interceptor.ApiInterceptor - after completion is invoked Time took is 0.003 seconds.
14296 [Test worker] INFO  c.s.p.interceptor.ApiInterceptor - preHandle method is invoked /api/employee POST 1.6897722404E12
14306 [Test worker] INFO  c.s.p.interceptor.ApiInterceptor - postHandle method is invoked /api/employee POST 1.689772240411E12
14306 [Test worker] INFO  c.s.p.interceptor.ApiInterceptor - after completion is invoked Time took is 0.011 seconds.
14314 [Test worker] INFO  c.s.p.interceptor.ApiInterceptor - preHandle method is invoked /api/employee GET 1.689772240419E12
14317 [Test worker] INFO  c.s.p.interceptor.ApiInterceptor - after completion is invoked Time took is -0.008 seconds.
14322 [Test worker] INFO  c.s.p.interceptor.ApiInterceptor - preHandle method is invoked /api/employee PUT 1.689772240427E12
14325 [Test worker] INFO  c.s.p.interceptor.ApiInterceptor - after completion is invoked Time took is -0.016 seconds.
14333 [Test worker] INFO  c.s.p.interceptor.ApiInterceptor - preHandle method is invoked /api/employee GET 1.689772240438E12
14364 [Test worker] INFO  c.s.p.interceptor.ApiInterceptor - after completion is invoked Time took is -0.027 seconds.
14369 [Test worker] INFO  c.s.p.interceptor.ApiInterceptor - preHandle method is invoked /api/employee/1 DELETE 1.689772240474E12
14371 [Test worker] INFO  c.s.p.interceptor.ApiInterceptor - postHandle method is invoked /api/employee/1 DELETE 1.689772240476E12
14371 [Test worker] INFO  c.s.p.interceptor.ApiInterceptor - after completion is invoked Time took is 0.002 seconds.
14378 [Test worker] INFO  c.s.p.interceptor.ApiInterceptor - preHandle method is invoked /api/employee/department/maxSalary GET 1.689772240483E12
14380 [Test worker] INFO  c.s.p.interceptor.ApiInterceptor - after completion is invoked Time took is -0.007 seconds.
14386 [Test worker] INFO  c.s.p.interceptor.ApiInterceptor - preHandle method is invoked /api/employee/maxSalary GET 1.689772240491E12
14388 [Test worker] INFO  c.s.p.interceptor.ApiInterceptor - after completion is invoked Time took is -0.015 seconds.
14396 [Test worker] INFO  c.s.p.interceptor.ApiInterceptor - preHandle method is invoked /api/employee PUT 1.689772240501E12
14399 [Test worker] INFO  c.s.p.interceptor.ApiInterceptor - postHandle method is invoked /api/employee PUT 1.689772240504E12
14400 [Test worker] INFO  c.s.p.interceptor.ApiInterceptor - after completion is invoked Time took is 0.003 seconds.
14408 [Test worker] INFO  c.s.p.interceptor.ApiInterceptor - preHandle method is invoked /api/employee/insertAll POST 1.689772240513E12
14416 [Test worker] INFO  c.s.p.interceptor.ApiInterceptor - postHandle method is invoked /api/employee/insertAll POST 1.689772240521E12
14416 [Test worker] INFO  c.s.p.interceptor.ApiInterceptor - after completion is invoked Time took is 0.008 seconds.
14424 [Test worker] INFO  c.s.p.interceptor.ApiInterceptor - preHandle method is invoked /api/employee/1 DELETE 1.689772240529E12
14426 [Test worker] INFO  c.s.p.interceptor.ApiInterceptor - after completion is invoked Time took is -0.008 seconds.
14431 [Test worker] INFO  c.s.p.interceptor.ApiInterceptor - preHandle method is invoked /api/employee/1 GET 1.689772240536E12
14437 [Test worker] INFO  c.s.p.interceptor.ApiInterceptor - postHandle method is invoked /api/employee/1 GET 1.689772240542E12
14438 [Test worker] INFO  c.s.p.interceptor.ApiInterceptor - after completion is invoked Time took is 0.006 seconds.
14442 [Test worker] INFO  c.s.p.interceptor.ApiInterceptor - preHandle method is invoked /api/employee/department GET 1.689772240547E12
14445 [Test worker] INFO  c.s.p.interceptor.ApiInterceptor - after completion is invoked Time took is -0.005 seconds.
14451 [Test worker] INFO  c.s.p.interceptor.ApiInterceptor - preHandle method is invoked /api/employee/0 GET 1.689772240556E12
14454 [Test worker] INFO  c.s.p.interceptor.ApiInterceptor - after completion is invoked Time took is -0.014 seconds.
14460 [Test worker] INFO  c.s.p.interceptor.ApiInterceptor - preHandle method is invoked /api/employee/findAll GET 1.689772240565E12
14461 [Test worker] INFO  c.s.p.interceptor.ApiInterceptor - after completion is invoked Time took is -0.023 seconds.
14467 [Test worker] INFO  c.s.p.interceptor.ApiInterceptor - preHandle method is invoked /api/employee/course GET 1.689772240572E12
14470 [Test worker] INFO  c.s.p.interceptor.ApiInterceptor - after completion is invoked Time took is -0.03 seconds.
14474 [Test worker] INFO  c.s.p.interceptor.ApiInterceptor - preHandle method is invoked /api/employee/updateSalaryById PUT 1.689772240579E12
14476 [Test worker] INFO  c.s.p.interceptor.ApiInterceptor - after completion is invoked Time took is -0.037 seconds.
14481 [Test worker] INFO  c.s.p.interceptor.ApiInterceptor - preHandle method is invoked /api/employee/department/maxSalary GET 1.689772240586E12
14483 [Test worker] INFO  c.s.p.interceptor.ApiInterceptor - postHandle method is invoked /api/employee/department/maxSalary GET 1.689772240588E12
14483 [Test worker] INFO  c.s.p.interceptor.ApiInterceptor - after completion is invoked Time took is 0.002 seconds.
14489 [Test worker] INFO  c.s.p.interceptor.ApiInterceptor - preHandle method is invoked /api/employee GET 1.689772240594E12
14491 [Test worker] INFO  c.s.p.interceptor.ApiInterceptor - postHandle method is invoked /api/employee GET 1.689772240596E12
14491 [Test worker] INFO  c.s.p.interceptor.ApiInterceptor - after completion is invoked Time took is 0.002 seconds.
14541 [Test worker] INFO  c.s.p.service.CourseServiceTest - Starting CourseServiceTest using Java 17.0.7 with PID 4628 (started by ssama in C:\Users\ssama\Desktop\project\springproject)
14541 [Test worker] DEBUG c.s.p.service.CourseServiceTest - Running with Spring Boot v3.1.1, Spring v6.0.10
14541 [Test worker] INFO  c.s.p.service.CourseServiceTest - No active profile set, falling back to 1 default profile: "default"
15482 [Test worker] INFO  c.s.p.service.CourseServiceTest - Started CourseServiceTest in 0.97 seconds (process running for 17.388)
15614 [Test worker] INFO  c.s.p.service.EmployeeServiceTest - Starting EmployeeServiceTest using Java 17.0.7 with PID 4628 (started by ssama in C:\Users\ssama\Desktop\project\springproject)
15614 [Test worker] DEBUG c.s.p.service.EmployeeServiceTest - Running with Spring Boot v3.1.1, Spring v6.0.10
15614 [Test worker] INFO  c.s.p.service.EmployeeServiceTest - No active profile set, falling back to 1 default profile: "default"
16485 [Test worker] INFO  c.s.p.service.EmployeeServiceTest - Started EmployeeServiceTest in 0.899 seconds (process running for 18.39)
16525 [Test worker] INFO  c.s.p.service.EmployeeServiceImpl - Course already exists !
16525 [Test worker] INFO  c.s.p.service.EmployeeServiceImpl - Course already exists !
16557 [Test worker] INFO  c.s.p.service.EmployeeServiceImpl - Course already exists !
16559 [Test worker] INFO  c.s.p.service.EmployeeServiceImpl - Course already exists !
16579 [Test worker] ERROR c.s.p.service.EmployeeServiceImpl - Employee with id : 0  does not exist ! 
16624 [Test worker] ERROR c.s.p.service.EmployeeServiceImpl - Employee with lastname sujith is not inserted
17482 [Test worker] INFO  c.sujith.project.ProjectApplication - Starting ProjectApplication using Java 17.0.7 with PID 4628 (started by ssama in C:\Users\ssama\Desktop\project\springproject)
17483 [Test worker] DEBUG c.sujith.project.ProjectApplication - Running with Spring Boot v3.1.1, Spring v6.0.10
17483 [Test worker] INFO  c.sujith.project.ProjectApplication - No active profile set, falling back to 1 default profile: "default"
18849 [Test worker] INFO  c.sujith.project.ProjectApplication - Started ProjectApplication in 1.397 seconds (process running for 20.755)
18885 [Test worker] INFO  c.s.p.c.AddressControllerTest - Starting AddressControllerTest using Java 17.0.7 with PID 4628 (started by ssama in C:\Users\ssama\Desktop\project\springproject)
18885 [Test worker] DEBUG c.s.p.c.AddressControllerTest - Running with Spring Boot v3.1.1, Spring v6.0.10
18886 [Test worker] INFO  c.s.p.c.AddressControllerTest - No active profile set, falling back to 1 default profile: "default"
19719 [Test worker] INFO  c.s.p.c.AddressControllerTest - Started AddressControllerTest in 0.858 seconds (process running for 21.624)
19723 [Test worker] INFO  c.s.p.interceptor.ApiInterceptor - preHandle method is invoked /api/address GET 1.689772245828E12
19726 [Test worker] INFO  c.s.p.interceptor.ApiInterceptor - postHandle method is invoked /api/address GET 1.689772245831E12
19726 [Test worker] INFO  c.s.p.interceptor.ApiInterceptor - after completion is invoked Time took is 0.003 seconds.
19729 [Test worker] INFO  c.s.p.interceptor.ApiInterceptor - preHandle method is invoked /api/address GET 1.689772245834E12
19733 [Test worker] INFO  c.s.p.interceptor.ApiInterceptor - after completion is invoked Time took is -0.003 seconds.
19759 [Test worker] INFO  c.s.p.service.AddressServiceTest - Starting AddressServiceTest using Java 17.0.7 with PID 4628 (started by ssama in C:\Users\ssama\Desktop\project\springproject)
19760 [Test worker] DEBUG c.s.p.service.AddressServiceTest - Running with Spring Boot v3.1.1, Spring v6.0.10
19760 [Test worker] INFO  c.s.p.service.AddressServiceTest - No active profile set, falling back to 1 default profile: "default"
20472 [Test worker] INFO  c.s.p.service.AddressServiceTest - Started AddressServiceTest in 0.729 seconds (process running for 22.377)
1495 [Test worker] INFO  c.s.p.c.CourseControllerTest - Starting CourseControllerTest using Java 17.0.7 with PID 21804 (started by ssama in C:\Users\ssama\Desktop\project\springproject)
1496 [Test worker] DEBUG c.s.p.c.CourseControllerTest - Running with Spring Boot v3.1.1, Spring v6.0.10
1498 [Test worker] INFO  c.s.p.c.CourseControllerTest - No active profile set, falling back to 1 default profile: "default"
8240 [Test worker] INFO  c.s.p.c.CourseControllerTest - Starting CourseControllerTest using Java 17.0.7 with PID 21804 (started by ssama in C:\Users\ssama\Desktop\project\springproject)
8240 [Test worker] DEBUG c.s.p.c.CourseControllerTest - Running with Spring Boot v3.1.1, Spring v6.0.10
8240 [Test worker] INFO  c.s.p.c.CourseControllerTest - No active profile set, falling back to 1 default profile: "default"
9687 [Test worker] INFO  c.s.p.c.CourseControllerTest - Started CourseControllerTest in 1.495 seconds (process running for 11.02)
9802 [Test worker] INFO  c.s.p.interceptor.ApiInterceptor - preHandle method is invoked /api/courses/insertMany POST 1.689772377261E12
9992 [Test worker] INFO  c.s.p.interceptor.ApiInterceptor - postHandle method is invoked /api/courses/insertMany POST 1.689772377451E12
9995 [Test worker] INFO  c.s.p.interceptor.ApiInterceptor - after completion is invoked Time took is 0.19 seconds.
10018 [Test worker] INFO  c.s.p.interceptor.ApiInterceptor - preHandle method is invoked /api/courses POST 1.689772377477E12
10043 [Test worker] INFO  c.s.p.interceptor.ApiInterceptor - after completion is invoked Time took is -0.026 seconds.
10056 [Test worker] INFO  c.s.p.interceptor.ApiInterceptor - preHandle method is invoked /api/courses POST 1.689772377515E12
10061 [Test worker] INFO  c.s.p.interceptor.ApiInterceptor - postHandle method is invoked /api/courses POST 1.68977237752E12
10061 [Test worker] INFO  c.s.p.interceptor.ApiInterceptor - after completion is invoked Time took is 0.005 seconds.
10068 [Test worker] INFO  c.s.p.interceptor.ApiInterceptor - preHandle method is invoked /api/courses GET 1.689772377527E12
10070 [Test worker] INFO  c.s.p.interceptor.ApiInterceptor - after completion is invoked Time took is -0.007 seconds.
10127 [Test worker] INFO  c.s.p.interceptor.ApiInterceptor - preHandle method is invoked /api/courses/insertMany POST 1.689772377586E12
10130 [Test worker] INFO  c.s.p.interceptor.ApiInterceptor - after completion is invoked Time took is -0.066 seconds.
10173 [Test worker] INFO  c.s.p.c.EmployeeControllerTest - Starting EmployeeControllerTest using Java 17.0.7 with PID 21804 (started by ssama in C:\Users\ssama\Desktop\project\springproject)
10174 [Test worker] DEBUG c.s.p.c.EmployeeControllerTest - Running with Spring Boot v3.1.1, Spring v6.0.10
10174 [Test worker] INFO  c.s.p.c.EmployeeControllerTest - No active profile set, falling back to 1 default profile: "default"
10923 [Test worker] INFO  c.s.p.c.EmployeeControllerTest - Started EmployeeControllerTest in 0.775 seconds (process running for 12.257)
10931 [Test worker] INFO  c.s.p.interceptor.ApiInterceptor - preHandle method is invoked /api/employee/15 GET 1.68977237839E12
10944 [Test worker] INFO  c.s.p.interceptor.ApiInterceptor - preHandle method is invoked /api/employee/department GET 1.689772378403E12
10958 [Test worker] INFO  c.s.p.interceptor.ApiInterceptor - postHandle method is invoked /api/employee/department GET 1.689772378417E12
10958 [Test worker] INFO  c.s.p.interceptor.ApiInterceptor - after completion is invoked Time took is 0.014 seconds.
10963 [Test worker] INFO  c.s.p.interceptor.ApiInterceptor - preHandle method is invoked /api/employee/maxSalary GET 1.689772378422E12
10964 [Test worker] INFO  c.s.p.interceptor.ApiInterceptor - postHandle method is invoked /api/employee/maxSalary GET 1.689772378423E12
10965 [Test worker] INFO  c.s.p.interceptor.ApiInterceptor - after completion is invoked Time took is 0.001 seconds.
10979 [Test worker] INFO  c.s.p.interceptor.ApiInterceptor - preHandle method is invoked /api/employee/updateSalaryById PUT 1.689772378438E12
10982 [Test worker] INFO  c.s.p.interceptor.ApiInterceptor - postHandle method is invoked /api/employee/updateSalaryById PUT 1.689772378441E12
10983 [Test worker] INFO  c.s.p.interceptor.ApiInterceptor - after completion is invoked Time took is 0.003 seconds.
10987 [Test worker] INFO  c.s.p.interceptor.ApiInterceptor - preHandle method is invoked /api/employee/findAll GET 1.689772378446E12
10988 [Test worker] INFO  c.s.p.interceptor.ApiInterceptor - postHandle method is invoked /api/employee/findAll GET 1.689772378447E12
10988 [Test worker] INFO  c.s.p.interceptor.ApiInterceptor - after completion is invoked Time took is 0.001 seconds.
10994 [Test worker] INFO  c.s.p.interceptor.ApiInterceptor - preHandle method is invoked /api/employee/course GET 1.689772378453E12
10995 [Test worker] INFO  c.s.p.interceptor.ApiInterceptor - postHandle method is invoked /api/employee/course GET 1.689772378454E12
10996 [Test worker] INFO  c.s.p.interceptor.ApiInterceptor - after completion is invoked Time took is 0.001 seconds.
11004 [Test worker] INFO  c.s.p.interceptor.ApiInterceptor - preHandle method is invoked /api/employee POST 1.689772378463E12
11009 [Test worker] INFO  c.s.p.interceptor.ApiInterceptor - postHandle method is invoked /api/employee POST 1.689772378468E12
11010 [Test worker] INFO  c.s.p.interceptor.ApiInterceptor - after completion is invoked Time took is 0.005 seconds.
11015 [Test worker] INFO  c.s.p.interceptor.ApiInterceptor - preHandle method is invoked /api/employee GET 1.689772378474E12
11017 [Test worker] INFO  c.s.p.interceptor.ApiInterceptor - after completion is invoked Time took is -0.006 seconds.
11025 [Test worker] INFO  c.s.p.interceptor.ApiInterceptor - preHandle method is invoked /api/employee PUT 1.689772378484E12
11028 [Test worker] INFO  c.s.p.interceptor.ApiInterceptor - after completion is invoked Time took is -0.016 seconds.
11036 [Test worker] INFO  c.s.p.interceptor.ApiInterceptor - preHandle method is invoked /api/employee GET 1.689772378495E12
11052 [Test worker] INFO  c.s.p.interceptor.ApiInterceptor - after completion is invoked Time took is -0.027 seconds.
11058 [Test worker] INFO  c.s.p.interceptor.ApiInterceptor - preHandle method is invoked /api/employee/1 DELETE 1.689772378517E12
11060 [Test worker] INFO  c.s.p.interceptor.ApiInterceptor - postHandle method is invoked /api/employee/1 DELETE 1.689772378519E12
11061 [Test worker] INFO  c.s.p.interceptor.ApiInterceptor - after completion is invoked Time took is 0.002 seconds.
11064 [Test worker] INFO  c.s.p.interceptor.ApiInterceptor - preHandle method is invoked /api/employee/department/maxSalary GET 1.689772378523E12
11066 [Test worker] INFO  c.s.p.interceptor.ApiInterceptor - after completion is invoked Time took is -0.004 seconds.
11069 [Test worker] INFO  c.s.p.interceptor.ApiInterceptor - preHandle method is invoked /api/employee/maxSalary GET 1.689772378528E12
11071 [Test worker] INFO  c.s.p.interceptor.ApiInterceptor - after completion is invoked Time took is -0.009 seconds.
11078 [Test worker] INFO  c.s.p.interceptor.ApiInterceptor - preHandle method is invoked /api/employee PUT 1.689772378537E12
11079 [Test worker] INFO  c.s.p.interceptor.ApiInterceptor - postHandle method is invoked /api/employee PUT 1.689772378538E12
11079 [Test worker] INFO  c.s.p.interceptor.ApiInterceptor - after completion is invoked Time took is 0.001 seconds.
11085 [Test worker] INFO  c.s.p.interceptor.ApiInterceptor - preHandle method is invoked /api/employee/insertAll POST 1.689772378544E12
11089 [Test worker] INFO  c.s.p.interceptor.ApiInterceptor - postHandle method is invoked /api/employee/insertAll POST 1.689772378548E12
11090 [Test worker] INFO  c.s.p.interceptor.ApiInterceptor - after completion is invoked Time took is 0.004 seconds.
11094 [Test worker] INFO  c.s.p.interceptor.ApiInterceptor - preHandle method is invoked /api/employee/1 DELETE 1.689772378553E12
11097 [Test worker] INFO  c.s.p.interceptor.ApiInterceptor - after completion is invoked Time took is -0.005 seconds.
11102 [Test worker] INFO  c.s.p.interceptor.ApiInterceptor - preHandle method is invoked /api/employee/1 GET 1.689772378561E12
11105 [Test worker] INFO  c.s.p.interceptor.ApiInterceptor - postHandle method is invoked /api/employee/1 GET 1.689772378564E12
11105 [Test worker] INFO  c.s.p.interceptor.ApiInterceptor - after completion is invoked Time took is 0.003 seconds.
11110 [Test worker] INFO  c.s.p.interceptor.ApiInterceptor - preHandle method is invoked /api/employee/department GET 1.689772378569E12
11111 [Test worker] INFO  c.s.p.interceptor.ApiInterceptor - after completion is invoked Time took is -0.005 seconds.
11115 [Test worker] INFO  c.s.p.interceptor.ApiInterceptor - preHandle method is invoked /api/employee/0 GET 1.689772378574E12
11117 [Test worker] INFO  c.s.p.interceptor.ApiInterceptor - after completion is invoked Time took is -0.01 seconds.
11120 [Test worker] INFO  c.s.p.interceptor.ApiInterceptor - preHandle method is invoked /api/employee/findAll GET 1.689772378579E12
11121 [Test worker] INFO  c.s.p.interceptor.ApiInterceptor - after completion is invoked Time took is -0.015 seconds.
11125 [Test worker] INFO  c.s.p.interceptor.ApiInterceptor - preHandle method is invoked /api/employee/course GET 1.689772378584E12
11126 [Test worker] INFO  c.s.p.interceptor.ApiInterceptor - after completion is invoked Time took is -0.02 seconds.
11132 [Test worker] INFO  c.s.p.interceptor.ApiInterceptor - preHandle method is invoked /api/employee/updateSalaryById PUT 1.689772378591E12
11133 [Test worker] INFO  c.s.p.interceptor.ApiInterceptor - after completion is invoked Time took is -0.027 seconds.
11136 [Test worker] INFO  c.s.p.interceptor.ApiInterceptor - preHandle method is invoked /api/employee/department/maxSalary GET 1.689772378595E12
11137 [Test worker] INFO  c.s.p.interceptor.ApiInterceptor - postHandle method is invoked /api/employee/department/maxSalary GET 1.689772378596E12
11137 [Test worker] INFO  c.s.p.interceptor.ApiInterceptor - after completion is invoked Time took is 0.001 seconds.
11140 [Test worker] INFO  c.s.p.interceptor.ApiInterceptor - preHandle method is invoked /api/employee GET 1.689772378599E12
11141 [Test worker] INFO  c.s.p.interceptor.ApiInterceptor - postHandle method is invoked /api/employee GET 1.6897723786E12
11141 [Test worker] INFO  c.s.p.interceptor.ApiInterceptor - after completion is invoked Time took is 0.001 seconds.
11180 [Test worker] INFO  c.s.p.service.CourseServiceTest - Starting CourseServiceTest using Java 17.0.7 with PID 21804 (started by ssama in C:\Users\ssama\Desktop\project\springproject)
11180 [Test worker] DEBUG c.s.p.service.CourseServiceTest - Running with Spring Boot v3.1.1, Spring v6.0.10
11180 [Test worker] INFO  c.s.p.service.CourseServiceTest - No active profile set, falling back to 1 default profile: "default"
11903 [Test worker] INFO  c.s.p.service.CourseServiceTest - Started CourseServiceTest in 0.744 seconds (process running for 13.236)
12013 [Test worker] INFO  c.s.p.service.EmployeeServiceTest - Starting EmployeeServiceTest using Java 17.0.7 with PID 21804 (started by ssama in C:\Users\ssama\Desktop\project\springproject)
12014 [Test worker] DEBUG c.s.p.service.EmployeeServiceTest - Running with Spring Boot v3.1.1, Spring v6.0.10
12014 [Test worker] INFO  c.s.p.service.EmployeeServiceTest - No active profile set, falling back to 1 default profile: "default"
12872 [Test worker] INFO  c.s.p.service.EmployeeServiceTest - Started EmployeeServiceTest in 0.885 seconds (process running for 14.206)
12908 [Test worker] INFO  c.s.p.service.EmployeeServiceImpl - Course already exists !
12909 [Test worker] INFO  c.s.p.service.EmployeeServiceImpl - Course already exists !
12943 [Test worker] INFO  c.s.p.service.EmployeeServiceImpl - Course already exists !
12943 [Test worker] INFO  c.s.p.service.EmployeeServiceImpl - Course already exists !
12966 [Test worker] ERROR c.s.p.service.EmployeeServiceImpl - Employee with id : 0  does not exist ! 
13007 [Test worker] ERROR c.s.p.service.EmployeeServiceImpl - Employee with lastname sujith is not inserted
13858 [Test worker] INFO  c.sujith.project.ProjectApplication - Starting ProjectApplication using Java 17.0.7 with PID 21804 (started by ssama in C:\Users\ssama\Desktop\project\springproject)
13859 [Test worker] DEBUG c.sujith.project.ProjectApplication - Running with Spring Boot v3.1.1, Spring v6.0.10
13859 [Test worker] INFO  c.sujith.project.ProjectApplication - No active profile set, falling back to 1 default profile: "default"
15128 [Test worker] INFO  c.sujith.project.ProjectApplication - Started ProjectApplication in 1.306 seconds (process running for 16.462)
15176 [Test worker] INFO  c.s.p.c.AddressControllerTest - Starting AddressControllerTest using Java 17.0.7 with PID 21804 (started by ssama in C:\Users\ssama\Desktop\project\springproject)
15177 [Test worker] DEBUG c.s.p.c.AddressControllerTest - Running with Spring Boot v3.1.1, Spring v6.0.10
15177 [Test worker] INFO  c.s.p.c.AddressControllerTest - No active profile set, falling back to 1 default profile: "default"
15949 [Test worker] INFO  c.s.p.c.AddressControllerTest - Started AddressControllerTest in 0.807 seconds (process running for 17.283)
15953 [Test worker] INFO  c.s.p.interceptor.ApiInterceptor - preHandle method is invoked /api/address GET 1.689772383412E12
15957 [Test worker] INFO  c.s.p.interceptor.ApiInterceptor - postHandle method is invoked /api/address GET 1.689772383416E12
15957 [Test worker] INFO  c.s.p.interceptor.ApiInterceptor - after completion is invoked Time took is 0.004 seconds.
15961 [Test worker] INFO  c.s.p.interceptor.ApiInterceptor - preHandle method is invoked /api/address GET 1.68977238342E12
15966 [Test worker] INFO  c.s.p.interceptor.ApiInterceptor - after completion is invoked Time took is -0.004 seconds.
15999 [Test worker] INFO  c.s.p.service.AddressServiceTest - Starting AddressServiceTest using Java 17.0.7 with PID 21804 (started by ssama in C:\Users\ssama\Desktop\project\springproject)
16000 [Test worker] DEBUG c.s.p.service.AddressServiceTest - Running with Spring Boot v3.1.1, Spring v6.0.10
16000 [Test worker] INFO  c.s.p.service.AddressServiceTest - No active profile set, falling back to 1 default profile: "default"
16768 [Test worker] INFO  c.s.p.service.AddressServiceTest - Started AddressServiceTest in 0.79 seconds (process running for 18.102)
1247 [Test worker] INFO  c.s.p.c.CourseControllerTest - Starting CourseControllerTest using Java 17.0.7 with PID 21092 (started by ssama in C:\Users\ssama\Desktop\project\springproject)
1248 [Test worker] DEBUG c.s.p.c.CourseControllerTest - Running with Spring Boot v3.1.1, Spring v6.0.10
1249 [Test worker] INFO  c.s.p.c.CourseControllerTest - No active profile set, falling back to 1 default profile: "default"
9797 [Test worker] INFO  c.s.p.c.CourseControllerTest - Started CourseControllerTest in 8.902 seconds (process running for 11.132)
9954 [Test worker] INFO  c.s.p.interceptor.ApiInterceptor - preHandle method is invoked /api/courses GET 1.689772406885E12
10145 [Test worker] INFO  c.s.p.interceptor.ApiInterceptor - postHandle method is invoked /api/courses GET 1.689772407076E12
10149 [Test worker] INFO  c.s.p.interceptor.ApiInterceptor - after completion is invoked Time took is 0.191 seconds.
10191 [Test worker] INFO  c.s.p.interceptor.ApiInterceptor - preHandle method is invoked /api/courses POST 1.689772407122E12
10291 [Test worker] INFO  c.s.p.interceptor.ApiInterceptor - after completion is invoked Time took is -0.046 seconds.
10360 [Test worker] INFO  c.s.p.c.EmployeeControllerTest - Starting EmployeeControllerTest using Java 17.0.7 with PID 21092 (started by ssama in C:\Users\ssama\Desktop\project\springproject)
10361 [Test worker] DEBUG c.s.p.c.EmployeeControllerTest - Running with Spring Boot v3.1.1, Spring v6.0.10
10361 [Test worker] INFO  c.s.p.c.EmployeeControllerTest - No active profile set, falling back to 1 default profile: "default"
11602 [Test worker] INFO  c.s.p.c.EmployeeControllerTest - Started EmployeeControllerTest in 1.277 seconds (process running for 12.936)
11614 [Test worker] INFO  c.s.p.interceptor.ApiInterceptor - preHandle method is invoked /api/employee PUT 1.689772408545E12
11702 [Test worker] INFO  c.s.p.service.CourseServiceTest - Starting CourseServiceTest using Java 17.0.7 with PID 21092 (started by ssama in C:\Users\ssama\Desktop\project\springproject)
11702 [Test worker] DEBUG c.s.p.service.CourseServiceTest - Running with Spring Boot v3.1.1, Spring v6.0.10
11703 [Test worker] INFO  c.s.p.service.CourseServiceTest - No active profile set, falling back to 1 default profile: "default"
12682 [Test worker] INFO  c.s.p.service.CourseServiceTest - Started CourseServiceTest in 1.017 seconds (process running for 14.016)
12809 [Test worker] INFO  c.s.p.service.EmployeeServiceTest - Starting EmployeeServiceTest using Java 17.0.7 with PID 21092 (started by ssama in C:\Users\ssama\Desktop\project\springproject)
12809 [Test worker] DEBUG c.s.p.service.EmployeeServiceTest - Running with Spring Boot v3.1.1, Spring v6.0.10
12810 [Test worker] INFO  c.s.p.service.EmployeeServiceTest - No active profile set, falling back to 1 default profile: "default"
13643 [Test worker] INFO  c.s.p.service.EmployeeServiceTest - Started EmployeeServiceTest in 0.881 seconds (process running for 14.978)
13654 [Test worker] ERROR c.s.p.service.EmployeeServiceImpl - Employee with lastname sujith is not inserted
1301 [Test worker] INFO  c.s.p.c.CourseControllerTest - Starting CourseControllerTest using Java 17.0.7 with PID 12480 (started by ssama in C:\Users\ssama\Desktop\project\springproject)
1302 [Test worker] DEBUG c.s.p.c.CourseControllerTest - Running with Spring Boot v3.1.1, Spring v6.0.10
1303 [Test worker] INFO  c.s.p.c.CourseControllerTest - No active profile set, falling back to 1 default profile: "default"
10136 [Test worker] INFO  c.s.p.c.CourseControllerTest - Started CourseControllerTest in 9.212 seconds (process running for 11.451)
10297 [Test worker] INFO  c.s.p.interceptor.ApiInterceptor - preHandle method is invoked /api/courses GET 1.689772431276E12
10509 [Test worker] INFO  c.s.p.interceptor.ApiInterceptor - postHandle method is invoked /api/courses GET 1.689772431488E12
10513 [Test worker] INFO  c.s.p.interceptor.ApiInterceptor - after completion is invoked Time took is 0.212 seconds.
10551 [Test worker] INFO  c.s.p.interceptor.ApiInterceptor - preHandle method is invoked /api/courses POST 1.68977243153E12
10644 [Test worker] INFO  c.s.p.interceptor.ApiInterceptor - after completion is invoked Time took is -0.042 seconds.
10718 [Test worker] INFO  c.s.p.c.EmployeeControllerTest - Starting EmployeeControllerTest using Java 17.0.7 with PID 12480 (started by ssama in C:\Users\ssama\Desktop\project\springproject)
10718 [Test worker] DEBUG c.s.p.c.EmployeeControllerTest - Running with Spring Boot v3.1.1, Spring v6.0.10
10718 [Test worker] INFO  c.s.p.c.EmployeeControllerTest - No active profile set, falling back to 1 default profile: "default"
11933 [Test worker] INFO  c.s.p.c.EmployeeControllerTest - Started EmployeeControllerTest in 1.26 seconds (process running for 13.247)
11947 [Test worker] INFO  c.s.p.interceptor.ApiInterceptor - preHandle method is invoked /api/employee PUT 1.689772432926E12
12024 [Test worker] INFO  c.s.p.service.CourseServiceTest - Starting CourseServiceTest using Java 17.0.7 with PID 12480 (started by ssama in C:\Users\ssama\Desktop\project\springproject)
12026 [Test worker] DEBUG c.s.p.service.CourseServiceTest - Running with Spring Boot v3.1.1, Spring v6.0.10
12026 [Test worker] INFO  c.s.p.service.CourseServiceTest - No active profile set, falling back to 1 default profile: "default"
12950 [Test worker] INFO  c.s.p.service.CourseServiceTest - Started CourseServiceTest in 0.954 seconds (process running for 14.264)
13049 [Test worker] INFO  c.s.p.service.EmployeeServiceTest - Starting EmployeeServiceTest using Java 17.0.7 with PID 12480 (started by ssama in C:\Users\ssama\Desktop\project\springproject)
13049 [Test worker] DEBUG c.s.p.service.EmployeeServiceTest - Running with Spring Boot v3.1.1, Spring v6.0.10
13050 [Test worker] INFO  c.s.p.service.EmployeeServiceTest - No active profile set, falling back to 1 default profile: "default"
13905 [Test worker] INFO  c.s.p.service.EmployeeServiceTest - Started EmployeeServiceTest in 0.89 seconds (process running for 15.219)
13913 [Test worker] ERROR c.s.p.service.EmployeeServiceImpl - Employee with lastname sujith is not inserted
10168 [Test worker] INFO  c.sujith.project.ProjectApplication - Starting ProjectApplication using Java 17.0.7 with PID 6500 (started by ssama in C:\Users\ssama\Desktop\project\springproject)
10169 [Test worker] DEBUG c.sujith.project.ProjectApplication - Running with Spring Boot v3.1.1, Spring v6.0.10
10170 [Test worker] INFO  c.sujith.project.ProjectApplication - No active profile set, falling back to 1 default profile: "default"
11544 [Test worker] INFO  c.sujith.project.ProjectApplication - Started ProjectApplication in 1.416 seconds (process running for 13.931)
11637 [Test worker] INFO  c.s.p.c.AddressControllerTest - Starting AddressControllerTest using Java 17.0.7 with PID 6500 (started by ssama in C:\Users\ssama\Desktop\project\springproject)
11637 [Test worker] DEBUG c.s.p.c.AddressControllerTest - Running with Spring Boot v3.1.1, Spring v6.0.10
11637 [Test worker] INFO  c.s.p.c.AddressControllerTest - No active profile set, falling back to 1 default profile: "default"
13498 [Test worker] INFO  c.s.p.c.AddressControllerTest - Started AddressControllerTest in 1.895 seconds (process running for 15.885)
13720 [Test worker] INFO  c.s.p.interceptor.ApiInterceptor - preHandle method is invoked /api/address GET 1.689772503738E12
14110 [Test worker] INFO  c.s.p.interceptor.ApiInterceptor - postHandle method is invoked /api/address GET 1.689772504128E12
14115 [Test worker] INFO  c.s.p.interceptor.ApiInterceptor - after completion is invoked Time took is 0.39 seconds.
14152 [Test worker] INFO  c.s.p.interceptor.ApiInterceptor - preHandle method is invoked /api/address GET 1.68977250417E12
14177 [Test worker] INFO  c.s.p.interceptor.ApiInterceptor - after completion is invoked Time took is -0.042 seconds.
14370 [Test worker] INFO  c.s.p.c.CourseControllerTest - Starting CourseControllerTest using Java 17.0.7 with PID 6500 (started by ssama in C:\Users\ssama\Desktop\project\springproject)
14371 [Test worker] DEBUG c.s.p.c.CourseControllerTest - Running with Spring Boot v3.1.1, Spring v6.0.10
14372 [Test worker] INFO  c.s.p.c.CourseControllerTest - No active profile set, falling back to 1 default profile: "default"
15767 [Test worker] INFO  c.s.p.c.CourseControllerTest - Started CourseControllerTest in 1.448 seconds (process running for 18.154)
15775 [Test worker] INFO  c.s.p.interceptor.ApiInterceptor - preHandle method is invoked /api/courses GET 1.689772505793E12
15783 [Test worker] INFO  c.s.p.interceptor.ApiInterceptor - postHandle method is invoked /api/courses GET 1.689772505801E12
15783 [Test worker] INFO  c.s.p.interceptor.ApiInterceptor - after completion is invoked Time took is 0.008 seconds.
15797 [Test worker] INFO  c.s.p.interceptor.ApiInterceptor - preHandle method is invoked /api/courses/insertMany POST 1.689772505815E12
15933 [Test worker] INFO  c.s.p.interceptor.ApiInterceptor - postHandle method is invoked /api/courses/insertMany POST 1.689772505951E12
15934 [Test worker] INFO  c.s.p.interceptor.ApiInterceptor - after completion is invoked Time took is 0.136 seconds.
15943 [Test worker] INFO  c.s.p.interceptor.ApiInterceptor - preHandle method is invoked /api/courses POST 1.689772505961E12
15954 [Test worker] INFO  c.s.p.interceptor.ApiInterceptor - after completion is invoked Time took is -0.01 seconds.
15973 [Test worker] INFO  c.s.p.interceptor.ApiInterceptor - preHandle method is invoked /api/courses POST 1.689772505991E12
15978 [Test worker] INFO  c.s.p.interceptor.ApiInterceptor - postHandle method is invoked /api/courses POST 1.689772505996E12
15979 [Test worker] INFO  c.s.p.interceptor.ApiInterceptor - after completion is invoked Time took is 0.005 seconds.
15989 [Test worker] INFO  c.s.p.interceptor.ApiInterceptor - preHandle method is invoked /api/courses GET 1.689772506007E12
15991 [Test worker] INFO  c.s.p.interceptor.ApiInterceptor - after completion is invoked Time took is -0.011 seconds.
16006 [Test worker] INFO  c.s.p.interceptor.ApiInterceptor - preHandle method is invoked /api/courses/insertMany POST 1.689772506024E12
16010 [Test worker] INFO  c.s.p.interceptor.ApiInterceptor - after completion is invoked Time took is -0.028 seconds.
16070 [Test worker] INFO  c.s.p.c.EmployeeControllerTest - Starting EmployeeControllerTest using Java 17.0.7 with PID 6500 (started by ssama in C:\Users\ssama\Desktop\project\springproject)
16071 [Test worker] DEBUG c.s.p.c.EmployeeControllerTest - Running with Spring Boot v3.1.1, Spring v6.0.10
16072 [Test worker] INFO  c.s.p.c.EmployeeControllerTest - No active profile set, falling back to 1 default profile: "default"
17234 [Test worker] INFO  c.s.p.c.EmployeeControllerTest - Started EmployeeControllerTest in 1.204 seconds (process running for 19.621)
17248 [Test worker] INFO  c.s.p.interceptor.ApiInterceptor - preHandle method is invoked /api/employee/15 GET 1.689772507266E12
17275 [Test worker] INFO  c.s.p.interceptor.ApiInterceptor - preHandle method is invoked /api/employee/department GET 1.689772507293E12
17299 [Test worker] INFO  c.s.p.interceptor.ApiInterceptor - postHandle method is invoked /api/employee/department GET 1.689772507317E12
17300 [Test worker] INFO  c.s.p.interceptor.ApiInterceptor - after completion is invoked Time took is 0.024 seconds.
17307 [Test worker] INFO  c.s.p.interceptor.ApiInterceptor - preHandle method is invoked /api/employee/maxSalary GET 1.689772507325E12
17310 [Test worker] INFO  c.s.p.interceptor.ApiInterceptor - postHandle method is invoked /api/employee/maxSalary GET 1.689772507328E12
17310 [Test worker] INFO  c.s.p.interceptor.ApiInterceptor - after completion is invoked Time took is 0.003 seconds.
17336 [Test worker] INFO  c.s.p.interceptor.ApiInterceptor - preHandle method is invoked /api/employee/updateSalaryById PUT 1.689772507354E12
17340 [Test worker] INFO  c.s.p.interceptor.ApiInterceptor - postHandle method is invoked /api/employee/updateSalaryById PUT 1.689772507358E12
17341 [Test worker] INFO  c.s.p.interceptor.ApiInterceptor - after completion is invoked Time took is 0.004 seconds.
17350 [Test worker] INFO  c.s.p.interceptor.ApiInterceptor - preHandle method is invoked /api/employee/findAll GET 1.689772507368E12
17353 [Test worker] INFO  c.s.p.interceptor.ApiInterceptor - postHandle method is invoked /api/employee/findAll GET 1.689772507371E12
17353 [Test worker] INFO  c.s.p.interceptor.ApiInterceptor - after completion is invoked Time took is 0.003 seconds.
17363 [Test worker] INFO  c.s.p.interceptor.ApiInterceptor - preHandle method is invoked /api/employee/course GET 1.68977250738E12
17365 [Test worker] INFO  c.s.p.interceptor.ApiInterceptor - postHandle method is invoked /api/employee/course GET 1.689772507383E12
17365 [Test worker] INFO  c.s.p.interceptor.ApiInterceptor - after completion is invoked Time took is 0.003 seconds.
17376 [Test worker] INFO  c.s.p.interceptor.ApiInterceptor - preHandle method is invoked /api/employee POST 1.689772507394E12
17385 [Test worker] INFO  c.s.p.interceptor.ApiInterceptor - postHandle method is invoked /api/employee POST 1.689772507403E12
17386 [Test worker] INFO  c.s.p.interceptor.ApiInterceptor - after completion is invoked Time took is 0.009 seconds.
17392 [Test worker] INFO  c.s.p.interceptor.ApiInterceptor - preHandle method is invoked /api/employee GET 1.68977250741E12
17395 [Test worker] INFO  c.s.p.interceptor.ApiInterceptor - after completion is invoked Time took is -0.007 seconds.
17404 [Test worker] INFO  c.s.p.interceptor.ApiInterceptor - preHandle method is invoked /api/employee PUT 1.689772507422E12
17408 [Test worker] INFO  c.s.p.interceptor.ApiInterceptor - after completion is invoked Time took is -0.019 seconds.
17416 [Test worker] INFO  c.s.p.interceptor.ApiInterceptor - preHandle method is invoked /api/employee GET 1.689772507434E12
17444 [Test worker] INFO  c.s.p.interceptor.ApiInterceptor - after completion is invoked Time took is -0.031 seconds.
17452 [Test worker] INFO  c.s.p.interceptor.ApiInterceptor - preHandle method is invoked /api/employee/1 DELETE 1.68977250747E12
17455 [Test worker] INFO  c.s.p.interceptor.ApiInterceptor - postHandle method is invoked /api/employee/1 DELETE 1.689772507473E12
17456 [Test worker] INFO  c.s.p.interceptor.ApiInterceptor - after completion is invoked Time took is 0.003 seconds.
17462 [Test worker] INFO  c.s.p.interceptor.ApiInterceptor - preHandle method is invoked /api/employee/department/maxSalary GET 1.68977250748E12
17464 [Test worker] INFO  c.s.p.interceptor.ApiInterceptor - after completion is invoked Time took is -0.007 seconds.
17470 [Test worker] INFO  c.s.p.interceptor.ApiInterceptor - preHandle method is invoked /api/employee/maxSalary GET 1.689772507488E12
17472 [Test worker] INFO  c.s.p.interceptor.ApiInterceptor - after completion is invoked Time took is -0.015 seconds.
17479 [Test worker] INFO  c.s.p.interceptor.ApiInterceptor - preHandle method is invoked /api/employee PUT 1.689772507497E12
17480 [Test worker] INFO  c.s.p.interceptor.ApiInterceptor - postHandle method is invoked /api/employee PUT 1.689772507498E12
17481 [Test worker] INFO  c.s.p.interceptor.ApiInterceptor - after completion is invoked Time took is 0.001 seconds.
17490 [Test worker] INFO  c.s.p.interceptor.ApiInterceptor - preHandle method is invoked /api/employee/insertAll POST 1.689772507508E12
17496 [Test worker] INFO  c.s.p.interceptor.ApiInterceptor - postHandle method is invoked /api/employee/insertAll POST 1.689772507514E12
17496 [Test worker] INFO  c.s.p.interceptor.ApiInterceptor - after completion is invoked Time took is 0.006 seconds.
17505 [Test worker] INFO  c.s.p.interceptor.ApiInterceptor - preHandle method is invoked /api/employee/1 DELETE 1.689772507523E12
17507 [Test worker] INFO  c.s.p.interceptor.ApiInterceptor - after completion is invoked Time took is -0.009 seconds.
17515 [Test worker] INFO  c.s.p.interceptor.ApiInterceptor - preHandle method is invoked /api/employee/1 GET 1.689772507533E12
17520 [Test worker] INFO  c.s.p.interceptor.ApiInterceptor - postHandle method is invoked /api/employee/1 GET 1.689772507538E12
17521 [Test worker] INFO  c.s.p.interceptor.ApiInterceptor - after completion is invoked Time took is 0.005 seconds.
17529 [Test worker] INFO  c.s.p.interceptor.ApiInterceptor - preHandle method is invoked /api/employee/department GET 1.689772507547E12
17532 [Test worker] INFO  c.s.p.interceptor.ApiInterceptor - after completion is invoked Time took is -0.009 seconds.
17539 [Test worker] INFO  c.s.p.interceptor.ApiInterceptor - preHandle method is invoked /api/employee/0 GET 1.689772507557E12
17542 [Test worker] INFO  c.s.p.interceptor.ApiInterceptor - after completion is invoked Time took is -0.019 seconds.
17547 [Test worker] INFO  c.s.p.interceptor.ApiInterceptor - preHandle method is invoked /api/employee/findAll GET 1.689772507565E12
17550 [Test worker] INFO  c.s.p.interceptor.ApiInterceptor - after completion is invoked Time took is -0.027 seconds.
17558 [Test worker] INFO  c.s.p.interceptor.ApiInterceptor - preHandle method is invoked /api/employee/course GET 1.689772507576E12
17560 [Test worker] INFO  c.s.p.interceptor.ApiInterceptor - after completion is invoked Time took is -0.038 seconds.
17569 [Test worker] INFO  c.s.p.interceptor.ApiInterceptor - preHandle method is invoked /api/employee/updateSalaryById PUT 1.689772507587E12
17571 [Test worker] INFO  c.s.p.interceptor.ApiInterceptor - after completion is invoked Time took is -0.049 seconds.
17579 [Test worker] INFO  c.s.p.interceptor.ApiInterceptor - preHandle method is invoked /api/employee/department/maxSalary GET 1.689772507597E12
17580 [Test worker] INFO  c.s.p.interceptor.ApiInterceptor - postHandle method is invoked /api/employee/department/maxSalary GET 1.689772507598E12
17580 [Test worker] INFO  c.s.p.interceptor.ApiInterceptor - after completion is invoked Time took is 0.001 seconds.
17586 [Test worker] INFO  c.s.p.interceptor.ApiInterceptor - preHandle method is invoked /api/employee GET 1.689772507604E12
17589 [Test worker] INFO  c.s.p.interceptor.ApiInterceptor - postHandle method is invoked /api/employee GET 1.689772507607E12
17589 [Test worker] INFO  c.s.p.interceptor.ApiInterceptor - after completion is invoked Time took is 0.003 seconds.
17653 [Test worker] INFO  c.s.p.service.AddressServiceTest - Starting AddressServiceTest using Java 17.0.7 with PID 6500 (started by ssama in C:\Users\ssama\Desktop\project\springproject)
17653 [Test worker] DEBUG c.s.p.service.AddressServiceTest - Running with Spring Boot v3.1.1, Spring v6.0.10
17654 [Test worker] INFO  c.s.p.service.AddressServiceTest - No active profile set, falling back to 1 default profile: "default"
18692 [Test worker] INFO  c.s.p.service.AddressServiceTest - Started AddressServiceTest in 1.074 seconds (process running for 21.079)
18774 [Test worker] INFO  c.s.p.service.CourseServiceTest - Starting CourseServiceTest using Java 17.0.7 with PID 6500 (started by ssama in C:\Users\ssama\Desktop\project\springproject)
18774 [Test worker] DEBUG c.s.p.service.CourseServiceTest - Running with Spring Boot v3.1.1, Spring v6.0.10
18775 [Test worker] INFO  c.s.p.service.CourseServiceTest - No active profile set, falling back to 1 default profile: "default"
19714 [Test worker] INFO  c.s.p.service.CourseServiceTest - Started CourseServiceTest in 0.966 seconds (process running for 22.102)
19820 [Test worker] INFO  c.s.p.service.EmployeeServiceTest - Starting EmployeeServiceTest using Java 17.0.7 with PID 6500 (started by ssama in C:\Users\ssama\Desktop\project\springproject)
19820 [Test worker] DEBUG c.s.p.service.EmployeeServiceTest - Running with Spring Boot v3.1.1, Spring v6.0.10
19821 [Test worker] INFO  c.s.p.service.EmployeeServiceTest - No active profile set, falling back to 1 default profile: "default"
20775 [Test worker] INFO  c.s.p.service.EmployeeServiceTest - Started EmployeeServiceTest in 0.986 seconds (process running for 23.163)
20820 [Test worker] INFO  c.s.p.service.EmployeeServiceImpl - Course already exists !
20820 [Test worker] INFO  c.s.p.service.EmployeeServiceImpl - Course already exists !
20864 [Test worker] INFO  c.s.p.service.EmployeeServiceImpl - Course already exists !
20864 [Test worker] INFO  c.s.p.service.EmployeeServiceImpl - Course already exists !
20892 [Test worker] ERROR c.s.p.service.EmployeeServiceImpl - Employee with id : 0  does not exist ! 
20942 [Test worker] ERROR c.s.p.service.EmployeeServiceImpl - Employee with lastname sujith is not inserted
1908 [Test worker] INFO  c.s.p.c.CourseControllerTest - Starting CourseControllerTest using Java 17.0.7 with PID 17696 (started by ssama in C:\Users\ssama\Desktop\project\springproject)
1909 [Test worker] DEBUG c.s.p.c.CourseControllerTest - Running with Spring Boot v3.1.1, Spring v6.0.10
1910 [Test worker] INFO  c.s.p.c.CourseControllerTest - No active profile set, falling back to 1 default profile: "default"
12401 [Test worker] INFO  c.s.p.c.CourseControllerTest - Started CourseControllerTest in 11.056 seconds (process running for 14.342)
12625 [Test worker] INFO  c.s.p.interceptor.ApiInterceptor - preHandle method is invoked /api/courses GET 1.68977255252E12
12922 [Test worker] INFO  c.s.p.interceptor.ApiInterceptor - postHandle method is invoked /api/courses GET 1.689772552817E12
12927 [Test worker] INFO  c.s.p.interceptor.ApiInterceptor - after completion is invoked Time took is 0.297 seconds.
12974 [Test worker] INFO  c.s.p.interceptor.ApiInterceptor - preHandle method is invoked /api/courses/insertMany POST 1.689772552869E12
13110 [Test worker] INFO  c.s.p.interceptor.ApiInterceptor - postHandle method is invoked /api/courses/insertMany POST 1.689772553005E12
13110 [Test worker] INFO  c.s.p.interceptor.ApiInterceptor - after completion is invoked Time took is 0.136 seconds.
13125 [Test worker] INFO  c.s.p.interceptor.ApiInterceptor - preHandle method is invoked /api/courses POST 1.68977255302E12
13150 [Test worker] INFO  c.s.p.interceptor.ApiInterceptor - after completion is invoked Time took is -0.015 seconds.
13165 [Test worker] INFO  c.s.p.interceptor.ApiInterceptor - preHandle method is invoked /api/courses POST 1.68977255306E12
13172 [Test worker] INFO  c.s.p.interceptor.ApiInterceptor - postHandle method is invoked /api/courses POST 1.689772553067E12
13172 [Test worker] INFO  c.s.p.interceptor.ApiInterceptor - after completion is invoked Time took is 0.007 seconds.
13179 [Test worker] INFO  c.s.p.interceptor.ApiInterceptor - preHandle method is invoked /api/courses GET 1.689772553074E12
13182 [Test worker] INFO  c.s.p.interceptor.ApiInterceptor - after completion is invoked Time took is -0.007 seconds.
13312 [Test worker] INFO  c.s.p.interceptor.ApiInterceptor - preHandle method is invoked /api/courses/insertMany POST 1.689772553207E12
13316 [Test worker] INFO  c.s.p.interceptor.ApiInterceptor - after completion is invoked Time took is -0.14 seconds.
13383 [Test worker] INFO  c.s.p.c.EmployeeControllerTest - Starting EmployeeControllerTest using Java 17.0.7 with PID 17696 (started by ssama in C:\Users\ssama\Desktop\project\springproject)
13383 [Test worker] DEBUG c.s.p.c.EmployeeControllerTest - Running with Spring Boot v3.1.1, Spring v6.0.10
13383 [Test worker] INFO  c.s.p.c.EmployeeControllerTest - No active profile set, falling back to 1 default profile: "default"
14499 [Test worker] INFO  c.s.p.c.EmployeeControllerTest - Started EmployeeControllerTest in 1.159 seconds (process running for 16.44)
14507 [Test worker] INFO  c.s.p.interceptor.ApiInterceptor - preHandle method is invoked /api/employee/15 GET 1.689772554402E12
14530 [Test worker] INFO  c.s.p.interceptor.ApiInterceptor - preHandle method is invoked /api/employee/department GET 1.689772554425E12
14548 [Test worker] INFO  c.s.p.interceptor.ApiInterceptor - postHandle method is invoked /api/employee/department GET 1.689772554443E12
14550 [Test worker] INFO  c.s.p.interceptor.ApiInterceptor - after completion is invoked Time took is 0.018 seconds.
14556 [Test worker] INFO  c.s.p.interceptor.ApiInterceptor - preHandle method is invoked /api/employee/maxSalary GET 1.689772554451E12
14557 [Test worker] INFO  c.s.p.interceptor.ApiInterceptor - postHandle method is invoked /api/employee/maxSalary GET 1.689772554452E12
14559 [Test worker] INFO  c.s.p.interceptor.ApiInterceptor - after completion is invoked Time took is 0.001 seconds.
14589 [Test worker] INFO  c.s.p.interceptor.ApiInterceptor - preHandle method is invoked /api/employee/updateSalaryById PUT 1.689772554484E12
14592 [Test worker] INFO  c.s.p.interceptor.ApiInterceptor - postHandle method is invoked /api/employee/updateSalaryById PUT 1.689772554487E12
14593 [Test worker] INFO  c.s.p.interceptor.ApiInterceptor - after completion is invoked Time took is 0.003 seconds.
14600 [Test worker] INFO  c.s.p.interceptor.ApiInterceptor - preHandle method is invoked /api/employee/findAll GET 1.689772554495E12
14602 [Test worker] INFO  c.s.p.interceptor.ApiInterceptor - postHandle method is invoked /api/employee/findAll GET 1.689772554497E12
14603 [Test worker] INFO  c.s.p.interceptor.ApiInterceptor - after completion is invoked Time took is 0.002 seconds.
14609 [Test worker] INFO  c.s.p.interceptor.ApiInterceptor - preHandle method is invoked /api/employee/course GET 1.689772554504E12
14612 [Test worker] INFO  c.s.p.interceptor.ApiInterceptor - postHandle method is invoked /api/employee/course GET 1.689772554507E12
14612 [Test worker] INFO  c.s.p.interceptor.ApiInterceptor - after completion is invoked Time took is 0.003 seconds.
14621 [Test worker] INFO  c.s.p.interceptor.ApiInterceptor - preHandle method is invoked /api/employee POST 1.689772554516E12
14628 [Test worker] INFO  c.s.p.interceptor.ApiInterceptor - postHandle method is invoked /api/employee POST 1.689772554523E12
14629 [Test worker] INFO  c.s.p.interceptor.ApiInterceptor - after completion is invoked Time took is 0.007 seconds.
14636 [Test worker] INFO  c.s.p.interceptor.ApiInterceptor - preHandle method is invoked /api/employee GET 1.689772554531E12
14638 [Test worker] INFO  c.s.p.interceptor.ApiInterceptor - after completion is invoked Time took is -0.008 seconds.
14643 [Test worker] INFO  c.s.p.interceptor.ApiInterceptor - preHandle method is invoked /api/employee PUT 1.689772554538E12
14645 [Test worker] INFO  c.s.p.interceptor.ApiInterceptor - after completion is invoked Time took is -0.015 seconds.
14656 [Test worker] INFO  c.s.p.interceptor.ApiInterceptor - preHandle method is invoked /api/employee GET 1.689772554551E12
14693 [Test worker] INFO  c.s.p.interceptor.ApiInterceptor - after completion is invoked Time took is -0.028 seconds.
14699 [Test worker] INFO  c.s.p.interceptor.ApiInterceptor - preHandle method is invoked /api/employee/1 DELETE 1.689772554594E12
14701 [Test worker] INFO  c.s.p.interceptor.ApiInterceptor - postHandle method is invoked /api/employee/1 DELETE 1.689772554596E12
14702 [Test worker] INFO  c.s.p.interceptor.ApiInterceptor - after completion is invoked Time took is 0.002 seconds.
14706 [Test worker] INFO  c.s.p.interceptor.ApiInterceptor - preHandle method is invoked /api/employee/department/maxSalary GET 1.689772554601E12
14708 [Test worker] INFO  c.s.p.interceptor.ApiInterceptor - after completion is invoked Time took is -0.005 seconds.
14715 [Test worker] INFO  c.s.p.interceptor.ApiInterceptor - preHandle method is invoked /api/employee/maxSalary GET 1.68977255461E12
14717 [Test worker] INFO  c.s.p.interceptor.ApiInterceptor - after completion is invoked Time took is -0.014 seconds.
14723 [Test worker] INFO  c.s.p.interceptor.ApiInterceptor - preHandle method is invoked /api/employee PUT 1.689772554618E12
14724 [Test worker] INFO  c.s.p.interceptor.ApiInterceptor - postHandle method is invoked /api/employee PUT 1.689772554619E12
14725 [Test worker] INFO  c.s.p.interceptor.ApiInterceptor - after completion is invoked Time took is 0.001 seconds.
14730 [Test worker] INFO  c.s.p.interceptor.ApiInterceptor - preHandle method is invoked /api/employee/insertAll POST 1.689772554625E12
14735 [Test worker] INFO  c.s.p.interceptor.ApiInterceptor - postHandle method is invoked /api/employee/insertAll POST 1.68977255463E12
14737 [Test worker] INFO  c.s.p.interceptor.ApiInterceptor - after completion is invoked Time took is 0.005 seconds.
14742 [Test worker] INFO  c.s.p.interceptor.ApiInterceptor - preHandle method is invoked /api/employee/1 DELETE 1.689772554637E12
14745 [Test worker] INFO  c.s.p.interceptor.ApiInterceptor - after completion is invoked Time took is -0.007 seconds.
14751 [Test worker] INFO  c.s.p.interceptor.ApiInterceptor - preHandle method is invoked /api/employee/1 GET 1.689772554646E12
14756 [Test worker] INFO  c.s.p.interceptor.ApiInterceptor - postHandle method is invoked /api/employee/1 GET 1.689772554651E12
14757 [Test worker] INFO  c.s.p.interceptor.ApiInterceptor - after completion is invoked Time took is 0.005 seconds.
14766 [Test worker] INFO  c.s.p.interceptor.ApiInterceptor - preHandle method is invoked /api/employee/department GET 1.689772554661E12
14768 [Test worker] INFO  c.s.p.interceptor.ApiInterceptor - after completion is invoked Time took is -0.01 seconds.
14774 [Test worker] INFO  c.s.p.interceptor.ApiInterceptor - preHandle method is invoked /api/employee/0 GET 1.689772554669E12
14777 [Test worker] INFO  c.s.p.interceptor.ApiInterceptor - after completion is invoked Time took is -0.018 seconds.
14783 [Test worker] INFO  c.s.p.interceptor.ApiInterceptor - preHandle method is invoked /api/employee/findAll GET 1.689772554678E12
14785 [Test worker] INFO  c.s.p.interceptor.ApiInterceptor - after completion is invoked Time took is -0.027 seconds.
14791 [Test worker] INFO  c.s.p.interceptor.ApiInterceptor - preHandle method is invoked /api/employee/course GET 1.689772554686E12
14792 [Test worker] INFO  c.s.p.interceptor.ApiInterceptor - after completion is invoked Time took is -0.035 seconds.
14797 [Test worker] INFO  c.s.p.interceptor.ApiInterceptor - preHandle method is invoked /api/employee/updateSalaryById PUT 1.689772554692E12
14799 [Test worker] INFO  c.s.p.interceptor.ApiInterceptor - after completion is invoked Time took is -0.041 seconds.
14804 [Test worker] INFO  c.s.p.interceptor.ApiInterceptor - preHandle method is invoked /api/employee/department/maxSalary GET 1.689772554699E12
14806 [Test worker] INFO  c.s.p.interceptor.ApiInterceptor - postHandle method is invoked /api/employee/department/maxSalary GET 1.689772554701E12
14806 [Test worker] INFO  c.s.p.interceptor.ApiInterceptor - after completion is invoked Time took is 0.002 seconds.
14811 [Test worker] INFO  c.s.p.interceptor.ApiInterceptor - preHandle method is invoked /api/employee GET 1.689772554706E12
14814 [Test worker] INFO  c.s.p.interceptor.ApiInterceptor - postHandle method is invoked /api/employee GET 1.689772554709E12
14814 [Test worker] INFO  c.s.p.interceptor.ApiInterceptor - after completion is invoked Time took is 0.003 seconds.
14880 [Test worker] INFO  c.s.p.service.CourseServiceTest - Starting CourseServiceTest using Java 17.0.7 with PID 17696 (started by ssama in C:\Users\ssama\Desktop\project\springproject)
14880 [Test worker] DEBUG c.s.p.service.CourseServiceTest - Running with Spring Boot v3.1.1, Spring v6.0.10
14880 [Test worker] INFO  c.s.p.service.CourseServiceTest - No active profile set, falling back to 1 default profile: "default"
15826 [Test worker] INFO  c.s.p.service.CourseServiceTest - Started CourseServiceTest in 0.986 seconds (process running for 17.767)
15958 [Test worker] INFO  c.s.p.service.EmployeeServiceTest - Starting EmployeeServiceTest using Java 17.0.7 with PID 17696 (started by ssama in C:\Users\ssama\Desktop\project\springproject)
15958 [Test worker] DEBUG c.s.p.service.EmployeeServiceTest - Running with Spring Boot v3.1.1, Spring v6.0.10
15958 [Test worker] INFO  c.s.p.service.EmployeeServiceTest - No active profile set, falling back to 1 default profile: "default"
16870 [Test worker] INFO  c.s.p.service.EmployeeServiceTest - Started EmployeeServiceTest in 0.94 seconds (process running for 18.811)
16907 [Test worker] INFO  c.s.p.service.EmployeeServiceImpl - Course already exists !
16907 [Test worker] INFO  c.s.p.service.EmployeeServiceImpl - Course already exists !
16937 [Test worker] INFO  c.s.p.service.EmployeeServiceImpl - Course already exists !
16937 [Test worker] INFO  c.s.p.service.EmployeeServiceImpl - Course already exists !
16955 [Test worker] ERROR c.s.p.service.EmployeeServiceImpl - Employee with id : 0  does not exist ! 
16995 [Test worker] ERROR c.s.p.service.EmployeeServiceImpl - Employee with lastname sujith is not inserted
17816 [Test worker] INFO  c.sujith.project.ProjectApplication - Starting ProjectApplication using Java 17.0.7 with PID 17696 (started by ssama in C:\Users\ssama\Desktop\project\springproject)
17816 [Test worker] DEBUG c.sujith.project.ProjectApplication - Running with Spring Boot v3.1.1, Spring v6.0.10
17816 [Test worker] INFO  c.sujith.project.ProjectApplication - No active profile set, falling back to 1 default profile: "default"
19147 [Test worker] INFO  c.sujith.project.ProjectApplication - Started ProjectApplication in 1.364 seconds (process running for 21.088)
19178 [Test worker] INFO  c.s.p.c.AddressControllerTest - Starting AddressControllerTest using Java 17.0.7 with PID 17696 (started by ssama in C:\Users\ssama\Desktop\project\springproject)
19179 [Test worker] DEBUG c.s.p.c.AddressControllerTest - Running with Spring Boot v3.1.1, Spring v6.0.10
19179 [Test worker] INFO  c.s.p.c.AddressControllerTest - No active profile set, falling back to 1 default profile: "default"
19965 [Test worker] INFO  c.s.p.c.AddressControllerTest - Started AddressControllerTest in 0.809 seconds (process running for 21.907)
19972 [Test worker] INFO  c.s.p.interceptor.ApiInterceptor - preHandle method is invoked /api/address GET 1.689772559867E12
19977 [Test worker] INFO  c.s.p.interceptor.ApiInterceptor - postHandle method is invoked /api/address GET 1.689772559872E12
19977 [Test worker] INFO  c.s.p.interceptor.ApiInterceptor - after completion is invoked Time took is 0.005 seconds.
19982 [Test worker] INFO  c.s.p.interceptor.ApiInterceptor - preHandle method is invoked /api/address GET 1.689772559877E12
19988 [Test worker] INFO  c.s.p.interceptor.ApiInterceptor - after completion is invoked Time took is -0.005 seconds.
20025 [Test worker] INFO  c.s.p.service.AddressServiceTest - Starting AddressServiceTest using Java 17.0.7 with PID 17696 (started by ssama in C:\Users\ssama\Desktop\project\springproject)
20025 [Test worker] DEBUG c.s.p.service.AddressServiceTest - Running with Spring Boot v3.1.1, Spring v6.0.10
20026 [Test worker] INFO  c.s.p.service.AddressServiceTest - No active profile set, falling back to 1 default profile: "default"
20867 [Test worker] INFO  c.s.p.service.AddressServiceTest - Started AddressServiceTest in 0.867 seconds (process running for 22.808)
583  [restartedMain] INFO  c.sujith.project.ProjectApplication - Starting ProjectApplication using Java 17.0.7 with PID 25836 (C:\Users\ssama\Desktop\project\springproject\build\classes\java\main started by ssama in C:\Users\ssama\Desktop\project\springproject)
584  [restartedMain] DEBUG c.sujith.project.ProjectApplication - Running with Spring Boot v3.1.1, Spring v6.0.10
584  [restartedMain] INFO  c.sujith.project.ProjectApplication - No active profile set, falling back to 1 default profile: "default"
3926 [restartedMain] INFO  c.sujith.project.ProjectApplication - Started ProjectApplication in 3.649 seconds (process running for 4.284)
1290 [Test worker] INFO  c.s.p.c.CourseControllerTest - Starting CourseControllerTest using Java 17.0.7 with PID 16440 (started by ssama in C:\Users\ssama\Desktop\project\springproject)
1290 [Test worker] DEBUG c.s.p.c.CourseControllerTest - Running with Spring Boot v3.1.1, Spring v6.0.10
1291 [Test worker] INFO  c.s.p.c.CourseControllerTest - No active profile set, falling back to 1 default profile: "default"
8303 [Test worker] INFO  c.s.p.c.CourseControllerTest - Started CourseControllerTest in 7.388 seconds (process running for 9.632)
8426 [Test worker] INFO  c.s.p.interceptor.ApiInterceptor - preHandle method is invoked /api/courses GET 1.689772636038E12
8579 [Test worker] INFO  c.s.p.interceptor.ApiInterceptor - postHandle method is invoked /api/courses GET 1.689772636191E12
8582 [Test worker] INFO  c.s.p.interceptor.ApiInterceptor - after completion is invoked Time took is 0.153 seconds.
8610 [Test worker] INFO  c.s.p.interceptor.ApiInterceptor - preHandle method is invoked /api/courses/insertMany POST 1.689772636222E12
8670 [Test worker] INFO  c.s.p.interceptor.ApiInterceptor - postHandle method is invoked /api/courses/insertMany POST 1.689772636282E12
8671 [Test worker] INFO  c.s.p.interceptor.ApiInterceptor - after completion is invoked Time took is 0.06 seconds.
8679 [Test worker] INFO  c.s.p.interceptor.ApiInterceptor - preHandle method is invoked /api/courses POST 1.689772636291E12
8694 [Test worker] INFO  c.s.p.interceptor.ApiInterceptor - after completion is invoked Time took is -0.009 seconds.
8707 [Test worker] INFO  c.s.p.interceptor.ApiInterceptor - preHandle method is invoked /api/courses POST 1.689772636319E12
8712 [Test worker] INFO  c.s.p.interceptor.ApiInterceptor - postHandle method is invoked /api/courses POST 1.689772636324E12
8713 [Test worker] INFO  c.s.p.interceptor.ApiInterceptor - after completion is invoked Time took is 0.005 seconds.
8719 [Test worker] INFO  c.s.p.interceptor.ApiInterceptor - preHandle method is invoked /api/courses GET 1.689772636331E12
8721 [Test worker] INFO  c.s.p.interceptor.ApiInterceptor - after completion is invoked Time took is -0.007 seconds.
8786 [Test worker] INFO  c.s.p.interceptor.ApiInterceptor - preHandle method is invoked /api/courses/insertMany POST 1.689772636398E12
8789 [Test worker] INFO  c.s.p.interceptor.ApiInterceptor - after completion is invoked Time took is -0.074 seconds.
8835 [Test worker] INFO  c.s.p.c.EmployeeControllerTest - Starting EmployeeControllerTest using Java 17.0.7 with PID 16440 (started by ssama in C:\Users\ssama\Desktop\project\springproject)
8835 [Test worker] DEBUG c.s.p.c.EmployeeControllerTest - Running with Spring Boot v3.1.1, Spring v6.0.10
8836 [Test worker] INFO  c.s.p.c.EmployeeControllerTest - No active profile set, falling back to 1 default profile: "default"
9804 [Test worker] INFO  c.s.p.c.EmployeeControllerTest - Started EmployeeControllerTest in 0.995 seconds (process running for 11.133)
9812 [Test worker] INFO  c.s.p.interceptor.ApiInterceptor - preHandle method is invoked /api/employee/15 GET 1.689772637424E12
9825 [Test worker] INFO  c.s.p.interceptor.ApiInterceptor - preHandle method is invoked /api/employee/department GET 1.689772637437E12
9837 [Test worker] INFO  c.s.p.interceptor.ApiInterceptor - postHandle method is invoked /api/employee/department GET 1.689772637449E12
9838 [Test worker] INFO  c.s.p.interceptor.ApiInterceptor - after completion is invoked Time took is 0.012 seconds.
9845 [Test worker] INFO  c.s.p.interceptor.ApiInterceptor - preHandle method is invoked /api/employee/maxSalary GET 1.689772637457E12
9847 [Test worker] INFO  c.s.p.interceptor.ApiInterceptor - postHandle method is invoked /api/employee/maxSalary GET 1.689772637459E12
9847 [Test worker] INFO  c.s.p.interceptor.ApiInterceptor - after completion is invoked Time took is 0.002 seconds.
9867 [Test worker] INFO  c.s.p.interceptor.ApiInterceptor - preHandle method is invoked /api/employee/updateSalaryById PUT 1.689772637479E12
9872 [Test worker] INFO  c.s.p.interceptor.ApiInterceptor - postHandle method is invoked /api/employee/updateSalaryById PUT 1.689772637484E12
9872 [Test worker] INFO  c.s.p.interceptor.ApiInterceptor - after completion is invoked Time took is 0.005 seconds.
9878 [Test worker] INFO  c.s.p.interceptor.ApiInterceptor - preHandle method is invoked /api/employee/findAll GET 1.68977263749E12
9880 [Test worker] INFO  c.s.p.interceptor.ApiInterceptor - postHandle method is invoked /api/employee/findAll GET 1.689772637492E12
9880 [Test worker] INFO  c.s.p.interceptor.ApiInterceptor - after completion is invoked Time took is 0.002 seconds.
9886 [Test worker] INFO  c.s.p.interceptor.ApiInterceptor - preHandle method is invoked /api/employee/course GET 1.689772637498E12
9888 [Test worker] INFO  c.s.p.interceptor.ApiInterceptor - postHandle method is invoked /api/employee/course GET 1.6897726375E12
9889 [Test worker] INFO  c.s.p.interceptor.ApiInterceptor - after completion is invoked Time took is 0.002 seconds.
9898 [Test worker] INFO  c.s.p.interceptor.ApiInterceptor - preHandle method is invoked /api/employee POST 1.68977263751E12
9903 [Test worker] INFO  c.s.p.interceptor.ApiInterceptor - postHandle method is invoked /api/employee POST 1.689772637515E12
9904 [Test worker] INFO  c.s.p.interceptor.ApiInterceptor - after completion is invoked Time took is 0.005 seconds.
9912 [Test worker] INFO  c.s.p.interceptor.ApiInterceptor - preHandle method is invoked /api/employee GET 1.689772637523E12
9914 [Test worker] INFO  c.s.p.interceptor.ApiInterceptor - after completion is invoked Time took is -0.008 seconds.
9920 [Test worker] INFO  c.s.p.interceptor.ApiInterceptor - preHandle method is invoked /api/employee PUT 1.689772637532E12
9922 [Test worker] INFO  c.s.p.interceptor.ApiInterceptor - after completion is invoked Time took is -0.017 seconds.
9929 [Test worker] INFO  c.s.p.interceptor.ApiInterceptor - preHandle method is invoked /api/employee GET 1.689772637541E12
9948 [Test worker] INFO  c.s.p.interceptor.ApiInterceptor - after completion is invoked Time took is -0.026 seconds.
9954 [Test worker] INFO  c.s.p.interceptor.ApiInterceptor - preHandle method is invoked /api/employee/1 DELETE 1.689772637566E12
9956 [Test worker] INFO  c.s.p.interceptor.ApiInterceptor - postHandle method is invoked /api/employee/1 DELETE 1.689772637568E12
9957 [Test worker] INFO  c.s.p.interceptor.ApiInterceptor - after completion is invoked Time took is 0.002 seconds.
9962 [Test worker] INFO  c.s.p.interceptor.ApiInterceptor - preHandle method is invoked /api/employee/department/maxSalary GET 1.689772637574E12
9964 [Test worker] INFO  c.s.p.interceptor.ApiInterceptor - after completion is invoked Time took is -0.006 seconds.
9970 [Test worker] INFO  c.s.p.interceptor.ApiInterceptor - preHandle method is invoked /api/employee/maxSalary GET 1.689772637582E12
9972 [Test worker] INFO  c.s.p.interceptor.ApiInterceptor - after completion is invoked Time took is -0.014 seconds.
9977 [Test worker] INFO  c.s.p.interceptor.ApiInterceptor - preHandle method is invoked /api/employee PUT 1.689772637589E12
9979 [Test worker] INFO  c.s.p.interceptor.ApiInterceptor - postHandle method is invoked /api/employee PUT 1.689772637591E12
9979 [Test worker] INFO  c.s.p.interceptor.ApiInterceptor - after completion is invoked Time took is 0.002 seconds.
9984 [Test worker] INFO  c.s.p.interceptor.ApiInterceptor - preHandle method is invoked /api/employee/insertAll POST 1.689772637596E12
9990 [Test worker] INFO  c.s.p.interceptor.ApiInterceptor - postHandle method is invoked /api/employee/insertAll POST 1.689772637602E12
9990 [Test worker] INFO  c.s.p.interceptor.ApiInterceptor - after completion is invoked Time took is 0.006 seconds.
9994 [Test worker] INFO  c.s.p.interceptor.ApiInterceptor - preHandle method is invoked /api/employee/1 DELETE 1.689772637606E12
9996 [Test worker] INFO  c.s.p.interceptor.ApiInterceptor - after completion is invoked Time took is -0.004 seconds.
10002 [Test worker] INFO  c.s.p.interceptor.ApiInterceptor - preHandle method is invoked /api/employee/1 GET 1.689772637614E12
10005 [Test worker] INFO  c.s.p.interceptor.ApiInterceptor - postHandle method is invoked /api/employee/1 GET 1.689772637617E12
10005 [Test worker] INFO  c.s.p.interceptor.ApiInterceptor - after completion is invoked Time took is 0.003 seconds.
10009 [Test worker] INFO  c.s.p.interceptor.ApiInterceptor - preHandle method is invoked /api/employee/department GET 1.689772637621E12
10011 [Test worker] INFO  c.s.p.interceptor.ApiInterceptor - after completion is invoked Time took is -0.004 seconds.
10015 [Test worker] INFO  c.s.p.interceptor.ApiInterceptor - preHandle method is invoked /api/employee/0 GET 1.689772637627E12
10017 [Test worker] INFO  c.s.p.interceptor.ApiInterceptor - after completion is invoked Time took is -0.01 seconds.
10021 [Test worker] INFO  c.s.p.interceptor.ApiInterceptor - preHandle method is invoked /api/employee/findAll GET 1.689772637633E12
10023 [Test worker] INFO  c.s.p.interceptor.ApiInterceptor - after completion is invoked Time took is -0.016 seconds.
10027 [Test worker] INFO  c.s.p.interceptor.ApiInterceptor - preHandle method is invoked /api/employee/course GET 1.689772637639E12
10028 [Test worker] INFO  c.s.p.interceptor.ApiInterceptor - after completion is invoked Time took is -0.022 seconds.
10033 [Test worker] INFO  c.s.p.interceptor.ApiInterceptor - preHandle method is invoked /api/employee/updateSalaryById PUT 1.689772637645E12
10035 [Test worker] INFO  c.s.p.interceptor.ApiInterceptor - after completion is invoked Time took is -0.028 seconds.
10039 [Test worker] INFO  c.s.p.interceptor.ApiInterceptor - preHandle method is invoked /api/employee/department/maxSalary GET 1.689772637651E12
10040 [Test worker] INFO  c.s.p.interceptor.ApiInterceptor - postHandle method is invoked /api/employee/department/maxSalary GET 1.689772637652E12
10040 [Test worker] INFO  c.s.p.interceptor.ApiInterceptor - after completion is invoked Time took is 0.001 seconds.
10045 [Test worker] INFO  c.s.p.interceptor.ApiInterceptor - preHandle method is invoked /api/employee GET 1.689772637657E12
10047 [Test worker] INFO  c.s.p.interceptor.ApiInterceptor - postHandle method is invoked /api/employee GET 1.689772637659E12
10047 [Test worker] INFO  c.s.p.interceptor.ApiInterceptor - after completion is invoked Time took is 0.002 seconds.
10089 [Test worker] INFO  c.s.p.service.CourseServiceTest - Starting CourseServiceTest using Java 17.0.7 with PID 16440 (started by ssama in C:\Users\ssama\Desktop\project\springproject)
10089 [Test worker] DEBUG c.s.p.service.CourseServiceTest - Running with Spring Boot v3.1.1, Spring v6.0.10
10089 [Test worker] INFO  c.s.p.service.CourseServiceTest - No active profile set, falling back to 1 default profile: "default"
11081 [Test worker] INFO  c.s.p.service.CourseServiceTest - Started CourseServiceTest in 1.015 seconds (process running for 12.411)
11197 [Test worker] INFO  c.s.p.service.EmployeeServiceTest - Starting EmployeeServiceTest using Java 17.0.7 with PID 16440 (started by ssama in C:\Users\ssama\Desktop\project\springproject)
11197 [Test worker] DEBUG c.s.p.service.EmployeeServiceTest - Running with Spring Boot v3.1.1, Spring v6.0.10
11198 [Test worker] INFO  c.s.p.service.EmployeeServiceTest - No active profile set, falling back to 1 default profile: "default"
12120 [Test worker] INFO  c.s.p.service.EmployeeServiceTest - Started EmployeeServiceTest in 0.95 seconds (process running for 13.449)
12171 [Test worker] INFO  c.s.p.service.EmployeeServiceImpl - Course already exists !
12172 [Test worker] INFO  c.s.p.service.EmployeeServiceImpl - Course already exists !
12224 [Test worker] INFO  c.s.p.service.EmployeeServiceImpl - Course already exists !
12224 [Test worker] INFO  c.s.p.service.EmployeeServiceImpl - Course already exists !
12257 [Test worker] ERROR c.s.p.service.EmployeeServiceImpl - Employee with id : 0  does not exist ! 
12325 [Test worker] ERROR c.s.p.service.EmployeeServiceImpl - Employee with lastname sujith is not inserted
13341 [Test worker] INFO  c.sujith.project.ProjectApplication - Starting ProjectApplication using Java 17.0.7 with PID 16440 (started by ssama in C:\Users\ssama\Desktop\project\springproject)
13342 [Test worker] DEBUG c.sujith.project.ProjectApplication - Running with Spring Boot v3.1.1, Spring v6.0.10
13342 [Test worker] INFO  c.sujith.project.ProjectApplication - No active profile set, falling back to 1 default profile: "default"
14755 [Test worker] INFO  c.sujith.project.ProjectApplication - Started ProjectApplication in 1.466 seconds (process running for 16.084)
14800 [Test worker] INFO  c.s.p.c.AddressControllerTest - Starting AddressControllerTest using Java 17.0.7 with PID 16440 (started by ssama in C:\Users\ssama\Desktop\project\springproject)
14800 [Test worker] DEBUG c.s.p.c.AddressControllerTest - Running with Spring Boot v3.1.1, Spring v6.0.10
14801 [Test worker] INFO  c.s.p.c.AddressControllerTest - No active profile set, falling back to 1 default profile: "default"
15609 [Test worker] INFO  c.s.p.c.AddressControllerTest - Started AddressControllerTest in 0.841 seconds (process running for 16.939)
15616 [Test worker] INFO  c.s.p.interceptor.ApiInterceptor - preHandle method is invoked /api/address GET 1.689772643228E12
15620 [Test worker] INFO  c.s.p.interceptor.ApiInterceptor - postHandle method is invoked /api/address GET 1.689772643232E12
15621 [Test worker] INFO  c.s.p.interceptor.ApiInterceptor - after completion is invoked Time took is 0.004 seconds.
15627 [Test worker] INFO  c.s.p.interceptor.ApiInterceptor - preHandle method is invoked /api/address GET 1.689772643239E12
15633 [Test worker] INFO  c.s.p.interceptor.ApiInterceptor - after completion is invoked Time took is -0.007 seconds.
15671 [Test worker] INFO  c.s.p.service.AddressServiceTest - Starting AddressServiceTest using Java 17.0.7 with PID 16440 (started by ssama in C:\Users\ssama\Desktop\project\springproject)
15671 [Test worker] DEBUG c.s.p.service.AddressServiceTest - Running with Spring Boot v3.1.1, Spring v6.0.10
15671 [Test worker] INFO  c.s.p.service.AddressServiceTest - No active profile set, falling back to 1 default profile: "default"
16404 [Test worker] INFO  c.s.p.service.AddressServiceTest - Started AddressServiceTest in 0.759 seconds (process running for 17.733)
12060 [Test worker] INFO  c.sujith.project.ProjectApplication - Starting ProjectApplication using Java 17.0.7 with PID 20184 (started by ssama in C:\Users\ssama\Desktop\project\springproject)
12061 [Test worker] DEBUG c.sujith.project.ProjectApplication - Running with Spring Boot v3.1.1, Spring v6.0.10
12063 [Test worker] INFO  c.sujith.project.ProjectApplication - No active profile set, falling back to 1 default profile: "default"
13786 [Test worker] INFO  c.sujith.project.ProjectApplication - Started ProjectApplication in 1.785 seconds (process running for 15.384)
13897 [Test worker] INFO  c.s.p.c.AddressControllerTest - Starting AddressControllerTest using Java 17.0.7 with PID 20184 (started by ssama in C:\Users\ssama\Desktop\project\springproject)
13898 [Test worker] DEBUG c.s.p.c.AddressControllerTest - Running with Spring Boot v3.1.1, Spring v6.0.10
13898 [Test worker] INFO  c.s.p.c.AddressControllerTest - No active profile set, falling back to 1 default profile: "default"
16242 [Test worker] INFO  c.s.p.c.AddressControllerTest - Started AddressControllerTest in 2.386 seconds (process running for 17.84)
16457 [Test worker] INFO  c.s.p.interceptor.ApiInterceptor - preHandle method is invoked /api/address GET 1.689772963989E12
16879 [Test worker] INFO  c.s.p.interceptor.ApiInterceptor - postHandle method is invoked /api/address GET 1.689772964411E12
16884 [Test worker] INFO  c.s.p.interceptor.ApiInterceptor - after completion is invoked Time took is 0.422 seconds.
16942 [Test worker] INFO  c.s.p.interceptor.ApiInterceptor - preHandle method is invoked /api/address GET 1.689772964474E12
16977 [Test worker] INFO  c.s.p.interceptor.ApiInterceptor - after completion is invoked Time took is -0.063 seconds.
17187 [Test worker] INFO  c.s.p.c.CourseControllerTest - Starting CourseControllerTest using Java 17.0.7 with PID 20184 (started by ssama in C:\Users\ssama\Desktop\project\springproject)
17188 [Test worker] DEBUG c.s.p.c.CourseControllerTest - Running with Spring Boot v3.1.1, Spring v6.0.10
17188 [Test worker] INFO  c.s.p.c.CourseControllerTest - No active profile set, falling back to 1 default profile: "default"
18530 [Test worker] INFO  c.s.p.c.CourseControllerTest - Started CourseControllerTest in 1.395 seconds (process running for 20.129)
18542 [Test worker] INFO  c.s.p.interceptor.ApiInterceptor - preHandle method is invoked /api/courses GET 1.689772966074E12
18548 [Test worker] INFO  c.s.p.interceptor.ApiInterceptor - postHandle method is invoked /api/courses GET 1.68977296608E12
18549 [Test worker] INFO  c.s.p.interceptor.ApiInterceptor - after completion is invoked Time took is 0.006 seconds.
18564 [Test worker] INFO  c.s.p.interceptor.ApiInterceptor - preHandle method is invoked /api/courses/insertMany POST 1.689772966096E12
18678 [Test worker] INFO  c.s.p.interceptor.ApiInterceptor - postHandle method is invoked /api/courses/insertMany POST 1.68977296621E12
18679 [Test worker] INFO  c.s.p.interceptor.ApiInterceptor - after completion is invoked Time took is 0.114 seconds.
18686 [Test worker] INFO  c.s.p.interceptor.ApiInterceptor - preHandle method is invoked /api/courses POST 1.689772966218E12
18693 [Test worker] INFO  c.s.p.interceptor.ApiInterceptor - after completion is invoked Time took is -0.008 seconds.
18710 [Test worker] INFO  c.s.p.interceptor.ApiInterceptor - preHandle method is invoked /api/courses POST 1.689772966242E12
18717 [Test worker] INFO  c.s.p.interceptor.ApiInterceptor - postHandle method is invoked /api/courses POST 1.689772966249E12
18718 [Test worker] INFO  c.s.p.interceptor.ApiInterceptor - after completion is invoked Time took is 0.007 seconds.
18726 [Test worker] INFO  c.s.p.interceptor.ApiInterceptor - preHandle method is invoked /api/courses GET 1.689772966258E12
18729 [Test worker] INFO  c.s.p.interceptor.ApiInterceptor - after completion is invoked Time took is -0.009 seconds.
18745 [Test worker] INFO  c.s.p.interceptor.ApiInterceptor - preHandle method is invoked /api/courses/insertMany POST 1.689772966277E12
18750 [Test worker] INFO  c.s.p.interceptor.ApiInterceptor - after completion is invoked Time took is -0.028 seconds.
18816 [Test worker] INFO  c.s.p.c.EmployeeControllerTest - Starting EmployeeControllerTest using Java 17.0.7 with PID 20184 (started by ssama in C:\Users\ssama\Desktop\project\springproject)
18817 [Test worker] DEBUG c.s.p.c.EmployeeControllerTest - Running with Spring Boot v3.1.1, Spring v6.0.10
18817 [Test worker] INFO  c.s.p.c.EmployeeControllerTest - No active profile set, falling back to 1 default profile: "default"
19949 [Test worker] INFO  c.s.p.c.EmployeeControllerTest - Started EmployeeControllerTest in 1.178 seconds (process running for 21.547)
19959 [Test worker] INFO  c.s.p.interceptor.ApiInterceptor - preHandle method is invoked /api/employee/15 GET 1.689772967491E12
19982 [Test worker] INFO  c.s.p.interceptor.ApiInterceptor - preHandle method is invoked /api/employee/department GET 1.689772967514E12
20005 [Test worker] INFO  c.s.p.interceptor.ApiInterceptor - postHandle method is invoked /api/employee/department GET 1.689772967537E12
20006 [Test worker] INFO  c.s.p.interceptor.ApiInterceptor - after completion is invoked Time took is 0.023 seconds.
20013 [Test worker] INFO  c.s.p.interceptor.ApiInterceptor - preHandle method is invoked /api/employee/maxSalary GET 1.689772967545E12
20014 [Test worker] INFO  c.s.p.interceptor.ApiInterceptor - postHandle method is invoked /api/employee/maxSalary GET 1.689772967546E12
20015 [Test worker] INFO  c.s.p.interceptor.ApiInterceptor - after completion is invoked Time took is 0.001 seconds.
20041 [Test worker] INFO  c.s.p.interceptor.ApiInterceptor - preHandle method is invoked /api/employee/updateSalaryById PUT 1.689772967573E12
20046 [Test worker] INFO  c.s.p.interceptor.ApiInterceptor - postHandle method is invoked /api/employee/updateSalaryById PUT 1.689772967578E12
20046 [Test worker] INFO  c.s.p.interceptor.ApiInterceptor - after completion is invoked Time took is 0.005 seconds.
20054 [Test worker] INFO  c.s.p.interceptor.ApiInterceptor - preHandle method is invoked /api/employee/findAll GET 1.689772967586E12
20056 [Test worker] INFO  c.s.p.interceptor.ApiInterceptor - postHandle method is invoked /api/employee/findAll GET 1.689772967588E12
20057 [Test worker] INFO  c.s.p.interceptor.ApiInterceptor - after completion is invoked Time took is 0.002 seconds.
20064 [Test worker] INFO  c.s.p.interceptor.ApiInterceptor - preHandle method is invoked /api/employee/course GET 1.689772967596E12
20066 [Test worker] INFO  c.s.p.interceptor.ApiInterceptor - postHandle method is invoked /api/employee/course GET 1.689772967598E12
20066 [Test worker] INFO  c.s.p.interceptor.ApiInterceptor - after completion is invoked Time took is 0.002 seconds.
20075 [Test worker] INFO  c.s.p.interceptor.ApiInterceptor - preHandle method is invoked /api/employee POST 1.689772967607E12
20083 [Test worker] INFO  c.s.p.interceptor.ApiInterceptor - postHandle method is invoked /api/employee POST 1.689772967615E12
20085 [Test worker] INFO  c.s.p.interceptor.ApiInterceptor - after completion is invoked Time took is 0.008 seconds.
20094 [Test worker] INFO  c.s.p.interceptor.ApiInterceptor - preHandle method is invoked /api/employee GET 1.689772967626E12
20098 [Test worker] INFO  c.s.p.interceptor.ApiInterceptor - after completion is invoked Time took is -0.011 seconds.
20106 [Test worker] INFO  c.s.p.interceptor.ApiInterceptor - preHandle method is invoked /api/employee PUT 1.689772967638E12
20108 [Test worker] INFO  c.s.p.interceptor.ApiInterceptor - after completion is invoked Time took is -0.023 seconds.
20119 [Test worker] INFO  c.s.p.interceptor.ApiInterceptor - preHandle method is invoked /api/employee GET 1.689772967651E12
20152 [Test worker] INFO  c.s.p.interceptor.ApiInterceptor - after completion is invoked Time took is -0.036 seconds.
20160 [Test worker] INFO  c.s.p.interceptor.ApiInterceptor - preHandle method is invoked /api/employee/1 DELETE 1.689772967692E12
20162 [Test worker] INFO  c.s.p.interceptor.ApiInterceptor - postHandle method is invoked /api/employee/1 DELETE 1.689772967694E12
20163 [Test worker] INFO  c.s.p.interceptor.ApiInterceptor - after completion is invoked Time took is 0.002 seconds.
20169 [Test worker] INFO  c.s.p.interceptor.ApiInterceptor - preHandle method is invoked /api/employee/department/maxSalary GET 1.689772967701E12
20171 [Test worker] INFO  c.s.p.interceptor.ApiInterceptor - after completion is invoked Time took is -0.007 seconds.
20177 [Test worker] INFO  c.s.p.interceptor.ApiInterceptor - preHandle method is invoked /api/employee/maxSalary GET 1.689772967709E12
20179 [Test worker] INFO  c.s.p.interceptor.ApiInterceptor - after completion is invoked Time took is -0.015 seconds.
20187 [Test worker] INFO  c.s.p.interceptor.ApiInterceptor - preHandle method is invoked /api/employee PUT 1.689772967719E12
20189 [Test worker] INFO  c.s.p.interceptor.ApiInterceptor - postHandle method is invoked /api/employee PUT 1.689772967721E12
20190 [Test worker] INFO  c.s.p.interceptor.ApiInterceptor - after completion is invoked Time took is 0.002 seconds.
20198 [Test worker] INFO  c.s.p.interceptor.ApiInterceptor - preHandle method is invoked /api/employee/insertAll POST 1.68977296773E12
20203 [Test worker] INFO  c.s.p.interceptor.ApiInterceptor - postHandle method is invoked /api/employee/insertAll POST 1.689772967735E12
20204 [Test worker] INFO  c.s.p.interceptor.ApiInterceptor - after completion is invoked Time took is 0.005 seconds.
20213 [Test worker] INFO  c.s.p.interceptor.ApiInterceptor - preHandle method is invoked /api/employee/1 DELETE 1.689772967745E12
20217 [Test worker] INFO  c.s.p.interceptor.ApiInterceptor - after completion is invoked Time took is -0.01 seconds.
20224 [Test worker] INFO  c.s.p.interceptor.ApiInterceptor - preHandle method is invoked /api/employee/1 GET 1.689772967756E12
20230 [Test worker] INFO  c.s.p.interceptor.ApiInterceptor - postHandle method is invoked /api/employee/1 GET 1.689772967762E12
20230 [Test worker] INFO  c.s.p.interceptor.ApiInterceptor - after completion is invoked Time took is 0.006 seconds.
20238 [Test worker] INFO  c.s.p.interceptor.ApiInterceptor - preHandle method is invoked /api/employee/department GET 1.68977296777E12
20242 [Test worker] INFO  c.s.p.interceptor.ApiInterceptor - after completion is invoked Time took is -0.008 seconds.
20248 [Test worker] INFO  c.s.p.interceptor.ApiInterceptor - preHandle method is invoked /api/employee/0 GET 1.68977296778E12
20250 [Test worker] INFO  c.s.p.interceptor.ApiInterceptor - after completion is invoked Time took is -0.018 seconds.
20257 [Test worker] INFO  c.s.p.interceptor.ApiInterceptor - preHandle method is invoked /api/employee/findAll GET 1.689772967789E12
20259 [Test worker] INFO  c.s.p.interceptor.ApiInterceptor - after completion is invoked Time took is -0.027 seconds.
20268 [Test worker] INFO  c.s.p.interceptor.ApiInterceptor - preHandle method is invoked /api/employee/course GET 1.6897729678E12
20272 [Test worker] INFO  c.s.p.interceptor.ApiInterceptor - after completion is invoked Time took is -0.038 seconds.
20283 [Test worker] INFO  c.s.p.interceptor.ApiInterceptor - preHandle method is invoked /api/employee/updateSalaryById PUT 1.689772967815E12
20285 [Test worker] INFO  c.s.p.interceptor.ApiInterceptor - after completion is invoked Time took is -0.053 seconds.
20291 [Test worker] INFO  c.s.p.interceptor.ApiInterceptor - preHandle method is invoked /api/employee/department/maxSalary GET 1.689772967823E12
20292 [Test worker] INFO  c.s.p.interceptor.ApiInterceptor - postHandle method is invoked /api/employee/department/maxSalary GET 1.689772967824E12
20293 [Test worker] INFO  c.s.p.interceptor.ApiInterceptor - after completion is invoked Time took is 0.001 seconds.
20299 [Test worker] INFO  c.s.p.interceptor.ApiInterceptor - preHandle method is invoked /api/employee GET 1.689772967831E12
20300 [Test worker] INFO  c.s.p.interceptor.ApiInterceptor - postHandle method is invoked /api/employee GET 1.689772967832E12
20301 [Test worker] INFO  c.s.p.interceptor.ApiInterceptor - after completion is invoked Time took is 0.001 seconds.
20358 [Test worker] INFO  c.s.p.service.AddressServiceTest - Starting AddressServiceTest using Java 17.0.7 with PID 20184 (started by ssama in C:\Users\ssama\Desktop\project\springproject)
20359 [Test worker] DEBUG c.s.p.service.AddressServiceTest - Running with Spring Boot v3.1.1, Spring v6.0.10
20359 [Test worker] INFO  c.s.p.service.AddressServiceTest - No active profile set, falling back to 1 default profile: "default"
21409 [Test worker] INFO  c.s.p.service.AddressServiceTest - Started AddressServiceTest in 1.081 seconds (process running for 23.008)
21508 [Test worker] INFO  c.s.p.service.CourseServiceTest - Starting CourseServiceTest using Java 17.0.7 with PID 20184 (started by ssama in C:\Users\ssama\Desktop\project\springproject)
21509 [Test worker] DEBUG c.s.p.service.CourseServiceTest - Running with Spring Boot v3.1.1, Spring v6.0.10
21509 [Test worker] INFO  c.s.p.service.CourseServiceTest - No active profile set, falling back to 1 default profile: "default"
22437 [Test worker] INFO  c.s.p.service.CourseServiceTest - Started CourseServiceTest in 0.964 seconds (process running for 24.035)
22533 [Test worker] INFO  c.s.p.service.EmployeeServiceTest - Starting EmployeeServiceTest using Java 17.0.7 with PID 20184 (started by ssama in C:\Users\ssama\Desktop\project\springproject)
22534 [Test worker] DEBUG c.s.p.service.EmployeeServiceTest - Running with Spring Boot v3.1.1, Spring v6.0.10
22534 [Test worker] INFO  c.s.p.service.EmployeeServiceTest - No active profile set, falling back to 1 default profile: "default"
23452 [Test worker] INFO  c.s.p.service.EmployeeServiceTest - Started EmployeeServiceTest in 0.951 seconds (process running for 25.049)
23498 [Test worker] INFO  c.s.p.service.EmployeeServiceImpl - Course already exists !
23498 [Test worker] INFO  c.s.p.service.EmployeeServiceImpl - Course already exists !
23531 [Test worker] INFO  c.s.p.service.EmployeeServiceImpl - Course already exists !
23531 [Test worker] INFO  c.s.p.service.EmployeeServiceImpl - Course already exists !
23556 [Test worker] ERROR c.s.p.service.EmployeeServiceImpl - Employee with id : 0  does not exist ! 
23608 [Test worker] ERROR c.s.p.service.EmployeeServiceImpl - Employee with lastname sujith is not inserted
1383 [Test worker] INFO  c.s.p.c.CourseControllerTest - Starting CourseControllerTest using Java 17.0.7 with PID 5616 (started by ssama in C:\Users\ssama\Desktop\project\springproject)
1385 [Test worker] DEBUG c.s.p.c.CourseControllerTest - Running with Spring Boot v3.1.1, Spring v6.0.10
1386 [Test worker] INFO  c.s.p.c.CourseControllerTest - No active profile set, falling back to 1 default profile: "default"
10716 [Test worker] INFO  c.s.p.c.CourseControllerTest - Started CourseControllerTest in 9.779 seconds (process running for 12.066)
10883 [Test worker] INFO  c.s.p.interceptor.ApiInterceptor - preHandle method is invoked /api/courses GET 1.689772999964E12
11093 [Test worker] INFO  c.s.p.interceptor.ApiInterceptor - postHandle method is invoked /api/courses GET 1.689773000174E12
11097 [Test worker] INFO  c.s.p.interceptor.ApiInterceptor - after completion is invoked Time took is 0.21 seconds.
11131 [Test worker] INFO  c.s.p.interceptor.ApiInterceptor - preHandle method is invoked /api/courses/insertMany POST 1.689773000212E12
11211 [Test worker] INFO  c.s.p.interceptor.ApiInterceptor - postHandle method is invoked /api/courses/insertMany POST 1.689773000292E12
11211 [Test worker] INFO  c.s.p.interceptor.ApiInterceptor - after completion is invoked Time took is 0.08 seconds.
11221 [Test worker] INFO  c.s.p.interceptor.ApiInterceptor - preHandle method is invoked /api/courses POST 1.689773000302E12
11240 [Test worker] INFO  c.s.p.interceptor.ApiInterceptor - after completion is invoked Time took is -0.01 seconds.
11254 [Test worker] INFO  c.s.p.interceptor.ApiInterceptor - preHandle method is invoked /api/courses POST 1.689773000335E12
11260 [Test worker] INFO  c.s.p.interceptor.ApiInterceptor - postHandle method is invoked /api/courses POST 1.689773000341E12
11260 [Test worker] INFO  c.s.p.interceptor.ApiInterceptor - after completion is invoked Time took is 0.006 seconds.
11271 [Test worker] INFO  c.s.p.interceptor.ApiInterceptor - preHandle method is invoked /api/courses GET 1.689773000352E12
11275 [Test worker] INFO  c.s.p.interceptor.ApiInterceptor - after completion is invoked Time took is -0.011 seconds.
11371 [Test worker] INFO  c.s.p.interceptor.ApiInterceptor - preHandle method is invoked /api/courses/insertMany POST 1.689773000452E12
11374 [Test worker] INFO  c.s.p.interceptor.ApiInterceptor - after completion is invoked Time took is -0.111 seconds.
11443 [Test worker] INFO  c.s.p.c.EmployeeControllerTest - Starting EmployeeControllerTest using Java 17.0.7 with PID 5616 (started by ssama in C:\Users\ssama\Desktop\project\springproject)
11443 [Test worker] DEBUG c.s.p.c.EmployeeControllerTest - Running with Spring Boot v3.1.1, Spring v6.0.10
11444 [Test worker] INFO  c.s.p.c.EmployeeControllerTest - No active profile set, falling back to 1 default profile: "default"
12761 [Test worker] INFO  c.s.p.c.EmployeeControllerTest - Started EmployeeControllerTest in 1.357 seconds (process running for 14.111)
12774 [Test worker] INFO  c.s.p.interceptor.ApiInterceptor - preHandle method is invoked /api/employee/15 GET 1.689773001855E12
12801 [Test worker] INFO  c.s.p.interceptor.ApiInterceptor - preHandle method is invoked /api/employee/department GET 1.689773001882E12
12816 [Test worker] INFO  c.s.p.interceptor.ApiInterceptor - postHandle method is invoked /api/employee/department GET 1.689773001897E12
12817 [Test worker] INFO  c.s.p.interceptor.ApiInterceptor - after completion is invoked Time took is 0.015 seconds.
12825 [Test worker] INFO  c.s.p.interceptor.ApiInterceptor - preHandle method is invoked /api/employee/maxSalary GET 1.689773001906E12
12828 [Test worker] INFO  c.s.p.interceptor.ApiInterceptor - postHandle method is invoked /api/employee/maxSalary GET 1.689773001909E12
12828 [Test worker] INFO  c.s.p.interceptor.ApiInterceptor - after completion is invoked Time took is 0.003 seconds.
12851 [Test worker] INFO  c.s.p.interceptor.ApiInterceptor - preHandle method is invoked /api/employee/updateSalaryById PUT 1.689773001932E12
12855 [Test worker] INFO  c.s.p.interceptor.ApiInterceptor - postHandle method is invoked /api/employee/updateSalaryById PUT 1.689773001936E12
12856 [Test worker] INFO  c.s.p.interceptor.ApiInterceptor - after completion is invoked Time took is 0.004 seconds.
12864 [Test worker] INFO  c.s.p.interceptor.ApiInterceptor - preHandle method is invoked /api/employee/findAll GET 1.689773001945E12
12866 [Test worker] INFO  c.s.p.interceptor.ApiInterceptor - postHandle method is invoked /api/employee/findAll GET 1.689773001947E12
12867 [Test worker] INFO  c.s.p.interceptor.ApiInterceptor - after completion is invoked Time took is 0.002 seconds.
12874 [Test worker] INFO  c.s.p.interceptor.ApiInterceptor - preHandle method is invoked /api/employee/course GET 1.689773001955E12
12876 [Test worker] INFO  c.s.p.interceptor.ApiInterceptor - postHandle method is invoked /api/employee/course GET 1.689773001957E12
12877 [Test worker] INFO  c.s.p.interceptor.ApiInterceptor - after completion is invoked Time took is 0.002 seconds.
12886 [Test worker] INFO  c.s.p.interceptor.ApiInterceptor - preHandle method is invoked /api/employee POST 1.689773001967E12
12892 [Test worker] INFO  c.s.p.interceptor.ApiInterceptor - postHandle method is invoked /api/employee POST 1.689773001973E12
12893 [Test worker] INFO  c.s.p.interceptor.ApiInterceptor - after completion is invoked Time took is 0.006 seconds.
12899 [Test worker] INFO  c.s.p.interceptor.ApiInterceptor - preHandle method is invoked /api/employee GET 1.68977300198E12
12903 [Test worker] INFO  c.s.p.interceptor.ApiInterceptor - after completion is invoked Time took is -0.007 seconds.
12910 [Test worker] INFO  c.s.p.interceptor.ApiInterceptor - preHandle method is invoked /api/employee PUT 1.689773001991E12
12914 [Test worker] INFO  c.s.p.interceptor.ApiInterceptor - after completion is invoked Time took is -0.018 seconds.
12923 [Test worker] INFO  c.s.p.interceptor.ApiInterceptor - preHandle method is invoked /api/employee GET 1.689773002004E12
12949 [Test worker] INFO  c.s.p.interceptor.ApiInterceptor - after completion is invoked Time took is -0.031 seconds.
12956 [Test worker] INFO  c.s.p.interceptor.ApiInterceptor - preHandle method is invoked /api/employee/1 DELETE 1.689773002037E12
12957 [Test worker] INFO  c.s.p.interceptor.ApiInterceptor - postHandle method is invoked /api/employee/1 DELETE 1.689773002038E12
12959 [Test worker] INFO  c.s.p.interceptor.ApiInterceptor - after completion is invoked Time took is 0.001 seconds.
12964 [Test worker] INFO  c.s.p.interceptor.ApiInterceptor - preHandle method is invoked /api/employee/department/maxSalary GET 1.689773002045E12
12966 [Test worker] INFO  c.s.p.interceptor.ApiInterceptor - after completion is invoked Time took is -0.007 seconds.
12973 [Test worker] INFO  c.s.p.interceptor.ApiInterceptor - preHandle method is invoked /api/employee/maxSalary GET 1.689773002054E12
12975 [Test worker] INFO  c.s.p.interceptor.ApiInterceptor - after completion is invoked Time took is -0.016 seconds.
12981 [Test worker] INFO  c.s.p.interceptor.ApiInterceptor - preHandle method is invoked /api/employee PUT 1.689773002062E12
12982 [Test worker] INFO  c.s.p.interceptor.ApiInterceptor - postHandle method is invoked /api/employee PUT 1.689773002063E12
12983 [Test worker] INFO  c.s.p.interceptor.ApiInterceptor - after completion is invoked Time took is 0.001 seconds.
12990 [Test worker] INFO  c.s.p.interceptor.ApiInterceptor - preHandle method is invoked /api/employee/insertAll POST 1.689773002071E12
12998 [Test worker] INFO  c.s.p.interceptor.ApiInterceptor - postHandle method is invoked /api/employee/insertAll POST 1.689773002079E12
12999 [Test worker] INFO  c.s.p.interceptor.ApiInterceptor - after completion is invoked Time took is 0.008 seconds.
13007 [Test worker] INFO  c.s.p.interceptor.ApiInterceptor - preHandle method is invoked /api/employee/1 DELETE 1.689773002088E12
13011 [Test worker] INFO  c.s.p.interceptor.ApiInterceptor - after completion is invoked Time took is -0.009 seconds.
13019 [Test worker] INFO  c.s.p.interceptor.ApiInterceptor - preHandle method is invoked /api/employee/1 GET 1.6897730021E12
13025 [Test worker] INFO  c.s.p.interceptor.ApiInterceptor - postHandle method is invoked /api/employee/1 GET 1.689773002106E12
13026 [Test worker] INFO  c.s.p.interceptor.ApiInterceptor - after completion is invoked Time took is 0.006 seconds.
13032 [Test worker] INFO  c.s.p.interceptor.ApiInterceptor - preHandle method is invoked /api/employee/department GET 1.689773002113E12
13036 [Test worker] INFO  c.s.p.interceptor.ApiInterceptor - after completion is invoked Time took is -0.007 seconds.
13043 [Test worker] INFO  c.s.p.interceptor.ApiInterceptor - preHandle method is invoked /api/employee/0 GET 1.689773002124E12
13044 [Test worker] INFO  c.s.p.interceptor.ApiInterceptor - after completion is invoked Time took is -0.018 seconds.
13051 [Test worker] INFO  c.s.p.interceptor.ApiInterceptor - preHandle method is invoked /api/employee/findAll GET 1.689773002132E12
13054 [Test worker] INFO  c.s.p.interceptor.ApiInterceptor - after completion is invoked Time took is -0.026 seconds.
13059 [Test worker] INFO  c.s.p.interceptor.ApiInterceptor - preHandle method is invoked /api/employee/course GET 1.68977300214E12
13063 [Test worker] INFO  c.s.p.interceptor.ApiInterceptor - after completion is invoked Time took is -0.034 seconds.
13069 [Test worker] INFO  c.s.p.interceptor.ApiInterceptor - preHandle method is invoked /api/employee/updateSalaryById PUT 1.68977300215E12
13071 [Test worker] INFO  c.s.p.interceptor.ApiInterceptor - after completion is invoked Time took is -0.044 seconds.
13077 [Test worker] INFO  c.s.p.interceptor.ApiInterceptor - preHandle method is invoked /api/employee/department/maxSalary GET 1.689773002158E12
13078 [Test worker] INFO  c.s.p.interceptor.ApiInterceptor - postHandle method is invoked /api/employee/department/maxSalary GET 1.689773002159E12
13079 [Test worker] INFO  c.s.p.interceptor.ApiInterceptor - after completion is invoked Time took is 0.001 seconds.
13086 [Test worker] INFO  c.s.p.interceptor.ApiInterceptor - preHandle method is invoked /api/employee GET 1.689773002167E12
13089 [Test worker] INFO  c.s.p.interceptor.ApiInterceptor - postHandle method is invoked /api/employee GET 1.68977300217E12
13089 [Test worker] INFO  c.s.p.interceptor.ApiInterceptor - after completion is invoked Time took is 0.003 seconds.
13145 [Test worker] INFO  c.s.p.service.CourseServiceTest - Starting CourseServiceTest using Java 17.0.7 with PID 5616 (started by ssama in C:\Users\ssama\Desktop\project\springproject)
13145 [Test worker] DEBUG c.s.p.service.CourseServiceTest - Running with Spring Boot v3.1.1, Spring v6.0.10
13145 [Test worker] INFO  c.s.p.service.CourseServiceTest - No active profile set, falling back to 1 default profile: "default"
14100 [Test worker] INFO  c.s.p.service.CourseServiceTest - Started CourseServiceTest in 0.989 seconds (process running for 15.449)
14227 [Test worker] INFO  c.s.p.service.EmployeeServiceTest - Starting EmployeeServiceTest using Java 17.0.7 with PID 5616 (started by ssama in C:\Users\ssama\Desktop\project\springproject)
14227 [Test worker] DEBUG c.s.p.service.EmployeeServiceTest - Running with Spring Boot v3.1.1, Spring v6.0.10
14227 [Test worker] INFO  c.s.p.service.EmployeeServiceTest - No active profile set, falling back to 1 default profile: "default"
15120 [Test worker] INFO  c.s.p.service.EmployeeServiceTest - Started EmployeeServiceTest in 0.928 seconds (process running for 16.47)
15158 [Test worker] INFO  c.s.p.service.EmployeeServiceImpl - Course already exists !
15158 [Test worker] INFO  c.s.p.service.EmployeeServiceImpl - Course already exists !
15187 [Test worker] INFO  c.s.p.service.EmployeeServiceImpl - Course already exists !
15188 [Test worker] INFO  c.s.p.service.EmployeeServiceImpl - Course already exists !
15207 [Test worker] ERROR c.s.p.service.EmployeeServiceImpl - Employee with id : 0  does not exist ! 
15249 [Test worker] ERROR c.s.p.service.EmployeeServiceImpl - Employee with lastname sujith is not inserted
16118 [Test worker] INFO  c.sujith.project.ProjectApplication - Starting ProjectApplication using Java 17.0.7 with PID 5616 (started by ssama in C:\Users\ssama\Desktop\project\springproject)
16118 [Test worker] DEBUG c.sujith.project.ProjectApplication - Running with Spring Boot v3.1.1, Spring v6.0.10
16118 [Test worker] INFO  c.sujith.project.ProjectApplication - No active profile set, falling back to 1 default profile: "default"
17339 [Test worker] INFO  c.sujith.project.ProjectApplication - Started ProjectApplication in 1.252 seconds (process running for 18.689)
17370 [Test worker] INFO  c.s.p.c.AddressControllerTest - Starting AddressControllerTest using Java 17.0.7 with PID 5616 (started by ssama in C:\Users\ssama\Desktop\project\springproject)
17370 [Test worker] DEBUG c.s.p.c.AddressControllerTest - Running with Spring Boot v3.1.1, Spring v6.0.10
17370 [Test worker] INFO  c.s.p.c.AddressControllerTest - No active profile set, falling back to 1 default profile: "default"
18181 [Test worker] INFO  c.s.p.c.AddressControllerTest - Started AddressControllerTest in 0.832 seconds (process running for 19.532)
18188 [Test worker] INFO  c.s.p.interceptor.ApiInterceptor - preHandle method is invoked /api/address GET 1.689773007269E12
18192 [Test worker] INFO  c.s.p.interceptor.ApiInterceptor - postHandle method is invoked /api/address GET 1.689773007273E12
18192 [Test worker] INFO  c.s.p.interceptor.ApiInterceptor - after completion is invoked Time took is 0.004 seconds.
18197 [Test worker] INFO  c.s.p.interceptor.ApiInterceptor - preHandle method is invoked /api/address GET 1.689773007278E12
18203 [Test worker] INFO  c.s.p.interceptor.ApiInterceptor - after completion is invoked Time took is -0.005 seconds.
18242 [Test worker] INFO  c.s.p.service.AddressServiceTest - Starting AddressServiceTest using Java 17.0.7 with PID 5616 (started by ssama in C:\Users\ssama\Desktop\project\springproject)
18242 [Test worker] DEBUG c.s.p.service.AddressServiceTest - Running with Spring Boot v3.1.1, Spring v6.0.10
18242 [Test worker] INFO  c.s.p.service.AddressServiceTest - No active profile set, falling back to 1 default profile: "default"
18997 [Test worker] INFO  c.s.p.service.AddressServiceTest - Started AddressServiceTest in 0.781 seconds (process running for 20.347)
14034 [Test worker] INFO  c.sujith.project.ProjectApplication - Starting ProjectApplication using Java 17.0.7 with PID 20492 (started by ssama in C:\Users\ssama\Desktop\project\springproject - Copy)
14035 [Test worker] DEBUG c.sujith.project.ProjectApplication - Running with Spring Boot v3.1.1, Spring v6.0.10
14037 [Test worker] INFO  c.sujith.project.ProjectApplication - No active profile set, falling back to 1 default profile: "default"
15779 [Test worker] INFO  c.sujith.project.ProjectApplication - Started ProjectApplication in 1.786 seconds (process running for 20.364)
15895 [Test worker] INFO  c.s.p.c.AddressControllerTest - Starting AddressControllerTest using Java 17.0.7 with PID 20492 (started by ssama in C:\Users\ssama\Desktop\project\springproject - Copy)
15895 [Test worker] DEBUG c.s.p.c.AddressControllerTest - Running with Spring Boot v3.1.1, Spring v6.0.10
15896 [Test worker] INFO  c.s.p.c.AddressControllerTest - No active profile set, falling back to 1 default profile: "default"
18121 [Test worker] INFO  c.s.p.c.AddressControllerTest - Started AddressControllerTest in 2.287 seconds (process running for 22.706)
18385 [Test worker] INFO  c.s.p.interceptor.ApiInterceptor - preHandle method is invoked /api/address GET 1.689773572517E12
18765 [Test worker] INFO  c.s.p.interceptor.ApiInterceptor - postHandle method is invoked /api/address GET 1.689773572897E12
18770 [Test worker] INFO  c.s.p.interceptor.ApiInterceptor - after completion is invoked Time took is 0.38 seconds.
18810 [Test worker] INFO  c.s.p.interceptor.ApiInterceptor - preHandle method is invoked /api/address GET 1.689773572942E12
18838 [Test worker] INFO  c.s.p.interceptor.ApiInterceptor - after completion is invoked Time took is -0.045 seconds.
19043 [Test worker] INFO  c.s.p.c.CourseControllerTest - Starting CourseControllerTest using Java 17.0.7 with PID 20492 (started by ssama in C:\Users\ssama\Desktop\project\springproject - Copy)
19044 [Test worker] DEBUG c.s.p.c.CourseControllerTest - Running with Spring Boot v3.1.1, Spring v6.0.10
19045 [Test worker] INFO  c.s.p.c.CourseControllerTest - No active profile set, falling back to 1 default profile: "default"
20478 [Test worker] INFO  c.s.p.c.CourseControllerTest - Started CourseControllerTest in 1.493 seconds (process running for 25.062)
20494 [Test worker] INFO  c.s.p.interceptor.ApiInterceptor - preHandle method is invoked /api/courses GET 1.689773574626E12
20509 [Test worker] INFO  c.s.p.interceptor.ApiInterceptor - postHandle method is invoked /api/courses GET 1.689773574641E12
20510 [Test worker] INFO  c.s.p.interceptor.ApiInterceptor - after completion is invoked Time took is 0.015 seconds.
20524 [Test worker] INFO  c.s.p.interceptor.ApiInterceptor - preHandle method is invoked /api/courses/insertMany POST 1.689773574656E12
20654 [Test worker] INFO  c.s.p.interceptor.ApiInterceptor - postHandle method is invoked /api/courses/insertMany POST 1.689773574786E12
20654 [Test worker] INFO  c.s.p.interceptor.ApiInterceptor - after completion is invoked Time took is 0.13 seconds.
20667 [Test worker] INFO  c.s.p.interceptor.ApiInterceptor - preHandle method is invoked /api/courses POST 1.689773574799E12
20679 [Test worker] INFO  c.s.p.interceptor.ApiInterceptor - after completion is invoked Time took is -0.013 seconds.
20696 [Test worker] INFO  c.s.p.interceptor.ApiInterceptor - preHandle method is invoked /api/courses POST 1.689773574828E12
20704 [Test worker] INFO  c.s.p.interceptor.ApiInterceptor - postHandle method is invoked /api/courses POST 1.689773574836E12
20704 [Test worker] INFO  c.s.p.interceptor.ApiInterceptor - after completion is invoked Time took is 0.008 seconds.
20713 [Test worker] INFO  c.s.p.interceptor.ApiInterceptor - preHandle method is invoked /api/courses GET 1.689773574845E12
20715 [Test worker] INFO  c.s.p.interceptor.ApiInterceptor - after completion is invoked Time took is -0.009 seconds.
20739 [Test worker] INFO  c.s.p.interceptor.ApiInterceptor - preHandle method is invoked /api/courses/insertMany POST 1.689773574871E12
20744 [Test worker] INFO  c.s.p.interceptor.ApiInterceptor - after completion is invoked Time took is -0.035 seconds.
20812 [Test worker] INFO  c.s.p.c.EmployeeControllerTest - Starting EmployeeControllerTest using Java 17.0.7 with PID 20492 (started by ssama in C:\Users\ssama\Desktop\project\springproject - Copy)
20813 [Test worker] DEBUG c.s.p.c.EmployeeControllerTest - Running with Spring Boot v3.1.1, Spring v6.0.10
20814 [Test worker] INFO  c.s.p.c.EmployeeControllerTest - No active profile set, falling back to 1 default profile: "default"
22563 [Test worker] INFO  c.s.p.c.EmployeeControllerTest - Started EmployeeControllerTest in 1.791 seconds (process running for 27.148)
22583 [Test worker] INFO  c.s.p.interceptor.ApiInterceptor - preHandle method is invoked /api/employee/15 GET 1.689773576715E12
22628 [Test worker] INFO  c.s.p.interceptor.ApiInterceptor - preHandle method is invoked /api/employee/department GET 1.68977357676E12
22668 [Test worker] INFO  c.s.p.interceptor.ApiInterceptor - postHandle method is invoked /api/employee/department GET 1.6897735768E12
22669 [Test worker] INFO  c.s.p.interceptor.ApiInterceptor - after completion is invoked Time took is 0.04 seconds.
22683 [Test worker] INFO  c.s.p.interceptor.ApiInterceptor - preHandle method is invoked /api/employee/maxSalary GET 1.689773576815E12
22688 [Test worker] INFO  c.s.p.interceptor.ApiInterceptor - postHandle method is invoked /api/employee/maxSalary GET 1.68977357682E12
22691 [Test worker] INFO  c.s.p.interceptor.ApiInterceptor - after completion is invoked Time took is 0.005 seconds.
22742 [Test worker] INFO  c.s.p.interceptor.ApiInterceptor - preHandle method is invoked /api/employee/updateSalaryById PUT 1.689773576874E12
22759 [Test worker] INFO  c.s.p.interceptor.ApiInterceptor - postHandle method is invoked /api/employee/updateSalaryById PUT 1.689773576891E12
22762 [Test worker] INFO  c.s.p.interceptor.ApiInterceptor - after completion is invoked Time took is 0.017 seconds.
22775 [Test worker] INFO  c.s.p.interceptor.ApiInterceptor - preHandle method is invoked /api/employee/findAll GET 1.689773576907E12
22778 [Test worker] INFO  c.s.p.interceptor.ApiInterceptor - postHandle method is invoked /api/employee/findAll GET 1.68977357691E12
22779 [Test worker] INFO  c.s.p.interceptor.ApiInterceptor - after completion is invoked Time took is 0.003 seconds.
22789 [Test worker] INFO  c.s.p.interceptor.ApiInterceptor - preHandle method is invoked /api/employee/course GET 1.689773576921E12
22791 [Test worker] INFO  c.s.p.interceptor.ApiInterceptor - postHandle method is invoked /api/employee/course GET 1.689773576923E12
22792 [Test worker] INFO  c.s.p.interceptor.ApiInterceptor - after completion is invoked Time took is 0.002 seconds.
22809 [Test worker] INFO  c.s.p.interceptor.ApiInterceptor - preHandle method is invoked /api/employee POST 1.689773576941E12
22825 [Test worker] INFO  c.s.p.interceptor.ApiInterceptor - postHandle method is invoked /api/employee POST 1.689773576957E12
22826 [Test worker] INFO  c.s.p.interceptor.ApiInterceptor - after completion is invoked Time took is 0.016 seconds.
22858 [Test worker] INFO  c.s.p.interceptor.ApiInterceptor - preHandle method is invoked /api/employee GET 1.68977357699E12
22863 [Test worker] INFO  c.s.p.interceptor.ApiInterceptor - after completion is invoked Time took is -0.033 seconds.
22874 [Test worker] INFO  c.s.p.interceptor.ApiInterceptor - preHandle method is invoked /api/employee PUT 1.689773577006E12
22878 [Test worker] INFO  c.s.p.interceptor.ApiInterceptor - after completion is invoked Time took is -0.049 seconds.
22896 [Test worker] INFO  c.s.p.interceptor.ApiInterceptor - preHandle method is invoked /api/employee GET 1.689773577028E12
22951 [Test worker] INFO  c.s.p.interceptor.ApiInterceptor - after completion is invoked Time took is -0.071 seconds.
22962 [Test worker] INFO  c.s.p.interceptor.ApiInterceptor - preHandle method is invoked /api/employee/1 DELETE 1.689773577094E12
22966 [Test worker] INFO  c.s.p.interceptor.ApiInterceptor - postHandle method is invoked /api/employee/1 DELETE 1.689773577098E12
22966 [Test worker] INFO  c.s.p.interceptor.ApiInterceptor - after completion is invoked Time took is 0.004 seconds.
22977 [Test worker] INFO  c.s.p.interceptor.ApiInterceptor - preHandle method is invoked /api/employee/department/maxSalary GET 1.689773577109E12
22981 [Test worker] INFO  c.s.p.interceptor.ApiInterceptor - after completion is invoked Time took is -0.011 seconds.
22992 [Test worker] INFO  c.s.p.interceptor.ApiInterceptor - preHandle method is invoked /api/employee/maxSalary GET 1.689773577124E12
22998 [Test worker] INFO  c.s.p.interceptor.ApiInterceptor - after completion is invoked Time took is -0.026 seconds.
23010 [Test worker] INFO  c.s.p.interceptor.ApiInterceptor - preHandle method is invoked /api/employee PUT 1.689773577142E12
23014 [Test worker] INFO  c.s.p.interceptor.ApiInterceptor - postHandle method is invoked /api/employee PUT 1.689773577146E12
23015 [Test worker] INFO  c.s.p.interceptor.ApiInterceptor - after completion is invoked Time took is 0.004 seconds.
23029 [Test worker] INFO  c.s.p.interceptor.ApiInterceptor - preHandle method is invoked /api/employee/insertAll POST 1.689773577161E12
23036 [Test worker] INFO  c.s.p.interceptor.ApiInterceptor - postHandle method is invoked /api/employee/insertAll POST 1.689773577168E12
23038 [Test worker] INFO  c.s.p.interceptor.ApiInterceptor - after completion is invoked Time took is 0.007 seconds.
23053 [Test worker] INFO  c.s.p.interceptor.ApiInterceptor - preHandle method is invoked /api/employee/1 DELETE 1.689773577185E12
23056 [Test worker] INFO  c.s.p.interceptor.ApiInterceptor - after completion is invoked Time took is -0.017 seconds.
23063 [Test worker] INFO  c.s.p.interceptor.ApiInterceptor - preHandle method is invoked /api/employee/1 GET 1.689773577195E12
23069 [Test worker] INFO  c.s.p.interceptor.ApiInterceptor - postHandle method is invoked /api/employee/1 GET 1.689773577201E12
23070 [Test worker] INFO  c.s.p.interceptor.ApiInterceptor - after completion is invoked Time took is 0.006 seconds.
23080 [Test worker] INFO  c.s.p.interceptor.ApiInterceptor - preHandle method is invoked /api/employee/department GET 1.689773577212E12
23083 [Test worker] INFO  c.s.p.interceptor.ApiInterceptor - after completion is invoked Time took is -0.011 seconds.
23092 [Test worker] INFO  c.s.p.interceptor.ApiInterceptor - preHandle method is invoked /api/employee/0 GET 1.689773577224E12
23095 [Test worker] INFO  c.s.p.interceptor.ApiInterceptor - after completion is invoked Time took is -0.023 seconds.
23102 [Test worker] INFO  c.s.p.interceptor.ApiInterceptor - preHandle method is invoked /api/employee/findAll GET 1.689773577234E12
23106 [Test worker] INFO  c.s.p.interceptor.ApiInterceptor - after completion is invoked Time took is -0.033 seconds.
23118 [Test worker] INFO  c.s.p.interceptor.ApiInterceptor - preHandle method is invoked /api/employee/course GET 1.68977357725E12
23122 [Test worker] INFO  c.s.p.interceptor.ApiInterceptor - after completion is invoked Time took is -0.049 seconds.
23133 [Test worker] INFO  c.s.p.interceptor.ApiInterceptor - preHandle method is invoked /api/employee/updateSalaryById PUT 1.689773577265E12
23140 [Test worker] INFO  c.s.p.interceptor.ApiInterceptor - after completion is invoked Time took is -0.064 seconds.
23152 [Test worker] INFO  c.s.p.interceptor.ApiInterceptor - preHandle method is invoked /api/employee/department/maxSalary GET 1.689773577284E12
23158 [Test worker] INFO  c.s.p.interceptor.ApiInterceptor - postHandle method is invoked /api/employee/department/maxSalary GET 1.68977357729E12
23159 [Test worker] INFO  c.s.p.interceptor.ApiInterceptor - after completion is invoked Time took is 0.006 seconds.
23173 [Test worker] INFO  c.s.p.interceptor.ApiInterceptor - preHandle method is invoked /api/employee GET 1.689773577305E12
23178 [Test worker] INFO  c.s.p.interceptor.ApiInterceptor - postHandle method is invoked /api/employee GET 1.68977357731E12
23179 [Test worker] INFO  c.s.p.interceptor.ApiInterceptor - after completion is invoked Time took is 0.005 seconds.
23262 [Test worker] INFO  c.s.p.service.AddressServiceTest - Starting AddressServiceTest using Java 17.0.7 with PID 20492 (started by ssama in C:\Users\ssama\Desktop\project\springproject - Copy)
23262 [Test worker] DEBUG c.s.p.service.AddressServiceTest - Running with Spring Boot v3.1.1, Spring v6.0.10
23263 [Test worker] INFO  c.s.p.service.AddressServiceTest - No active profile set, falling back to 1 default profile: "default"
25027 [Test worker] INFO  c.s.p.service.AddressServiceTest - Started AddressServiceTest in 1.806 seconds (process running for 29.61)
25242 [Test worker] INFO  c.s.p.service.CourseServiceTest - Starting CourseServiceTest using Java 17.0.7 with PID 20492 (started by ssama in C:\Users\ssama\Desktop\project\springproject - Copy)
25243 [Test worker] DEBUG c.s.p.service.CourseServiceTest - Running with Spring Boot v3.1.1, Spring v6.0.10
25243 [Test worker] INFO  c.s.p.service.CourseServiceTest - No active profile set, falling back to 1 default profile: "default"
27021 [Test worker] INFO  c.s.p.service.CourseServiceTest - Started CourseServiceTest in 1.847 seconds (process running for 31.605)
27185 [Test worker] INFO  c.s.p.service.EmployeeServiceTest - Starting EmployeeServiceTest using Java 17.0.7 with PID 20492 (started by ssama in C:\Users\ssama\Desktop\project\springproject - Copy)
27186 [Test worker] DEBUG c.s.p.service.EmployeeServiceTest - Running with Spring Boot v3.1.1, Spring v6.0.10
27186 [Test worker] INFO  c.s.p.service.EmployeeServiceTest - No active profile set, falling back to 1 default profile: "default"
28806 [Test worker] INFO  c.s.p.service.EmployeeServiceTest - Started EmployeeServiceTest in 1.674 seconds (process running for 33.39)
28858 [Test worker] INFO  c.s.p.service.EmployeeServiceImpl - Course already exists !
28858 [Test worker] INFO  c.s.p.service.EmployeeServiceImpl - Course already exists !
28905 [Test worker] INFO  c.s.p.service.EmployeeServiceImpl - Course already exists !
28906 [Test worker] INFO  c.s.p.service.EmployeeServiceImpl - Course already exists !
28930 [Test worker] ERROR c.s.p.service.EmployeeServiceImpl - Employee with id : 0  does not exist ! 
29000 [Test worker] ERROR c.s.p.service.EmployeeServiceImpl - Employee with lastname sujith is not inserted
3320 [Test worker] INFO  c.s.p.c.CourseControllerTest - Starting CourseControllerTest using Java 17.0.7 with PID 12204 (started by ssama in C:\Users\ssama\Desktop\project\springproject - Copy)
3321 [Test worker] DEBUG c.s.p.c.CourseControllerTest - Running with Spring Boot v3.1.1, Spring v6.0.10
3323 [Test worker] INFO  c.s.p.c.CourseControllerTest - No active profile set, falling back to 1 default profile: "default"
18363 [Test worker] INFO  c.s.p.c.CourseControllerTest - Started CourseControllerTest in 16.079 seconds (process running for 21.806)
18640 [Test worker] INFO  c.s.p.interceptor.ApiInterceptor - preHandle method is invoked /api/courses GET 1.689773686631E12
18987 [Test worker] INFO  c.s.p.interceptor.ApiInterceptor - postHandle method is invoked /api/courses GET 1.689773686978E12
19002 [Test worker] INFO  c.s.p.interceptor.ApiInterceptor - after completion is invoked Time took is 0.347 seconds.
19064 [Test worker] INFO  c.s.p.interceptor.ApiInterceptor - preHandle method is invoked /api/courses/insertMany POST 1.689773687055E12
19211 [Test worker] INFO  c.s.p.interceptor.ApiInterceptor - postHandle method is invoked /api/courses/insertMany POST 1.689773687202E12
19211 [Test worker] INFO  c.s.p.interceptor.ApiInterceptor - after completion is invoked Time took is 0.147 seconds.
19230 [Test worker] INFO  c.s.p.interceptor.ApiInterceptor - preHandle method is invoked /api/courses POST 1.689773687221E12
19271 [Test worker] INFO  c.s.p.interceptor.ApiInterceptor - after completion is invoked Time took is -0.019 seconds.
19307 [Test worker] INFO  c.s.p.interceptor.ApiInterceptor - preHandle method is invoked /api/courses POST 1.689773687298E12
19322 [Test worker] INFO  c.s.p.interceptor.ApiInterceptor - postHandle method is invoked /api/courses POST 1.689773687313E12
19323 [Test worker] INFO  c.s.p.interceptor.ApiInterceptor - after completion is invoked Time took is 0.015 seconds.
19352 [Test worker] INFO  c.s.p.interceptor.ApiInterceptor - preHandle method is invoked /api/courses GET 1.689773687342E12
19355 [Test worker] INFO  c.s.p.interceptor.ApiInterceptor - after completion is invoked Time took is -0.029 seconds.
19614 [Test worker] INFO  c.s.p.interceptor.ApiInterceptor - preHandle method is invoked /api/courses/insertMany POST 1.689773687605E12
19619 [Test worker] INFO  c.s.p.interceptor.ApiInterceptor - after completion is invoked Time took is -0.292 seconds.
19763 [Test worker] INFO  c.s.p.c.EmployeeControllerTest - Starting EmployeeControllerTest using Java 17.0.7 with PID 12204 (started by ssama in C:\Users\ssama\Desktop\project\springproject - Copy)
19764 [Test worker] DEBUG c.s.p.c.EmployeeControllerTest - Running with Spring Boot v3.1.1, Spring v6.0.10
19766 [Test worker] INFO  c.s.p.c.EmployeeControllerTest - No active profile set, falling back to 1 default profile: "default"
21347 [Test worker] INFO  c.s.p.c.EmployeeControllerTest - Started EmployeeControllerTest in 1.67 seconds (process running for 24.791)
21362 [Test worker] INFO  c.s.p.interceptor.ApiInterceptor - preHandle method is invoked /api/employee/15 GET 1.689773689353E12
21399 [Test worker] INFO  c.s.p.interceptor.ApiInterceptor - preHandle method is invoked /api/employee/department GET 1.68977368939E12
21426 [Test worker] INFO  c.s.p.interceptor.ApiInterceptor - postHandle method is invoked /api/employee/department GET 1.689773689417E12
21428 [Test worker] INFO  c.s.p.interceptor.ApiInterceptor - after completion is invoked Time took is 0.027 seconds.
21436 [Test worker] INFO  c.s.p.interceptor.ApiInterceptor - preHandle method is invoked /api/employee/maxSalary GET 1.689773689427E12
21439 [Test worker] INFO  c.s.p.interceptor.ApiInterceptor - postHandle method is invoked /api/employee/maxSalary GET 1.68977368943E12
21440 [Test worker] INFO  c.s.p.interceptor.ApiInterceptor - after completion is invoked Time took is 0.003 seconds.
21484 [Test worker] INFO  c.s.p.interceptor.ApiInterceptor - preHandle method is invoked /api/employee/updateSalaryById PUT 1.689773689475E12
21491 [Test worker] INFO  c.s.p.interceptor.ApiInterceptor - postHandle method is invoked /api/employee/updateSalaryById PUT 1.689773689482E12
21492 [Test worker] INFO  c.s.p.interceptor.ApiInterceptor - after completion is invoked Time took is 0.007 seconds.
21504 [Test worker] INFO  c.s.p.interceptor.ApiInterceptor - preHandle method is invoked /api/employee/findAll GET 1.689773689495E12
21506 [Test worker] INFO  c.s.p.interceptor.ApiInterceptor - postHandle method is invoked /api/employee/findAll GET 1.689773689497E12
21506 [Test worker] INFO  c.s.p.interceptor.ApiInterceptor - after completion is invoked Time took is 0.002 seconds.
21518 [Test worker] INFO  c.s.p.interceptor.ApiInterceptor - preHandle method is invoked /api/employee/course GET 1.689773689509E12
21522 [Test worker] INFO  c.s.p.interceptor.ApiInterceptor - postHandle method is invoked /api/employee/course GET 1.689773689513E12
21522 [Test worker] INFO  c.s.p.interceptor.ApiInterceptor - after completion is invoked Time took is 0.004 seconds.
21538 [Test worker] INFO  c.s.p.interceptor.ApiInterceptor - preHandle method is invoked /api/employee POST 1.689773689529E12
21552 [Test worker] INFO  c.s.p.interceptor.ApiInterceptor - postHandle method is invoked /api/employee POST 1.689773689543E12
21552 [Test worker] INFO  c.s.p.interceptor.ApiInterceptor - after completion is invoked Time took is 0.014 seconds.
21578 [Test worker] INFO  c.s.p.interceptor.ApiInterceptor - preHandle method is invoked /api/employee GET 1.689773689569E12
21582 [Test worker] INFO  c.s.p.interceptor.ApiInterceptor - after completion is invoked Time took is -0.026 seconds.
21592 [Test worker] INFO  c.s.p.interceptor.ApiInterceptor - preHandle method is invoked /api/employee PUT 1.689773689583E12
21597 [Test worker] INFO  c.s.p.interceptor.ApiInterceptor - after completion is invoked Time took is -0.04 seconds.
21615 [Test worker] INFO  c.s.p.interceptor.ApiInterceptor - preHandle method is invoked /api/employee GET 1.689773689606E12
21666 [Test worker] INFO  c.s.p.interceptor.ApiInterceptor - after completion is invoked Time took is -0.063 seconds.
21673 [Test worker] INFO  c.s.p.interceptor.ApiInterceptor - preHandle method is invoked /api/employee/1 DELETE 1.689773689664E12
21676 [Test worker] INFO  c.s.p.interceptor.ApiInterceptor - postHandle method is invoked /api/employee/1 DELETE 1.689773689667E12
21676 [Test worker] INFO  c.s.p.interceptor.ApiInterceptor - after completion is invoked Time took is 0.003 seconds.
21698 [Test worker] INFO  c.s.p.interceptor.ApiInterceptor - preHandle method is invoked /api/employee/department/maxSalary GET 1.689773689689E12
21703 [Test worker] INFO  c.s.p.interceptor.ApiInterceptor - after completion is invoked Time took is -0.022 seconds.
21721 [Test worker] INFO  c.s.p.interceptor.ApiInterceptor - preHandle method is invoked /api/employee/maxSalary GET 1.689773689712E12
21726 [Test worker] INFO  c.s.p.interceptor.ApiInterceptor - after completion is invoked Time took is -0.045 seconds.
21736 [Test worker] INFO  c.s.p.interceptor.ApiInterceptor - preHandle method is invoked /api/employee PUT 1.689773689727E12
21741 [Test worker] INFO  c.s.p.interceptor.ApiInterceptor - postHandle method is invoked /api/employee PUT 1.689773689732E12
21742 [Test worker] INFO  c.s.p.interceptor.ApiInterceptor - after completion is invoked Time took is 0.005 seconds.
21751 [Test worker] INFO  c.s.p.interceptor.ApiInterceptor - preHandle method is invoked /api/employee/insertAll POST 1.689773689742E12
21762 [Test worker] INFO  c.s.p.interceptor.ApiInterceptor - postHandle method is invoked /api/employee/insertAll POST 1.689773689753E12
21763 [Test worker] INFO  c.s.p.interceptor.ApiInterceptor - after completion is invoked Time took is 0.011 seconds.
21776 [Test worker] INFO  c.s.p.interceptor.ApiInterceptor - preHandle method is invoked /api/employee/1 DELETE 1.689773689767E12
21777 [Test worker] INFO  c.s.p.interceptor.ApiInterceptor - after completion is invoked Time took is -0.014 seconds.
21788 [Test worker] INFO  c.s.p.interceptor.ApiInterceptor - preHandle method is invoked /api/employee/1 GET 1.689773689779E12
21798 [Test worker] INFO  c.s.p.interceptor.ApiInterceptor - postHandle method is invoked /api/employee/1 GET 1.689773689789E12
21799 [Test worker] INFO  c.s.p.interceptor.ApiInterceptor - after completion is invoked Time took is 0.01 seconds.
21807 [Test worker] INFO  c.s.p.interceptor.ApiInterceptor - preHandle method is invoked /api/employee/department GET 1.689773689798E12
21810 [Test worker] INFO  c.s.p.interceptor.ApiInterceptor - after completion is invoked Time took is -0.009 seconds.
21814 [Test worker] INFO  c.s.p.interceptor.ApiInterceptor - preHandle method is invoked /api/employee/0 GET 1.689773689805E12
21818 [Test worker] INFO  c.s.p.interceptor.ApiInterceptor - after completion is invoked Time took is -0.016 seconds.
21826 [Test worker] INFO  c.s.p.interceptor.ApiInterceptor - preHandle method is invoked /api/employee/findAll GET 1.689773689817E12
21830 [Test worker] INFO  c.s.p.interceptor.ApiInterceptor - after completion is invoked Time took is -0.028 seconds.
21838 [Test worker] INFO  c.s.p.interceptor.ApiInterceptor - preHandle method is invoked /api/employee/course GET 1.689773689829E12
21842 [Test worker] INFO  c.s.p.interceptor.ApiInterceptor - after completion is invoked Time took is -0.04 seconds.
21848 [Test worker] INFO  c.s.p.interceptor.ApiInterceptor - preHandle method is invoked /api/employee/updateSalaryById PUT 1.689773689839E12
21854 [Test worker] INFO  c.s.p.interceptor.ApiInterceptor - after completion is invoked Time took is -0.05 seconds.
21864 [Test worker] INFO  c.s.p.interceptor.ApiInterceptor - preHandle method is invoked /api/employee/department/maxSalary GET 1.689773689855E12
21866 [Test worker] INFO  c.s.p.interceptor.ApiInterceptor - postHandle method is invoked /api/employee/department/maxSalary GET 1.689773689857E12
21866 [Test worker] INFO  c.s.p.interceptor.ApiInterceptor - after completion is invoked Time took is 0.002 seconds.
21874 [Test worker] INFO  c.s.p.interceptor.ApiInterceptor - preHandle method is invoked /api/employee GET 1.689773689865E12
21876 [Test worker] INFO  c.s.p.interceptor.ApiInterceptor - postHandle method is invoked /api/employee GET 1.689773689867E12
21876 [Test worker] INFO  c.s.p.interceptor.ApiInterceptor - after completion is invoked Time took is 0.002 seconds.
22021 [Test worker] INFO  c.s.p.service.CourseServiceTest - Starting CourseServiceTest using Java 17.0.7 with PID 12204 (started by ssama in C:\Users\ssama\Desktop\project\springproject - Copy)
22022 [Test worker] DEBUG c.s.p.service.CourseServiceTest - Running with Spring Boot v3.1.1, Spring v6.0.10
22022 [Test worker] INFO  c.s.p.service.CourseServiceTest - No active profile set, falling back to 1 default profile: "default"
23187 [Test worker] INFO  c.s.p.service.CourseServiceTest - Started CourseServiceTest in 1.237 seconds (process running for 26.63)
23359 [Test worker] INFO  c.s.p.service.EmployeeServiceTest - Starting EmployeeServiceTest using Java 17.0.7 with PID 12204 (started by ssama in C:\Users\ssama\Desktop\project\springproject - Copy)
23359 [Test worker] DEBUG c.s.p.service.EmployeeServiceTest - Running with Spring Boot v3.1.1, Spring v6.0.10
23359 [Test worker] INFO  c.s.p.service.EmployeeServiceTest - No active profile set, falling back to 1 default profile: "default"
24507 [Test worker] INFO  c.s.p.service.EmployeeServiceTest - Started EmployeeServiceTest in 1.193 seconds (process running for 27.951)
24559 [Test worker] INFO  c.s.p.service.EmployeeServiceImpl - Course already exists !
24560 [Test worker] INFO  c.s.p.service.EmployeeServiceImpl - Course already exists !
24599 [Test worker] INFO  c.s.p.service.EmployeeServiceImpl - Course already exists !
24600 [Test worker] INFO  c.s.p.service.EmployeeServiceImpl - Course already exists !
24630 [Test worker] ERROR c.s.p.service.EmployeeServiceImpl - Employee with id : 0  does not exist ! 
24714 [Test worker] ERROR c.s.p.service.EmployeeServiceImpl - Employee with lastname sujith is not inserted
25784 [Test worker] INFO  c.sujith.project.ProjectApplication - Starting ProjectApplication using Java 17.0.7 with PID 12204 (started by ssama in C:\Users\ssama\Desktop\project\springproject - Copy)
25784 [Test worker] DEBUG c.sujith.project.ProjectApplication - Running with Spring Boot v3.1.1, Spring v6.0.10
25785 [Test worker] INFO  c.sujith.project.ProjectApplication - No active profile set, falling back to 1 default profile: "default"
27527 [Test worker] INFO  c.sujith.project.ProjectApplication - Started ProjectApplication in 1.783 seconds (process running for 30.97)
27563 [Test worker] INFO  c.s.p.c.AddressControllerTest - Starting AddressControllerTest using Java 17.0.7 with PID 12204 (started by ssama in C:\Users\ssama\Desktop\project\springproject - Copy)
27564 [Test worker] DEBUG c.s.p.c.AddressControllerTest - Running with Spring Boot v3.1.1, Spring v6.0.10
27564 [Test worker] INFO  c.s.p.c.AddressControllerTest - No active profile set, falling back to 1 default profile: "default"
28451 [Test worker] INFO  c.s.p.c.AddressControllerTest - Started AddressControllerTest in 0.912 seconds (process running for 31.894)
28458 [Test worker] INFO  c.s.p.interceptor.ApiInterceptor - preHandle method is invoked /api/address GET 1.689773696449E12
28461 [Test worker] INFO  c.s.p.interceptor.ApiInterceptor - postHandle method is invoked /api/address GET 1.689773696452E12
28462 [Test worker] INFO  c.s.p.interceptor.ApiInterceptor - after completion is invoked Time took is 0.003 seconds.
28468 [Test worker] INFO  c.s.p.interceptor.ApiInterceptor - preHandle method is invoked /api/address GET 1.689773696459E12
28481 [Test worker] INFO  c.s.p.interceptor.ApiInterceptor - after completion is invoked Time took is -0.007 seconds.
28517 [Test worker] INFO  c.s.p.service.AddressServiceTest - Starting AddressServiceTest using Java 17.0.7 with PID 12204 (started by ssama in C:\Users\ssama\Desktop\project\springproject - Copy)
28517 [Test worker] DEBUG c.s.p.service.AddressServiceTest - Running with Spring Boot v3.1.1, Spring v6.0.10
28517 [Test worker] INFO  c.s.p.service.AddressServiceTest - No active profile set, falling back to 1 default profile: "default"
29361 [Test worker] INFO  c.s.p.service.AddressServiceTest - Started AddressServiceTest in 0.866 seconds (process running for 32.803)
3108 [Test worker] INFO  c.s.p.c.EmployeeControllerTest - Starting EmployeeControllerTest using Java 17.0.7 with PID 31336 (started by ssama in C:\Users\ssama\Desktop\project\springproject - Copy)
3109 [Test worker] DEBUG c.s.p.c.EmployeeControllerTest - Running with Spring Boot v3.1.1, Spring v6.0.10
3110 [Test worker] INFO  c.s.p.c.EmployeeControllerTest - No active profile set, falling back to 1 default profile: "default"
13368 [Test worker] INFO  c.sujith.project.ProjectApplication - Starting ProjectApplication using Java 17.0.7 with PID 11580 (started by ssama in C:\Users\ssama\Desktop\project\springproject - Copy)
13368 [Test worker] DEBUG c.sujith.project.ProjectApplication - Running with Spring Boot v3.1.1, Spring v6.0.10
13370 [Test worker] INFO  c.sujith.project.ProjectApplication - No active profile set, falling back to 1 default profile: "default"
15146 [Test worker] INFO  c.sujith.project.ProjectApplication - Started ProjectApplication in 1.825 seconds (process running for 18.901)
15248 [Test worker] INFO  c.s.p.c.AddressControllerTest - Starting AddressControllerTest using Java 17.0.7 with PID 11580 (started by ssama in C:\Users\ssama\Desktop\project\springproject - Copy)
15249 [Test worker] DEBUG c.s.p.c.AddressControllerTest - Running with Spring Boot v3.1.1, Spring v6.0.10
15249 [Test worker] INFO  c.s.p.c.AddressControllerTest - No active profile set, falling back to 1 default profile: "default"
16823 [Test worker] INFO  c.s.p.c.AddressControllerTest - Started AddressControllerTest in 1.614 seconds (process running for 20.578)
17084 [Test worker] INFO  c.s.p.interceptor.ApiInterceptor - preHandle method is invoked /api/address GET 1.689774318505E12
17591 [Test worker] INFO  c.s.p.interceptor.ApiInterceptor - postHandle method is invoked /api/address GET 1.689774319012E12
17600 [Test worker] INFO  c.s.p.interceptor.ApiInterceptor - after completion is invoked Time took is 0.507 seconds.
17643 [Test worker] INFO  c.s.p.interceptor.ApiInterceptor - preHandle method is invoked /api/address GET 1.689774319064E12
17675 [Test worker] INFO  c.s.p.interceptor.ApiInterceptor - after completion is invoked Time took is -0.052 seconds.
17906 [Test worker] INFO  c.s.p.c.CourseControllerTest - Starting CourseControllerTest using Java 17.0.7 with PID 11580 (started by ssama in C:\Users\ssama\Desktop\project\springproject - Copy)
17906 [Test worker] DEBUG c.s.p.c.CourseControllerTest - Running with Spring Boot v3.1.1, Spring v6.0.10
17907 [Test worker] INFO  c.s.p.c.CourseControllerTest - No active profile set, falling back to 1 default profile: "default"
19059 [Test worker] INFO  c.s.p.c.CourseControllerTest - Started CourseControllerTest in 1.195 seconds (process running for 22.815)
19070 [Test worker] INFO  c.s.p.interceptor.ApiInterceptor - preHandle method is invoked /api/courses GET 1.689774320491E12
19076 [Test worker] INFO  c.s.p.interceptor.ApiInterceptor - postHandle method is invoked /api/courses GET 1.689774320497E12
19077 [Test worker] INFO  c.s.p.interceptor.ApiInterceptor - after completion is invoked Time took is 0.006 seconds.
19091 [Test worker] INFO  c.s.p.interceptor.ApiInterceptor - preHandle method is invoked /api/courses/insertMany POST 1.689774320512E12
19275 [Test worker] INFO  c.s.p.interceptor.ApiInterceptor - postHandle method is invoked /api/courses/insertMany POST 1.689774320696E12
19276 [Test worker] INFO  c.s.p.interceptor.ApiInterceptor - after completion is invoked Time took is 0.184 seconds.
19289 [Test worker] INFO  c.s.p.interceptor.ApiInterceptor - preHandle method is invoked /api/courses POST 1.68977432071E12
19314 [Test worker] INFO  c.s.p.interceptor.ApiInterceptor - after completion is invoked Time took is -0.014 seconds.
19336 [Test worker] INFO  c.s.p.interceptor.ApiInterceptor - preHandle method is invoked /api/courses POST 1.689774320757E12
19346 [Test worker] INFO  c.s.p.interceptor.ApiInterceptor - postHandle method is invoked /api/courses POST 1.689774320767E12
19346 [Test worker] INFO  c.s.p.interceptor.ApiInterceptor - after completion is invoked Time took is 0.01 seconds.
19355 [Test worker] INFO  c.s.p.interceptor.ApiInterceptor - preHandle method is invoked /api/courses GET 1.689774320776E12
19358 [Test worker] INFO  c.s.p.interceptor.ApiInterceptor - after completion is invoked Time took is -0.009 seconds.
19377 [Test worker] INFO  c.s.p.interceptor.ApiInterceptor - preHandle method is invoked /api/courses/insertMany POST 1.689774320798E12
19382 [Test worker] INFO  c.s.p.interceptor.ApiInterceptor - after completion is invoked Time took is -0.031 seconds.
19437 [Test worker] INFO  c.s.p.c.EmployeeControllerTest - Starting EmployeeControllerTest using Java 17.0.7 with PID 11580 (started by ssama in C:\Users\ssama\Desktop\project\springproject - Copy)
19438 [Test worker] DEBUG c.s.p.c.EmployeeControllerTest - Running with Spring Boot v3.1.1, Spring v6.0.10
19438 [Test worker] INFO  c.s.p.c.EmployeeControllerTest - No active profile set, falling back to 1 default profile: "default"
20552 [Test worker] INFO  c.s.p.c.EmployeeControllerTest - Started EmployeeControllerTest in 1.148 seconds (process running for 24.307)
20562 [Test worker] INFO  c.s.p.interceptor.ApiInterceptor - preHandle method is invoked /api/employee/15 GET 1.689774321983E12
20585 [Test worker] INFO  c.s.p.interceptor.ApiInterceptor - preHandle method is invoked /api/employee/department GET 1.689774322006E12
20607 [Test worker] INFO  c.s.p.interceptor.ApiInterceptor - postHandle method is invoked /api/employee/department GET 1.689774322028E12
20608 [Test worker] INFO  c.s.p.interceptor.ApiInterceptor - after completion is invoked Time took is 0.022 seconds.
20616 [Test worker] INFO  c.s.p.interceptor.ApiInterceptor - preHandle method is invoked /api/employee/maxSalary GET 1.689774322037E12
20618 [Test worker] INFO  c.s.p.interceptor.ApiInterceptor - postHandle method is invoked /api/employee/maxSalary GET 1.689774322039E12
20619 [Test worker] INFO  c.s.p.interceptor.ApiInterceptor - after completion is invoked Time took is 0.002 seconds.
20660 [Test worker] INFO  c.s.p.interceptor.ApiInterceptor - preHandle method is invoked /api/employee/updateSalaryById PUT 1.689774322081E12
20666 [Test worker] INFO  c.s.p.interceptor.ApiInterceptor - postHandle method is invoked /api/employee/updateSalaryById PUT 1.689774322087E12
20666 [Test worker] INFO  c.s.p.interceptor.ApiInterceptor - after completion is invoked Time took is 0.006 seconds.
20675 [Test worker] INFO  c.s.p.interceptor.ApiInterceptor - preHandle method is invoked /api/employee/findAll GET 1.689774322096E12
20677 [Test worker] INFO  c.s.p.interceptor.ApiInterceptor - postHandle method is invoked /api/employee/findAll GET 1.689774322098E12
20678 [Test worker] INFO  c.s.p.interceptor.ApiInterceptor - after completion is invoked Time took is 0.002 seconds.
20687 [Test worker] INFO  c.s.p.interceptor.ApiInterceptor - preHandle method is invoked /api/employee/course GET 1.689774322108E12
20690 [Test worker] INFO  c.s.p.interceptor.ApiInterceptor - postHandle method is invoked /api/employee/course GET 1.689774322111E12
20690 [Test worker] INFO  c.s.p.interceptor.ApiInterceptor - after completion is invoked Time took is 0.003 seconds.
20700 [Test worker] INFO  c.s.p.interceptor.ApiInterceptor - preHandle method is invoked /api/employee POST 1.689774322121E12
20711 [Test worker] INFO  c.s.p.interceptor.ApiInterceptor - postHandle method is invoked /api/employee POST 1.689774322132E12
20712 [Test worker] INFO  c.s.p.interceptor.ApiInterceptor - after completion is invoked Time took is 0.011 seconds.
20721 [Test worker] INFO  c.s.p.interceptor.ApiInterceptor - preHandle method is invoked /api/employee GET 1.689774322142E12
20732 [Test worker] INFO  c.s.p.interceptor.ApiInterceptor - after completion is invoked Time took is -0.01 seconds.
20744 [Test worker] INFO  c.s.p.interceptor.ApiInterceptor - preHandle method is invoked /api/employee PUT 1.689774322165E12
20748 [Test worker] INFO  c.s.p.interceptor.ApiInterceptor - after completion is invoked Time took is -0.033 seconds.
20762 [Test worker] INFO  c.s.p.interceptor.ApiInterceptor - preHandle method is invoked /api/employee GET 1.689774322183E12
20836 [Test worker] INFO  c.s.p.interceptor.ApiInterceptor - after completion is invoked Time took is -0.051 seconds.
20843 [Test worker] INFO  c.s.p.interceptor.ApiInterceptor - preHandle method is invoked /api/employee/1 DELETE 1.689774322264E12
20846 [Test worker] INFO  c.s.p.interceptor.ApiInterceptor - postHandle method is invoked /api/employee/1 DELETE 1.689774322267E12
20846 [Test worker] INFO  c.s.p.interceptor.ApiInterceptor - after completion is invoked Time took is 0.003 seconds.
20855 [Test worker] INFO  c.s.p.interceptor.ApiInterceptor - preHandle method is invoked /api/employee/department/maxSalary GET 1.689774322276E12
20858 [Test worker] INFO  c.s.p.interceptor.ApiInterceptor - after completion is invoked Time took is -0.009 seconds.
20868 [Test worker] INFO  c.s.p.interceptor.ApiInterceptor - preHandle method is invoked /api/employee/maxSalary GET 1.689774322289E12
20871 [Test worker] INFO  c.s.p.interceptor.ApiInterceptor - after completion is invoked Time took is -0.022 seconds.
20884 [Test worker] INFO  c.s.p.interceptor.ApiInterceptor - preHandle method is invoked /api/employee PUT 1.689774322305E12
20887 [Test worker] INFO  c.s.p.interceptor.ApiInterceptor - postHandle method is invoked /api/employee PUT 1.689774322308E12
20888 [Test worker] INFO  c.s.p.interceptor.ApiInterceptor - after completion is invoked Time took is 0.003 seconds.
20900 [Test worker] INFO  c.s.p.interceptor.ApiInterceptor - preHandle method is invoked /api/employee/insertAll POST 1.689774322321E12
20911 [Test worker] INFO  c.s.p.interceptor.ApiInterceptor - postHandle method is invoked /api/employee/insertAll POST 1.689774322332E12
20912 [Test worker] INFO  c.s.p.interceptor.ApiInterceptor - after completion is invoked Time took is 0.011 seconds.
20920 [Test worker] INFO  c.s.p.interceptor.ApiInterceptor - preHandle method is invoked /api/employee/1 DELETE 1.689774322341E12
20922 [Test worker] INFO  c.s.p.interceptor.ApiInterceptor - after completion is invoked Time took is -0.009 seconds.
20932 [Test worker] INFO  c.s.p.interceptor.ApiInterceptor - preHandle method is invoked /api/employee/1 GET 1.689774322353E12
20947 [Test worker] INFO  c.s.p.interceptor.ApiInterceptor - postHandle method is invoked /api/employee/1 GET 1.689774322367E12
20947 [Test worker] INFO  c.s.p.interceptor.ApiInterceptor - after completion is invoked Time took is 0.014 seconds.
20956 [Test worker] INFO  c.s.p.interceptor.ApiInterceptor - preHandle method is invoked /api/employee/department GET 1.689774322377E12
20959 [Test worker] INFO  c.s.p.interceptor.ApiInterceptor - after completion is invoked Time took is -0.01 seconds.
20969 [Test worker] INFO  c.s.p.interceptor.ApiInterceptor - preHandle method is invoked /api/employee/0 GET 1.68977432239E12
20976 [Test worker] INFO  c.s.p.interceptor.ApiInterceptor - after completion is invoked Time took is -0.023 seconds.
20984 [Test worker] INFO  c.s.p.interceptor.ApiInterceptor - preHandle method is invoked /api/employee/findAll GET 1.689774322405E12
20988 [Test worker] INFO  c.s.p.interceptor.ApiInterceptor - after completion is invoked Time took is -0.038 seconds.
20996 [Test worker] INFO  c.s.p.interceptor.ApiInterceptor - preHandle method is invoked /api/employee/course GET 1.689774322417E12
20999 [Test worker] INFO  c.s.p.interceptor.ApiInterceptor - after completion is invoked Time took is -0.05 seconds.
21008 [Test worker] INFO  c.s.p.interceptor.ApiInterceptor - preHandle method is invoked /api/employee/updateSalaryById PUT 1.689774322429E12
21011 [Test worker] INFO  c.s.p.interceptor.ApiInterceptor - after completion is invoked Time took is -0.062 seconds.
21020 [Test worker] INFO  c.s.p.interceptor.ApiInterceptor - preHandle method is invoked /api/employee/department/maxSalary GET 1.689774322441E12
21022 [Test worker] INFO  c.s.p.interceptor.ApiInterceptor - postHandle method is invoked /api/employee/department/maxSalary GET 1.689774322443E12
21023 [Test worker] INFO  c.s.p.interceptor.ApiInterceptor - after completion is invoked Time took is 0.002 seconds.
21034 [Test worker] INFO  c.s.p.interceptor.ApiInterceptor - preHandle method is invoked /api/employee GET 1.689774322455E12
21036 [Test worker] INFO  c.s.p.interceptor.ApiInterceptor - postHandle method is invoked /api/employee GET 1.689774322457E12
21037 [Test worker] INFO  c.s.p.interceptor.ApiInterceptor - after completion is invoked Time took is 0.002 seconds.
21106 [Test worker] INFO  c.s.p.service.AddressServiceTest - Starting AddressServiceTest using Java 17.0.7 with PID 11580 (started by ssama in C:\Users\ssama\Desktop\project\springproject - Copy)
21106 [Test worker] DEBUG c.s.p.service.AddressServiceTest - Running with Spring Boot v3.1.1, Spring v6.0.10
21106 [Test worker] INFO  c.s.p.service.AddressServiceTest - No active profile set, falling back to 1 default profile: "default"
22203 [Test worker] INFO  c.s.p.service.AddressServiceTest - Started AddressServiceTest in 1.134 seconds (process running for 25.958)
22328 [Test worker] INFO  c.s.p.service.CourseServiceTest - Starting CourseServiceTest using Java 17.0.7 with PID 11580 (started by ssama in C:\Users\ssama\Desktop\project\springproject - Copy)
22329 [Test worker] DEBUG c.s.p.service.CourseServiceTest - Running with Spring Boot v3.1.1, Spring v6.0.10
22329 [Test worker] INFO  c.s.p.service.CourseServiceTest - No active profile set, falling back to 1 default profile: "default"
23312 [Test worker] INFO  c.s.p.service.CourseServiceTest - Started CourseServiceTest in 1.029 seconds (process running for 27.068)
23328 [Test worker] ERROR c.s.p.service.CourseServiceImpl - Invalid coursename
23343 [Test worker] ERROR c.s.p.service.CourseServiceImpl - Invalid coursename
23343 [Test worker] ERROR c.s.p.service.CourseServiceImpl - Invalid coursename
23418 [Test worker] INFO  c.s.p.service.EmployeeServiceTest - Starting EmployeeServiceTest using Java 17.0.7 with PID 11580 (started by ssama in C:\Users\ssama\Desktop\project\springproject - Copy)
23418 [Test worker] DEBUG c.s.p.service.EmployeeServiceTest - Running with Spring Boot v3.1.1, Spring v6.0.10
23419 [Test worker] INFO  c.s.p.service.EmployeeServiceTest - No active profile set, falling back to 1 default profile: "default"
24362 [Test worker] INFO  c.s.p.service.EmployeeServiceTest - Started EmployeeServiceTest in 0.973 seconds (process running for 28.118)
24414 [Test worker] INFO  c.s.p.service.EmployeeServiceImpl - Course already exists !
24415 [Test worker] INFO  c.s.p.service.EmployeeServiceImpl - Course already exists !
24463 [Test worker] INFO  c.s.p.service.EmployeeServiceImpl - Course already exists !
24464 [Test worker] INFO  c.s.p.service.EmployeeServiceImpl - Course already exists !
24496 [Test worker] ERROR c.s.p.service.EmployeeServiceImpl - Employee with id : 0  does not exist ! 
24579 [Test worker] ERROR c.s.p.service.EmployeeServiceImpl - Employee with lastname sujith is not inserted
15124 [Test worker] INFO  c.sujith.project.ProjectApplication - Starting ProjectApplication using Java 17.0.7 with PID 9800 (started by ssama in C:\Users\ssama\Desktop\project\springproject - Copy)
15125 [Test worker] DEBUG c.sujith.project.ProjectApplication - Running with Spring Boot v3.1.1, Spring v6.0.10
15128 [Test worker] INFO  c.sujith.project.ProjectApplication - No active profile set, falling back to 1 default profile: "default"
17800 [Test worker] INFO  c.sujith.project.ProjectApplication - Started ProjectApplication in 2.776 seconds (process running for 22.402)
17991 [Test worker] INFO  c.s.p.c.AddressControllerTest - Starting AddressControllerTest using Java 17.0.7 with PID 9800 (started by ssama in C:\Users\ssama\Desktop\project\springproject - Copy)
17993 [Test worker] DEBUG c.s.p.c.AddressControllerTest - Running with Spring Boot v3.1.1, Spring v6.0.10
17993 [Test worker] INFO  c.s.p.c.AddressControllerTest - No active profile set, falling back to 1 default profile: "default"
21613 [Test worker] INFO  c.s.p.c.AddressControllerTest - Started AddressControllerTest in 3.698 seconds (process running for 26.217)
22012 [Test worker] INFO  c.s.p.interceptor.ApiInterceptor - preHandle method is invoked /api/address GET 1.689774385153E12
22677 [Test worker] INFO  c.s.p.interceptor.ApiInterceptor - postHandle method is invoked /api/address GET 1.689774385818E12
22686 [Test worker] INFO  c.s.p.interceptor.ApiInterceptor - after completion is invoked Time took is 0.665 seconds.
22759 [Test worker] INFO  c.s.p.interceptor.ApiInterceptor - preHandle method is invoked /api/address GET 1.6897743859E12
22809 [Test worker] INFO  c.s.p.interceptor.ApiInterceptor - after completion is invoked Time took is -0.082 seconds.
23175 [Test worker] INFO  c.s.p.c.CourseControllerTest - Starting CourseControllerTest using Java 17.0.7 with PID 9800 (started by ssama in C:\Users\ssama\Desktop\project\springproject - Copy)
23177 [Test worker] DEBUG c.s.p.c.CourseControllerTest - Running with Spring Boot v3.1.1, Spring v6.0.10
23177 [Test worker] INFO  c.s.p.c.CourseControllerTest - No active profile set, falling back to 1 default profile: "default"
24231 [Test worker] INFO  c.s.p.c.CourseControllerTest - Started CourseControllerTest in 1.168 seconds (process running for 28.834)
24243 [Test worker] INFO  c.s.p.interceptor.ApiInterceptor - preHandle method is invoked /api/courses GET 1.689774387384E12
24247 [Test worker] INFO  c.s.p.interceptor.ApiInterceptor - postHandle method is invoked /api/courses GET 1.689774387388E12
24248 [Test worker] INFO  c.s.p.interceptor.ApiInterceptor - after completion is invoked Time took is 0.004 seconds.
24257 [Test worker] INFO  c.s.p.interceptor.ApiInterceptor - preHandle method is invoked /api/courses/insertMany POST 1.689774387398E12
24340 [Test worker] INFO  c.s.p.interceptor.ApiInterceptor - postHandle method is invoked /api/courses/insertMany POST 1.689774387481E12
24341 [Test worker] INFO  c.s.p.interceptor.ApiInterceptor - after completion is invoked Time took is 0.083 seconds.
24351 [Test worker] INFO  c.s.p.interceptor.ApiInterceptor - preHandle method is invoked /api/courses POST 1.689774387492E12
24360 [Test worker] INFO  c.s.p.interceptor.ApiInterceptor - after completion is invoked Time took is -0.011 seconds.
24376 [Test worker] INFO  c.s.p.interceptor.ApiInterceptor - preHandle method is invoked /api/courses POST 1.689774387517E12
24381 [Test worker] INFO  c.s.p.interceptor.ApiInterceptor - postHandle method is invoked /api/courses POST 1.689774387522E12
24382 [Test worker] INFO  c.s.p.interceptor.ApiInterceptor - after completion is invoked Time took is 0.005 seconds.
24390 [Test worker] INFO  c.s.p.interceptor.ApiInterceptor - preHandle method is invoked /api/courses GET 1.689774387531E12
24393 [Test worker] INFO  c.s.p.interceptor.ApiInterceptor - after completion is invoked Time took is -0.009 seconds.
24403 [Test worker] INFO  c.s.p.interceptor.ApiInterceptor - preHandle method is invoked /api/courses/insertMany POST 1.689774387544E12
24408 [Test worker] INFO  c.s.p.interceptor.ApiInterceptor - after completion is invoked Time took is -0.022 seconds.
24455 [Test worker] INFO  c.s.p.c.EmployeeControllerTest - Starting EmployeeControllerTest using Java 17.0.7 with PID 9800 (started by ssama in C:\Users\ssama\Desktop\project\springproject - Copy)
24455 [Test worker] DEBUG c.s.p.c.EmployeeControllerTest - Running with Spring Boot v3.1.1, Spring v6.0.10
24455 [Test worker] INFO  c.s.p.c.EmployeeControllerTest - No active profile set, falling back to 1 default profile: "default"
25301 [Test worker] INFO  c.s.p.c.EmployeeControllerTest - Started EmployeeControllerTest in 0.878 seconds (process running for 29.903)
25308 [Test worker] INFO  c.s.p.interceptor.ApiInterceptor - preHandle method is invoked /api/employee/15 GET 1.689774388449E12
25327 [Test worker] INFO  c.s.p.interceptor.ApiInterceptor - preHandle method is invoked /api/employee/department GET 1.689774388468E12
25342 [Test worker] INFO  c.s.p.interceptor.ApiInterceptor - postHandle method is invoked /api/employee/department GET 1.689774388483E12
25342 [Test worker] INFO  c.s.p.interceptor.ApiInterceptor - after completion is invoked Time took is 0.015 seconds.
25348 [Test worker] INFO  c.s.p.interceptor.ApiInterceptor - preHandle method is invoked /api/employee/maxSalary GET 1.689774388489E12
25351 [Test worker] INFO  c.s.p.interceptor.ApiInterceptor - postHandle method is invoked /api/employee/maxSalary GET 1.689774388492E12
25351 [Test worker] INFO  c.s.p.interceptor.ApiInterceptor - after completion is invoked Time took is 0.003 seconds.
25367 [Test worker] INFO  c.s.p.interceptor.ApiInterceptor - preHandle method is invoked /api/employee/updateSalaryById PUT 1.689774388508E12
25371 [Test worker] INFO  c.s.p.interceptor.ApiInterceptor - postHandle method is invoked /api/employee/updateSalaryById PUT 1.689774388512E12
25372 [Test worker] INFO  c.s.p.interceptor.ApiInterceptor - after completion is invoked Time took is 0.004 seconds.
25378 [Test worker] INFO  c.s.p.interceptor.ApiInterceptor - preHandle method is invoked /api/employee/findAll GET 1.689774388519E12
25380 [Test worker] INFO  c.s.p.interceptor.ApiInterceptor - postHandle method is invoked /api/employee/findAll GET 1.689774388521E12
25380 [Test worker] INFO  c.s.p.interceptor.ApiInterceptor - after completion is invoked Time took is 0.002 seconds.
25386 [Test worker] INFO  c.s.p.interceptor.ApiInterceptor - preHandle method is invoked /api/employee/course GET 1.689774388527E12
25387 [Test worker] INFO  c.s.p.interceptor.ApiInterceptor - postHandle method is invoked /api/employee/course GET 1.689774388528E12
25387 [Test worker] INFO  c.s.p.interceptor.ApiInterceptor - after completion is invoked Time took is 0.001 seconds.
25396 [Test worker] INFO  c.s.p.interceptor.ApiInterceptor - preHandle method is invoked /api/employee POST 1.689774388537E12
25403 [Test worker] INFO  c.s.p.interceptor.ApiInterceptor - postHandle method is invoked /api/employee POST 1.689774388544E12
25404 [Test worker] INFO  c.s.p.interceptor.ApiInterceptor - after completion is invoked Time took is 0.007 seconds.
25410 [Test worker] INFO  c.s.p.interceptor.ApiInterceptor - preHandle method is invoked /api/employee GET 1.689774388551E12
25413 [Test worker] INFO  c.s.p.interceptor.ApiInterceptor - after completion is invoked Time took is -0.007 seconds.
25419 [Test worker] INFO  c.s.p.interceptor.ApiInterceptor - preHandle method is invoked /api/employee PUT 1.68977438856E12
25421 [Test worker] INFO  c.s.p.interceptor.ApiInterceptor - after completion is invoked Time took is -0.016 seconds.
25429 [Test worker] INFO  c.s.p.interceptor.ApiInterceptor - preHandle method is invoked /api/employee GET 1.68977438857E12
25456 [Test worker] INFO  c.s.p.interceptor.ApiInterceptor - after completion is invoked Time took is -0.026 seconds.
25460 [Test worker] INFO  c.s.p.interceptor.ApiInterceptor - preHandle method is invoked /api/employee/1 DELETE 1.689774388601E12
25463 [Test worker] INFO  c.s.p.interceptor.ApiInterceptor - postHandle method is invoked /api/employee/1 DELETE 1.689774388604E12
25463 [Test worker] INFO  c.s.p.interceptor.ApiInterceptor - after completion is invoked Time took is 0.003 seconds.
25471 [Test worker] INFO  c.s.p.interceptor.ApiInterceptor - preHandle method is invoked /api/employee/department/maxSalary GET 1.689774388612E12
25474 [Test worker] INFO  c.s.p.interceptor.ApiInterceptor - after completion is invoked Time took is -0.008 seconds.
25479 [Test worker] INFO  c.s.p.interceptor.ApiInterceptor - preHandle method is invoked /api/employee/maxSalary GET 1.68977438862E12
25482 [Test worker] INFO  c.s.p.interceptor.ApiInterceptor - after completion is invoked Time took is -0.016 seconds.
25487 [Test worker] INFO  c.s.p.interceptor.ApiInterceptor - preHandle method is invoked /api/employee PUT 1.689774388628E12
25488 [Test worker] INFO  c.s.p.interceptor.ApiInterceptor - postHandle method is invoked /api/employee PUT 1.689774388629E12
25489 [Test worker] INFO  c.s.p.interceptor.ApiInterceptor - after completion is invoked Time took is 0.001 seconds.
25495 [Test worker] INFO  c.s.p.interceptor.ApiInterceptor - preHandle method is invoked /api/employee/insertAll POST 1.689774388636E12
25499 [Test worker] INFO  c.s.p.interceptor.ApiInterceptor - postHandle method is invoked /api/employee/insertAll POST 1.68977438864E12
25499 [Test worker] INFO  c.s.p.interceptor.ApiInterceptor - after completion is invoked Time took is 0.004 seconds.
25506 [Test worker] INFO  c.s.p.interceptor.ApiInterceptor - preHandle method is invoked /api/employee/1 DELETE 1.689774388647E12
25507 [Test worker] INFO  c.s.p.interceptor.ApiInterceptor - after completion is invoked Time took is -0.007 seconds.
25513 [Test worker] INFO  c.s.p.interceptor.ApiInterceptor - preHandle method is invoked /api/employee/1 GET 1.689774388654E12
25516 [Test worker] INFO  c.s.p.interceptor.ApiInterceptor - postHandle method is invoked /api/employee/1 GET 1.689774388657E12
25517 [Test worker] INFO  c.s.p.interceptor.ApiInterceptor - after completion is invoked Time took is 0.003 seconds.
25521 [Test worker] INFO  c.s.p.interceptor.ApiInterceptor - preHandle method is invoked /api/employee/department GET 1.689774388662E12
25523 [Test worker] INFO  c.s.p.interceptor.ApiInterceptor - after completion is invoked Time took is -0.005 seconds.
25529 [Test worker] INFO  c.s.p.interceptor.ApiInterceptor - preHandle method is invoked /api/employee/0 GET 1.68977438867E12
25532 [Test worker] INFO  c.s.p.interceptor.ApiInterceptor - after completion is invoked Time took is -0.013 seconds.
25535 [Test worker] INFO  c.s.p.interceptor.ApiInterceptor - preHandle method is invoked /api/employee/findAll GET 1.689774388676E12
25537 [Test worker] INFO  c.s.p.interceptor.ApiInterceptor - after completion is invoked Time took is -0.019 seconds.
25544 [Test worker] INFO  c.s.p.interceptor.ApiInterceptor - preHandle method is invoked /api/employee/course GET 1.689774388685E12
25546 [Test worker] INFO  c.s.p.interceptor.ApiInterceptor - after completion is invoked Time took is -0.028 seconds.
25551 [Test worker] INFO  c.s.p.interceptor.ApiInterceptor - preHandle method is invoked /api/employee/updateSalaryById PUT 1.689774388692E12
25555 [Test worker] INFO  c.s.p.interceptor.ApiInterceptor - after completion is invoked Time took is -0.035 seconds.
25559 [Test worker] INFO  c.s.p.interceptor.ApiInterceptor - preHandle method is invoked /api/employee/department/maxSalary GET 1.6897743887E12
25560 [Test worker] INFO  c.s.p.interceptor.ApiInterceptor - postHandle method is invoked /api/employee/department/maxSalary GET 1.689774388701E12
25560 [Test worker] INFO  c.s.p.interceptor.ApiInterceptor - after completion is invoked Time took is 0.001 seconds.
25566 [Test worker] INFO  c.s.p.interceptor.ApiInterceptor - preHandle method is invoked /api/employee GET 1.689774388707E12
25567 [Test worker] INFO  c.s.p.interceptor.ApiInterceptor - postHandle method is invoked /api/employee GET 1.689774388708E12
25567 [Test worker] INFO  c.s.p.interceptor.ApiInterceptor - after completion is invoked Time took is 0.001 seconds.
25611 [Test worker] INFO  c.s.p.service.AddressServiceTest - Starting AddressServiceTest using Java 17.0.7 with PID 9800 (started by ssama in C:\Users\ssama\Desktop\project\springproject - Copy)
25612 [Test worker] DEBUG c.s.p.service.AddressServiceTest - Running with Spring Boot v3.1.1, Spring v6.0.10
25612 [Test worker] INFO  c.s.p.service.AddressServiceTest - No active profile set, falling back to 1 default profile: "default"
26604 [Test worker] INFO  c.s.p.service.AddressServiceTest - Started AddressServiceTest in 1.016 seconds (process running for 31.206)
26704 [Test worker] INFO  c.s.p.service.CourseServiceTest - Starting CourseServiceTest using Java 17.0.7 with PID 9800 (started by ssama in C:\Users\ssama\Desktop\project\springproject - Copy)
26705 [Test worker] DEBUG c.s.p.service.CourseServiceTest - Running with Spring Boot v3.1.1, Spring v6.0.10
26705 [Test worker] INFO  c.s.p.service.CourseServiceTest - No active profile set, falling back to 1 default profile: "default"
27664 [Test worker] INFO  c.s.p.service.CourseServiceTest - Started CourseServiceTest in 0.996 seconds (process running for 32.266)
27673 [Test worker] ERROR c.s.p.service.CourseServiceImpl - Invalid coursename
27686 [Test worker] ERROR c.s.p.service.CourseServiceImpl - Invalid coursename
27688 [Test worker] ERROR c.s.p.service.CourseServiceImpl - Invalid coursename
27758 [Test worker] INFO  c.s.p.service.EmployeeServiceTest - Starting EmployeeServiceTest using Java 17.0.7 with PID 9800 (started by ssama in C:\Users\ssama\Desktop\project\springproject - Copy)
27758 [Test worker] DEBUG c.s.p.service.EmployeeServiceTest - Running with Spring Boot v3.1.1, Spring v6.0.10
27759 [Test worker] INFO  c.s.p.service.EmployeeServiceTest - No active profile set, falling back to 1 default profile: "default"
28793 [Test worker] INFO  c.s.p.service.EmployeeServiceTest - Started EmployeeServiceTest in 1.062 seconds (process running for 33.396)
28831 [Test worker] INFO  c.s.p.service.EmployeeServiceImpl - Course already exists !
28832 [Test worker] INFO  c.s.p.service.EmployeeServiceImpl - Course already exists !
28868 [Test worker] INFO  c.s.p.service.EmployeeServiceImpl - Course already exists !
28869 [Test worker] INFO  c.s.p.service.EmployeeServiceImpl - Course already exists !
28892 [Test worker] ERROR c.s.p.service.EmployeeServiceImpl - Employee with id : 0  does not exist ! 
28944 [Test worker] ERROR c.s.p.service.EmployeeServiceImpl - Employee with lastname sujith is not inserted
1598 [Test worker] INFO  c.s.p.c.CourseControllerTest - Starting CourseControllerTest using Java 17.0.7 with PID 1920 (started by ssama in C:\Users\ssama\Desktop\project\springproject - Copy)
1599 [Test worker] DEBUG c.s.p.c.CourseControllerTest - Running with Spring Boot v3.1.1, Spring v6.0.10
1600 [Test worker] INFO  c.s.p.c.CourseControllerTest - No active profile set, falling back to 1 default profile: "default"
10210 [Test worker] INFO  c.s.p.c.CourseControllerTest - Started CourseControllerTest in 9.028 seconds (process running for 11.543)
10381 [Test worker] INFO  c.s.p.interceptor.ApiInterceptor - preHandle method is invoked /api/courses GET 1.689774464934E12
10644 [Test worker] INFO  c.s.p.interceptor.ApiInterceptor - postHandle method is invoked /api/courses GET 1.689774465197E12
10648 [Test worker] INFO  c.s.p.interceptor.ApiInterceptor - after completion is invoked Time took is 0.263 seconds.
10689 [Test worker] INFO  c.s.p.interceptor.ApiInterceptor - preHandle method is invoked /api/courses/insertMany POST 1.689774465242E12
10776 [Test worker] INFO  c.s.p.interceptor.ApiInterceptor - postHandle method is invoked /api/courses/insertMany POST 1.689774465329E12
10777 [Test worker] INFO  c.s.p.interceptor.ApiInterceptor - after completion is invoked Time took is 0.087 seconds.
10791 [Test worker] INFO  c.s.p.interceptor.ApiInterceptor - preHandle method is invoked /api/courses POST 1.689774465344E12
10812 [Test worker] INFO  c.s.p.interceptor.ApiInterceptor - after completion is invoked Time took is -0.015 seconds.
10825 [Test worker] INFO  c.s.p.interceptor.ApiInterceptor - preHandle method is invoked /api/courses POST 1.689774465378E12
10832 [Test worker] INFO  c.s.p.interceptor.ApiInterceptor - postHandle method is invoked /api/courses POST 1.689774465385E12
10832 [Test worker] INFO  c.s.p.interceptor.ApiInterceptor - after completion is invoked Time took is 0.007 seconds.
10840 [Test worker] INFO  c.s.p.interceptor.ApiInterceptor - preHandle method is invoked /api/courses GET 1.689774465393E12
10842 [Test worker] INFO  c.s.p.interceptor.ApiInterceptor - after completion is invoked Time took is -0.008 seconds.
10929 [Test worker] INFO  c.s.p.interceptor.ApiInterceptor - preHandle method is invoked /api/courses/insertMany POST 1.689774465482E12
10932 [Test worker] INFO  c.s.p.interceptor.ApiInterceptor - after completion is invoked Time took is -0.097 seconds.
10993 [Test worker] INFO  c.s.p.c.EmployeeControllerTest - Starting EmployeeControllerTest using Java 17.0.7 with PID 1920 (started by ssama in C:\Users\ssama\Desktop\project\springproject - Copy)
10993 [Test worker] DEBUG c.s.p.c.EmployeeControllerTest - Running with Spring Boot v3.1.1, Spring v6.0.10
10994 [Test worker] INFO  c.s.p.c.EmployeeControllerTest - No active profile set, falling back to 1 default profile: "default"
12187 [Test worker] INFO  c.s.p.c.EmployeeControllerTest - Started EmployeeControllerTest in 1.235 seconds (process running for 13.52)
12197 [Test worker] INFO  c.s.p.interceptor.ApiInterceptor - preHandle method is invoked /api/employee/15 GET 1.68977446675E12
12218 [Test worker] INFO  c.s.p.interceptor.ApiInterceptor - preHandle method is invoked /api/employee/department GET 1.689774466771E12
12236 [Test worker] INFO  c.s.p.interceptor.ApiInterceptor - postHandle method is invoked /api/employee/department GET 1.689774466789E12
12237 [Test worker] INFO  c.s.p.interceptor.ApiInterceptor - after completion is invoked Time took is 0.018 seconds.
12245 [Test worker] INFO  c.s.p.interceptor.ApiInterceptor - preHandle method is invoked /api/employee/maxSalary GET 1.689774466798E12
12247 [Test worker] INFO  c.s.p.interceptor.ApiInterceptor - postHandle method is invoked /api/employee/maxSalary GET 1.6897744668E12
12247 [Test worker] INFO  c.s.p.interceptor.ApiInterceptor - after completion is invoked Time took is 0.002 seconds.
12267 [Test worker] INFO  c.s.p.interceptor.ApiInterceptor - preHandle method is invoked /api/employee/updateSalaryById PUT 1.68977446682E12
12272 [Test worker] INFO  c.s.p.interceptor.ApiInterceptor - postHandle method is invoked /api/employee/updateSalaryById PUT 1.689774466825E12
12273 [Test worker] INFO  c.s.p.interceptor.ApiInterceptor - after completion is invoked Time took is 0.005 seconds.
12279 [Test worker] INFO  c.s.p.interceptor.ApiInterceptor - preHandle method is invoked /api/employee/findAll GET 1.689774466832E12
12280 [Test worker] INFO  c.s.p.interceptor.ApiInterceptor - postHandle method is invoked /api/employee/findAll GET 1.689774466833E12
12282 [Test worker] INFO  c.s.p.interceptor.ApiInterceptor - after completion is invoked Time took is 0.001 seconds.
12287 [Test worker] INFO  c.s.p.interceptor.ApiInterceptor - preHandle method is invoked /api/employee/course GET 1.68977446684E12
12290 [Test worker] INFO  c.s.p.interceptor.ApiInterceptor - postHandle method is invoked /api/employee/course GET 1.689774466843E12
12291 [Test worker] INFO  c.s.p.interceptor.ApiInterceptor - after completion is invoked Time took is 0.003 seconds.
12300 [Test worker] INFO  c.s.p.interceptor.ApiInterceptor - preHandle method is invoked /api/employee POST 1.689774466853E12
12307 [Test worker] INFO  c.s.p.interceptor.ApiInterceptor - postHandle method is invoked /api/employee POST 1.68977446686E12
12307 [Test worker] INFO  c.s.p.interceptor.ApiInterceptor - after completion is invoked Time took is 0.007 seconds.
12313 [Test worker] INFO  c.s.p.interceptor.ApiInterceptor - preHandle method is invoked /api/employee GET 1.689774466866E12
12315 [Test worker] INFO  c.s.p.interceptor.ApiInterceptor - after completion is invoked Time took is -0.006 seconds.
12320 [Test worker] INFO  c.s.p.interceptor.ApiInterceptor - preHandle method is invoked /api/employee PUT 1.689774466873E12
12322 [Test worker] INFO  c.s.p.interceptor.ApiInterceptor - after completion is invoked Time took is -0.013 seconds.
12330 [Test worker] INFO  c.s.p.interceptor.ApiInterceptor - preHandle method is invoked /api/employee GET 1.689774466883E12
12355 [Test worker] INFO  c.s.p.interceptor.ApiInterceptor - after completion is invoked Time took is -0.023 seconds.
12360 [Test worker] INFO  c.s.p.interceptor.ApiInterceptor - preHandle method is invoked /api/employee/1 DELETE 1.689774466913E12
12362 [Test worker] INFO  c.s.p.interceptor.ApiInterceptor - postHandle method is invoked /api/employee/1 DELETE 1.689774466915E12
12363 [Test worker] INFO  c.s.p.interceptor.ApiInterceptor - after completion is invoked Time took is 0.002 seconds.
12370 [Test worker] INFO  c.s.p.interceptor.ApiInterceptor - preHandle method is invoked /api/employee/department/maxSalary GET 1.689774466923E12
12373 [Test worker] INFO  c.s.p.interceptor.ApiInterceptor - after completion is invoked Time took is -0.008 seconds.
12379 [Test worker] INFO  c.s.p.interceptor.ApiInterceptor - preHandle method is invoked /api/employee/maxSalary GET 1.689774466932E12
12381 [Test worker] INFO  c.s.p.interceptor.ApiInterceptor - after completion is invoked Time took is -0.017 seconds.
12388 [Test worker] INFO  c.s.p.interceptor.ApiInterceptor - preHandle method is invoked /api/employee PUT 1.689774466941E12
12390 [Test worker] INFO  c.s.p.interceptor.ApiInterceptor - postHandle method is invoked /api/employee PUT 1.689774466943E12
12390 [Test worker] INFO  c.s.p.interceptor.ApiInterceptor - after completion is invoked Time took is 0.002 seconds.
12396 [Test worker] INFO  c.s.p.interceptor.ApiInterceptor - preHandle method is invoked /api/employee/insertAll POST 1.689774466949E12
12405 [Test worker] INFO  c.s.p.interceptor.ApiInterceptor - postHandle method is invoked /api/employee/insertAll POST 1.689774466958E12
12406 [Test worker] INFO  c.s.p.interceptor.ApiInterceptor - after completion is invoked Time took is 0.009 seconds.
12415 [Test worker] INFO  c.s.p.interceptor.ApiInterceptor - preHandle method is invoked /api/employee/1 DELETE 1.689774466968E12
12419 [Test worker] INFO  c.s.p.interceptor.ApiInterceptor - after completion is invoked Time took is -0.01 seconds.
12425 [Test worker] INFO  c.s.p.interceptor.ApiInterceptor - preHandle method is invoked /api/employee/1 GET 1.689774466978E12
12432 [Test worker] INFO  c.s.p.interceptor.ApiInterceptor - postHandle method is invoked /api/employee/1 GET 1.689774466985E12
12432 [Test worker] INFO  c.s.p.interceptor.ApiInterceptor - after completion is invoked Time took is 0.007 seconds.
12439 [Test worker] INFO  c.s.p.interceptor.ApiInterceptor - preHandle method is invoked /api/employee/department GET 1.689774466992E12
12441 [Test worker] INFO  c.s.p.interceptor.ApiInterceptor - after completion is invoked Time took is -0.007 seconds.
12448 [Test worker] INFO  c.s.p.interceptor.ApiInterceptor - preHandle method is invoked /api/employee/0 GET 1.689774467001E12
12450 [Test worker] INFO  c.s.p.interceptor.ApiInterceptor - after completion is invoked Time took is -0.016 seconds.
12454 [Test worker] INFO  c.s.p.interceptor.ApiInterceptor - preHandle method is invoked /api/employee/findAll GET 1.689774467007E12
12457 [Test worker] INFO  c.s.p.interceptor.ApiInterceptor - after completion is invoked Time took is -0.022 seconds.
12464 [Test worker] INFO  c.s.p.interceptor.ApiInterceptor - preHandle method is invoked /api/employee/course GET 1.689774467017E12
12467 [Test worker] INFO  c.s.p.interceptor.ApiInterceptor - after completion is invoked Time took is -0.032 seconds.
12474 [Test worker] INFO  c.s.p.interceptor.ApiInterceptor - preHandle method is invoked /api/employee/updateSalaryById PUT 1.689774467027E12
12477 [Test worker] INFO  c.s.p.interceptor.ApiInterceptor - after completion is invoked Time took is -0.042 seconds.
12485 [Test worker] INFO  c.s.p.interceptor.ApiInterceptor - preHandle method is invoked /api/employee/department/maxSalary GET 1.689774467038E12
12486 [Test worker] INFO  c.s.p.interceptor.ApiInterceptor - postHandle method is invoked /api/employee/department/maxSalary GET 1.689774467039E12
12487 [Test worker] INFO  c.s.p.interceptor.ApiInterceptor - after completion is invoked Time took is 0.001 seconds.
12494 [Test worker] INFO  c.s.p.interceptor.ApiInterceptor - preHandle method is invoked /api/employee GET 1.689774467047E12
12496 [Test worker] INFO  c.s.p.interceptor.ApiInterceptor - postHandle method is invoked /api/employee GET 1.689774467049E12
12497 [Test worker] INFO  c.s.p.interceptor.ApiInterceptor - after completion is invoked Time took is 0.002 seconds.
12561 [Test worker] INFO  c.s.p.service.CourseServiceTest - Starting CourseServiceTest using Java 17.0.7 with PID 1920 (started by ssama in C:\Users\ssama\Desktop\project\springproject - Copy)
12563 [Test worker] DEBUG c.s.p.service.CourseServiceTest - Running with Spring Boot v3.1.1, Spring v6.0.10
12563 [Test worker] INFO  c.s.p.service.CourseServiceTest - No active profile set, falling back to 1 default profile: "default"
13531 [Test worker] INFO  c.s.p.service.CourseServiceTest - Started CourseServiceTest in 1.009 seconds (process running for 14.864)
13559 [Test worker] ERROR c.s.p.service.CourseServiceImpl - Invalid coursename
13585 [Test worker] ERROR c.s.p.service.CourseServiceImpl - Invalid coursename
13585 [Test worker] ERROR c.s.p.service.CourseServiceImpl - Invalid coursename
13664 [Test worker] INFO  c.s.p.service.EmployeeServiceTest - Starting EmployeeServiceTest using Java 17.0.7 with PID 1920 (started by ssama in C:\Users\ssama\Desktop\project\springproject - Copy)
13665 [Test worker] DEBUG c.s.p.service.EmployeeServiceTest - Running with Spring Boot v3.1.1, Spring v6.0.10
13665 [Test worker] INFO  c.s.p.service.EmployeeServiceTest - No active profile set, falling back to 1 default profile: "default"
14551 [Test worker] INFO  c.s.p.service.EmployeeServiceTest - Started EmployeeServiceTest in 0.919 seconds (process running for 15.883)
14587 [Test worker] INFO  c.s.p.service.EmployeeServiceImpl - Course already exists !
14588 [Test worker] INFO  c.s.p.service.EmployeeServiceImpl - Course already exists !
14618 [Test worker] INFO  c.s.p.service.EmployeeServiceImpl - Course already exists !
14618 [Test worker] INFO  c.s.p.service.EmployeeServiceImpl - Course already exists !
14637 [Test worker] ERROR c.s.p.service.EmployeeServiceImpl - Employee with id : 0  does not exist ! 
14681 [Test worker] ERROR c.s.p.service.EmployeeServiceImpl - Employee with lastname sujith is not inserted
15541 [Test worker] INFO  c.sujith.project.ProjectApplication - Starting ProjectApplication using Java 17.0.7 with PID 1920 (started by ssama in C:\Users\ssama\Desktop\project\springproject - Copy)
15541 [Test worker] DEBUG c.sujith.project.ProjectApplication - Running with Spring Boot v3.1.1, Spring v6.0.10
15541 [Test worker] INFO  c.sujith.project.ProjectApplication - No active profile set, falling back to 1 default profile: "default"
16843 [Test worker] INFO  c.sujith.project.ProjectApplication - Started ProjectApplication in 1.337 seconds (process running for 18.175)
16880 [Test worker] INFO  c.s.p.c.AddressControllerTest - Starting AddressControllerTest using Java 17.0.7 with PID 1920 (started by ssama in C:\Users\ssama\Desktop\project\springproject - Copy)
16881 [Test worker] DEBUG c.s.p.c.AddressControllerTest - Running with Spring Boot v3.1.1, Spring v6.0.10
16881 [Test worker] INFO  c.s.p.c.AddressControllerTest - No active profile set, falling back to 1 default profile: "default"
17666 [Test worker] INFO  c.s.p.c.AddressControllerTest - Started AddressControllerTest in 0.81 seconds (process running for 18.999)
17672 [Test worker] INFO  c.s.p.interceptor.ApiInterceptor - preHandle method is invoked /api/address GET 1.689774472225E12
17677 [Test worker] INFO  c.s.p.interceptor.ApiInterceptor - postHandle method is invoked /api/address GET 1.68977447223E12
17678 [Test worker] INFO  c.s.p.interceptor.ApiInterceptor - after completion is invoked Time took is 0.005 seconds.
17682 [Test worker] INFO  c.s.p.interceptor.ApiInterceptor - preHandle method is invoked /api/address GET 1.689774472235E12
17687 [Test worker] INFO  c.s.p.interceptor.ApiInterceptor - after completion is invoked Time took is -0.005 seconds.
17717 [Test worker] INFO  c.s.p.service.AddressServiceTest - Starting AddressServiceTest using Java 17.0.7 with PID 1920 (started by ssama in C:\Users\ssama\Desktop\project\springproject - Copy)
17718 [Test worker] DEBUG c.s.p.service.AddressServiceTest - Running with Spring Boot v3.1.1, Spring v6.0.10
17718 [Test worker] INFO  c.s.p.service.AddressServiceTest - No active profile set, falling back to 1 default profile: "default"
18498 [Test worker] INFO  c.s.p.service.AddressServiceTest - Started AddressServiceTest in 0.802 seconds (process running for 19.83)
1325 [Test worker] INFO  c.s.p.c.CourseControllerTest - Starting CourseControllerTest using Java 17.0.7 with PID 20844 (started by ssama in C:\Users\ssama\Desktop\project\springproject - Copy)
1327 [Test worker] DEBUG c.s.p.c.CourseControllerTest - Running with Spring Boot v3.1.1, Spring v6.0.10
1328 [Test worker] INFO  c.s.p.c.CourseControllerTest - No active profile set, falling back to 1 default profile: "default"
8173 [Test worker] INFO  c.s.p.c.CourseControllerTest - Started CourseControllerTest in 7.244 seconds (process running for 9.519)
8280 [Test worker] INFO  c.s.p.interceptor.ApiInterceptor - preHandle method is invoked /api/courses GET 1.689774576722E12
8431 [Test worker] INFO  c.s.p.interceptor.ApiInterceptor - postHandle method is invoked /api/courses GET 1.689774576873E12
8434 [Test worker] INFO  c.s.p.interceptor.ApiInterceptor - after completion is invoked Time took is 0.151 seconds.
8463 [Test worker] INFO  c.s.p.interceptor.ApiInterceptor - preHandle method is invoked /api/courses/insertMany POST 1.689774576905E12
8519 [Test worker] INFO  c.s.p.interceptor.ApiInterceptor - postHandle method is invoked /api/courses/insertMany POST 1.689774576961E12
8520 [Test worker] INFO  c.s.p.interceptor.ApiInterceptor - after completion is invoked Time took is 0.056 seconds.
8529 [Test worker] INFO  c.s.p.interceptor.ApiInterceptor - preHandle method is invoked /api/courses POST 1.689774576971E12
8559 [Test worker] INFO  c.s.p.interceptor.ApiInterceptor - after completion is invoked Time took is -0.01 seconds.
8589 [Test worker] INFO  c.s.p.interceptor.ApiInterceptor - preHandle method is invoked /api/courses POST 1.689774577031E12
8594 [Test worker] INFO  c.s.p.interceptor.ApiInterceptor - postHandle method is invoked /api/courses POST 1.689774577036E12
8594 [Test worker] INFO  c.s.p.interceptor.ApiInterceptor - after completion is invoked Time took is 0.005 seconds.
8599 [Test worker] INFO  c.s.p.interceptor.ApiInterceptor - preHandle method is invoked /api/courses GET 1.689774577041E12
8601 [Test worker] INFO  c.s.p.interceptor.ApiInterceptor - after completion is invoked Time took is -0.005 seconds.
8672 [Test worker] INFO  c.s.p.interceptor.ApiInterceptor - preHandle method is invoked /api/courses/insertMany POST 1.689774577114E12
8677 [Test worker] INFO  c.s.p.interceptor.ApiInterceptor - after completion is invoked Time took is -0.078 seconds.
8737 [Test worker] INFO  c.s.p.c.EmployeeControllerTest - Starting EmployeeControllerTest using Java 17.0.7 with PID 20844 (started by ssama in C:\Users\ssama\Desktop\project\springproject - Copy)
8738 [Test worker] DEBUG c.s.p.c.EmployeeControllerTest - Running with Spring Boot v3.1.1, Spring v6.0.10
8738 [Test worker] INFO  c.s.p.c.EmployeeControllerTest - No active profile set, falling back to 1 default profile: "default"
9742 [Test worker] INFO  c.s.p.c.EmployeeControllerTest - Started EmployeeControllerTest in 1.04 seconds (process running for 11.089)
9751 [Test worker] INFO  c.s.p.interceptor.ApiInterceptor - preHandle method is invoked /api/employee/15 GET 1.689774578193E12
9766 [Test worker] INFO  c.s.p.interceptor.ApiInterceptor - preHandle method is invoked /api/employee/department GET 1.689774578208E12
9779 [Test worker] INFO  c.s.p.interceptor.ApiInterceptor - postHandle method is invoked /api/employee/department GET 1.689774578221E12
9781 [Test worker] INFO  c.s.p.interceptor.ApiInterceptor - after completion is invoked Time took is 0.013 seconds.
9785 [Test worker] INFO  c.s.p.interceptor.ApiInterceptor - preHandle method is invoked /api/employee/maxSalary GET 1.689774578227E12
9787 [Test worker] INFO  c.s.p.interceptor.ApiInterceptor - postHandle method is invoked /api/employee/maxSalary GET 1.689774578229E12
9787 [Test worker] INFO  c.s.p.interceptor.ApiInterceptor - after completion is invoked Time took is 0.002 seconds.
9803 [Test worker] INFO  c.s.p.interceptor.ApiInterceptor - preHandle method is invoked /api/employee/updateSalaryById PUT 1.689774578245E12
9806 [Test worker] INFO  c.s.p.interceptor.ApiInterceptor - postHandle method is invoked /api/employee/updateSalaryById PUT 1.689774578248E12
9806 [Test worker] INFO  c.s.p.interceptor.ApiInterceptor - after completion is invoked Time took is 0.003 seconds.
9812 [Test worker] INFO  c.s.p.interceptor.ApiInterceptor - preHandle method is invoked /api/employee/findAll GET 1.689774578254E12
9814 [Test worker] INFO  c.s.p.interceptor.ApiInterceptor - postHandle method is invoked /api/employee/findAll GET 1.689774578256E12
9814 [Test worker] INFO  c.s.p.interceptor.ApiInterceptor - after completion is invoked Time took is 0.002 seconds.
9824 [Test worker] INFO  c.s.p.interceptor.ApiInterceptor - preHandle method is invoked /api/employee/course GET 1.689774578266E12
9828 [Test worker] INFO  c.s.p.interceptor.ApiInterceptor - postHandle method is invoked /api/employee/course GET 1.689774578269E12
9829 [Test worker] INFO  c.s.p.interceptor.ApiInterceptor - after completion is invoked Time took is 0.003 seconds.
9837 [Test worker] INFO  c.s.p.interceptor.ApiInterceptor - preHandle method is invoked /api/employee POST 1.689774578279E12
9844 [Test worker] INFO  c.s.p.interceptor.ApiInterceptor - postHandle method is invoked /api/employee POST 1.689774578286E12
9845 [Test worker] INFO  c.s.p.interceptor.ApiInterceptor - after completion is invoked Time took is 0.007 seconds.
9851 [Test worker] INFO  c.s.p.interceptor.ApiInterceptor - preHandle method is invoked /api/employee GET 1.689774578293E12
9853 [Test worker] INFO  c.s.p.interceptor.ApiInterceptor - after completion is invoked Time took is -0.007 seconds.
9858 [Test worker] INFO  c.s.p.interceptor.ApiInterceptor - preHandle method is invoked /api/employee PUT 1.6897745783E12
9860 [Test worker] INFO  c.s.p.interceptor.ApiInterceptor - after completion is invoked Time took is -0.014 seconds.
9870 [Test worker] INFO  c.s.p.interceptor.ApiInterceptor - preHandle method is invoked /api/employee GET 1.689774578312E12
9892 [Test worker] INFO  c.s.p.interceptor.ApiInterceptor - after completion is invoked Time took is -0.026 seconds.
9898 [Test worker] INFO  c.s.p.interceptor.ApiInterceptor - preHandle method is invoked /api/employee/1 DELETE 1.68977457834E12
9901 [Test worker] INFO  c.s.p.interceptor.ApiInterceptor - postHandle method is invoked /api/employee/1 DELETE 1.689774578343E12
9901 [Test worker] INFO  c.s.p.interceptor.ApiInterceptor - after completion is invoked Time took is 0.003 seconds.
9907 [Test worker] INFO  c.s.p.interceptor.ApiInterceptor - preHandle method is invoked /api/employee/department/maxSalary GET 1.689774578349E12
9909 [Test worker] INFO  c.s.p.interceptor.ApiInterceptor - after completion is invoked Time took is -0.006 seconds.
9916 [Test worker] INFO  c.s.p.interceptor.ApiInterceptor - preHandle method is invoked /api/employee/maxSalary GET 1.689774578358E12
9919 [Test worker] INFO  c.s.p.interceptor.ApiInterceptor - after completion is invoked Time took is -0.015 seconds.
9926 [Test worker] INFO  c.s.p.interceptor.ApiInterceptor - preHandle method is invoked /api/employee PUT 1.689774578368E12
9929 [Test worker] INFO  c.s.p.interceptor.ApiInterceptor - postHandle method is invoked /api/employee PUT 1.689774578371E12
9929 [Test worker] INFO  c.s.p.interceptor.ApiInterceptor - after completion is invoked Time took is 0.003 seconds.
9934 [Test worker] INFO  c.s.p.interceptor.ApiInterceptor - preHandle method is invoked /api/employee/insertAll POST 1.689774578376E12
9940 [Test worker] INFO  c.s.p.interceptor.ApiInterceptor - postHandle method is invoked /api/employee/insertAll POST 1.689774578382E12
9941 [Test worker] INFO  c.s.p.interceptor.ApiInterceptor - after completion is invoked Time took is 0.006 seconds.
9950 [Test worker] INFO  c.s.p.interceptor.ApiInterceptor - preHandle method is invoked /api/employee/1 DELETE 1.689774578392E12
9953 [Test worker] INFO  c.s.p.interceptor.ApiInterceptor - after completion is invoked Time took is -0.01 seconds.
9958 [Test worker] INFO  c.s.p.interceptor.ApiInterceptor - preHandle method is invoked /api/employee/1 GET 1.6897745784E12
9964 [Test worker] INFO  c.s.p.interceptor.ApiInterceptor - postHandle method is invoked /api/employee/1 GET 1.689774578406E12
9965 [Test worker] INFO  c.s.p.interceptor.ApiInterceptor - after completion is invoked Time took is 0.006 seconds.
9973 [Test worker] INFO  c.s.p.interceptor.ApiInterceptor - preHandle method is invoked /api/employee/department GET 1.689774578415E12
9976 [Test worker] INFO  c.s.p.interceptor.ApiInterceptor - after completion is invoked Time took is -0.009 seconds.
9985 [Test worker] INFO  c.s.p.interceptor.ApiInterceptor - preHandle method is invoked /api/employee/0 GET 1.689774578427E12
9988 [Test worker] INFO  c.s.p.interceptor.ApiInterceptor - after completion is invoked Time took is -0.021 seconds.
9995 [Test worker] INFO  c.s.p.interceptor.ApiInterceptor - preHandle method is invoked /api/employee/findAll GET 1.689774578437E12
9998 [Test worker] INFO  c.s.p.interceptor.ApiInterceptor - after completion is invoked Time took is -0.031 seconds.
10004 [Test worker] INFO  c.s.p.interceptor.ApiInterceptor - preHandle method is invoked /api/employee/course GET 1.689774578446E12
10006 [Test worker] INFO  c.s.p.interceptor.ApiInterceptor - after completion is invoked Time took is -0.04 seconds.
10018 [Test worker] INFO  c.s.p.interceptor.ApiInterceptor - preHandle method is invoked /api/employee/updateSalaryById PUT 1.68977457846E12
10024 [Test worker] INFO  c.s.p.interceptor.ApiInterceptor - after completion is invoked Time took is -0.054 seconds.
10031 [Test worker] INFO  c.s.p.interceptor.ApiInterceptor - preHandle method is invoked /api/employee/department/maxSalary GET 1.689774578473E12
10033 [Test worker] INFO  c.s.p.interceptor.ApiInterceptor - postHandle method is invoked /api/employee/department/maxSalary GET 1.689774578475E12
10033 [Test worker] INFO  c.s.p.interceptor.ApiInterceptor - after completion is invoked Time took is 0.002 seconds.
10039 [Test worker] INFO  c.s.p.interceptor.ApiInterceptor - preHandle method is invoked /api/employee GET 1.689774578481E12
10041 [Test worker] INFO  c.s.p.interceptor.ApiInterceptor - postHandle method is invoked /api/employee GET 1.689774578483E12
10041 [Test worker] INFO  c.s.p.interceptor.ApiInterceptor - after completion is invoked Time took is 0.002 seconds.
10104 [Test worker] INFO  c.s.p.service.CourseServiceTest - Starting CourseServiceTest using Java 17.0.7 with PID 20844 (started by ssama in C:\Users\ssama\Desktop\project\springproject - Copy)
10104 [Test worker] DEBUG c.s.p.service.CourseServiceTest - Running with Spring Boot v3.1.1, Spring v6.0.10
10106 [Test worker] INFO  c.s.p.service.CourseServiceTest - No active profile set, falling back to 1 default profile: "default"
10908 [Test worker] INFO  c.s.p.service.CourseServiceTest - Started CourseServiceTest in 0.828 seconds (process running for 12.255)
10932 [Test worker] ERROR c.s.p.service.CourseServiceImpl - Invalid coursename
10959 [Test worker] ERROR c.s.p.service.CourseServiceImpl - Invalid coursename
10961 [Test worker] ERROR c.s.p.service.CourseServiceImpl - Invalid coursename
11020 [Test worker] INFO  c.s.p.service.EmployeeServiceTest - Starting EmployeeServiceTest using Java 17.0.7 with PID 20844 (started by ssama in C:\Users\ssama\Desktop\project\springproject - Copy)
11020 [Test worker] DEBUG c.s.p.service.EmployeeServiceTest - Running with Spring Boot v3.1.1, Spring v6.0.10
11020 [Test worker] INFO  c.s.p.service.EmployeeServiceTest - No active profile set, falling back to 1 default profile: "default"
11683 [Test worker] INFO  c.s.p.service.EmployeeServiceTest - Started EmployeeServiceTest in 0.686 seconds (process running for 13.03)
11715 [Test worker] INFO  c.s.p.service.EmployeeServiceImpl - Course already exists !
11715 [Test worker] INFO  c.s.p.service.EmployeeServiceImpl - Course already exists !
11742 [Test worker] INFO  c.s.p.service.EmployeeServiceImpl - Course already exists !
11743 [Test worker] INFO  c.s.p.service.EmployeeServiceImpl - Course already exists !
11761 [Test worker] ERROR c.s.p.service.EmployeeServiceImpl - Employee with id : 0  does not exist ! 
11803 [Test worker] ERROR c.s.p.service.EmployeeServiceImpl - Employee with lastname sujith is not inserted
12495 [Test worker] INFO  c.sujith.project.ProjectApplication - Starting ProjectApplication using Java 17.0.7 with PID 20844 (started by ssama in C:\Users\ssama\Desktop\project\springproject - Copy)
12495 [Test worker] DEBUG c.sujith.project.ProjectApplication - Running with Spring Boot v3.1.1, Spring v6.0.10
12496 [Test worker] INFO  c.sujith.project.ProjectApplication - No active profile set, falling back to 1 default profile: "default"
13640 [Test worker] INFO  c.sujith.project.ProjectApplication - Started ProjectApplication in 1.17 seconds (process running for 14.986)
13682 [Test worker] INFO  c.s.p.c.AddressControllerTest - Starting AddressControllerTest using Java 17.0.7 with PID 20844 (started by ssama in C:\Users\ssama\Desktop\project\springproject - Copy)
13683 [Test worker] DEBUG c.s.p.c.AddressControllerTest - Running with Spring Boot v3.1.1, Spring v6.0.10
13683 [Test worker] INFO  c.s.p.c.AddressControllerTest - No active profile set, falling back to 1 default profile: "default"
14425 [Test worker] INFO  c.s.p.c.AddressControllerTest - Started AddressControllerTest in 0.772 seconds (process running for 15.772)
14431 [Test worker] INFO  c.s.p.interceptor.ApiInterceptor - preHandle method is invoked /api/address GET 1.689774582873E12
14435 [Test worker] INFO  c.s.p.interceptor.ApiInterceptor - postHandle method is invoked /api/address GET 1.689774582877E12
14435 [Test worker] INFO  c.s.p.interceptor.ApiInterceptor - after completion is invoked Time took is 0.004 seconds.
14441 [Test worker] INFO  c.s.p.interceptor.ApiInterceptor - preHandle method is invoked /api/address GET 1.689774582883E12
14446 [Test worker] INFO  c.s.p.interceptor.ApiInterceptor - after completion is invoked Time took is -0.006 seconds.
14486 [Test worker] INFO  c.s.p.service.AddressServiceTest - Starting AddressServiceTest using Java 17.0.7 with PID 20844 (started by ssama in C:\Users\ssama\Desktop\project\springproject - Copy)
14488 [Test worker] DEBUG c.s.p.service.AddressServiceTest - Running with Spring Boot v3.1.1, Spring v6.0.10
14488 [Test worker] INFO  c.s.p.service.AddressServiceTest - No active profile set, falling back to 1 default profile: "default"
15323 [Test worker] INFO  c.s.p.service.AddressServiceTest - Started AddressServiceTest in 0.864 seconds (process running for 16.67)
1641 [Test worker] INFO  c.s.p.service.EmployeeServiceTest - Starting EmployeeServiceTest using Java 17.0.7 with PID 29180 (started by ssama in C:\Users\ssama\Desktop\project\springproject - Copy)
1643 [Test worker] DEBUG c.s.p.service.EmployeeServiceTest - Running with Spring Boot v3.1.1, Spring v6.0.10
1644 [Test worker] INFO  c.s.p.service.EmployeeServiceTest - No active profile set, falling back to 1 default profile: "default"
10793 [Test worker] INFO  c.s.p.service.EmployeeServiceTest - Started EmployeeServiceTest in 9.6 seconds (process running for 11.988)
10988 [Test worker] ERROR c.s.p.service.EmployeeServiceImpl - Employee with lastname sujith is not inserted
12030 [Test worker] INFO  c.sujith.project.ProjectApplication - Starting ProjectApplication using Java 17.0.7 with PID 16420 (started by ssama in C:\Users\ssama\Desktop\project\springproject - Copy)
12031 [Test worker] DEBUG c.sujith.project.ProjectApplication - Running with Spring Boot v3.1.1, Spring v6.0.10
12031 [Test worker] INFO  c.sujith.project.ProjectApplication - No active profile set, falling back to 1 default profile: "default"
13473 [Test worker] INFO  c.sujith.project.ProjectApplication - Started ProjectApplication in 1.474 seconds (process running for 14.877)
13556 [Test worker] INFO  c.s.p.c.AddressControllerTest - Starting AddressControllerTest using Java 17.0.7 with PID 16420 (started by ssama in C:\Users\ssama\Desktop\project\springproject - Copy)
13557 [Test worker] DEBUG c.s.p.c.AddressControllerTest - Running with Spring Boot v3.1.1, Spring v6.0.10
13557 [Test worker] INFO  c.s.p.c.AddressControllerTest - No active profile set, falling back to 1 default profile: "default"
15486 [Test worker] INFO  c.s.p.c.AddressControllerTest - Started AddressControllerTest in 1.96 seconds (process running for 16.89)
15728 [Test worker] INFO  c.s.p.interceptor.ApiInterceptor - preHandle method is invoked /api/address GET 1.689774765958E12
16290 [Test worker] INFO  c.s.p.interceptor.ApiInterceptor - postHandle method is invoked /api/address GET 1.68977476652E12
16298 [Test worker] INFO  c.s.p.interceptor.ApiInterceptor - after completion is invoked Time took is 0.562 seconds.
16358 [Test worker] INFO  c.s.p.interceptor.ApiInterceptor - preHandle method is invoked /api/address GET 1.689774766588E12
16401 [Test worker] INFO  c.s.p.interceptor.ApiInterceptor - after completion is invoked Time took is -0.068 seconds.
16659 [Test worker] INFO  c.s.p.c.CourseControllerTest - Starting CourseControllerTest using Java 17.0.7 with PID 16420 (started by ssama in C:\Users\ssama\Desktop\project\springproject - Copy)
16660 [Test worker] DEBUG c.s.p.c.CourseControllerTest - Running with Spring Boot v3.1.1, Spring v6.0.10
16660 [Test worker] INFO  c.s.p.c.CourseControllerTest - No active profile set, falling back to 1 default profile: "default"
18291 [Test worker] INFO  c.s.p.c.CourseControllerTest - Started CourseControllerTest in 1.695 seconds (process running for 19.696)
18307 [Test worker] INFO  c.s.p.interceptor.ApiInterceptor - preHandle method is invoked /api/courses GET 1.689774768537E12
18313 [Test worker] INFO  c.s.p.interceptor.ApiInterceptor - postHandle method is invoked /api/courses GET 1.689774768543E12
18316 [Test worker] INFO  c.s.p.interceptor.ApiInterceptor - after completion is invoked Time took is 0.006 seconds.
18330 [Test worker] INFO  c.s.p.interceptor.ApiInterceptor - preHandle method is invoked /api/courses/insertMany POST 1.68977476856E12
18538 [Test worker] INFO  c.s.p.interceptor.ApiInterceptor - postHandle method is invoked /api/courses/insertMany POST 1.689774768768E12
18540 [Test worker] INFO  c.s.p.interceptor.ApiInterceptor - after completion is invoked Time took is 0.208 seconds.
18554 [Test worker] INFO  c.s.p.interceptor.ApiInterceptor - preHandle method is invoked /api/courses POST 1.689774768784E12
18567 [Test worker] INFO  c.s.p.interceptor.ApiInterceptor - after completion is invoked Time took is -0.016 seconds.
18586 [Test worker] INFO  c.s.p.interceptor.ApiInterceptor - preHandle method is invoked /api/courses POST 1.689774768816E12
18605 [Test worker] INFO  c.s.p.interceptor.ApiInterceptor - postHandle method is invoked /api/courses POST 1.689774768835E12
18605 [Test worker] INFO  c.s.p.interceptor.ApiInterceptor - after completion is invoked Time took is 0.019 seconds.
18619 [Test worker] INFO  c.s.p.interceptor.ApiInterceptor - preHandle method is invoked /api/courses GET 1.689774768849E12
18626 [Test worker] INFO  c.s.p.interceptor.ApiInterceptor - after completion is invoked Time took is -0.014 seconds.
18660 [Test worker] INFO  c.s.p.interceptor.ApiInterceptor - preHandle method is invoked /api/courses/insertMany POST 1.68977476889E12
18665 [Test worker] INFO  c.s.p.interceptor.ApiInterceptor - after completion is invoked Time took is -0.055 seconds.
18766 [Test worker] INFO  c.s.p.c.EmployeeControllerTest - Starting EmployeeControllerTest using Java 17.0.7 with PID 16420 (started by ssama in C:\Users\ssama\Desktop\project\springproject - Copy)
18767 [Test worker] DEBUG c.s.p.c.EmployeeControllerTest - Running with Spring Boot v3.1.1, Spring v6.0.10
18767 [Test worker] INFO  c.s.p.c.EmployeeControllerTest - No active profile set, falling back to 1 default profile: "default"
20300 [Test worker] INFO  c.s.p.c.EmployeeControllerTest - Started EmployeeControllerTest in 1.603 seconds (process running for 21.704)
20314 [Test worker] INFO  c.s.p.interceptor.ApiInterceptor - preHandle method is invoked /api/employee/15 GET 1.689774770544E12
20343 [Test worker] INFO  c.s.p.interceptor.ApiInterceptor - preHandle method is invoked /api/employee/department GET 1.689774770573E12
20378 [Test worker] INFO  c.s.p.interceptor.ApiInterceptor - postHandle method is invoked /api/employee/department GET 1.689774770608E12
20379 [Test worker] INFO  c.s.p.interceptor.ApiInterceptor - after completion is invoked Time took is 0.035 seconds.
20390 [Test worker] INFO  c.s.p.interceptor.ApiInterceptor - preHandle method is invoked /api/employee/maxSalary GET 1.68977477062E12
20392 [Test worker] INFO  c.s.p.interceptor.ApiInterceptor - postHandle method is invoked /api/employee/maxSalary GET 1.689774770622E12
20393 [Test worker] INFO  c.s.p.interceptor.ApiInterceptor - after completion is invoked Time took is 0.002 seconds.
20436 [Test worker] INFO  c.s.p.interceptor.ApiInterceptor - preHandle method is invoked /api/employee/updateSalaryById PUT 1.689774770666E12
20441 [Test worker] INFO  c.s.p.interceptor.ApiInterceptor - postHandle method is invoked /api/employee/updateSalaryById PUT 1.689774770671E12
20441 [Test worker] INFO  c.s.p.interceptor.ApiInterceptor - after completion is invoked Time took is 0.005 seconds.
20451 [Test worker] INFO  c.s.p.interceptor.ApiInterceptor - preHandle method is invoked /api/employee/findAll GET 1.689774770681E12
20453 [Test worker] INFO  c.s.p.interceptor.ApiInterceptor - postHandle method is invoked /api/employee/findAll GET 1.689774770683E12
20453 [Test worker] INFO  c.s.p.interceptor.ApiInterceptor - after completion is invoked Time took is 0.002 seconds.
20461 [Test worker] INFO  c.s.p.interceptor.ApiInterceptor - preHandle method is invoked /api/employee/course GET 1.689774770691E12
20464 [Test worker] INFO  c.s.p.interceptor.ApiInterceptor - postHandle method is invoked /api/employee/course GET 1.689774770694E12
20465 [Test worker] INFO  c.s.p.interceptor.ApiInterceptor - after completion is invoked Time took is 0.003 seconds.
20477 [Test worker] INFO  c.s.p.interceptor.ApiInterceptor - preHandle method is invoked /api/employee POST 1.689774770707E12
20486 [Test worker] INFO  c.s.p.interceptor.ApiInterceptor - postHandle method is invoked /api/employee POST 1.689774770716E12
20487 [Test worker] INFO  c.s.p.interceptor.ApiInterceptor - after completion is invoked Time took is 0.009 seconds.
20500 [Test worker] INFO  c.s.p.interceptor.ApiInterceptor - preHandle method is invoked /api/employee GET 1.68977477073E12
20504 [Test worker] INFO  c.s.p.interceptor.ApiInterceptor - after completion is invoked Time took is -0.014 seconds.
20513 [Test worker] INFO  c.s.p.interceptor.ApiInterceptor - preHandle method is invoked /api/employee PUT 1.689774770743E12
20517 [Test worker] INFO  c.s.p.interceptor.ApiInterceptor - after completion is invoked Time took is -0.027 seconds.
20528 [Test worker] INFO  c.s.p.interceptor.ApiInterceptor - preHandle method is invoked /api/employee GET 1.689774770758E12
20562 [Test worker] INFO  c.s.p.interceptor.ApiInterceptor - after completion is invoked Time took is -0.042 seconds.
20572 [Test worker] INFO  c.s.p.interceptor.ApiInterceptor - preHandle method is invoked /api/employee/1 DELETE 1.689774770802E12
20575 [Test worker] INFO  c.s.p.interceptor.ApiInterceptor - postHandle method is invoked /api/employee/1 DELETE 1.689774770805E12
20575 [Test worker] INFO  c.s.p.interceptor.ApiInterceptor - after completion is invoked Time took is 0.003 seconds.
20583 [Test worker] INFO  c.s.p.interceptor.ApiInterceptor - preHandle method is invoked /api/employee/department/maxSalary GET 1.689774770813E12
20587 [Test worker] INFO  c.s.p.interceptor.ApiInterceptor - after completion is invoked Time took is -0.008 seconds.
20595 [Test worker] INFO  c.s.p.interceptor.ApiInterceptor - preHandle method is invoked /api/employee/maxSalary GET 1.689774770825E12
20598 [Test worker] INFO  c.s.p.interceptor.ApiInterceptor - after completion is invoked Time took is -0.02 seconds.
20607 [Test worker] INFO  c.s.p.interceptor.ApiInterceptor - preHandle method is invoked /api/employee PUT 1.689774770836E12
20609 [Test worker] INFO  c.s.p.interceptor.ApiInterceptor - postHandle method is invoked /api/employee PUT 1.689774770839E12
20609 [Test worker] INFO  c.s.p.interceptor.ApiInterceptor - after completion is invoked Time took is 0.003 seconds.
20622 [Test worker] INFO  c.s.p.interceptor.ApiInterceptor - preHandle method is invoked /api/employee/insertAll POST 1.689774770852E12
20633 [Test worker] INFO  c.s.p.interceptor.ApiInterceptor - postHandle method is invoked /api/employee/insertAll POST 1.689774770863E12
20633 [Test worker] INFO  c.s.p.interceptor.ApiInterceptor - after completion is invoked Time took is 0.011 seconds.
20642 [Test worker] INFO  c.s.p.interceptor.ApiInterceptor - preHandle method is invoked /api/employee/1 DELETE 1.689774770872E12
20645 [Test worker] INFO  c.s.p.interceptor.ApiInterceptor - after completion is invoked Time took is -0.009 seconds.
20655 [Test worker] INFO  c.s.p.interceptor.ApiInterceptor - preHandle method is invoked /api/employee/1 GET 1.689774770885E12
20659 [Test worker] INFO  c.s.p.interceptor.ApiInterceptor - postHandle method is invoked /api/employee/1 GET 1.689774770889E12
20661 [Test worker] INFO  c.s.p.interceptor.ApiInterceptor - after completion is invoked Time took is 0.004 seconds.
20671 [Test worker] INFO  c.s.p.interceptor.ApiInterceptor - preHandle method is invoked /api/employee/department GET 1.689774770901E12
20674 [Test worker] INFO  c.s.p.interceptor.ApiInterceptor - after completion is invoked Time took is -0.012 seconds.
20684 [Test worker] INFO  c.s.p.interceptor.ApiInterceptor - preHandle method is invoked /api/employee/0 GET 1.689774770914E12
20687 [Test worker] INFO  c.s.p.interceptor.ApiInterceptor - after completion is invoked Time took is -0.025 seconds.
20695 [Test worker] INFO  c.s.p.interceptor.ApiInterceptor - preHandle method is invoked /api/employee/findAll GET 1.689774770925E12
20698 [Test worker] INFO  c.s.p.interceptor.ApiInterceptor - after completion is invoked Time took is -0.036 seconds.
20707 [Test worker] INFO  c.s.p.interceptor.ApiInterceptor - preHandle method is invoked /api/employee/course GET 1.689774770937E12
20711 [Test worker] INFO  c.s.p.interceptor.ApiInterceptor - after completion is invoked Time took is -0.048 seconds.
20722 [Test worker] INFO  c.s.p.interceptor.ApiInterceptor - preHandle method is invoked /api/employee/updateSalaryById PUT 1.689774770952E12
20728 [Test worker] INFO  c.s.p.interceptor.ApiInterceptor - after completion is invoked Time took is -0.063 seconds.
20736 [Test worker] INFO  c.s.p.interceptor.ApiInterceptor - preHandle method is invoked /api/employee/department/maxSalary GET 1.689774770966E12
20738 [Test worker] INFO  c.s.p.interceptor.ApiInterceptor - postHandle method is invoked /api/employee/department/maxSalary GET 1.689774770968E12
20738 [Test worker] INFO  c.s.p.interceptor.ApiInterceptor - after completion is invoked Time took is 0.002 seconds.
20746 [Test worker] INFO  c.s.p.interceptor.ApiInterceptor - preHandle method is invoked /api/employee GET 1.689774770976E12
20748 [Test worker] INFO  c.s.p.interceptor.ApiInterceptor - postHandle method is invoked /api/employee GET 1.689774770978E12
20749 [Test worker] INFO  c.s.p.interceptor.ApiInterceptor - after completion is invoked Time took is 0.002 seconds.
20859 [Test worker] INFO  c.s.p.service.AddressServiceTest - Starting AddressServiceTest using Java 17.0.7 with PID 16420 (started by ssama in C:\Users\ssama\Desktop\project\springproject - Copy)
20859 [Test worker] DEBUG c.s.p.service.AddressServiceTest - Running with Spring Boot v3.1.1, Spring v6.0.10
20860 [Test worker] INFO  c.s.p.service.AddressServiceTest - No active profile set, falling back to 1 default profile: "default"
22159 [Test worker] INFO  c.s.p.service.AddressServiceTest - Started AddressServiceTest in 1.361 seconds (process running for 23.564)
22269 [Test worker] INFO  c.s.p.service.CourseServiceTest - Starting CourseServiceTest using Java 17.0.7 with PID 16420 (started by ssama in C:\Users\ssama\Desktop\project\springproject - Copy)
22270 [Test worker] DEBUG c.s.p.service.CourseServiceTest - Running with Spring Boot v3.1.1, Spring v6.0.10
22270 [Test worker] INFO  c.s.p.service.CourseServiceTest - No active profile set, falling back to 1 default profile: "default"
23375 [Test worker] INFO  c.s.p.service.CourseServiceTest - Started CourseServiceTest in 1.141 seconds (process running for 24.779)
23390 [Test worker] ERROR c.s.p.service.CourseServiceImpl - Invalid coursename
23416 [Test worker] ERROR c.s.p.service.CourseServiceImpl - Invalid coursename
23416 [Test worker] ERROR c.s.p.service.CourseServiceImpl - Invalid coursename
23520 [Test worker] INFO  c.s.p.service.EmployeeServiceTest - Starting EmployeeServiceTest using Java 17.0.7 with PID 16420 (started by ssama in C:\Users\ssama\Desktop\project\springproject - Copy)
23520 [Test worker] DEBUG c.s.p.service.EmployeeServiceTest - Running with Spring Boot v3.1.1, Spring v6.0.10
23522 [Test worker] INFO  c.s.p.service.EmployeeServiceTest - No active profile set, falling back to 1 default profile: "default"
24638 [Test worker] INFO  c.s.p.service.EmployeeServiceTest - Started EmployeeServiceTest in 1.158 seconds (process running for 26.042)
24687 [Test worker] INFO  c.s.p.service.EmployeeServiceImpl - Course already exists !
24687 [Test worker] INFO  c.s.p.service.EmployeeServiceImpl - Course already exists !
24738 [Test worker] INFO  c.s.p.service.EmployeeServiceImpl - Course already exists !
24738 [Test worker] INFO  c.s.p.service.EmployeeServiceImpl - Course already exists !
24767 [Test worker] ERROR c.s.p.service.EmployeeServiceImpl - Employee with id : 0  does not exist ! 
24819 [Test worker] ERROR c.s.p.service.EmployeeServiceImpl - Employee with lastname sujith is not inserted
2372 [Test worker] INFO  c.s.p.service.CourseServiceTest - Starting CourseServiceTest using Java 17.0.7 with PID 32072 (started by ssama in C:\Users\ssama\Desktop\project\springproject - Copy)
2375 [Test worker] DEBUG c.s.p.service.CourseServiceTest - Running with Spring Boot v3.1.1, Spring v6.0.10
2376 [Test worker] INFO  c.s.p.service.CourseServiceTest - No active profile set, falling back to 1 default profile: "default"
13193 [Test worker] INFO  c.s.p.service.CourseServiceTest - Started CourseServiceTest in 11.663 seconds (process running for 15.429)
13459 [Test worker] ERROR c.s.p.service.CourseServiceImpl - Invalid coursename
13513 [Test worker] ERROR c.s.p.service.CourseServiceImpl - Invalid coursename
13513 [Test worker] ERROR c.s.p.service.CourseServiceImpl - Invalid coursename
14589 [Test worker] INFO  c.sujith.project.ProjectApplication - Starting ProjectApplication using Java 17.0.7 with PID 32072 (started by ssama in C:\Users\ssama\Desktop\project\springproject - Copy)
14590 [Test worker] DEBUG c.sujith.project.ProjectApplication - Running with Spring Boot v3.1.1, Spring v6.0.10
14590 [Test worker] INFO  c.sujith.project.ProjectApplication - No active profile set, falling back to 1 default profile: "default"
16087 [Test worker] INFO  c.sujith.project.ProjectApplication - Started ProjectApplication in 1.545 seconds (process running for 18.322)
16174 [Test worker] INFO  c.s.p.c.AddressControllerTest - Starting AddressControllerTest using Java 17.0.7 with PID 32072 (started by ssama in C:\Users\ssama\Desktop\project\springproject - Copy)
16174 [Test worker] DEBUG c.s.p.c.AddressControllerTest - Running with Spring Boot v3.1.1, Spring v6.0.10
16174 [Test worker] INFO  c.s.p.c.AddressControllerTest - No active profile set, falling back to 1 default profile: "default"
17571 [Test worker] INFO  c.s.p.c.AddressControllerTest - Started AddressControllerTest in 1.435 seconds (process running for 19.807)
17733 [Test worker] INFO  c.s.p.interceptor.ApiInterceptor - preHandle method is invoked /api/address GET 1.689774818235E12
17964 [Test worker] INFO  c.s.p.interceptor.ApiInterceptor - postHandle method is invoked /api/address GET 1.689774818466E12
17965 [Test worker] INFO  c.s.p.interceptor.ApiInterceptor - after completion is invoked Time took is 0.231 seconds.
18005 [Test worker] INFO  c.s.p.interceptor.ApiInterceptor - preHandle method is invoked /api/address GET 1.689774818507E12
18038 [Test worker] INFO  c.s.p.interceptor.ApiInterceptor - after completion is invoked Time took is -0.041 seconds.
18293 [Test worker] INFO  c.s.p.c.CourseControllerTest - Starting CourseControllerTest using Java 17.0.7 with PID 32072 (started by ssama in C:\Users\ssama\Desktop\project\springproject - Copy)
18294 [Test worker] DEBUG c.s.p.c.CourseControllerTest - Running with Spring Boot v3.1.1, Spring v6.0.10
18294 [Test worker] INFO  c.s.p.c.CourseControllerTest - No active profile set, falling back to 1 default profile: "default"
19350 [Test worker] INFO  c.s.p.c.CourseControllerTest - Started CourseControllerTest in 1.104 seconds (process running for 21.585)
19362 [Test worker] INFO  c.s.p.interceptor.ApiInterceptor - preHandle method is invoked /api/courses GET 1.689774819864E12
19371 [Test worker] INFO  c.s.p.interceptor.ApiInterceptor - postHandle method is invoked /api/courses GET 1.689774819873E12
19371 [Test worker] INFO  c.s.p.interceptor.ApiInterceptor - after completion is invoked Time took is 0.009 seconds.
19380 [Test worker] INFO  c.s.p.interceptor.ApiInterceptor - preHandle method is invoked /api/courses/insertMany POST 1.689774819882E12
19563 [Test worker] INFO  c.s.p.interceptor.ApiInterceptor - postHandle method is invoked /api/courses/insertMany POST 1.689774820065E12
19564 [Test worker] INFO  c.s.p.interceptor.ApiInterceptor - after completion is invoked Time took is 0.183 seconds.
19571 [Test worker] INFO  c.s.p.interceptor.ApiInterceptor - preHandle method is invoked /api/courses POST 1.689774820073E12
19581 [Test worker] INFO  c.s.p.interceptor.ApiInterceptor - after completion is invoked Time took is -0.008 seconds.
19590 [Test worker] INFO  c.s.p.interceptor.ApiInterceptor - preHandle method is invoked /api/courses POST 1.689774820092E12
19598 [Test worker] INFO  c.s.p.interceptor.ApiInterceptor - postHandle method is invoked /api/courses POST 1.689774820099E12
19598 [Test worker] INFO  c.s.p.interceptor.ApiInterceptor - after completion is invoked Time took is 0.007 seconds.
19607 [Test worker] INFO  c.s.p.interceptor.ApiInterceptor - preHandle method is invoked /api/courses GET 1.689774820109E12
19609 [Test worker] INFO  c.s.p.interceptor.ApiInterceptor - after completion is invoked Time took is -0.01 seconds.
19616 [Test worker] INFO  c.s.p.interceptor.ApiInterceptor - preHandle method is invoked /api/courses/insertMany POST 1.689774820118E12
19622 [Test worker] INFO  c.s.p.interceptor.ApiInterceptor - after completion is invoked Time took is -0.019 seconds.
19691 [Test worker] INFO  c.s.p.c.EmployeeControllerTest - Starting EmployeeControllerTest using Java 17.0.7 with PID 32072 (started by ssama in C:\Users\ssama\Desktop\project\springproject - Copy)
19691 [Test worker] DEBUG c.s.p.c.EmployeeControllerTest - Running with Spring Boot v3.1.1, Spring v6.0.10
19691 [Test worker] INFO  c.s.p.c.EmployeeControllerTest - No active profile set, falling back to 1 default profile: "default"
20740 [Test worker] INFO  c.s.p.c.EmployeeControllerTest - Started EmployeeControllerTest in 1.095 seconds (process running for 22.975)
20750 [Test worker] INFO  c.s.p.interceptor.ApiInterceptor - preHandle method is invoked /api/employee/15 GET 1.689774821252E12
20778 [Test worker] INFO  c.s.p.interceptor.ApiInterceptor - preHandle method is invoked /api/employee/department GET 1.68977482128E12
20804 [Test worker] INFO  c.s.p.interceptor.ApiInterceptor - postHandle method is invoked /api/employee/department GET 1.689774821306E12
20806 [Test worker] INFO  c.s.p.interceptor.ApiInterceptor - after completion is invoked Time took is 0.026 seconds.
20815 [Test worker] INFO  c.s.p.interceptor.ApiInterceptor - preHandle method is invoked /api/employee/maxSalary GET 1.689774821317E12
20817 [Test worker] INFO  c.s.p.interceptor.ApiInterceptor - postHandle method is invoked /api/employee/maxSalary GET 1.689774821319E12
20818 [Test worker] INFO  c.s.p.interceptor.ApiInterceptor - after completion is invoked Time took is 0.002 seconds.
20854 [Test worker] INFO  c.s.p.interceptor.ApiInterceptor - preHandle method is invoked /api/employee/updateSalaryById PUT 1.689774821356E12
20859 [Test worker] INFO  c.s.p.interceptor.ApiInterceptor - postHandle method is invoked /api/employee/updateSalaryById PUT 1.689774821361E12
20860 [Test worker] INFO  c.s.p.interceptor.ApiInterceptor - after completion is invoked Time took is 0.005 seconds.
20868 [Test worker] INFO  c.s.p.interceptor.ApiInterceptor - preHandle method is invoked /api/employee/findAll GET 1.68977482137E12
20869 [Test worker] INFO  c.s.p.interceptor.ApiInterceptor - postHandle method is invoked /api/employee/findAll GET 1.689774821371E12
20870 [Test worker] INFO  c.s.p.interceptor.ApiInterceptor - after completion is invoked Time took is 0.001 seconds.
20878 [Test worker] INFO  c.s.p.interceptor.ApiInterceptor - preHandle method is invoked /api/employee/course GET 1.68977482138E12
20880 [Test worker] INFO  c.s.p.interceptor.ApiInterceptor - postHandle method is invoked /api/employee/course GET 1.689774821382E12
20881 [Test worker] INFO  c.s.p.interceptor.ApiInterceptor - after completion is invoked Time took is 0.002 seconds.
20892 [Test worker] INFO  c.s.p.interceptor.ApiInterceptor - preHandle method is invoked /api/employee POST 1.689774821394E12
20903 [Test worker] INFO  c.s.p.interceptor.ApiInterceptor - postHandle method is invoked /api/employee POST 1.689774821405E12
20903 [Test worker] INFO  c.s.p.interceptor.ApiInterceptor - after completion is invoked Time took is 0.011 seconds.
20911 [Test worker] INFO  c.s.p.interceptor.ApiInterceptor - preHandle method is invoked /api/employee GET 1.689774821413E12
20916 [Test worker] INFO  c.s.p.interceptor.ApiInterceptor - after completion is invoked Time took is -0.008 seconds.
20924 [Test worker] INFO  c.s.p.interceptor.ApiInterceptor - preHandle method is invoked /api/employee PUT 1.689774821426E12
20928 [Test worker] INFO  c.s.p.interceptor.ApiInterceptor - after completion is invoked Time took is -0.021 seconds.
20937 [Test worker] INFO  c.s.p.interceptor.ApiInterceptor - preHandle method is invoked /api/employee GET 1.689774821439E12
20974 [Test worker] INFO  c.s.p.interceptor.ApiInterceptor - after completion is invoked Time took is -0.034 seconds.
20983 [Test worker] INFO  c.s.p.interceptor.ApiInterceptor - preHandle method is invoked /api/employee/1 DELETE 1.689774821485E12
20988 [Test worker] INFO  c.s.p.interceptor.ApiInterceptor - postHandle method is invoked /api/employee/1 DELETE 1.68977482149E12
20990 [Test worker] INFO  c.s.p.interceptor.ApiInterceptor - after completion is invoked Time took is 0.005 seconds.
20998 [Test worker] INFO  c.s.p.interceptor.ApiInterceptor - preHandle method is invoked /api/employee/department/maxSalary GET 1.6897748215E12
21003 [Test worker] INFO  c.s.p.interceptor.ApiInterceptor - after completion is invoked Time took is -0.01 seconds.
21011 [Test worker] INFO  c.s.p.interceptor.ApiInterceptor - preHandle method is invoked /api/employee/maxSalary GET 1.689774821513E12
21015 [Test worker] INFO  c.s.p.interceptor.ApiInterceptor - after completion is invoked Time took is -0.023 seconds.
21024 [Test worker] INFO  c.s.p.interceptor.ApiInterceptor - preHandle method is invoked /api/employee PUT 1.689774821526E12
21027 [Test worker] INFO  c.s.p.interceptor.ApiInterceptor - postHandle method is invoked /api/employee PUT 1.689774821529E12
21028 [Test worker] INFO  c.s.p.interceptor.ApiInterceptor - after completion is invoked Time took is 0.003 seconds.
21038 [Test worker] INFO  c.s.p.interceptor.ApiInterceptor - preHandle method is invoked /api/employee/insertAll POST 1.68977482154E12
21045 [Test worker] INFO  c.s.p.interceptor.ApiInterceptor - postHandle method is invoked /api/employee/insertAll POST 1.689774821547E12
21047 [Test worker] INFO  c.s.p.interceptor.ApiInterceptor - after completion is invoked Time took is 0.007 seconds.
21057 [Test worker] INFO  c.s.p.interceptor.ApiInterceptor - preHandle method is invoked /api/employee/1 DELETE 1.689774821559E12
21060 [Test worker] INFO  c.s.p.interceptor.ApiInterceptor - after completion is invoked Time took is -0.012 seconds.
21069 [Test worker] INFO  c.s.p.interceptor.ApiInterceptor - preHandle method is invoked /api/employee/1 GET 1.689774821571E12
21076 [Test worker] INFO  c.s.p.interceptor.ApiInterceptor - postHandle method is invoked /api/employee/1 GET 1.689774821578E12
21077 [Test worker] INFO  c.s.p.interceptor.ApiInterceptor - after completion is invoked Time took is 0.007 seconds.
21094 [Test worker] INFO  c.s.p.interceptor.ApiInterceptor - preHandle method is invoked /api/employee/department GET 1.689774821596E12
21098 [Test worker] INFO  c.s.p.interceptor.ApiInterceptor - after completion is invoked Time took is -0.018 seconds.
21105 [Test worker] INFO  c.s.p.interceptor.ApiInterceptor - preHandle method is invoked /api/employee/0 GET 1.689774821607E12
21109 [Test worker] INFO  c.s.p.interceptor.ApiInterceptor - after completion is invoked Time took is -0.029 seconds.
21118 [Test worker] INFO  c.s.p.interceptor.ApiInterceptor - preHandle method is invoked /api/employee/findAll GET 1.68977482162E12
21122 [Test worker] INFO  c.s.p.interceptor.ApiInterceptor - after completion is invoked Time took is -0.042 seconds.
21129 [Test worker] INFO  c.s.p.interceptor.ApiInterceptor - preHandle method is invoked /api/employee/course GET 1.689774821631E12
21133 [Test worker] INFO  c.s.p.interceptor.ApiInterceptor - after completion is invoked Time took is -0.053 seconds.
21140 [Test worker] INFO  c.s.p.interceptor.ApiInterceptor - preHandle method is invoked /api/employee/updateSalaryById PUT 1.689774821642E12
21145 [Test worker] INFO  c.s.p.interceptor.ApiInterceptor - after completion is invoked Time took is -0.064 seconds.
21152 [Test worker] INFO  c.s.p.interceptor.ApiInterceptor - preHandle method is invoked /api/employee/department/maxSalary GET 1.689774821654E12
21157 [Test worker] INFO  c.s.p.interceptor.ApiInterceptor - postHandle method is invoked /api/employee/department/maxSalary GET 1.689774821659E12
21160 [Test worker] INFO  c.s.p.interceptor.ApiInterceptor - after completion is invoked Time took is 0.005 seconds.
21169 [Test worker] INFO  c.s.p.interceptor.ApiInterceptor - preHandle method is invoked /api/employee GET 1.689774821671E12
21172 [Test worker] INFO  c.s.p.interceptor.ApiInterceptor - postHandle method is invoked /api/employee GET 1.689774821674E12
21172 [Test worker] INFO  c.s.p.interceptor.ApiInterceptor - after completion is invoked Time took is 0.003 seconds.
21234 [Test worker] INFO  c.s.p.service.AddressServiceTest - Starting AddressServiceTest using Java 17.0.7 with PID 32072 (started by ssama in C:\Users\ssama\Desktop\project\springproject - Copy)
21234 [Test worker] DEBUG c.s.p.service.AddressServiceTest - Running with Spring Boot v3.1.1, Spring v6.0.10
21235 [Test worker] INFO  c.s.p.service.AddressServiceTest - No active profile set, falling back to 1 default profile: "default"
22219 [Test worker] INFO  c.s.p.service.AddressServiceTest - Started AddressServiceTest in 1.026 seconds (process running for 24.455)
22312 [Test worker] INFO  c.s.p.service.EmployeeServiceTest - Starting EmployeeServiceTest using Java 17.0.7 with PID 32072 (started by ssama in C:\Users\ssama\Desktop\project\springproject - Copy)
22313 [Test worker] DEBUG c.s.p.service.EmployeeServiceTest - Running with Spring Boot v3.1.1, Spring v6.0.10
22314 [Test worker] INFO  c.s.p.service.EmployeeServiceTest - No active profile set, falling back to 1 default profile: "default"
23199 [Test worker] INFO  c.s.p.service.EmployeeServiceTest - Started EmployeeServiceTest in 0.935 seconds (process running for 25.435)
23248 [Test worker] INFO  c.s.p.service.EmployeeServiceImpl - Course already exists !
23249 [Test worker] INFO  c.s.p.service.EmployeeServiceImpl - Course already exists !
23296 [Test worker] INFO  c.s.p.service.EmployeeServiceImpl - Course already exists !
23296 [Test worker] INFO  c.s.p.service.EmployeeServiceImpl - Course already exists !
23326 [Test worker] ERROR c.s.p.service.EmployeeServiceImpl - Employee with id : 0  does not exist ! 
23387 [Test worker] ERROR c.s.p.service.EmployeeServiceImpl - Employee with lastname sujith is not inserted
12183 [Test worker] INFO  c.sujith.project.ProjectApplication - Starting ProjectApplication using Java 17.0.7 with PID 9388 (started by ssama in C:\Users\ssama\Desktop\project\springproject - Copy)
12184 [Test worker] DEBUG c.sujith.project.ProjectApplication - Running with Spring Boot v3.1.1, Spring v6.0.10
12184 [Test worker] INFO  c.sujith.project.ProjectApplication - No active profile set, falling back to 1 default profile: "default"
13569 [Test worker] INFO  c.sujith.project.ProjectApplication - Started ProjectApplication in 1.433 seconds (process running for 15.774)
13658 [Test worker] INFO  c.s.p.c.AddressControllerTest - Starting AddressControllerTest using Java 17.0.7 with PID 9388 (started by ssama in C:\Users\ssama\Desktop\project\springproject - Copy)
13658 [Test worker] DEBUG c.s.p.c.AddressControllerTest - Running with Spring Boot v3.1.1, Spring v6.0.10
13658 [Test worker] INFO  c.s.p.c.AddressControllerTest - No active profile set, falling back to 1 default profile: "default"
15064 [Test worker] INFO  c.s.p.c.AddressControllerTest - Started AddressControllerTest in 1.436 seconds (process running for 17.267)
15312 [Test worker] INFO  c.s.p.interceptor.ApiInterceptor - preHandle method is invoked /api/address GET 1.68977496871E12
15804 [Test worker] INFO  c.s.p.interceptor.ApiInterceptor - postHandle method is invoked /api/address GET 1.689774969202E12
15812 [Test worker] INFO  c.s.p.interceptor.ApiInterceptor - after completion is invoked Time took is 0.492 seconds.
15867 [Test worker] INFO  c.s.p.interceptor.ApiInterceptor - preHandle method is invoked /api/address GET 1.689774969265E12
15899 [Test worker] INFO  c.s.p.interceptor.ApiInterceptor - after completion is invoked Time took is -0.063 seconds.
16133 [Test worker] INFO  c.s.p.c.CourseControllerTest - Starting CourseControllerTest using Java 17.0.7 with PID 9388 (started by ssama in C:\Users\ssama\Desktop\project\springproject - Copy)
16134 [Test worker] DEBUG c.s.p.c.CourseControllerTest - Running with Spring Boot v3.1.1, Spring v6.0.10
16134 [Test worker] INFO  c.s.p.c.CourseControllerTest - No active profile set, falling back to 1 default profile: "default"
17379 [Test worker] INFO  c.s.p.c.CourseControllerTest - Started CourseControllerTest in 1.288 seconds (process running for 19.584)
17390 [Test worker] INFO  c.s.p.interceptor.ApiInterceptor - preHandle method is invoked /api/courses GET 1.689774970788E12
17397 [Test worker] INFO  c.s.p.interceptor.ApiInterceptor - postHandle method is invoked /api/courses GET 1.689774970795E12
17398 [Test worker] INFO  c.s.p.interceptor.ApiInterceptor - after completion is invoked Time took is 0.007 seconds.
17412 [Test worker] INFO  c.s.p.interceptor.ApiInterceptor - preHandle method is invoked /api/courses/insertMany POST 1.68977497081E12
17612 [Test worker] INFO  c.s.p.interceptor.ApiInterceptor - postHandle method is invoked /api/courses/insertMany POST 1.68977497101E12
17613 [Test worker] INFO  c.s.p.interceptor.ApiInterceptor - after completion is invoked Time took is 0.2 seconds.
17627 [Test worker] INFO  c.s.p.interceptor.ApiInterceptor - preHandle method is invoked /api/courses POST 1.689774971025E12
17638 [Test worker] INFO  c.s.p.interceptor.ApiInterceptor - after completion is invoked Time took is -0.015 seconds.
17647 [Test worker] INFO  c.s.p.interceptor.ApiInterceptor - preHandle method is invoked /api/courses POST 1.689774971045E12
17656 [Test worker] INFO  c.s.p.interceptor.ApiInterceptor - postHandle method is invoked /api/courses POST 1.689774971054E12
17657 [Test worker] INFO  c.s.p.interceptor.ApiInterceptor - after completion is invoked Time took is 0.009 seconds.
17664 [Test worker] INFO  c.s.p.interceptor.ApiInterceptor - preHandle method is invoked /api/courses GET 1.689774971062E12
17666 [Test worker] INFO  c.s.p.interceptor.ApiInterceptor - after completion is invoked Time took is -0.008 seconds.
17681 [Test worker] INFO  c.s.p.interceptor.ApiInterceptor - preHandle method is invoked /api/courses/insertMany POST 1.689774971079E12
17684 [Test worker] INFO  c.s.p.interceptor.ApiInterceptor - after completion is invoked Time took is -0.025 seconds.
17739 [Test worker] INFO  c.s.p.c.EmployeeControllerTest - Starting EmployeeControllerTest using Java 17.0.7 with PID 9388 (started by ssama in C:\Users\ssama\Desktop\project\springproject - Copy)
17739 [Test worker] DEBUG c.s.p.c.EmployeeControllerTest - Running with Spring Boot v3.1.1, Spring v6.0.10
17740 [Test worker] INFO  c.s.p.c.EmployeeControllerTest - No active profile set, falling back to 1 default profile: "default"
18769 [Test worker] INFO  c.s.p.c.EmployeeControllerTest - Started EmployeeControllerTest in 1.069 seconds (process running for 20.973)
18784 [Test worker] INFO  c.s.p.interceptor.ApiInterceptor - preHandle method is invoked /api/employee/15 GET 1.689774972181E12
18809 [Test worker] INFO  c.s.p.interceptor.ApiInterceptor - preHandle method is invoked /api/employee/department GET 1.689774972207E12
18835 [Test worker] INFO  c.s.p.interceptor.ApiInterceptor - postHandle method is invoked /api/employee/department GET 1.689774972233E12
18836 [Test worker] INFO  c.s.p.interceptor.ApiInterceptor - after completion is invoked Time took is 0.026 seconds.
18846 [Test worker] INFO  c.s.p.interceptor.ApiInterceptor - preHandle method is invoked /api/employee/maxSalary GET 1.689774972244E12
18849 [Test worker] INFO  c.s.p.interceptor.ApiInterceptor - postHandle method is invoked /api/employee/maxSalary GET 1.689774972247E12
18850 [Test worker] INFO  c.s.p.interceptor.ApiInterceptor - after completion is invoked Time took is 0.003 seconds.
18888 [Test worker] INFO  c.s.p.interceptor.ApiInterceptor - preHandle method is invoked /api/employee/updateSalaryById PUT 1.689774972286E12
18893 [Test worker] INFO  c.s.p.interceptor.ApiInterceptor - postHandle method is invoked /api/employee/updateSalaryById PUT 1.689774972291E12
18894 [Test worker] INFO  c.s.p.interceptor.ApiInterceptor - after completion is invoked Time took is 0.005 seconds.
18904 [Test worker] INFO  c.s.p.interceptor.ApiInterceptor - preHandle method is invoked /api/employee/findAll GET 1.689774972301E12
18906 [Test worker] INFO  c.s.p.interceptor.ApiInterceptor - postHandle method is invoked /api/employee/findAll GET 1.689774972304E12
18907 [Test worker] INFO  c.s.p.interceptor.ApiInterceptor - after completion is invoked Time took is 0.003 seconds.
18917 [Test worker] INFO  c.s.p.interceptor.ApiInterceptor - preHandle method is invoked /api/employee/course GET 1.689774972315E12
18921 [Test worker] INFO  c.s.p.interceptor.ApiInterceptor - postHandle method is invoked /api/employee/course GET 1.689774972319E12
18921 [Test worker] INFO  c.s.p.interceptor.ApiInterceptor - after completion is invoked Time took is 0.004 seconds.
18933 [Test worker] INFO  c.s.p.interceptor.ApiInterceptor - preHandle method is invoked /api/employee POST 1.689774972331E12
18945 [Test worker] INFO  c.s.p.interceptor.ApiInterceptor - postHandle method is invoked /api/employee POST 1.689774972343E12
18946 [Test worker] INFO  c.s.p.interceptor.ApiInterceptor - after completion is invoked Time took is 0.012 seconds.
18954 [Test worker] INFO  c.s.p.interceptor.ApiInterceptor - preHandle method is invoked /api/employee GET 1.689774972352E12
18959 [Test worker] INFO  c.s.p.interceptor.ApiInterceptor - after completion is invoked Time took is -0.009 seconds.
18968 [Test worker] INFO  c.s.p.interceptor.ApiInterceptor - preHandle method is invoked /api/employee PUT 1.689774972366E12
18972 [Test worker] INFO  c.s.p.interceptor.ApiInterceptor - after completion is invoked Time took is -0.023 seconds.
18983 [Test worker] INFO  c.s.p.interceptor.ApiInterceptor - preHandle method is invoked /api/employee GET 1.68977497238E12
19024 [Test worker] INFO  c.s.p.interceptor.ApiInterceptor - after completion is invoked Time took is -0.037 seconds.
19035 [Test worker] INFO  c.s.p.interceptor.ApiInterceptor - preHandle method is invoked /api/employee/1 DELETE 1.689774972433E12
19037 [Test worker] INFO  c.s.p.interceptor.ApiInterceptor - postHandle method is invoked /api/employee/1 DELETE 1.689774972435E12
19037 [Test worker] INFO  c.s.p.interceptor.ApiInterceptor - after completion is invoked Time took is 0.002 seconds.
19045 [Test worker] INFO  c.s.p.interceptor.ApiInterceptor - preHandle method is invoked /api/employee/department/maxSalary GET 1.689774972443E12
19048 [Test worker] INFO  c.s.p.interceptor.ApiInterceptor - after completion is invoked Time took is -0.008 seconds.
19056 [Test worker] INFO  c.s.p.interceptor.ApiInterceptor - preHandle method is invoked /api/employee/maxSalary GET 1.689774972454E12
19059 [Test worker] INFO  c.s.p.interceptor.ApiInterceptor - after completion is invoked Time took is -0.019 seconds.
19068 [Test worker] INFO  c.s.p.interceptor.ApiInterceptor - preHandle method is invoked /api/employee PUT 1.689774972466E12
19069 [Test worker] INFO  c.s.p.interceptor.ApiInterceptor - postHandle method is invoked /api/employee PUT 1.689774972467E12
19070 [Test worker] INFO  c.s.p.interceptor.ApiInterceptor - after completion is invoked Time took is 0.001 seconds.
19078 [Test worker] INFO  c.s.p.interceptor.ApiInterceptor - preHandle method is invoked /api/employee/insertAll POST 1.689774972476E12
19084 [Test worker] INFO  c.s.p.interceptor.ApiInterceptor - postHandle method is invoked /api/employee/insertAll POST 1.689774972482E12
19085 [Test worker] INFO  c.s.p.interceptor.ApiInterceptor - after completion is invoked Time took is 0.006 seconds.
19093 [Test worker] INFO  c.s.p.interceptor.ApiInterceptor - preHandle method is invoked /api/employee/1 DELETE 1.689774972491E12
19096 [Test worker] INFO  c.s.p.interceptor.ApiInterceptor - after completion is invoked Time took is -0.009 seconds.
19104 [Test worker] INFO  c.s.p.interceptor.ApiInterceptor - preHandle method is invoked /api/employee/1 GET 1.689774972502E12
19110 [Test worker] INFO  c.s.p.interceptor.ApiInterceptor - postHandle method is invoked /api/employee/1 GET 1.689774972508E12
19111 [Test worker] INFO  c.s.p.interceptor.ApiInterceptor - after completion is invoked Time took is 0.006 seconds.
19123 [Test worker] INFO  c.s.p.interceptor.ApiInterceptor - preHandle method is invoked /api/employee/department GET 1.689774972521E12
19126 [Test worker] INFO  c.s.p.interceptor.ApiInterceptor - after completion is invoked Time took is -0.013 seconds.
19136 [Test worker] INFO  c.s.p.interceptor.ApiInterceptor - preHandle method is invoked /api/employee/0 GET 1.689774972534E12
19139 [Test worker] INFO  c.s.p.interceptor.ApiInterceptor - after completion is invoked Time took is -0.026 seconds.
19145 [Test worker] INFO  c.s.p.interceptor.ApiInterceptor - preHandle method is invoked /api/employee/findAll GET 1.689774972543E12
19150 [Test worker] INFO  c.s.p.interceptor.ApiInterceptor - after completion is invoked Time took is -0.035 seconds.
19157 [Test worker] INFO  c.s.p.interceptor.ApiInterceptor - preHandle method is invoked /api/employee/course GET 1.689774972555E12
19160 [Test worker] INFO  c.s.p.interceptor.ApiInterceptor - after completion is invoked Time took is -0.047 seconds.
19168 [Test worker] INFO  c.s.p.interceptor.ApiInterceptor - preHandle method is invoked /api/employee/updateSalaryById PUT 1.689774972566E12
19171 [Test worker] INFO  c.s.p.interceptor.ApiInterceptor - after completion is invoked Time took is -0.058 seconds.
19178 [Test worker] INFO  c.s.p.interceptor.ApiInterceptor - preHandle method is invoked /api/employee/department/maxSalary GET 1.689774972576E12
19181 [Test worker] INFO  c.s.p.interceptor.ApiInterceptor - postHandle method is invoked /api/employee/department/maxSalary GET 1.689774972579E12
19181 [Test worker] INFO  c.s.p.interceptor.ApiInterceptor - after completion is invoked Time took is 0.003 seconds.
19187 [Test worker] INFO  c.s.p.interceptor.ApiInterceptor - preHandle method is invoked /api/employee GET 1.689774972585E12
19189 [Test worker] INFO  c.s.p.interceptor.ApiInterceptor - postHandle method is invoked /api/employee GET 1.689774972587E12
19190 [Test worker] INFO  c.s.p.interceptor.ApiInterceptor - after completion is invoked Time took is 0.002 seconds.
19241 [Test worker] INFO  c.s.p.service.AddressServiceTest - Starting AddressServiceTest using Java 17.0.7 with PID 9388 (started by ssama in C:\Users\ssama\Desktop\project\springproject - Copy)
19241 [Test worker] DEBUG c.s.p.service.AddressServiceTest - Running with Spring Boot v3.1.1, Spring v6.0.10
19241 [Test worker] INFO  c.s.p.service.AddressServiceTest - No active profile set, falling back to 1 default profile: "default"
20214 [Test worker] INFO  c.s.p.service.AddressServiceTest - Started AddressServiceTest in 1.002 seconds (process running for 22.418)
20307 [Test worker] INFO  c.s.p.service.EmployeeServiceTest - Starting EmployeeServiceTest using Java 17.0.7 with PID 9388 (started by ssama in C:\Users\ssama\Desktop\project\springproject - Copy)
20307 [Test worker] DEBUG c.s.p.service.EmployeeServiceTest - Running with Spring Boot v3.1.1, Spring v6.0.10
20307 [Test worker] INFO  c.s.p.service.EmployeeServiceTest - No active profile set, falling back to 1 default profile: "default"
21221 [Test worker] INFO  c.s.p.service.EmployeeServiceTest - Started EmployeeServiceTest in 0.941 seconds (process running for 23.425)
21282 [Test worker] INFO  c.s.p.service.EmployeeServiceImpl - Course already exists !
21282 [Test worker] INFO  c.s.p.service.EmployeeServiceImpl - Course already exists !
21315 [Test worker] INFO  c.s.p.service.EmployeeServiceImpl - Course already exists !
21316 [Test worker] INFO  c.s.p.service.EmployeeServiceImpl - Course already exists !
21347 [Test worker] ERROR c.s.p.service.EmployeeServiceImpl - Employee with id : 0  does not exist ! 
21395 [Test worker] ERROR c.s.p.service.EmployeeServiceImpl - Employee with lastname sujith is not inserted
1922 [Test worker] INFO  c.s.p.service.CourseServiceTest - Starting CourseServiceTest using Java 17.0.7 with PID 9748 (started by ssama in C:\Users\ssama\Desktop\project\springproject - Copy)
1923 [Test worker] DEBUG c.s.p.service.CourseServiceTest - Running with Spring Boot v3.1.1, Spring v6.0.10
1924 [Test worker] INFO  c.s.p.service.CourseServiceTest - No active profile set, falling back to 1 default profile: "default"
12163 [Test worker] INFO  c.s.p.service.CourseServiceTest - Started CourseServiceTest in 10.791 seconds (process running for 14.032)
12488 [Test worker] ERROR c.s.p.service.CourseServiceImpl - Invalid coursename
13729 [Test worker] INFO  c.sujith.project.ProjectApplication - Starting ProjectApplication using Java 17.0.7 with PID 9748 (started by ssama in C:\Users\ssama\Desktop\project\springproject - Copy)
13729 [Test worker] DEBUG c.sujith.project.ProjectApplication - Running with Spring Boot v3.1.1, Spring v6.0.10
13729 [Test worker] INFO  c.sujith.project.ProjectApplication - No active profile set, falling back to 1 default profile: "default"
15294 [Test worker] INFO  c.sujith.project.ProjectApplication - Started ProjectApplication in 1.62 seconds (process running for 17.163)
15371 [Test worker] INFO  c.s.p.c.AddressControllerTest - Starting AddressControllerTest using Java 17.0.7 with PID 9748 (started by ssama in C:\Users\ssama\Desktop\project\springproject - Copy)
15372 [Test worker] DEBUG c.s.p.c.AddressControllerTest - Running with Spring Boot v3.1.1, Spring v6.0.10
15372 [Test worker] INFO  c.s.p.c.AddressControllerTest - No active profile set, falling back to 1 default profile: "default"
16757 [Test worker] INFO  c.s.p.c.AddressControllerTest - Started AddressControllerTest in 1.421 seconds (process running for 18.626)
16973 [Test worker] INFO  c.s.p.interceptor.ApiInterceptor - preHandle method is invoked /api/address GET 1.689775013026E12
17247 [Test worker] INFO  c.s.p.interceptor.ApiInterceptor - postHandle method is invoked /api/address GET 1.6897750133E12
17249 [Test worker] INFO  c.s.p.interceptor.ApiInterceptor - after completion is invoked Time took is 0.274 seconds.
17291 [Test worker] INFO  c.s.p.interceptor.ApiInterceptor - preHandle method is invoked /api/address GET 1.689775013344E12
17325 [Test worker] INFO  c.s.p.interceptor.ApiInterceptor - after completion is invoked Time took is -0.044 seconds.
17571 [Test worker] INFO  c.s.p.c.CourseControllerTest - Starting CourseControllerTest using Java 17.0.7 with PID 9748 (started by ssama in C:\Users\ssama\Desktop\project\springproject - Copy)
17572 [Test worker] DEBUG c.s.p.c.CourseControllerTest - Running with Spring Boot v3.1.1, Spring v6.0.10
17572 [Test worker] INFO  c.s.p.c.CourseControllerTest - No active profile set, falling back to 1 default profile: "default"
18652 [Test worker] INFO  c.s.p.c.CourseControllerTest - Started CourseControllerTest in 1.12 seconds (process running for 20.521)
18661 [Test worker] INFO  c.s.p.interceptor.ApiInterceptor - preHandle method is invoked /api/courses GET 1.689775014714E12
18668 [Test worker] INFO  c.s.p.interceptor.ApiInterceptor - postHandle method is invoked /api/courses GET 1.689775014721E12
18668 [Test worker] INFO  c.s.p.interceptor.ApiInterceptor - after completion is invoked Time took is 0.007 seconds.
18681 [Test worker] INFO  c.s.p.interceptor.ApiInterceptor - preHandle method is invoked /api/courses/insertMany POST 1.689775014734E12
18893 [Test worker] INFO  c.s.p.interceptor.ApiInterceptor - postHandle method is invoked /api/courses/insertMany POST 1.689775014946E12
18895 [Test worker] INFO  c.s.p.interceptor.ApiInterceptor - after completion is invoked Time took is 0.212 seconds.
18904 [Test worker] INFO  c.s.p.interceptor.ApiInterceptor - preHandle method is invoked /api/courses POST 1.689775014957E12
18913 [Test worker] INFO  c.s.p.interceptor.ApiInterceptor - after completion is invoked Time took is -0.011 seconds.
18920 [Test worker] INFO  c.s.p.interceptor.ApiInterceptor - preHandle method is invoked /api/courses POST 1.689775014973E12
18929 [Test worker] INFO  c.s.p.interceptor.ApiInterceptor - postHandle method is invoked /api/courses POST 1.689775014982E12
18929 [Test worker] INFO  c.s.p.interceptor.ApiInterceptor - after completion is invoked Time took is 0.009 seconds.
18937 [Test worker] INFO  c.s.p.interceptor.ApiInterceptor - preHandle method is invoked /api/courses GET 1.68977501499E12
18939 [Test worker] INFO  c.s.p.interceptor.ApiInterceptor - after completion is invoked Time took is -0.008 seconds.
18949 [Test worker] INFO  c.s.p.interceptor.ApiInterceptor - preHandle method is invoked /api/courses/insertMany POST 1.689775015002E12
18953 [Test worker] INFO  c.s.p.interceptor.ApiInterceptor - after completion is invoked Time took is -0.02 seconds.
19015 [Test worker] INFO  c.s.p.c.EmployeeControllerTest - Starting EmployeeControllerTest using Java 17.0.7 with PID 9748 (started by ssama in C:\Users\ssama\Desktop\project\springproject - Copy)
19015 [Test worker] DEBUG c.s.p.c.EmployeeControllerTest - Running with Spring Boot v3.1.1, Spring v6.0.10
19016 [Test worker] INFO  c.s.p.c.EmployeeControllerTest - No active profile set, falling back to 1 default profile: "default"
20014 [Test worker] INFO  c.s.p.c.EmployeeControllerTest - Started EmployeeControllerTest in 1.04 seconds (process running for 21.883)
20023 [Test worker] INFO  c.s.p.interceptor.ApiInterceptor - preHandle method is invoked /api/employee/15 GET 1.689775016076E12
20048 [Test worker] INFO  c.s.p.interceptor.ApiInterceptor - preHandle method is invoked /api/employee/department GET 1.689775016101E12
20073 [Test worker] INFO  c.s.p.interceptor.ApiInterceptor - postHandle method is invoked /api/employee/department GET 1.689775016126E12
20074 [Test worker] INFO  c.s.p.interceptor.ApiInterceptor - after completion is invoked Time took is 0.025 seconds.
20081 [Test worker] INFO  c.s.p.interceptor.ApiInterceptor - preHandle method is invoked /api/employee/maxSalary GET 1.689775016134E12
20083 [Test worker] INFO  c.s.p.interceptor.ApiInterceptor - postHandle method is invoked /api/employee/maxSalary GET 1.689775016136E12
20084 [Test worker] INFO  c.s.p.interceptor.ApiInterceptor - after completion is invoked Time took is 0.002 seconds.
20124 [Test worker] INFO  c.s.p.interceptor.ApiInterceptor - preHandle method is invoked /api/employee/updateSalaryById PUT 1.689775016177E12
20130 [Test worker] INFO  c.s.p.interceptor.ApiInterceptor - postHandle method is invoked /api/employee/updateSalaryById PUT 1.689775016183E12
20131 [Test worker] INFO  c.s.p.interceptor.ApiInterceptor - after completion is invoked Time took is 0.006 seconds.
20139 [Test worker] INFO  c.s.p.interceptor.ApiInterceptor - preHandle method is invoked /api/employee/findAll GET 1.689775016192E12
20143 [Test worker] INFO  c.s.p.interceptor.ApiInterceptor - postHandle method is invoked /api/employee/findAll GET 1.689775016196E12
20144 [Test worker] INFO  c.s.p.interceptor.ApiInterceptor - after completion is invoked Time took is 0.004 seconds.
20150 [Test worker] INFO  c.s.p.interceptor.ApiInterceptor - preHandle method is invoked /api/employee/course GET 1.689775016203E12
20152 [Test worker] INFO  c.s.p.interceptor.ApiInterceptor - postHandle method is invoked /api/employee/course GET 1.689775016205E12
20152 [Test worker] INFO  c.s.p.interceptor.ApiInterceptor - after completion is invoked Time took is 0.002 seconds.
20162 [Test worker] INFO  c.s.p.interceptor.ApiInterceptor - preHandle method is invoked /api/employee POST 1.689775016215E12
20170 [Test worker] INFO  c.s.p.interceptor.ApiInterceptor - postHandle method is invoked /api/employee POST 1.689775016223E12
20171 [Test worker] INFO  c.s.p.interceptor.ApiInterceptor - after completion is invoked Time took is 0.008 seconds.
20178 [Test worker] INFO  c.s.p.interceptor.ApiInterceptor - preHandle method is invoked /api/employee GET 1.689775016231E12
20182 [Test worker] INFO  c.s.p.interceptor.ApiInterceptor - after completion is invoked Time took is -0.008 seconds.
20190 [Test worker] INFO  c.s.p.interceptor.ApiInterceptor - preHandle method is invoked /api/employee PUT 1.689775016243E12
20194 [Test worker] INFO  c.s.p.interceptor.ApiInterceptor - after completion is invoked Time took is -0.02 seconds.
20202 [Test worker] INFO  c.s.p.interceptor.ApiInterceptor - preHandle method is invoked /api/employee GET 1.689775016255E12
20237 [Test worker] INFO  c.s.p.interceptor.ApiInterceptor - after completion is invoked Time took is -0.032 seconds.
20246 [Test worker] INFO  c.s.p.interceptor.ApiInterceptor - preHandle method is invoked /api/employee/1 DELETE 1.689775016299E12
20249 [Test worker] INFO  c.s.p.interceptor.ApiInterceptor - postHandle method is invoked /api/employee/1 DELETE 1.689775016302E12
20249 [Test worker] INFO  c.s.p.interceptor.ApiInterceptor - after completion is invoked Time took is 0.003 seconds.
20258 [Test worker] INFO  c.s.p.interceptor.ApiInterceptor - preHandle method is invoked /api/employee/department/maxSalary GET 1.689775016311E12
20261 [Test worker] INFO  c.s.p.interceptor.ApiInterceptor - after completion is invoked Time took is -0.009 seconds.
20270 [Test worker] INFO  c.s.p.interceptor.ApiInterceptor - preHandle method is invoked /api/employee/maxSalary GET 1.689775016323E12
20272 [Test worker] INFO  c.s.p.interceptor.ApiInterceptor - after completion is invoked Time took is -0.021 seconds.
20278 [Test worker] INFO  c.s.p.interceptor.ApiInterceptor - preHandle method is invoked /api/employee PUT 1.689775016331E12
20280 [Test worker] INFO  c.s.p.interceptor.ApiInterceptor - postHandle method is invoked /api/employee PUT 1.689775016333E12
20280 [Test worker] INFO  c.s.p.interceptor.ApiInterceptor - after completion is invoked Time took is 0.002 seconds.
20286 [Test worker] INFO  c.s.p.interceptor.ApiInterceptor - preHandle method is invoked /api/employee/insertAll POST 1.689775016339E12
20294 [Test worker] INFO  c.s.p.interceptor.ApiInterceptor - postHandle method is invoked /api/employee/insertAll POST 1.689775016347E12
20295 [Test worker] INFO  c.s.p.interceptor.ApiInterceptor - after completion is invoked Time took is 0.008 seconds.
20303 [Test worker] INFO  c.s.p.interceptor.ApiInterceptor - preHandle method is invoked /api/employee/1 DELETE 1.689775016356E12
20306 [Test worker] INFO  c.s.p.interceptor.ApiInterceptor - after completion is invoked Time took is -0.009 seconds.
20314 [Test worker] INFO  c.s.p.interceptor.ApiInterceptor - preHandle method is invoked /api/employee/1 GET 1.689775016367E12
20319 [Test worker] INFO  c.s.p.interceptor.ApiInterceptor - postHandle method is invoked /api/employee/1 GET 1.689775016372E12
20319 [Test worker] INFO  c.s.p.interceptor.ApiInterceptor - after completion is invoked Time took is 0.005 seconds.
20325 [Test worker] INFO  c.s.p.interceptor.ApiInterceptor - preHandle method is invoked /api/employee/department GET 1.689775016378E12
20328 [Test worker] INFO  c.s.p.interceptor.ApiInterceptor - after completion is invoked Time took is -0.006 seconds.
20335 [Test worker] INFO  c.s.p.interceptor.ApiInterceptor - preHandle method is invoked /api/employee/0 GET 1.689775016388E12
20337 [Test worker] INFO  c.s.p.interceptor.ApiInterceptor - after completion is invoked Time took is -0.016 seconds.
20345 [Test worker] INFO  c.s.p.interceptor.ApiInterceptor - preHandle method is invoked /api/employee/findAll GET 1.689775016398E12
20348 [Test worker] INFO  c.s.p.interceptor.ApiInterceptor - after completion is invoked Time took is -0.026 seconds.
20355 [Test worker] INFO  c.s.p.interceptor.ApiInterceptor - preHandle method is invoked /api/employee/course GET 1.689775016408E12
20357 [Test worker] INFO  c.s.p.interceptor.ApiInterceptor - after completion is invoked Time took is -0.036 seconds.
20365 [Test worker] INFO  c.s.p.interceptor.ApiInterceptor - preHandle method is invoked /api/employee/updateSalaryById PUT 1.689775016418E12
20368 [Test worker] INFO  c.s.p.interceptor.ApiInterceptor - after completion is invoked Time took is -0.046 seconds.
20375 [Test worker] INFO  c.s.p.interceptor.ApiInterceptor - preHandle method is invoked /api/employee/department/maxSalary GET 1.689775016428E12
20377 [Test worker] INFO  c.s.p.interceptor.ApiInterceptor - postHandle method is invoked /api/employee/department/maxSalary GET 1.68977501643E12
20378 [Test worker] INFO  c.s.p.interceptor.ApiInterceptor - after completion is invoked Time took is 0.002 seconds.
20383 [Test worker] INFO  c.s.p.interceptor.ApiInterceptor - preHandle method is invoked /api/employee GET 1.689775016436E12
20385 [Test worker] INFO  c.s.p.interceptor.ApiInterceptor - postHandle method is invoked /api/employee GET 1.689775016438E12
20385 [Test worker] INFO  c.s.p.interceptor.ApiInterceptor - after completion is invoked Time took is 0.002 seconds.
20428 [Test worker] INFO  c.s.p.service.AddressServiceTest - Starting AddressServiceTest using Java 17.0.7 with PID 9748 (started by ssama in C:\Users\ssama\Desktop\project\springproject - Copy)
20429 [Test worker] DEBUG c.s.p.service.AddressServiceTest - Running with Spring Boot v3.1.1, Spring v6.0.10
20429 [Test worker] INFO  c.s.p.service.AddressServiceTest - No active profile set, falling back to 1 default profile: "default"
21394 [Test worker] INFO  c.s.p.service.AddressServiceTest - Started AddressServiceTest in 0.995 seconds (process running for 23.263)
21456 [Test worker] INFO  c.s.p.service.EmployeeServiceTest - Starting EmployeeServiceTest using Java 17.0.7 with PID 9748 (started by ssama in C:\Users\ssama\Desktop\project\springproject - Copy)
21456 [Test worker] DEBUG c.s.p.service.EmployeeServiceTest - Running with Spring Boot v3.1.1, Spring v6.0.10
21457 [Test worker] INFO  c.s.p.service.EmployeeServiceTest - No active profile set, falling back to 1 default profile: "default"
22470 [Test worker] INFO  c.s.p.service.EmployeeServiceTest - Started EmployeeServiceTest in 1.04 seconds (process running for 24.338)
22519 [Test worker] INFO  c.s.p.service.EmployeeServiceImpl - Course already exists !
22520 [Test worker] INFO  c.s.p.service.EmployeeServiceImpl - Course already exists !
22572 [Test worker] INFO  c.s.p.service.EmployeeServiceImpl - Course already exists !
22573 [Test worker] INFO  c.s.p.service.EmployeeServiceImpl - Course already exists !
22604 [Test worker] ERROR c.s.p.service.EmployeeServiceImpl - Employee with id : 0  does not exist ! 
22664 [Test worker] ERROR c.s.p.service.EmployeeServiceImpl - Employee with lastname sujith is not inserted
10877 [Test worker] INFO  c.sujith.project.ProjectApplication - Starting ProjectApplication using Java 17.0.7 with PID 24480 (started by ssama in C:\Users\ssama\Desktop\project\springproject - Copy)
10878 [Test worker] DEBUG c.sujith.project.ProjectApplication - Running with Spring Boot v3.1.1, Spring v6.0.10
10880 [Test worker] INFO  c.sujith.project.ProjectApplication - No active profile set, falling back to 1 default profile: "default"
12595 [Test worker] INFO  c.sujith.project.ProjectApplication - Started ProjectApplication in 1.747 seconds (process running for 15.186)
12721 [Test worker] INFO  c.s.p.c.AddressControllerTest - Starting AddressControllerTest using Java 17.0.7 with PID 24480 (started by ssama in C:\Users\ssama\Desktop\project\springproject - Copy)
12721 [Test worker] DEBUG c.s.p.c.AddressControllerTest - Running with Spring Boot v3.1.1, Spring v6.0.10
12722 [Test worker] INFO  c.s.p.c.AddressControllerTest - No active profile set, falling back to 1 default profile: "default"
14601 [Test worker] INFO  c.s.p.c.AddressControllerTest - Started AddressControllerTest in 1.92 seconds (process running for 17.194)
14793 [Test worker] INFO  c.s.p.interceptor.ApiInterceptor - preHandle method is invoked /api/address GET 1.689775157801E12
15146 [Test worker] INFO  c.s.p.interceptor.ApiInterceptor - postHandle method is invoked /api/address GET 1.689775158154E12
15151 [Test worker] INFO  c.s.p.interceptor.ApiInterceptor - after completion is invoked Time took is 0.353 seconds.
15190 [Test worker] INFO  c.s.p.interceptor.ApiInterceptor - preHandle method is invoked /api/address GET 1.689775158198E12
15217 [Test worker] INFO  c.s.p.interceptor.ApiInterceptor - after completion is invoked Time took is -0.044 seconds.
15384 [Test worker] INFO  c.s.p.c.CourseControllerTest - Starting CourseControllerTest using Java 17.0.7 with PID 24480 (started by ssama in C:\Users\ssama\Desktop\project\springproject - Copy)
15385 [Test worker] DEBUG c.s.p.c.CourseControllerTest - Running with Spring Boot v3.1.1, Spring v6.0.10
15385 [Test worker] INFO  c.s.p.c.CourseControllerTest - No active profile set, falling back to 1 default profile: "default"
16571 [Test worker] INFO  c.s.p.c.CourseControllerTest - Started CourseControllerTest in 1.228 seconds (process running for 19.163)
16579 [Test worker] INFO  c.s.p.interceptor.ApiInterceptor - preHandle method is invoked /api/courses GET 1.689775159587E12
16585 [Test worker] INFO  c.s.p.interceptor.ApiInterceptor - postHandle method is invoked /api/courses GET 1.689775159593E12
16585 [Test worker] INFO  c.s.p.interceptor.ApiInterceptor - after completion is invoked Time took is 0.006 seconds.
16595 [Test worker] INFO  c.s.p.interceptor.ApiInterceptor - preHandle method is invoked /api/courses/insertMany POST 1.689775159603E12
16708 [Test worker] INFO  c.s.p.interceptor.ApiInterceptor - postHandle method is invoked /api/courses/insertMany POST 1.689775159716E12
16709 [Test worker] INFO  c.s.p.interceptor.ApiInterceptor - after completion is invoked Time took is 0.113 seconds.
16720 [Test worker] INFO  c.s.p.interceptor.ApiInterceptor - preHandle method is invoked /api/courses POST 1.689775159728E12
16730 [Test worker] INFO  c.s.p.interceptor.ApiInterceptor - after completion is invoked Time took is -0.012 seconds.
16745 [Test worker] INFO  c.s.p.interceptor.ApiInterceptor - preHandle method is invoked /api/courses POST 1.689775159753E12
16752 [Test worker] INFO  c.s.p.interceptor.ApiInterceptor - postHandle method is invoked /api/courses POST 1.68977515976E12
16752 [Test worker] INFO  c.s.p.interceptor.ApiInterceptor - after completion is invoked Time took is 0.007 seconds.
16760 [Test worker] INFO  c.s.p.interceptor.ApiInterceptor - preHandle method is invoked /api/courses GET 1.689775159768E12
16762 [Test worker] INFO  c.s.p.interceptor.ApiInterceptor - after completion is invoked Time took is -0.008 seconds.
16774 [Test worker] INFO  c.s.p.interceptor.ApiInterceptor - preHandle method is invoked /api/courses/insertMany POST 1.689775159782E12
16779 [Test worker] INFO  c.s.p.interceptor.ApiInterceptor - after completion is invoked Time took is -0.022 seconds.
16834 [Test worker] INFO  c.s.p.c.EmployeeControllerTest - Starting EmployeeControllerTest using Java 17.0.7 with PID 24480 (started by ssama in C:\Users\ssama\Desktop\project\springproject - Copy)
16834 [Test worker] DEBUG c.s.p.c.EmployeeControllerTest - Running with Spring Boot v3.1.1, Spring v6.0.10
16835 [Test worker] INFO  c.s.p.c.EmployeeControllerTest - No active profile set, falling back to 1 default profile: "default"
18000 [Test worker] INFO  c.s.p.c.EmployeeControllerTest - Started EmployeeControllerTest in 1.201 seconds (process running for 20.593)
18011 [Test worker] INFO  c.s.p.interceptor.ApiInterceptor - preHandle method is invoked /api/employee/15 GET 1.689775161019E12
18034 [Test worker] INFO  c.s.p.interceptor.ApiInterceptor - preHandle method is invoked /api/employee/department GET 1.689775161042E12
18055 [Test worker] INFO  c.s.p.interceptor.ApiInterceptor - postHandle method is invoked /api/employee/department GET 1.689775161063E12
18056 [Test worker] INFO  c.s.p.interceptor.ApiInterceptor - after completion is invoked Time took is 0.021 seconds.
18062 [Test worker] INFO  c.s.p.interceptor.ApiInterceptor - preHandle method is invoked /api/employee/maxSalary GET 1.68977516107E12
18065 [Test worker] INFO  c.s.p.interceptor.ApiInterceptor - postHandle method is invoked /api/employee/maxSalary GET 1.689775161073E12
18065 [Test worker] INFO  c.s.p.interceptor.ApiInterceptor - after completion is invoked Time took is 0.003 seconds.
18088 [Test worker] INFO  c.s.p.interceptor.ApiInterceptor - preHandle method is invoked /api/employee/updateSalaryById PUT 1.689775161096E12
18093 [Test worker] INFO  c.s.p.interceptor.ApiInterceptor - postHandle method is invoked /api/employee/updateSalaryById PUT 1.689775161101E12
18094 [Test worker] INFO  c.s.p.interceptor.ApiInterceptor - after completion is invoked Time took is 0.005 seconds.
18103 [Test worker] INFO  c.s.p.interceptor.ApiInterceptor - preHandle method is invoked /api/employee/findAll GET 1.689775161111E12
18105 [Test worker] INFO  c.s.p.interceptor.ApiInterceptor - postHandle method is invoked /api/employee/findAll GET 1.689775161113E12
18105 [Test worker] INFO  c.s.p.interceptor.ApiInterceptor - after completion is invoked Time took is 0.002 seconds.
18116 [Test worker] INFO  c.s.p.interceptor.ApiInterceptor - preHandle method is invoked /api/employee/course GET 1.689775161124E12
18119 [Test worker] INFO  c.s.p.interceptor.ApiInterceptor - postHandle method is invoked /api/employee/course GET 1.689775161127E12
18120 [Test worker] INFO  c.s.p.interceptor.ApiInterceptor - after completion is invoked Time took is 0.003 seconds.
18128 [Test worker] INFO  c.s.p.interceptor.ApiInterceptor - preHandle method is invoked /api/employee POST 1.689775161136E12
18136 [Test worker] INFO  c.s.p.interceptor.ApiInterceptor - postHandle method is invoked /api/employee POST 1.689775161144E12
18137 [Test worker] INFO  c.s.p.interceptor.ApiInterceptor - after completion is invoked Time took is 0.008 seconds.
18146 [Test worker] INFO  c.s.p.interceptor.ApiInterceptor - preHandle method is invoked /api/employee GET 1.689775161154E12
18150 [Test worker] INFO  c.s.p.interceptor.ApiInterceptor - after completion is invoked Time took is -0.01 seconds.
18158 [Test worker] INFO  c.s.p.interceptor.ApiInterceptor - preHandle method is invoked /api/employee PUT 1.689775161166E12
18159 [Test worker] INFO  c.s.p.interceptor.ApiInterceptor - after completion is invoked Time took is -0.022 seconds.
18166 [Test worker] INFO  c.s.p.interceptor.ApiInterceptor - preHandle method is invoked /api/employee GET 1.689775161174E12
18196 [Test worker] INFO  c.s.p.interceptor.ApiInterceptor - after completion is invoked Time took is -0.03 seconds.
18202 [Test worker] INFO  c.s.p.interceptor.ApiInterceptor - preHandle method is invoked /api/employee/1 DELETE 1.68977516121E12
18204 [Test worker] INFO  c.s.p.interceptor.ApiInterceptor - postHandle method is invoked /api/employee/1 DELETE 1.689775161212E12
18204 [Test worker] INFO  c.s.p.interceptor.ApiInterceptor - after completion is invoked Time took is 0.002 seconds.
18210 [Test worker] INFO  c.s.p.interceptor.ApiInterceptor - preHandle method is invoked /api/employee/department/maxSalary GET 1.689775161218E12
18212 [Test worker] INFO  c.s.p.interceptor.ApiInterceptor - after completion is invoked Time took is -0.006 seconds.
18219 [Test worker] INFO  c.s.p.interceptor.ApiInterceptor - preHandle method is invoked /api/employee/maxSalary GET 1.689775161227E12
18222 [Test worker] INFO  c.s.p.interceptor.ApiInterceptor - after completion is invoked Time took is -0.015 seconds.
18229 [Test worker] INFO  c.s.p.interceptor.ApiInterceptor - preHandle method is invoked /api/employee PUT 1.689775161237E12
18231 [Test worker] INFO  c.s.p.interceptor.ApiInterceptor - postHandle method is invoked /api/employee PUT 1.689775161239E12
18232 [Test worker] INFO  c.s.p.interceptor.ApiInterceptor - after completion is invoked Time took is 0.002 seconds.
18238 [Test worker] INFO  c.s.p.interceptor.ApiInterceptor - preHandle method is invoked /api/employee/insertAll POST 1.689775161246E12
18242 [Test worker] INFO  c.s.p.interceptor.ApiInterceptor - postHandle method is invoked /api/employee/insertAll POST 1.68977516125E12
18243 [Test worker] INFO  c.s.p.interceptor.ApiInterceptor - after completion is invoked Time took is 0.004 seconds.
18251 [Test worker] INFO  c.s.p.interceptor.ApiInterceptor - preHandle method is invoked /api/employee/1 DELETE 1.689775161259E12
18254 [Test worker] INFO  c.s.p.interceptor.ApiInterceptor - after completion is invoked Time took is -0.009 seconds.
18260 [Test worker] INFO  c.s.p.interceptor.ApiInterceptor - preHandle method is invoked /api/employee/1 GET 1.689775161268E12
18265 [Test worker] INFO  c.s.p.interceptor.ApiInterceptor - postHandle method is invoked /api/employee/1 GET 1.689775161273E12
18265 [Test worker] INFO  c.s.p.interceptor.ApiInterceptor - after completion is invoked Time took is 0.005 seconds.
18272 [Test worker] INFO  c.s.p.interceptor.ApiInterceptor - preHandle method is invoked /api/employee/department GET 1.68977516128E12
18274 [Test worker] INFO  c.s.p.interceptor.ApiInterceptor - after completion is invoked Time took is -0.007 seconds.
18282 [Test worker] INFO  c.s.p.interceptor.ApiInterceptor - preHandle method is invoked /api/employee/0 GET 1.68977516129E12
18284 [Test worker] INFO  c.s.p.interceptor.ApiInterceptor - after completion is invoked Time took is -0.017 seconds.
18290 [Test worker] INFO  c.s.p.interceptor.ApiInterceptor - preHandle method is invoked /api/employee/findAll GET 1.689775161298E12
18293 [Test worker] INFO  c.s.p.interceptor.ApiInterceptor - after completion is invoked Time took is -0.025 seconds.
18300 [Test worker] INFO  c.s.p.interceptor.ApiInterceptor - preHandle method is invoked /api/employee/course GET 1.689775161308E12
18303 [Test worker] INFO  c.s.p.interceptor.ApiInterceptor - after completion is invoked Time took is -0.035 seconds.
18309 [Test worker] INFO  c.s.p.interceptor.ApiInterceptor - preHandle method is invoked /api/employee/updateSalaryById PUT 1.689775161317E12
18311 [Test worker] INFO  c.s.p.interceptor.ApiInterceptor - after completion is invoked Time took is -0.044 seconds.
18317 [Test worker] INFO  c.s.p.interceptor.ApiInterceptor - preHandle method is invoked /api/employee/department/maxSalary GET 1.689775161325E12
18318 [Test worker] INFO  c.s.p.interceptor.ApiInterceptor - postHandle method is invoked /api/employee/department/maxSalary GET 1.689775161326E12
18319 [Test worker] INFO  c.s.p.interceptor.ApiInterceptor - after completion is invoked Time took is 0.001 seconds.
18326 [Test worker] INFO  c.s.p.interceptor.ApiInterceptor - preHandle method is invoked /api/employee GET 1.689775161334E12
18327 [Test worker] INFO  c.s.p.interceptor.ApiInterceptor - postHandle method is invoked /api/employee GET 1.689775161335E12
18328 [Test worker] INFO  c.s.p.interceptor.ApiInterceptor - after completion is invoked Time took is 0.001 seconds.
18393 [Test worker] INFO  c.s.p.service.AddressServiceTest - Starting AddressServiceTest using Java 17.0.7 with PID 24480 (started by ssama in C:\Users\ssama\Desktop\project\springproject - Copy)
18394 [Test worker] DEBUG c.s.p.service.AddressServiceTest - Running with Spring Boot v3.1.1, Spring v6.0.10
18394 [Test worker] INFO  c.s.p.service.AddressServiceTest - No active profile set, falling back to 1 default profile: "default"
19413 [Test worker] INFO  c.s.p.service.AddressServiceTest - Started AddressServiceTest in 1.054 seconds (process running for 22.006)
19502 [Test worker] INFO  c.s.p.service.CourseServiceTest - Starting CourseServiceTest using Java 17.0.7 with PID 24480 (started by ssama in C:\Users\ssama\Desktop\project\springproject - Copy)
19502 [Test worker] DEBUG c.s.p.service.CourseServiceTest - Running with Spring Boot v3.1.1, Spring v6.0.10
19502 [Test worker] INFO  c.s.p.service.CourseServiceTest - No active profile set, falling back to 1 default profile: "default"
20351 [Test worker] INFO  c.s.p.service.CourseServiceTest - Started CourseServiceTest in 0.876 seconds (process running for 22.943)
20452 [Test worker] INFO  c.s.p.service.EmployeeServiceTest - Starting EmployeeServiceTest using Java 17.0.7 with PID 24480 (started by ssama in C:\Users\ssama\Desktop\project\springproject - Copy)
20452 [Test worker] DEBUG c.s.p.service.EmployeeServiceTest - Running with Spring Boot v3.1.1, Spring v6.0.10
20452 [Test worker] INFO  c.s.p.service.EmployeeServiceTest - No active profile set, falling back to 1 default profile: "default"
21241 [Test worker] INFO  c.s.p.service.EmployeeServiceTest - Started EmployeeServiceTest in 0.82 seconds (process running for 23.834)
21280 [Test worker] INFO  c.s.p.service.EmployeeServiceImpl - Course already exists !
21281 [Test worker] INFO  c.s.p.service.EmployeeServiceImpl - Course already exists !
21312 [Test worker] INFO  c.s.p.service.EmployeeServiceImpl - Course already exists !
21313 [Test worker] INFO  c.s.p.service.EmployeeServiceImpl - Course already exists !
21333 [Test worker] ERROR c.s.p.service.EmployeeServiceImpl - Employee with id : 0  does not exist ! 
1965 [Test worker] INFO  c.s.p.c.CourseControllerTest - Starting CourseControllerTest using Java 17.0.7 with PID 1464 (started by ssama in C:\Users\ssama\Desktop\project\springproject - Copy)
1967 [Test worker] DEBUG c.s.p.c.CourseControllerTest - Running with Spring Boot v3.1.1, Spring v6.0.10
1971 [Test worker] INFO  c.s.p.c.CourseControllerTest - No active profile set, falling back to 1 default profile: "default"
11669 [Test worker] INFO  c.s.p.c.CourseControllerTest - Started CourseControllerTest in 10.336 seconds (process running for 13.255)
11825 [Test worker] INFO  c.s.p.interceptor.ApiInterceptor - preHandle method is invoked /api/courses GET 1.68977520678E12
12037 [Test worker] INFO  c.s.p.interceptor.ApiInterceptor - postHandle method is invoked /api/courses GET 1.689775206992E12
12041 [Test worker] INFO  c.s.p.interceptor.ApiInterceptor - after completion is invoked Time took is 0.212 seconds.
12077 [Test worker] INFO  c.s.p.interceptor.ApiInterceptor - preHandle method is invoked /api/courses/insertMany POST 1.689775207032E12
12148 [Test worker] INFO  c.s.p.interceptor.ApiInterceptor - postHandle method is invoked /api/courses/insertMany POST 1.689775207103E12
12149 [Test worker] INFO  c.s.p.interceptor.ApiInterceptor - after completion is invoked Time took is 0.071 seconds.
12168 [Test worker] INFO  c.s.p.interceptor.ApiInterceptor - preHandle method is invoked /api/courses POST 1.689775207123E12
12206 [Test worker] INFO  c.s.p.interceptor.ApiInterceptor - after completion is invoked Time took is -0.02 seconds.
12217 [Test worker] INFO  c.s.p.interceptor.ApiInterceptor - preHandle method is invoked /api/courses POST 1.689775207172E12
12222 [Test worker] INFO  c.s.p.interceptor.ApiInterceptor - postHandle method is invoked /api/courses POST 1.689775207177E12
12223 [Test worker] INFO  c.s.p.interceptor.ApiInterceptor - after completion is invoked Time took is 0.005 seconds.
12231 [Test worker] INFO  c.s.p.interceptor.ApiInterceptor - preHandle method is invoked /api/courses GET 1.689775207186E12
12234 [Test worker] INFO  c.s.p.interceptor.ApiInterceptor - after completion is invoked Time took is -0.009 seconds.
12310 [Test worker] INFO  c.s.p.interceptor.ApiInterceptor - preHandle method is invoked /api/courses/insertMany POST 1.689775207265E12
12314 [Test worker] INFO  c.s.p.interceptor.ApiInterceptor - after completion is invoked Time took is -0.088 seconds.
12377 [Test worker] INFO  c.s.p.c.EmployeeControllerTest - Starting EmployeeControllerTest using Java 17.0.7 with PID 1464 (started by ssama in C:\Users\ssama\Desktop\project\springproject - Copy)
12378 [Test worker] DEBUG c.s.p.c.EmployeeControllerTest - Running with Spring Boot v3.1.1, Spring v6.0.10
12378 [Test worker] INFO  c.s.p.c.EmployeeControllerTest - No active profile set, falling back to 1 default profile: "default"
13548 [Test worker] INFO  c.s.p.c.EmployeeControllerTest - Started EmployeeControllerTest in 1.212 seconds (process running for 15.134)
13557 [Test worker] INFO  c.s.p.interceptor.ApiInterceptor - preHandle method is invoked /api/employee/15 GET 1.689775208512E12
13577 [Test worker] INFO  c.s.p.interceptor.ApiInterceptor - preHandle method is invoked /api/employee/department GET 1.689775208532E12
13595 [Test worker] INFO  c.s.p.interceptor.ApiInterceptor - postHandle method is invoked /api/employee/department GET 1.68977520855E12
13596 [Test worker] INFO  c.s.p.interceptor.ApiInterceptor - after completion is invoked Time took is 0.018 seconds.
13604 [Test worker] INFO  c.s.p.interceptor.ApiInterceptor - preHandle method is invoked /api/employee/maxSalary GET 1.689775208559E12
13607 [Test worker] INFO  c.s.p.interceptor.ApiInterceptor - postHandle method is invoked /api/employee/maxSalary GET 1.689775208562E12
13608 [Test worker] INFO  c.s.p.interceptor.ApiInterceptor - after completion is invoked Time took is 0.003 seconds.
13631 [Test worker] INFO  c.s.p.interceptor.ApiInterceptor - preHandle method is invoked /api/employee/updateSalaryById PUT 1.689775208585E12
13636 [Test worker] INFO  c.s.p.interceptor.ApiInterceptor - postHandle method is invoked /api/employee/updateSalaryById PUT 1.689775208591E12
13636 [Test worker] INFO  c.s.p.interceptor.ApiInterceptor - after completion is invoked Time took is 0.006 seconds.
13644 [Test worker] INFO  c.s.p.interceptor.ApiInterceptor - preHandle method is invoked /api/employee/findAll GET 1.689775208599E12
13646 [Test worker] INFO  c.s.p.interceptor.ApiInterceptor - postHandle method is invoked /api/employee/findAll GET 1.689775208601E12
13646 [Test worker] INFO  c.s.p.interceptor.ApiInterceptor - after completion is invoked Time took is 0.002 seconds.
13653 [Test worker] INFO  c.s.p.interceptor.ApiInterceptor - preHandle method is invoked /api/employee/course GET 1.689775208608E12
13656 [Test worker] INFO  c.s.p.interceptor.ApiInterceptor - postHandle method is invoked /api/employee/course GET 1.689775208611E12
13657 [Test worker] INFO  c.s.p.interceptor.ApiInterceptor - after completion is invoked Time took is 0.003 seconds.
13666 [Test worker] INFO  c.s.p.interceptor.ApiInterceptor - preHandle method is invoked /api/employee POST 1.689775208621E12
13673 [Test worker] INFO  c.s.p.interceptor.ApiInterceptor - postHandle method is invoked /api/employee POST 1.689775208628E12
13674 [Test worker] INFO  c.s.p.interceptor.ApiInterceptor - after completion is invoked Time took is 0.007 seconds.
13682 [Test worker] INFO  c.s.p.interceptor.ApiInterceptor - preHandle method is invoked /api/employee GET 1.689775208637E12
13684 [Test worker] INFO  c.s.p.interceptor.ApiInterceptor - after completion is invoked Time took is -0.009 seconds.
13690 [Test worker] INFO  c.s.p.interceptor.ApiInterceptor - preHandle method is invoked /api/employee PUT 1.689775208645E12
13694 [Test worker] INFO  c.s.p.interceptor.ApiInterceptor - after completion is invoked Time took is -0.017 seconds.
13702 [Test worker] INFO  c.s.p.interceptor.ApiInterceptor - preHandle method is invoked /api/employee GET 1.689775208657E12
13732 [Test worker] INFO  c.s.p.interceptor.ApiInterceptor - after completion is invoked Time took is -0.029 seconds.
13741 [Test worker] INFO  c.s.p.interceptor.ApiInterceptor - preHandle method is invoked /api/employee/1 DELETE 1.689775208696E12
13744 [Test worker] INFO  c.s.p.interceptor.ApiInterceptor - postHandle method is invoked /api/employee/1 DELETE 1.689775208699E12
13745 [Test worker] INFO  c.s.p.interceptor.ApiInterceptor - after completion is invoked Time took is 0.003 seconds.
13754 [Test worker] INFO  c.s.p.interceptor.ApiInterceptor - preHandle method is invoked /api/employee/department/maxSalary GET 1.689775208709E12
13760 [Test worker] INFO  c.s.p.interceptor.ApiInterceptor - after completion is invoked Time took is -0.01 seconds.
13767 [Test worker] INFO  c.s.p.interceptor.ApiInterceptor - preHandle method is invoked /api/employee/maxSalary GET 1.689775208722E12
13770 [Test worker] INFO  c.s.p.interceptor.ApiInterceptor - after completion is invoked Time took is -0.023 seconds.
13782 [Test worker] INFO  c.s.p.interceptor.ApiInterceptor - preHandle method is invoked /api/employee PUT 1.689775208737E12
13784 [Test worker] INFO  c.s.p.interceptor.ApiInterceptor - postHandle method is invoked /api/employee PUT 1.689775208739E12
13785 [Test worker] INFO  c.s.p.interceptor.ApiInterceptor - after completion is invoked Time took is 0.002 seconds.
13793 [Test worker] INFO  c.s.p.interceptor.ApiInterceptor - preHandle method is invoked /api/employee/insertAll POST 1.689775208748E12
13798 [Test worker] INFO  c.s.p.interceptor.ApiInterceptor - postHandle method is invoked /api/employee/insertAll POST 1.689775208753E12
13800 [Test worker] INFO  c.s.p.interceptor.ApiInterceptor - after completion is invoked Time took is 0.005 seconds.
13807 [Test worker] INFO  c.s.p.interceptor.ApiInterceptor - preHandle method is invoked /api/employee/1 DELETE 1.689775208762E12
13810 [Test worker] INFO  c.s.p.interceptor.ApiInterceptor - after completion is invoked Time took is -0.009 seconds.
13818 [Test worker] INFO  c.s.p.interceptor.ApiInterceptor - preHandle method is invoked /api/employee/1 GET 1.689775208773E12
13824 [Test worker] INFO  c.s.p.interceptor.ApiInterceptor - postHandle method is invoked /api/employee/1 GET 1.689775208779E12
13830 [Test worker] INFO  c.s.p.interceptor.ApiInterceptor - after completion is invoked Time took is 0.006 seconds.
13836 [Test worker] INFO  c.s.p.interceptor.ApiInterceptor - preHandle method is invoked /api/employee/department GET 1.689775208791E12
13838 [Test worker] INFO  c.s.p.interceptor.ApiInterceptor - after completion is invoked Time took is -0.012 seconds.
13844 [Test worker] INFO  c.s.p.interceptor.ApiInterceptor - preHandle method is invoked /api/employee/0 GET 1.689775208799E12
13846 [Test worker] INFO  c.s.p.interceptor.ApiInterceptor - after completion is invoked Time took is -0.02 seconds.
13851 [Test worker] INFO  c.s.p.interceptor.ApiInterceptor - preHandle method is invoked /api/employee/findAll GET 1.689775208806E12
13853 [Test worker] INFO  c.s.p.interceptor.ApiInterceptor - after completion is invoked Time took is -0.027 seconds.
13860 [Test worker] INFO  c.s.p.interceptor.ApiInterceptor - preHandle method is invoked /api/employee/course GET 1.689775208815E12
13863 [Test worker] INFO  c.s.p.interceptor.ApiInterceptor - after completion is invoked Time took is -0.036 seconds.
13868 [Test worker] INFO  c.s.p.interceptor.ApiInterceptor - preHandle method is invoked /api/employee/updateSalaryById PUT 1.689775208823E12
13871 [Test worker] INFO  c.s.p.interceptor.ApiInterceptor - after completion is invoked Time took is -0.044 seconds.
13876 [Test worker] INFO  c.s.p.interceptor.ApiInterceptor - preHandle method is invoked /api/employee/department/maxSalary GET 1.689775208831E12
13877 [Test worker] INFO  c.s.p.interceptor.ApiInterceptor - postHandle method is invoked /api/employee/department/maxSalary GET 1.689775208832E12
13878 [Test worker] INFO  c.s.p.interceptor.ApiInterceptor - after completion is invoked Time took is 0.001 seconds.
13884 [Test worker] INFO  c.s.p.interceptor.ApiInterceptor - preHandle method is invoked /api/employee GET 1.689775208839E12
13886 [Test worker] INFO  c.s.p.interceptor.ApiInterceptor - postHandle method is invoked /api/employee GET 1.689775208841E12
13886 [Test worker] INFO  c.s.p.interceptor.ApiInterceptor - after completion is invoked Time took is 0.002 seconds.
13941 [Test worker] INFO  c.s.p.service.CourseServiceTest - Starting CourseServiceTest using Java 17.0.7 with PID 1464 (started by ssama in C:\Users\ssama\Desktop\project\springproject - Copy)
13942 [Test worker] DEBUG c.s.p.service.CourseServiceTest - Running with Spring Boot v3.1.1, Spring v6.0.10
13942 [Test worker] INFO  c.s.p.service.CourseServiceTest - No active profile set, falling back to 1 default profile: "default"
14924 [Test worker] INFO  c.s.p.service.CourseServiceTest - Started CourseServiceTest in 1.014 seconds (process running for 16.511)
14954 [Test worker] ERROR c.s.p.service.CourseServiceImpl - Invalid coursename
15915 [Test worker] INFO  c.sujith.project.ProjectApplication - Starting ProjectApplication using Java 17.0.7 with PID 1464 (started by ssama in C:\Users\ssama\Desktop\project\springproject - Copy)
15915 [Test worker] DEBUG c.sujith.project.ProjectApplication - Running with Spring Boot v3.1.1, Spring v6.0.10
15916 [Test worker] INFO  c.sujith.project.ProjectApplication - No active profile set, falling back to 1 default profile: "default"
17221 [Test worker] INFO  c.sujith.project.ProjectApplication - Started ProjectApplication in 1.343 seconds (process running for 18.808)
17259 [Test worker] INFO  c.s.p.c.AddressControllerTest - Starting AddressControllerTest using Java 17.0.7 with PID 1464 (started by ssama in C:\Users\ssama\Desktop\project\springproject - Copy)
17259 [Test worker] DEBUG c.s.p.c.AddressControllerTest - Running with Spring Boot v3.1.1, Spring v6.0.10
17259 [Test worker] INFO  c.s.p.c.AddressControllerTest - No active profile set, falling back to 1 default profile: "default"
18059 [Test worker] INFO  c.s.p.c.AddressControllerTest - Started AddressControllerTest in 0.826 seconds (process running for 19.646)
18066 [Test worker] INFO  c.s.p.interceptor.ApiInterceptor - preHandle method is invoked /api/address GET 1.689775213021E12
18070 [Test worker] INFO  c.s.p.interceptor.ApiInterceptor - postHandle method is invoked /api/address GET 1.689775213025E12
18070 [Test worker] INFO  c.s.p.interceptor.ApiInterceptor - after completion is invoked Time took is 0.004 seconds.
18075 [Test worker] INFO  c.s.p.interceptor.ApiInterceptor - preHandle method is invoked /api/address GET 1.68977521303E12
18081 [Test worker] INFO  c.s.p.interceptor.ApiInterceptor - after completion is invoked Time took is -0.005 seconds.
18118 [Test worker] INFO  c.s.p.service.AddressServiceTest - Starting AddressServiceTest using Java 17.0.7 with PID 1464 (started by ssama in C:\Users\ssama\Desktop\project\springproject - Copy)
18118 [Test worker] DEBUG c.s.p.service.AddressServiceTest - Running with Spring Boot v3.1.1, Spring v6.0.10
18118 [Test worker] INFO  c.s.p.service.AddressServiceTest - No active profile set, falling back to 1 default profile: "default"
18947 [Test worker] INFO  c.s.p.service.AddressServiceTest - Started AddressServiceTest in 0.855 seconds (process running for 20.533)
6902 [Test worker] INFO  c.sujith.project.ProjectApplication - Starting ProjectApplication using Java 17.0.7 with PID 27552 (started by ssama in C:\Users\ssama\Desktop\project\springproject - Copy)
6902 [Test worker] DEBUG c.sujith.project.ProjectApplication - Running with Spring Boot v3.1.1, Spring v6.0.10
6903 [Test worker] INFO  c.sujith.project.ProjectApplication - No active profile set, falling back to 1 default profile: "default"
8129 [Test worker] INFO  c.sujith.project.ProjectApplication - Started ProjectApplication in 1.263 seconds (process running for 9.475)
8215 [Test worker] INFO  c.s.p.c.AddressControllerTest - Starting AddressControllerTest using Java 17.0.7 with PID 27552 (started by ssama in C:\Users\ssama\Desktop\project\springproject - Copy)
8215 [Test worker] DEBUG c.s.p.c.AddressControllerTest - Running with Spring Boot v3.1.1, Spring v6.0.10
8216 [Test worker] INFO  c.s.p.c.AddressControllerTest - No active profile set, falling back to 1 default profile: "default"
10102 [Test worker] INFO  c.s.p.c.AddressControllerTest - Started AddressControllerTest in 1.929 seconds (process running for 11.448)
10339 [Test worker] INFO  c.s.p.interceptor.ApiInterceptor - preHandle method is invoked /api/address GET 1.689775254653E12
10714 [Test worker] INFO  c.s.p.interceptor.ApiInterceptor - postHandle method is invoked /api/address GET 1.689775255028E12
10719 [Test worker] INFO  c.s.p.interceptor.ApiInterceptor - after completion is invoked Time took is 0.375 seconds.
10760 [Test worker] INFO  c.s.p.interceptor.ApiInterceptor - preHandle method is invoked /api/address GET 1.689775255074E12
10790 [Test worker] INFO  c.s.p.interceptor.ApiInterceptor - after completion is invoked Time took is -0.046 seconds.
10983 [Test worker] INFO  c.s.p.c.CourseControllerTest - Starting CourseControllerTest using Java 17.0.7 with PID 27552 (started by ssama in C:\Users\ssama\Desktop\project\springproject - Copy)
10984 [Test worker] DEBUG c.s.p.c.CourseControllerTest - Running with Spring Boot v3.1.1, Spring v6.0.10
10985 [Test worker] INFO  c.s.p.c.CourseControllerTest - No active profile set, falling back to 1 default profile: "default"
12452 [Test worker] INFO  c.s.p.c.CourseControllerTest - Started CourseControllerTest in 1.517 seconds (process running for 13.798)
12464 [Test worker] INFO  c.s.p.interceptor.ApiInterceptor - preHandle method is invoked /api/courses GET 1.689775256778E12
12470 [Test worker] INFO  c.s.p.interceptor.ApiInterceptor - postHandle method is invoked /api/courses GET 1.689775256784E12
12470 [Test worker] INFO  c.s.p.interceptor.ApiInterceptor - after completion is invoked Time took is 0.006 seconds.
12482 [Test worker] INFO  c.s.p.interceptor.ApiInterceptor - preHandle method is invoked /api/courses/insertMany POST 1.689775256796E12
12621 [Test worker] INFO  c.s.p.interceptor.ApiInterceptor - postHandle method is invoked /api/courses/insertMany POST 1.689775256935E12
12622 [Test worker] INFO  c.s.p.interceptor.ApiInterceptor - after completion is invoked Time took is 0.139 seconds.
12631 [Test worker] INFO  c.s.p.interceptor.ApiInterceptor - preHandle method is invoked /api/courses POST 1.689775256944E12
12641 [Test worker] INFO  c.s.p.interceptor.ApiInterceptor - after completion is invoked Time took is -0.009 seconds.
12653 [Test worker] INFO  c.s.p.interceptor.ApiInterceptor - preHandle method is invoked /api/courses POST 1.689775256967E12
12660 [Test worker] INFO  c.s.p.interceptor.ApiInterceptor - postHandle method is invoked /api/courses POST 1.689775256974E12
12661 [Test worker] INFO  c.s.p.interceptor.ApiInterceptor - after completion is invoked Time took is 0.007 seconds.
12671 [Test worker] INFO  c.s.p.interceptor.ApiInterceptor - preHandle method is invoked /api/courses GET 1.689775256985E12
12674 [Test worker] INFO  c.s.p.interceptor.ApiInterceptor - after completion is invoked Time took is -0.011 seconds.
12687 [Test worker] INFO  c.s.p.interceptor.ApiInterceptor - preHandle method is invoked /api/courses/insertMany POST 1.689775257001E12
12691 [Test worker] INFO  c.s.p.interceptor.ApiInterceptor - after completion is invoked Time took is -0.027 seconds.
12759 [Test worker] INFO  c.s.p.c.EmployeeControllerTest - Starting EmployeeControllerTest using Java 17.0.7 with PID 27552 (started by ssama in C:\Users\ssama\Desktop\project\springproject - Copy)
12760 [Test worker] DEBUG c.s.p.c.EmployeeControllerTest - Running with Spring Boot v3.1.1, Spring v6.0.10
12761 [Test worker] INFO  c.s.p.c.EmployeeControllerTest - No active profile set, falling back to 1 default profile: "default"
13968 [Test worker] INFO  c.s.p.c.EmployeeControllerTest - Started EmployeeControllerTest in 1.255 seconds (process running for 15.313)
13981 [Test worker] INFO  c.s.p.interceptor.ApiInterceptor - preHandle method is invoked /api/employee/15 GET 1.689775258295E12
14007 [Test worker] INFO  c.s.p.interceptor.ApiInterceptor - preHandle method is invoked /api/employee/department GET 1.689775258321E12
14032 [Test worker] INFO  c.s.p.interceptor.ApiInterceptor - postHandle method is invoked /api/employee/department GET 1.689775258346E12
14034 [Test worker] INFO  c.s.p.interceptor.ApiInterceptor - after completion is invoked Time took is 0.025 seconds.
14043 [Test worker] INFO  c.s.p.interceptor.ApiInterceptor - preHandle method is invoked /api/employee/maxSalary GET 1.689775258357E12
14047 [Test worker] INFO  c.s.p.interceptor.ApiInterceptor - postHandle method is invoked /api/employee/maxSalary GET 1.689775258361E12
14049 [Test worker] INFO  c.s.p.interceptor.ApiInterceptor - after completion is invoked Time took is 0.004 seconds.
14084 [Test worker] INFO  c.s.p.interceptor.ApiInterceptor - preHandle method is invoked /api/employee/updateSalaryById PUT 1.689775258398E12
14090 [Test worker] INFO  c.s.p.interceptor.ApiInterceptor - postHandle method is invoked /api/employee/updateSalaryById PUT 1.689775258404E12
14091 [Test worker] INFO  c.s.p.interceptor.ApiInterceptor - after completion is invoked Time took is 0.006 seconds.
14104 [Test worker] INFO  c.s.p.interceptor.ApiInterceptor - preHandle method is invoked /api/employee/findAll GET 1.689775258418E12
14106 [Test worker] INFO  c.s.p.interceptor.ApiInterceptor - postHandle method is invoked /api/employee/findAll GET 1.68977525842E12
14108 [Test worker] INFO  c.s.p.interceptor.ApiInterceptor - after completion is invoked Time took is 0.002 seconds.
14118 [Test worker] INFO  c.s.p.interceptor.ApiInterceptor - preHandle method is invoked /api/employee/course GET 1.689775258432E12
14121 [Test worker] INFO  c.s.p.interceptor.ApiInterceptor - postHandle method is invoked /api/employee/course GET 1.689775258435E12
14122 [Test worker] INFO  c.s.p.interceptor.ApiInterceptor - after completion is invoked Time took is 0.003 seconds.
14133 [Test worker] INFO  c.s.p.interceptor.ApiInterceptor - preHandle method is invoked /api/employee POST 1.689775258447E12
14141 [Test worker] INFO  c.s.p.interceptor.ApiInterceptor - postHandle method is invoked /api/employee POST 1.689775258455E12
14142 [Test worker] INFO  c.s.p.interceptor.ApiInterceptor - after completion is invoked Time took is 0.008 seconds.
14150 [Test worker] INFO  c.s.p.interceptor.ApiInterceptor - preHandle method is invoked /api/employee GET 1.689775258464E12
14155 [Test worker] INFO  c.s.p.interceptor.ApiInterceptor - after completion is invoked Time took is -0.009 seconds.
14163 [Test worker] INFO  c.s.p.interceptor.ApiInterceptor - preHandle method is invoked /api/employee PUT 1.689775258477E12
14165 [Test worker] INFO  c.s.p.interceptor.ApiInterceptor - after completion is invoked Time took is -0.022 seconds.
14173 [Test worker] INFO  c.s.p.interceptor.ApiInterceptor - preHandle method is invoked /api/employee GET 1.689775258487E12
14203 [Test worker] INFO  c.s.p.interceptor.ApiInterceptor - after completion is invoked Time took is -0.032 seconds.
14209 [Test worker] INFO  c.s.p.interceptor.ApiInterceptor - preHandle method is invoked /api/employee/1 DELETE 1.689775258523E12
14212 [Test worker] INFO  c.s.p.interceptor.ApiInterceptor - postHandle method is invoked /api/employee/1 DELETE 1.689775258526E12
14213 [Test worker] INFO  c.s.p.interceptor.ApiInterceptor - after completion is invoked Time took is 0.003 seconds.
14219 [Test worker] INFO  c.s.p.interceptor.ApiInterceptor - preHandle method is invoked /api/employee/department/maxSalary GET 1.689775258533E12
14222 [Test worker] INFO  c.s.p.interceptor.ApiInterceptor - after completion is invoked Time took is -0.007 seconds.
14227 [Test worker] INFO  c.s.p.interceptor.ApiInterceptor - preHandle method is invoked /api/employee/maxSalary GET 1.689775258541E12
14229 [Test worker] INFO  c.s.p.interceptor.ApiInterceptor - after completion is invoked Time took is -0.015 seconds.
14239 [Test worker] INFO  c.s.p.interceptor.ApiInterceptor - preHandle method is invoked /api/employee PUT 1.689775258553E12
14242 [Test worker] INFO  c.s.p.interceptor.ApiInterceptor - postHandle method is invoked /api/employee PUT 1.689775258556E12
14242 [Test worker] INFO  c.s.p.interceptor.ApiInterceptor - after completion is invoked Time took is 0.003 seconds.
14253 [Test worker] INFO  c.s.p.interceptor.ApiInterceptor - preHandle method is invoked /api/employee/insertAll POST 1.689775258567E12
14262 [Test worker] INFO  c.s.p.interceptor.ApiInterceptor - postHandle method is invoked /api/employee/insertAll POST 1.689775258576E12
14262 [Test worker] INFO  c.s.p.interceptor.ApiInterceptor - after completion is invoked Time took is 0.009 seconds.
14273 [Test worker] INFO  c.s.p.interceptor.ApiInterceptor - preHandle method is invoked /api/employee/1 DELETE 1.689775258587E12
14275 [Test worker] INFO  c.s.p.interceptor.ApiInterceptor - after completion is invoked Time took is -0.011 seconds.
14283 [Test worker] INFO  c.s.p.interceptor.ApiInterceptor - preHandle method is invoked /api/employee/1 GET 1.689775258597E12
14288 [Test worker] INFO  c.s.p.interceptor.ApiInterceptor - postHandle method is invoked /api/employee/1 GET 1.689775258602E12
14289 [Test worker] INFO  c.s.p.interceptor.ApiInterceptor - after completion is invoked Time took is 0.005 seconds.
14301 [Test worker] INFO  c.s.p.interceptor.ApiInterceptor - preHandle method is invoked /api/employee/department GET 1.689775258614E12
14304 [Test worker] INFO  c.s.p.interceptor.ApiInterceptor - after completion is invoked Time took is -0.012 seconds.
14313 [Test worker] INFO  c.s.p.interceptor.ApiInterceptor - preHandle method is invoked /api/employee/0 GET 1.689775258627E12
14315 [Test worker] INFO  c.s.p.interceptor.ApiInterceptor - after completion is invoked Time took is -0.025 seconds.
14322 [Test worker] INFO  c.s.p.interceptor.ApiInterceptor - preHandle method is invoked /api/employee/findAll GET 1.689775258636E12
14324 [Test worker] INFO  c.s.p.interceptor.ApiInterceptor - after completion is invoked Time took is -0.034 seconds.
14331 [Test worker] INFO  c.s.p.interceptor.ApiInterceptor - preHandle method is invoked /api/employee/course GET 1.689775258645E12
14333 [Test worker] INFO  c.s.p.interceptor.ApiInterceptor - after completion is invoked Time took is -0.043 seconds.
14339 [Test worker] INFO  c.s.p.interceptor.ApiInterceptor - preHandle method is invoked /api/employee/updateSalaryById PUT 1.689775258653E12
14341 [Test worker] INFO  c.s.p.interceptor.ApiInterceptor - after completion is invoked Time took is -0.051 seconds.
14348 [Test worker] INFO  c.s.p.interceptor.ApiInterceptor - preHandle method is invoked /api/employee/department/maxSalary GET 1.689775258662E12
14350 [Test worker] INFO  c.s.p.interceptor.ApiInterceptor - postHandle method is invoked /api/employee/department/maxSalary GET 1.689775258664E12
14351 [Test worker] INFO  c.s.p.interceptor.ApiInterceptor - after completion is invoked Time took is 0.002 seconds.
14358 [Test worker] INFO  c.s.p.interceptor.ApiInterceptor - preHandle method is invoked /api/employee GET 1.689775258672E12
14361 [Test worker] INFO  c.s.p.interceptor.ApiInterceptor - postHandle method is invoked /api/employee GET 1.689775258675E12
14361 [Test worker] INFO  c.s.p.interceptor.ApiInterceptor - after completion is invoked Time took is 0.003 seconds.
14429 [Test worker] INFO  c.s.p.service.AddressServiceTest - Starting AddressServiceTest using Java 17.0.7 with PID 27552 (started by ssama in C:\Users\ssama\Desktop\project\springproject - Copy)
14429 [Test worker] DEBUG c.s.p.service.AddressServiceTest - Running with Spring Boot v3.1.1, Spring v6.0.10
14430 [Test worker] INFO  c.s.p.service.AddressServiceTest - No active profile set, falling back to 1 default profile: "default"
15532 [Test worker] INFO  c.s.p.service.AddressServiceTest - Started AddressServiceTest in 1.142 seconds (process running for 16.877)
15641 [Test worker] INFO  c.s.p.service.CourseServiceTest - Starting CourseServiceTest using Java 17.0.7 with PID 27552 (started by ssama in C:\Users\ssama\Desktop\project\springproject - Copy)
15641 [Test worker] DEBUG c.s.p.service.CourseServiceTest - Running with Spring Boot v3.1.1, Spring v6.0.10
15641 [Test worker] INFO  c.s.p.service.CourseServiceTest - No active profile set, falling back to 1 default profile: "default"
16572 [Test worker] INFO  c.s.p.service.CourseServiceTest - Started CourseServiceTest in 0.963 seconds (process running for 17.917)
16586 [Test worker] ERROR c.s.p.service.CourseServiceImpl - Invalid coursename
16669 [Test worker] INFO  c.s.p.service.EmployeeServiceTest - Starting EmployeeServiceTest using Java 17.0.7 with PID 27552 (started by ssama in C:\Users\ssama\Desktop\project\springproject - Copy)
16669 [Test worker] DEBUG c.s.p.service.EmployeeServiceTest - Running with Spring Boot v3.1.1, Spring v6.0.10
16669 [Test worker] INFO  c.s.p.service.EmployeeServiceTest - No active profile set, falling back to 1 default profile: "default"
17569 [Test worker] INFO  c.s.p.service.EmployeeServiceTest - Started EmployeeServiceTest in 0.933 seconds (process running for 18.914)
17611 [Test worker] INFO  c.s.p.service.EmployeeServiceImpl - Course already exists !
17611 [Test worker] INFO  c.s.p.service.EmployeeServiceImpl - Course already exists !
17665 [Test worker] INFO  c.s.p.service.EmployeeServiceImpl - Course already exists !
17665 [Test worker] INFO  c.s.p.service.EmployeeServiceImpl - Course already exists !
17689 [Test worker] ERROR c.s.p.service.EmployeeServiceImpl - Employee with id : 0  does not exist ! 
17740 [Test worker] ERROR c.s.p.service.EmployeeServiceImpl - Employee with lastname sujith is not inserted
7958 [Test worker] INFO  c.sujith.project.ProjectApplication - Starting ProjectApplication using Java 17.0.7 with PID 22456 (started by ssama in C:\Users\ssama\Desktop\project\springproject - Copy)
7959 [Test worker] DEBUG c.sujith.project.ProjectApplication - Running with Spring Boot v3.1.1, Spring v6.0.10
7960 [Test worker] INFO  c.sujith.project.ProjectApplication - No active profile set, falling back to 1 default profile: "default"
9319 [Test worker] INFO  c.sujith.project.ProjectApplication - Started ProjectApplication in 1.406 seconds (process running for 10.74)
9398 [Test worker] INFO  c.s.p.c.AddressControllerTest - Starting AddressControllerTest using Java 17.0.7 with PID 22456 (started by ssama in C:\Users\ssama\Desktop\project\springproject - Copy)
9400 [Test worker] DEBUG c.s.p.c.AddressControllerTest - Running with Spring Boot v3.1.1, Spring v6.0.10
9400 [Test worker] INFO  c.s.p.c.AddressControllerTest - No active profile set, falling back to 1 default profile: "default"
11337 [Test worker] INFO  c.s.p.c.AddressControllerTest - Started AddressControllerTest in 1.969 seconds (process running for 12.758)
11545 [Test worker] INFO  c.s.p.interceptor.ApiInterceptor - preHandle method is invoked /api/address GET 1.689775301175E12
11917 [Test worker] INFO  c.s.p.interceptor.ApiInterceptor - postHandle method is invoked /api/address GET 1.689775301547E12
11922 [Test worker] INFO  c.s.p.interceptor.ApiInterceptor - after completion is invoked Time took is 0.372 seconds.
11960 [Test worker] INFO  c.s.p.interceptor.ApiInterceptor - preHandle method is invoked /api/address GET 1.68977530159E12
11990 [Test worker] INFO  c.s.p.interceptor.ApiInterceptor - after completion is invoked Time took is -0.043 seconds.
12208 [Test worker] INFO  c.s.p.c.CourseControllerTest - Starting CourseControllerTest using Java 17.0.7 with PID 22456 (started by ssama in C:\Users\ssama\Desktop\project\springproject - Copy)
12209 [Test worker] DEBUG c.s.p.c.CourseControllerTest - Running with Spring Boot v3.1.1, Spring v6.0.10
12209 [Test worker] INFO  c.s.p.c.CourseControllerTest - No active profile set, falling back to 1 default profile: "default"
13506 [Test worker] INFO  c.s.p.c.CourseControllerTest - Started CourseControllerTest in 1.362 seconds (process running for 14.927)
13517 [Test worker] INFO  c.s.p.interceptor.ApiInterceptor - preHandle method is invoked /api/courses GET 1.689775303147E12
13522 [Test worker] INFO  c.s.p.interceptor.ApiInterceptor - postHandle method is invoked /api/courses GET 1.689775303152E12
13523 [Test worker] INFO  c.s.p.interceptor.ApiInterceptor - after completion is invoked Time took is 0.005 seconds.
13536 [Test worker] INFO  c.s.p.interceptor.ApiInterceptor - preHandle method is invoked /api/courses/insertMany POST 1.689775303166E12
13656 [Test worker] INFO  c.s.p.interceptor.ApiInterceptor - postHandle method is invoked /api/courses/insertMany POST 1.689775303286E12
13657 [Test worker] INFO  c.s.p.interceptor.ApiInterceptor - after completion is invoked Time took is 0.12 seconds.
13666 [Test worker] INFO  c.s.p.interceptor.ApiInterceptor - preHandle method is invoked /api/courses POST 1.689775303296E12
13674 [Test worker] INFO  c.s.p.interceptor.ApiInterceptor - after completion is invoked Time took is -0.01 seconds.
13683 [Test worker] INFO  c.s.p.interceptor.ApiInterceptor - preHandle method is invoked /api/courses POST 1.689775303313E12
13690 [Test worker] INFO  c.s.p.interceptor.ApiInterceptor - postHandle method is invoked /api/courses POST 1.68977530332E12
13691 [Test worker] INFO  c.s.p.interceptor.ApiInterceptor - after completion is invoked Time took is 0.007 seconds.
13700 [Test worker] INFO  c.s.p.interceptor.ApiInterceptor - preHandle method is invoked /api/courses GET 1.68977530333E12
13703 [Test worker] INFO  c.s.p.interceptor.ApiInterceptor - after completion is invoked Time took is -0.01 seconds.
13718 [Test worker] INFO  c.s.p.interceptor.ApiInterceptor - preHandle method is invoked /api/courses/insertMany POST 1.689775303348E12
13722 [Test worker] INFO  c.s.p.interceptor.ApiInterceptor - after completion is invoked Time took is -0.028 seconds.
13769 [Test worker] INFO  c.s.p.c.EmployeeControllerTest - Starting EmployeeControllerTest using Java 17.0.7 with PID 22456 (started by ssama in C:\Users\ssama\Desktop\project\springproject - Copy)
13770 [Test worker] DEBUG c.s.p.c.EmployeeControllerTest - Running with Spring Boot v3.1.1, Spring v6.0.10
13770 [Test worker] INFO  c.s.p.c.EmployeeControllerTest - No active profile set, falling back to 1 default profile: "default"
14934 [Test worker] INFO  c.s.p.c.EmployeeControllerTest - Started EmployeeControllerTest in 1.197 seconds (process running for 16.356)
14947 [Test worker] INFO  c.s.p.interceptor.ApiInterceptor - preHandle method is invoked /api/employee/15 GET 1.689775304577E12
14973 [Test worker] INFO  c.s.p.interceptor.ApiInterceptor - preHandle method is invoked /api/employee/department GET 1.689775304603E12
14999 [Test worker] INFO  c.s.p.interceptor.ApiInterceptor - postHandle method is invoked /api/employee/department GET 1.689775304629E12
14999 [Test worker] INFO  c.s.p.interceptor.ApiInterceptor - after completion is invoked Time took is 0.026 seconds.
15008 [Test worker] INFO  c.s.p.interceptor.ApiInterceptor - preHandle method is invoked /api/employee/maxSalary GET 1.689775304638E12
15010 [Test worker] INFO  c.s.p.interceptor.ApiInterceptor - postHandle method is invoked /api/employee/maxSalary GET 1.68977530464E12
15011 [Test worker] INFO  c.s.p.interceptor.ApiInterceptor - after completion is invoked Time took is 0.002 seconds.
15041 [Test worker] INFO  c.s.p.interceptor.ApiInterceptor - preHandle method is invoked /api/employee/updateSalaryById PUT 1.689775304671E12
15044 [Test worker] INFO  c.s.p.interceptor.ApiInterceptor - postHandle method is invoked /api/employee/updateSalaryById PUT 1.689775304674E12
15046 [Test worker] INFO  c.s.p.interceptor.ApiInterceptor - after completion is invoked Time took is 0.003 seconds.
15056 [Test worker] INFO  c.s.p.interceptor.ApiInterceptor - preHandle method is invoked /api/employee/findAll GET 1.689775304686E12
15058 [Test worker] INFO  c.s.p.interceptor.ApiInterceptor - postHandle method is invoked /api/employee/findAll GET 1.689775304688E12
15058 [Test worker] INFO  c.s.p.interceptor.ApiInterceptor - after completion is invoked Time took is 0.002 seconds.
15069 [Test worker] INFO  c.s.p.interceptor.ApiInterceptor - preHandle method is invoked /api/employee/course GET 1.689775304699E12
15071 [Test worker] INFO  c.s.p.interceptor.ApiInterceptor - postHandle method is invoked /api/employee/course GET 1.689775304701E12
15072 [Test worker] INFO  c.s.p.interceptor.ApiInterceptor - after completion is invoked Time took is 0.002 seconds.
15083 [Test worker] INFO  c.s.p.interceptor.ApiInterceptor - preHandle method is invoked /api/employee POST 1.689775304713E12
15092 [Test worker] INFO  c.s.p.interceptor.ApiInterceptor - postHandle method is invoked /api/employee POST 1.689775304722E12
15093 [Test worker] INFO  c.s.p.interceptor.ApiInterceptor - after completion is invoked Time took is 0.009 seconds.
15102 [Test worker] INFO  c.s.p.interceptor.ApiInterceptor - preHandle method is invoked /api/employee GET 1.689775304732E12
15106 [Test worker] INFO  c.s.p.interceptor.ApiInterceptor - after completion is invoked Time took is -0.01 seconds.
15116 [Test worker] INFO  c.s.p.interceptor.ApiInterceptor - preHandle method is invoked /api/employee PUT 1.689775304746E12
15119 [Test worker] INFO  c.s.p.interceptor.ApiInterceptor - after completion is invoked Time took is -0.024 seconds.
15129 [Test worker] INFO  c.s.p.interceptor.ApiInterceptor - preHandle method is invoked /api/employee GET 1.689775304759E12
15160 [Test worker] INFO  c.s.p.interceptor.ApiInterceptor - after completion is invoked Time took is -0.037 seconds.
15169 [Test worker] INFO  c.s.p.interceptor.ApiInterceptor - preHandle method is invoked /api/employee/1 DELETE 1.689775304799E12
15172 [Test worker] INFO  c.s.p.interceptor.ApiInterceptor - postHandle method is invoked /api/employee/1 DELETE 1.689775304802E12
15174 [Test worker] INFO  c.s.p.interceptor.ApiInterceptor - after completion is invoked Time took is 0.003 seconds.
15183 [Test worker] INFO  c.s.p.interceptor.ApiInterceptor - preHandle method is invoked /api/employee/department/maxSalary GET 1.689775304813E12
15186 [Test worker] INFO  c.s.p.interceptor.ApiInterceptor - after completion is invoked Time took is -0.011 seconds.
15194 [Test worker] INFO  c.s.p.interceptor.ApiInterceptor - preHandle method is invoked /api/employee/maxSalary GET 1.689775304824E12
15196 [Test worker] INFO  c.s.p.interceptor.ApiInterceptor - after completion is invoked Time took is -0.022 seconds.
15209 [Test worker] INFO  c.s.p.interceptor.ApiInterceptor - preHandle method is invoked /api/employee PUT 1.689775304839E12
15214 [Test worker] INFO  c.s.p.interceptor.ApiInterceptor - postHandle method is invoked /api/employee PUT 1.689775304844E12
15215 [Test worker] INFO  c.s.p.interceptor.ApiInterceptor - after completion is invoked Time took is 0.005 seconds.
15224 [Test worker] INFO  c.s.p.interceptor.ApiInterceptor - preHandle method is invoked /api/employee/insertAll POST 1.689775304854E12
15231 [Test worker] INFO  c.s.p.interceptor.ApiInterceptor - postHandle method is invoked /api/employee/insertAll POST 1.689775304861E12
15231 [Test worker] INFO  c.s.p.interceptor.ApiInterceptor - after completion is invoked Time took is 0.007 seconds.
15240 [Test worker] INFO  c.s.p.interceptor.ApiInterceptor - preHandle method is invoked /api/employee/1 DELETE 1.68977530487E12
15243 [Test worker] INFO  c.s.p.interceptor.ApiInterceptor - after completion is invoked Time took is -0.009 seconds.
15253 [Test worker] INFO  c.s.p.interceptor.ApiInterceptor - preHandle method is invoked /api/employee/1 GET 1.689775304883E12
15258 [Test worker] INFO  c.s.p.interceptor.ApiInterceptor - postHandle method is invoked /api/employee/1 GET 1.689775304888E12
15259 [Test worker] INFO  c.s.p.interceptor.ApiInterceptor - after completion is invoked Time took is 0.005 seconds.
15268 [Test worker] INFO  c.s.p.interceptor.ApiInterceptor - preHandle method is invoked /api/employee/department GET 1.689775304898E12
15270 [Test worker] INFO  c.s.p.interceptor.ApiInterceptor - after completion is invoked Time took is -0.01 seconds.
15277 [Test worker] INFO  c.s.p.interceptor.ApiInterceptor - preHandle method is invoked /api/employee/0 GET 1.689775304907E12
15280 [Test worker] INFO  c.s.p.interceptor.ApiInterceptor - after completion is invoked Time took is -0.019 seconds.
15287 [Test worker] INFO  c.s.p.interceptor.ApiInterceptor - preHandle method is invoked /api/employee/findAll GET 1.689775304917E12
15289 [Test worker] INFO  c.s.p.interceptor.ApiInterceptor - after completion is invoked Time took is -0.029 seconds.
15300 [Test worker] INFO  c.s.p.interceptor.ApiInterceptor - preHandle method is invoked /api/employee/course GET 1.68977530493E12
15304 [Test worker] INFO  c.s.p.interceptor.ApiInterceptor - after completion is invoked Time took is -0.042 seconds.
15309 [Test worker] INFO  c.s.p.interceptor.ApiInterceptor - preHandle method is invoked /api/employee/updateSalaryById PUT 1.689775304939E12
15311 [Test worker] INFO  c.s.p.interceptor.ApiInterceptor - after completion is invoked Time took is -0.051 seconds.
15318 [Test worker] INFO  c.s.p.interceptor.ApiInterceptor - preHandle method is invoked /api/employee/department/maxSalary GET 1.689775304948E12
15319 [Test worker] INFO  c.s.p.interceptor.ApiInterceptor - postHandle method is invoked /api/employee/department/maxSalary GET 1.689775304949E12
15320 [Test worker] INFO  c.s.p.interceptor.ApiInterceptor - after completion is invoked Time took is 0.001 seconds.
15327 [Test worker] INFO  c.s.p.interceptor.ApiInterceptor - preHandle method is invoked /api/employee GET 1.689775304957E12
15331 [Test worker] INFO  c.s.p.interceptor.ApiInterceptor - postHandle method is invoked /api/employee GET 1.689775304961E12
15332 [Test worker] INFO  c.s.p.interceptor.ApiInterceptor - after completion is invoked Time took is 0.004 seconds.
15409 [Test worker] INFO  c.s.p.service.AddressServiceTest - Starting AddressServiceTest using Java 17.0.7 with PID 22456 (started by ssama in C:\Users\ssama\Desktop\project\springproject - Copy)
15409 [Test worker] DEBUG c.s.p.service.AddressServiceTest - Running with Spring Boot v3.1.1, Spring v6.0.10
15410 [Test worker] INFO  c.s.p.service.AddressServiceTest - No active profile set, falling back to 1 default profile: "default"
16532 [Test worker] INFO  c.s.p.service.AddressServiceTest - Started AddressServiceTest in 1.167 seconds (process running for 17.953)
16631 [Test worker] INFO  c.s.p.service.CourseServiceTest - Starting CourseServiceTest using Java 17.0.7 with PID 22456 (started by ssama in C:\Users\ssama\Desktop\project\springproject - Copy)
16632 [Test worker] DEBUG c.s.p.service.CourseServiceTest - Running with Spring Boot v3.1.1, Spring v6.0.10
16632 [Test worker] INFO  c.s.p.service.CourseServiceTest - No active profile set, falling back to 1 default profile: "default"
19301 [Test worker] INFO  c.s.p.service.CourseServiceTest - Started CourseServiceTest in 2.703 seconds (process running for 20.722)
19319 [Test worker] ERROR c.s.p.service.CourseServiceImpl - Invalid coursename
19425 [Test worker] INFO  c.s.p.service.EmployeeServiceTest - Starting EmployeeServiceTest using Java 17.0.7 with PID 22456 (started by ssama in C:\Users\ssama\Desktop\project\springproject - Copy)
19426 [Test worker] DEBUG c.s.p.service.EmployeeServiceTest - Running with Spring Boot v3.1.1, Spring v6.0.10
19426 [Test worker] INFO  c.s.p.service.EmployeeServiceTest - No active profile set, falling back to 1 default profile: "default"
21369 [Test worker] INFO  c.s.p.service.EmployeeServiceTest - Started EmployeeServiceTest in 1.982 seconds (process running for 22.789)
21424 [Test worker] INFO  c.s.p.service.EmployeeServiceImpl - Course already exists !
21424 [Test worker] INFO  c.s.p.service.EmployeeServiceImpl - Course already exists !
21469 [Test worker] INFO  c.s.p.service.EmployeeServiceImpl - Course already exists !
21469 [Test worker] INFO  c.s.p.service.EmployeeServiceImpl - Course already exists !
21498 [Test worker] ERROR c.s.p.service.EmployeeServiceImpl - Employee with id : 0  does not exist ! 
21553 [Test worker] ERROR c.s.p.service.EmployeeServiceImpl - Employee with lastname sujith is not inserted
10415 [Test worker] INFO  c.sujith.project.ProjectApplication - Starting ProjectApplication using Java 17.0.7 with PID 5828 (started by ssama in C:\Users\ssama\Desktop\project\springproject - Copy)
10416 [Test worker] DEBUG c.sujith.project.ProjectApplication - Running with Spring Boot v3.1.1, Spring v6.0.10
10416 [Test worker] INFO  c.sujith.project.ProjectApplication - No active profile set, falling back to 1 default profile: "default"
11978 [Test worker] INFO  c.sujith.project.ProjectApplication - Started ProjectApplication in 1.599 seconds (process running for 14.043)
12060 [Test worker] INFO  c.s.p.c.AddressControllerTest - Starting AddressControllerTest using Java 17.0.7 with PID 5828 (started by ssama in C:\Users\ssama\Desktop\project\springproject - Copy)
12061 [Test worker] DEBUG c.s.p.c.AddressControllerTest - Running with Spring Boot v3.1.1, Spring v6.0.10
12061 [Test worker] INFO  c.s.p.c.AddressControllerTest - No active profile set, falling back to 1 default profile: "default"
13293 [Test worker] INFO  c.s.p.c.AddressControllerTest - Started AddressControllerTest in 1.26 seconds (process running for 15.358)
13495 [Test worker] INFO  c.s.p.interceptor.ApiInterceptor - preHandle method is invoked /api/address GET 1.68977576026E12
13883 [Test worker] INFO  c.s.p.interceptor.ApiInterceptor - postHandle method is invoked /api/address GET 1.689775760648E12
13888 [Test worker] INFO  c.s.p.interceptor.ApiInterceptor - after completion is invoked Time took is 0.388 seconds.
13920 [Test worker] INFO  c.s.p.interceptor.ApiInterceptor - preHandle method is invoked /api/address GET 1.689775760685E12
13946 [Test worker] INFO  c.s.p.interceptor.ApiInterceptor - after completion is invoked Time took is -0.037 seconds.
14153 [Test worker] INFO  c.s.p.c.CourseControllerTest - Starting CourseControllerTest using Java 17.0.7 with PID 5828 (started by ssama in C:\Users\ssama\Desktop\project\springproject - Copy)
14153 [Test worker] DEBUG c.s.p.c.CourseControllerTest - Running with Spring Boot v3.1.1, Spring v6.0.10
14154 [Test worker] INFO  c.s.p.c.CourseControllerTest - No active profile set, falling back to 1 default profile: "default"
15160 [Test worker] INFO  c.s.p.c.CourseControllerTest - Started CourseControllerTest in 1.035 seconds (process running for 17.225)
15172 [Test worker] INFO  c.s.p.interceptor.ApiInterceptor - preHandle method is invoked /api/courses GET 1.689775761937E12
15178 [Test worker] INFO  c.s.p.interceptor.ApiInterceptor - postHandle method is invoked /api/courses GET 1.689775761943E12
15179 [Test worker] INFO  c.s.p.interceptor.ApiInterceptor - after completion is invoked Time took is 0.006 seconds.
15196 [Test worker] INFO  c.s.p.interceptor.ApiInterceptor - preHandle method is invoked /api/courses/insertMany POST 1.689775761961E12
15381 [Test worker] INFO  c.s.p.interceptor.ApiInterceptor - postHandle method is invoked /api/courses/insertMany POST 1.689775762146E12
15381 [Test worker] INFO  c.s.p.interceptor.ApiInterceptor - after completion is invoked Time took is 0.185 seconds.
15391 [Test worker] INFO  c.s.p.interceptor.ApiInterceptor - preHandle method is invoked /api/courses POST 1.689775762156E12
15401 [Test worker] INFO  c.s.p.interceptor.ApiInterceptor - after completion is invoked Time took is -0.01 seconds.
15412 [Test worker] INFO  c.s.p.interceptor.ApiInterceptor - preHandle method is invoked /api/courses POST 1.689775762177E12
15422 [Test worker] INFO  c.s.p.interceptor.ApiInterceptor - postHandle method is invoked /api/courses POST 1.689775762187E12
15423 [Test worker] INFO  c.s.p.interceptor.ApiInterceptor - after completion is invoked Time took is 0.01 seconds.
15431 [Test worker] INFO  c.s.p.interceptor.ApiInterceptor - preHandle method is invoked /api/courses GET 1.689775762196E12
15433 [Test worker] INFO  c.s.p.interceptor.ApiInterceptor - after completion is invoked Time took is -0.009 seconds.
15451 [Test worker] INFO  c.s.p.interceptor.ApiInterceptor - preHandle method is invoked /api/courses/insertMany POST 1.689775762216E12
15480 [Test worker] INFO  c.s.p.interceptor.ApiInterceptor - after completion is invoked Time took is -0.029 seconds.
15626 [Test worker] INFO  c.s.p.c.EmployeeControllerTest - Starting EmployeeControllerTest using Java 17.0.7 with PID 5828 (started by ssama in C:\Users\ssama\Desktop\project\springproject - Copy)
15627 [Test worker] DEBUG c.s.p.c.EmployeeControllerTest - Running with Spring Boot v3.1.1, Spring v6.0.10
15627 [Test worker] INFO  c.s.p.c.EmployeeControllerTest - No active profile set, falling back to 1 default profile: "default"
16713 [Test worker] INFO  c.s.p.c.EmployeeControllerTest - Started EmployeeControllerTest in 1.14 seconds (process running for 18.778)
16725 [Test worker] INFO  c.s.p.interceptor.ApiInterceptor - preHandle method is invoked /api/employee/15 GET 1.68977576349E12
16744 [Test worker] INFO  c.s.p.interceptor.ApiInterceptor - preHandle method is invoked /api/employee/department GET 1.689775763509E12
16765 [Test worker] INFO  c.s.p.interceptor.ApiInterceptor - postHandle method is invoked /api/employee/department GET 1.68977576353E12
16765 [Test worker] INFO  c.s.p.interceptor.ApiInterceptor - after completion is invoked Time took is 0.021 seconds.
16772 [Test worker] INFO  c.s.p.interceptor.ApiInterceptor - preHandle method is invoked /api/employee/maxSalary GET 1.689775763537E12
16775 [Test worker] INFO  c.s.p.interceptor.ApiInterceptor - postHandle method is invoked /api/employee/maxSalary GET 1.68977576354E12
16776 [Test worker] INFO  c.s.p.interceptor.ApiInterceptor - after completion is invoked Time took is 0.003 seconds.
16811 [Test worker] INFO  c.s.p.interceptor.ApiInterceptor - preHandle method is invoked /api/employee/updateSalaryById PUT 1.689775763576E12
16815 [Test worker] INFO  c.s.p.interceptor.ApiInterceptor - postHandle method is invoked /api/employee/updateSalaryById PUT 1.68977576358E12
16816 [Test worker] INFO  c.s.p.interceptor.ApiInterceptor - after completion is invoked Time took is 0.004 seconds.
16825 [Test worker] INFO  c.s.p.interceptor.ApiInterceptor - preHandle method is invoked /api/employee/findAll GET 1.68977576359E12
16827 [Test worker] INFO  c.s.p.interceptor.ApiInterceptor - postHandle method is invoked /api/employee/findAll GET 1.689775763592E12
16828 [Test worker] INFO  c.s.p.interceptor.ApiInterceptor - after completion is invoked Time took is 0.002 seconds.
16835 [Test worker] INFO  c.s.p.interceptor.ApiInterceptor - preHandle method is invoked /api/employee/course GET 1.6897757636E12
16837 [Test worker] INFO  c.s.p.interceptor.ApiInterceptor - postHandle method is invoked /api/employee/course GET 1.689775763602E12
16838 [Test worker] INFO  c.s.p.interceptor.ApiInterceptor - after completion is invoked Time took is 0.002 seconds.
16850 [Test worker] INFO  c.s.p.interceptor.ApiInterceptor - preHandle method is invoked /api/employee POST 1.689775763615E12
16860 [Test worker] INFO  c.s.p.interceptor.ApiInterceptor - postHandle method is invoked /api/employee POST 1.689775763625E12
16861 [Test worker] INFO  c.s.p.interceptor.ApiInterceptor - after completion is invoked Time took is 0.01 seconds.
16870 [Test worker] INFO  c.s.p.interceptor.ApiInterceptor - preHandle method is invoked /api/employee GET 1.689775763635E12
16875 [Test worker] INFO  c.s.p.interceptor.ApiInterceptor - after completion is invoked Time took is -0.01 seconds.
16884 [Test worker] INFO  c.s.p.interceptor.ApiInterceptor - preHandle method is invoked /api/employee PUT 1.689775763649E12
16887 [Test worker] INFO  c.s.p.interceptor.ApiInterceptor - after completion is invoked Time took is -0.024 seconds.
16896 [Test worker] INFO  c.s.p.interceptor.ApiInterceptor - preHandle method is invoked /api/employee GET 1.689775763661E12
16935 [Test worker] INFO  c.s.p.interceptor.ApiInterceptor - after completion is invoked Time took is -0.036 seconds.
16943 [Test worker] INFO  c.s.p.interceptor.ApiInterceptor - preHandle method is invoked /api/employee/1 DELETE 1.689775763708E12
16945 [Test worker] INFO  c.s.p.interceptor.ApiInterceptor - postHandle method is invoked /api/employee/1 DELETE 1.68977576371E12
16946 [Test worker] INFO  c.s.p.interceptor.ApiInterceptor - after completion is invoked Time took is 0.002 seconds.
16955 [Test worker] INFO  c.s.p.interceptor.ApiInterceptor - preHandle method is invoked /api/employee/department/maxSalary GET 1.68977576372E12
16958 [Test worker] INFO  c.s.p.interceptor.ApiInterceptor - after completion is invoked Time took is -0.01 seconds.
16968 [Test worker] INFO  c.s.p.interceptor.ApiInterceptor - preHandle method is invoked /api/employee/maxSalary GET 1.689775763733E12
16971 [Test worker] INFO  c.s.p.interceptor.ApiInterceptor - after completion is invoked Time took is -0.023 seconds.
16978 [Test worker] INFO  c.s.p.interceptor.ApiInterceptor - preHandle method is invoked /api/employee PUT 1.689775763743E12
16982 [Test worker] INFO  c.s.p.interceptor.ApiInterceptor - postHandle method is invoked /api/employee PUT 1.689775763747E12
16983 [Test worker] INFO  c.s.p.interceptor.ApiInterceptor - after completion is invoked Time took is 0.004 seconds.
16992 [Test worker] INFO  c.s.p.interceptor.ApiInterceptor - preHandle method is invoked /api/employee/insertAll POST 1.689775763757E12
17002 [Test worker] INFO  c.s.p.interceptor.ApiInterceptor - postHandle method is invoked /api/employee/insertAll POST 1.689775763767E12
17003 [Test worker] INFO  c.s.p.interceptor.ApiInterceptor - after completion is invoked Time took is 0.01 seconds.
17015 [Test worker] INFO  c.s.p.interceptor.ApiInterceptor - preHandle method is invoked /api/employee/1 DELETE 1.689775763779E12
17017 [Test worker] INFO  c.s.p.interceptor.ApiInterceptor - after completion is invoked Time took is -0.012 seconds.
17025 [Test worker] INFO  c.s.p.interceptor.ApiInterceptor - preHandle method is invoked /api/employee/1 GET 1.68977576379E12
17033 [Test worker] INFO  c.s.p.interceptor.ApiInterceptor - postHandle method is invoked /api/employee/1 GET 1.689775763798E12
17034 [Test worker] INFO  c.s.p.interceptor.ApiInterceptor - after completion is invoked Time took is 0.008 seconds.
17041 [Test worker] INFO  c.s.p.interceptor.ApiInterceptor - preHandle method is invoked /api/employee/department GET 1.689775763806E12
17043 [Test worker] INFO  c.s.p.interceptor.ApiInterceptor - after completion is invoked Time took is -0.008 seconds.
17052 [Test worker] INFO  c.s.p.interceptor.ApiInterceptor - preHandle method is invoked /api/employee/0 GET 1.689775763817E12
17054 [Test worker] INFO  c.s.p.interceptor.ApiInterceptor - after completion is invoked Time took is -0.019 seconds.
17063 [Test worker] INFO  c.s.p.interceptor.ApiInterceptor - preHandle method is invoked /api/employee/findAll GET 1.689775763828E12
17066 [Test worker] INFO  c.s.p.interceptor.ApiInterceptor - after completion is invoked Time took is -0.03 seconds.
17074 [Test worker] INFO  c.s.p.interceptor.ApiInterceptor - preHandle method is invoked /api/employee/course GET 1.689775763839E12
17077 [Test worker] INFO  c.s.p.interceptor.ApiInterceptor - after completion is invoked Time took is -0.041 seconds.
17084 [Test worker] INFO  c.s.p.interceptor.ApiInterceptor - preHandle method is invoked /api/employee/updateSalaryById PUT 1.689775763849E12
17087 [Test worker] INFO  c.s.p.interceptor.ApiInterceptor - after completion is invoked Time took is -0.051 seconds.
17093 [Test worker] INFO  c.s.p.interceptor.ApiInterceptor - preHandle method is invoked /api/employee/department/maxSalary GET 1.689775763858E12
17094 [Test worker] INFO  c.s.p.interceptor.ApiInterceptor - postHandle method is invoked /api/employee/department/maxSalary GET 1.689775763859E12
17095 [Test worker] INFO  c.s.p.interceptor.ApiInterceptor - after completion is invoked Time took is 0.001 seconds.
17104 [Test worker] INFO  c.s.p.interceptor.ApiInterceptor - preHandle method is invoked /api/employee GET 1.689775763869E12
17106 [Test worker] INFO  c.s.p.interceptor.ApiInterceptor - postHandle method is invoked /api/employee GET 1.689775763871E12
17106 [Test worker] INFO  c.s.p.interceptor.ApiInterceptor - after completion is invoked Time took is 0.002 seconds.
17177 [Test worker] INFO  c.s.p.service.AddressServiceTest - Starting AddressServiceTest using Java 17.0.7 with PID 5828 (started by ssama in C:\Users\ssama\Desktop\project\springproject - Copy)
17177 [Test worker] DEBUG c.s.p.service.AddressServiceTest - Running with Spring Boot v3.1.1, Spring v6.0.10
17177 [Test worker] INFO  c.s.p.service.AddressServiceTest - No active profile set, falling back to 1 default profile: "default"
18179 [Test worker] INFO  c.s.p.service.AddressServiceTest - Started AddressServiceTest in 1.046 seconds (process running for 20.243)
18282 [Test worker] INFO  c.s.p.service.CourseServiceTest - Starting CourseServiceTest using Java 17.0.7 with PID 5828 (started by ssama in C:\Users\ssama\Desktop\project\springproject - Copy)
18282 [Test worker] DEBUG c.s.p.service.CourseServiceTest - Running with Spring Boot v3.1.1, Spring v6.0.10
18282 [Test worker] INFO  c.s.p.service.CourseServiceTest - No active profile set, falling back to 1 default profile: "default"
19187 [Test worker] INFO  c.s.p.service.CourseServiceTest - Started CourseServiceTest in 0.936 seconds (process running for 21.251)
19204 [Test worker] ERROR c.s.p.service.CourseServiceImpl - Invalid coursename
19299 [Test worker] INFO  c.s.p.service.EmployeeServiceTest - Starting EmployeeServiceTest using Java 17.0.7 with PID 5828 (started by ssama in C:\Users\ssama\Desktop\project\springproject - Copy)
19299 [Test worker] DEBUG c.s.p.service.EmployeeServiceTest - Running with Spring Boot v3.1.1, Spring v6.0.10
19299 [Test worker] INFO  c.s.p.service.EmployeeServiceTest - No active profile set, falling back to 1 default profile: "default"
20184 [Test worker] INFO  c.s.p.service.EmployeeServiceTest - Started EmployeeServiceTest in 0.921 seconds (process running for 22.248)
20231 [Test worker] INFO  c.s.p.service.EmployeeServiceImpl - Course already exists !
20231 [Test worker] INFO  c.s.p.service.EmployeeServiceImpl - Course already exists !
20274 [Test worker] INFO  c.s.p.service.EmployeeServiceImpl - Course already exists !
20274 [Test worker] INFO  c.s.p.service.EmployeeServiceImpl - Course already exists !
20307 [Test worker] ERROR c.s.p.service.EmployeeServiceImpl - Employee with id : 0  does not exist ! 
20374 [Test worker] ERROR c.s.p.service.EmployeeServiceImpl - Employee with lastname sujith is not inserted
10927 [Test worker] INFO  c.sujith.project.ProjectApplication - Starting ProjectApplication using Java 17.0.7 with PID 5312 (started by ssama in C:\Users\ssama\Desktop\project\springproject - Copy)
10927 [Test worker] DEBUG c.sujith.project.ProjectApplication - Running with Spring Boot v3.1.1, Spring v6.0.10
10930 [Test worker] INFO  c.sujith.project.ProjectApplication - No active profile set, falling back to 1 default profile: "default"
12537 [Test worker] INFO  c.sujith.project.ProjectApplication - Started ProjectApplication in 1.666 seconds (process running for 14.798)
12646 [Test worker] INFO  c.s.p.c.AddressControllerTest - Starting AddressControllerTest using Java 17.0.7 with PID 5312 (started by ssama in C:\Users\ssama\Desktop\project\springproject - Copy)
12647 [Test worker] DEBUG c.s.p.c.AddressControllerTest - Running with Spring Boot v3.1.1, Spring v6.0.10
12647 [Test worker] INFO  c.s.p.c.AddressControllerTest - No active profile set, falling back to 1 default profile: "default"
13987 [Test worker] INFO  c.s.p.c.AddressControllerTest - Started AddressControllerTest in 1.382 seconds (process running for 16.248)
14203 [Test worker] INFO  c.s.p.interceptor.ApiInterceptor - preHandle method is invoked /api/address GET 1.689777032465E12
14614 [Test worker] INFO  c.s.p.interceptor.ApiInterceptor - postHandle method is invoked /api/address GET 1.689777032876E12
14621 [Test worker] INFO  c.s.p.interceptor.ApiInterceptor - after completion is invoked Time took is 0.411 seconds.
14657 [Test worker] INFO  c.s.p.interceptor.ApiInterceptor - preHandle method is invoked /api/address GET 1.689777032919E12
14682 [Test worker] INFO  c.s.p.interceptor.ApiInterceptor - after completion is invoked Time took is -0.043 seconds.
14852 [Test worker] INFO  c.s.p.c.CourseControllerTest - Starting CourseControllerTest using Java 17.0.7 with PID 5312 (started by ssama in C:\Users\ssama\Desktop\project\springproject - Copy)
14852 [Test worker] DEBUG c.s.p.c.CourseControllerTest - Running with Spring Boot v3.1.1, Spring v6.0.10
14852 [Test worker] INFO  c.s.p.c.CourseControllerTest - No active profile set, falling back to 1 default profile: "default"
15763 [Test worker] INFO  c.s.p.c.CourseControllerTest - Started CourseControllerTest in 0.943 seconds (process running for 18.024)
15770 [Test worker] INFO  c.s.p.interceptor.ApiInterceptor - preHandle method is invoked /api/courses GET 1.689777034032E12
15775 [Test worker] INFO  c.s.p.interceptor.ApiInterceptor - postHandle method is invoked /api/courses GET 1.689777034037E12
15776 [Test worker] INFO  c.s.p.interceptor.ApiInterceptor - after completion is invoked Time took is 0.005 seconds.
15785 [Test worker] INFO  c.s.p.interceptor.ApiInterceptor - preHandle method is invoked /api/courses/insertMany POST 1.689777034047E12
15925 [Test worker] INFO  c.s.p.interceptor.ApiInterceptor - postHandle method is invoked /api/courses/insertMany POST 1.689777034187E12
15926 [Test worker] INFO  c.s.p.interceptor.ApiInterceptor - after completion is invoked Time took is 0.14 seconds.
15938 [Test worker] INFO  c.s.p.interceptor.ApiInterceptor - preHandle method is invoked /api/courses POST 1.6897770342E12
15949 [Test worker] INFO  c.s.p.interceptor.ApiInterceptor - after completion is invoked Time took is -0.013 seconds.
15959 [Test worker] INFO  c.s.p.interceptor.ApiInterceptor - preHandle method is invoked /api/courses POST 1.689777034221E12
15966 [Test worker] INFO  c.s.p.interceptor.ApiInterceptor - postHandle method is invoked /api/courses POST 1.689777034228E12
15967 [Test worker] INFO  c.s.p.interceptor.ApiInterceptor - after completion is invoked Time took is 0.007 seconds.
15974 [Test worker] INFO  c.s.p.interceptor.ApiInterceptor - preHandle method is invoked /api/courses GET 1.689777034236E12
15978 [Test worker] INFO  c.s.p.interceptor.ApiInterceptor - after completion is invoked Time took is -0.008 seconds.
15991 [Test worker] INFO  c.s.p.interceptor.ApiInterceptor - preHandle method is invoked /api/courses/insertMany POST 1.689777034253E12
15995 [Test worker] INFO  c.s.p.interceptor.ApiInterceptor - after completion is invoked Time took is -0.025 seconds.
16054 [Test worker] INFO  c.s.p.c.EmployeeControllerTest - Starting EmployeeControllerTest using Java 17.0.7 with PID 5312 (started by ssama in C:\Users\ssama\Desktop\project\springproject - Copy)
16054 [Test worker] DEBUG c.s.p.c.EmployeeControllerTest - Running with Spring Boot v3.1.1, Spring v6.0.10
16055 [Test worker] INFO  c.s.p.c.EmployeeControllerTest - No active profile set, falling back to 1 default profile: "default"
16878 [Test worker] INFO  c.s.p.c.EmployeeControllerTest - Started EmployeeControllerTest in 0.864 seconds (process running for 19.139)
16887 [Test worker] INFO  c.s.p.interceptor.ApiInterceptor - preHandle method is invoked /api/employee/15 GET 1.689777035149E12
16910 [Test worker] INFO  c.s.p.interceptor.ApiInterceptor - preHandle method is invoked /api/employee/department GET 1.689777035172E12
16931 [Test worker] INFO  c.s.p.interceptor.ApiInterceptor - postHandle method is invoked /api/employee/department GET 1.689777035193E12
16932 [Test worker] INFO  c.s.p.interceptor.ApiInterceptor - after completion is invoked Time took is 0.021 seconds.
16945 [Test worker] INFO  c.s.p.interceptor.ApiInterceptor - preHandle method is invoked /api/employee/maxSalary GET 1.689777035207E12
16948 [Test worker] INFO  c.s.p.interceptor.ApiInterceptor - postHandle method is invoked /api/employee/maxSalary GET 1.68977703521E12
16948 [Test worker] INFO  c.s.p.interceptor.ApiInterceptor - after completion is invoked Time took is 0.003 seconds.
16977 [Test worker] INFO  c.s.p.interceptor.ApiInterceptor - preHandle method is invoked /api/employee/updateSalaryById PUT 1.689777035239E12
16984 [Test worker] INFO  c.s.p.interceptor.ApiInterceptor - postHandle method is invoked /api/employee/updateSalaryById PUT 1.689777035246E12
16985 [Test worker] INFO  c.s.p.interceptor.ApiInterceptor - after completion is invoked Time took is 0.007 seconds.
16993 [Test worker] INFO  c.s.p.interceptor.ApiInterceptor - preHandle method is invoked /api/employee/findAll GET 1.689777035255E12
16995 [Test worker] INFO  c.s.p.interceptor.ApiInterceptor - postHandle method is invoked /api/employee/findAll GET 1.689777035257E12
16996 [Test worker] INFO  c.s.p.interceptor.ApiInterceptor - after completion is invoked Time took is 0.002 seconds.
17000 [Test worker] INFO  c.s.p.interceptor.ApiInterceptor - preHandle method is invoked /api/employee/course GET 1.689777035262E12
17003 [Test worker] INFO  c.s.p.interceptor.ApiInterceptor - postHandle method is invoked /api/employee/course GET 1.689777035265E12
17004 [Test worker] INFO  c.s.p.interceptor.ApiInterceptor - after completion is invoked Time took is 0.003 seconds.
17011 [Test worker] INFO  c.s.p.interceptor.ApiInterceptor - preHandle method is invoked /api/employee POST 1.689777035273E12
17020 [Test worker] INFO  c.s.p.interceptor.ApiInterceptor - postHandle method is invoked /api/employee POST 1.689777035282E12
17021 [Test worker] INFO  c.s.p.interceptor.ApiInterceptor - after completion is invoked Time took is 0.009 seconds.
17029 [Test worker] INFO  c.s.p.interceptor.ApiInterceptor - preHandle method is invoked /api/employee GET 1.689777035291E12
17033 [Test worker] INFO  c.s.p.interceptor.ApiInterceptor - after completion is invoked Time took is -0.009 seconds.
17041 [Test worker] INFO  c.s.p.interceptor.ApiInterceptor - preHandle method is invoked /api/employee PUT 1.689777035303E12
17045 [Test worker] INFO  c.s.p.interceptor.ApiInterceptor - after completion is invoked Time took is -0.021 seconds.
17052 [Test worker] INFO  c.s.p.interceptor.ApiInterceptor - preHandle method is invoked /api/employee GET 1.689777035314E12
17085 [Test worker] INFO  c.s.p.interceptor.ApiInterceptor - after completion is invoked Time took is -0.032 seconds.
17093 [Test worker] INFO  c.s.p.interceptor.ApiInterceptor - preHandle method is invoked /api/employee/1 DELETE 1.689777035355E12
17095 [Test worker] INFO  c.s.p.interceptor.ApiInterceptor - postHandle method is invoked /api/employee/1 DELETE 1.689777035357E12
17096 [Test worker] INFO  c.s.p.interceptor.ApiInterceptor - after completion is invoked Time took is 0.002 seconds.
17102 [Test worker] INFO  c.s.p.interceptor.ApiInterceptor - preHandle method is invoked /api/employee/department/maxSalary GET 1.689777035364E12
17105 [Test worker] INFO  c.s.p.interceptor.ApiInterceptor - after completion is invoked Time took is -0.007 seconds.
17111 [Test worker] INFO  c.s.p.interceptor.ApiInterceptor - preHandle method is invoked /api/employee/maxSalary GET 1.689777035373E12
17114 [Test worker] INFO  c.s.p.interceptor.ApiInterceptor - after completion is invoked Time took is -0.016 seconds.
17122 [Test worker] INFO  c.s.p.interceptor.ApiInterceptor - preHandle method is invoked /api/employee PUT 1.689777035384E12
17123 [Test worker] INFO  c.s.p.interceptor.ApiInterceptor - postHandle method is invoked /api/employee PUT 1.689777035385E12
17124 [Test worker] INFO  c.s.p.interceptor.ApiInterceptor - after completion is invoked Time took is 0.001 seconds.
17132 [Test worker] INFO  c.s.p.interceptor.ApiInterceptor - preHandle method is invoked /api/employee/insertAll POST 1.689777035394E12
17138 [Test worker] INFO  c.s.p.interceptor.ApiInterceptor - postHandle method is invoked /api/employee/insertAll POST 1.6897770354E12
17138 [Test worker] INFO  c.s.p.interceptor.ApiInterceptor - after completion is invoked Time took is 0.006 seconds.
17144 [Test worker] INFO  c.s.p.interceptor.ApiInterceptor - preHandle method is invoked /api/employee/1 DELETE 1.689777035406E12
17148 [Test worker] INFO  c.s.p.interceptor.ApiInterceptor - after completion is invoked Time took is -0.006 seconds.
17154 [Test worker] INFO  c.s.p.interceptor.ApiInterceptor - preHandle method is invoked /api/employee/1 GET 1.689777035416E12
17158 [Test worker] INFO  c.s.p.interceptor.ApiInterceptor - postHandle method is invoked /api/employee/1 GET 1.68977703542E12
17158 [Test worker] INFO  c.s.p.interceptor.ApiInterceptor - after completion is invoked Time took is 0.004 seconds.
17167 [Test worker] INFO  c.s.p.interceptor.ApiInterceptor - preHandle method is invoked /api/employee/department GET 1.689777035429E12
17170 [Test worker] INFO  c.s.p.interceptor.ApiInterceptor - after completion is invoked Time took is -0.009 seconds.
17176 [Test worker] INFO  c.s.p.interceptor.ApiInterceptor - preHandle method is invoked /api/employee/0 GET 1.689777035438E12
17178 [Test worker] INFO  c.s.p.interceptor.ApiInterceptor - after completion is invoked Time took is -0.018 seconds.
17183 [Test worker] INFO  c.s.p.interceptor.ApiInterceptor - preHandle method is invoked /api/employee/findAll GET 1.689777035445E12
17184 [Test worker] INFO  c.s.p.interceptor.ApiInterceptor - after completion is invoked Time took is -0.025 seconds.
17189 [Test worker] INFO  c.s.p.interceptor.ApiInterceptor - preHandle method is invoked /api/employee/course GET 1.689777035451E12
17191 [Test worker] INFO  c.s.p.interceptor.ApiInterceptor - after completion is invoked Time took is -0.031 seconds.
17197 [Test worker] INFO  c.s.p.interceptor.ApiInterceptor - preHandle method is invoked /api/employee/updateSalaryById PUT 1.689777035459E12
17198 [Test worker] INFO  c.s.p.interceptor.ApiInterceptor - after completion is invoked Time took is -0.039 seconds.
17204 [Test worker] INFO  c.s.p.interceptor.ApiInterceptor - preHandle method is invoked /api/employee/department/maxSalary GET 1.689777035466E12
17205 [Test worker] INFO  c.s.p.interceptor.ApiInterceptor - postHandle method is invoked /api/employee/department/maxSalary GET 1.689777035467E12
17205 [Test worker] INFO  c.s.p.interceptor.ApiInterceptor - after completion is invoked Time took is 0.001 seconds.
17211 [Test worker] INFO  c.s.p.interceptor.ApiInterceptor - preHandle method is invoked /api/employee GET 1.689777035473E12
17213 [Test worker] INFO  c.s.p.interceptor.ApiInterceptor - postHandle method is invoked /api/employee GET 1.689777035475E12
17213 [Test worker] INFO  c.s.p.interceptor.ApiInterceptor - after completion is invoked Time took is 0.002 seconds.
17265 [Test worker] INFO  c.s.p.service.AddressServiceTest - Starting AddressServiceTest using Java 17.0.7 with PID 5312 (started by ssama in C:\Users\ssama\Desktop\project\springproject - Copy)
17266 [Test worker] DEBUG c.s.p.service.AddressServiceTest - Running with Spring Boot v3.1.1, Spring v6.0.10
17266 [Test worker] INFO  c.s.p.service.AddressServiceTest - No active profile set, falling back to 1 default profile: "default"
18082 [Test worker] INFO  c.s.p.service.AddressServiceTest - Started AddressServiceTest in 0.844 seconds (process running for 20.342)
18176 [Test worker] INFO  c.s.p.service.CourseServiceTest - Starting CourseServiceTest using Java 17.0.7 with PID 5312 (started by ssama in C:\Users\ssama\Desktop\project\springproject - Copy)
18176 [Test worker] DEBUG c.s.p.service.CourseServiceTest - Running with Spring Boot v3.1.1, Spring v6.0.10
18176 [Test worker] INFO  c.s.p.service.CourseServiceTest - No active profile set, falling back to 1 default profile: "default"
18910 [Test worker] INFO  c.s.p.service.CourseServiceTest - Started CourseServiceTest in 0.762 seconds (process running for 21.172)
18922 [Test worker] ERROR c.s.p.service.CourseServiceImpl - Invalid coursename
18989 [Test worker] INFO  c.s.p.service.EmployeeServiceTest - Starting EmployeeServiceTest using Java 17.0.7 with PID 5312 (started by ssama in C:\Users\ssama\Desktop\project\springproject - Copy)
18990 [Test worker] DEBUG c.s.p.service.EmployeeServiceTest - Running with Spring Boot v3.1.1, Spring v6.0.10
18990 [Test worker] INFO  c.s.p.service.EmployeeServiceTest - No active profile set, falling back to 1 default profile: "default"
19737 [Test worker] INFO  c.s.p.service.EmployeeServiceTest - Started EmployeeServiceTest in 0.771 seconds (process running for 21.997)
19781 [Test worker] INFO  c.s.p.service.EmployeeServiceImpl - Course already exists !
19781 [Test worker] INFO  c.s.p.service.EmployeeServiceImpl - Course already exists !
19818 [Test worker] INFO  c.s.p.service.EmployeeServiceImpl - Course already exists !
19818 [Test worker] INFO  c.s.p.service.EmployeeServiceImpl - Course already exists !
19842 [Test worker] ERROR c.s.p.service.EmployeeServiceImpl - Employee with id : 0  does not exist ! 
19889 [Test worker] ERROR c.s.p.service.EmployeeServiceImpl - Employee with lastname sujith is not inserted
7970 [Test worker] INFO  c.sujith.project.ProjectApplication - Starting ProjectApplication using Java 17.0.7 with PID 31640 (started by ssama in C:\Users\ssama\Desktop\project\springproject - Copy)
7971 [Test worker] DEBUG c.sujith.project.ProjectApplication - Running with Spring Boot v3.1.1, Spring v6.0.10
7972 [Test worker] INFO  c.sujith.project.ProjectApplication - No active profile set, falling back to 1 default profile: "default"
9266 [Test worker] INFO  c.sujith.project.ProjectApplication - Started ProjectApplication in 1.356 seconds (process running for 10.656)
9353 [Test worker] INFO  c.s.p.c.AddressControllerTest - Starting AddressControllerTest using Java 17.0.7 with PID 31640 (started by ssama in C:\Users\ssama\Desktop\project\springproject - Copy)
9353 [Test worker] DEBUG c.s.p.c.AddressControllerTest - Running with Spring Boot v3.1.1, Spring v6.0.10
9355 [Test worker] INFO  c.s.p.c.AddressControllerTest - No active profile set, falling back to 1 default profile: "default"
10994 [Test worker] INFO  c.s.p.c.AddressControllerTest - Started AddressControllerTest in 1.67 seconds (process running for 12.384)
11186 [Test worker] INFO  c.s.p.interceptor.ApiInterceptor - preHandle method is invoked /api/address GET 1.68977738743E12
11506 [Test worker] INFO  c.s.p.interceptor.ApiInterceptor - postHandle method is invoked /api/address GET 1.68977738775E12
11510 [Test worker] INFO  c.s.p.interceptor.ApiInterceptor - after completion is invoked Time took is 0.32 seconds.
11546 [Test worker] INFO  c.s.p.interceptor.ApiInterceptor - preHandle method is invoked /api/address GET 1.689777387789E12
11577 [Test worker] INFO  c.s.p.interceptor.ApiInterceptor - after completion is invoked Time took is -0.039 seconds.
11782 [Test worker] INFO  c.s.p.c.CourseControllerTest - Starting CourseControllerTest using Java 17.0.7 with PID 31640 (started by ssama in C:\Users\ssama\Desktop\project\springproject - Copy)
11782 [Test worker] DEBUG c.s.p.c.CourseControllerTest - Running with Spring Boot v3.1.1, Spring v6.0.10
11783 [Test worker] INFO  c.s.p.c.CourseControllerTest - No active profile set, falling back to 1 default profile: "default"
13233 [Test worker] INFO  c.s.p.c.CourseControllerTest - Started CourseControllerTest in 1.493 seconds (process running for 14.622)
13244 [Test worker] INFO  c.s.p.interceptor.ApiInterceptor - preHandle method is invoked /api/courses GET 1.689777389488E12
13250 [Test worker] INFO  c.s.p.interceptor.ApiInterceptor - postHandle method is invoked /api/courses GET 1.689777389494E12
13251 [Test worker] INFO  c.s.p.interceptor.ApiInterceptor - after completion is invoked Time took is 0.006 seconds.
13268 [Test worker] INFO  c.s.p.interceptor.ApiInterceptor - preHandle method is invoked /api/courses/insertMany POST 1.689777389512E12
13393 [Test worker] INFO  c.s.p.interceptor.ApiInterceptor - postHandle method is invoked /api/courses/insertMany POST 1.689777389637E12
13394 [Test worker] INFO  c.s.p.interceptor.ApiInterceptor - after completion is invoked Time took is 0.125 seconds.
13405 [Test worker] INFO  c.s.p.interceptor.ApiInterceptor - preHandle method is invoked /api/courses POST 1.689777389649E12
13414 [Test worker] INFO  c.s.p.interceptor.ApiInterceptor - after completion is invoked Time took is -0.012 seconds.
13420 [Test worker] INFO  c.s.p.interceptor.ApiInterceptor - preHandle method is invoked /api/courses POST 1.689777389664E12
13425 [Test worker] INFO  c.s.p.interceptor.ApiInterceptor - postHandle method is invoked /api/courses POST 1.689777389669E12
13425 [Test worker] INFO  c.s.p.interceptor.ApiInterceptor - after completion is invoked Time took is 0.005 seconds.
13437 [Test worker] INFO  c.s.p.interceptor.ApiInterceptor - preHandle method is invoked /api/courses GET 1.689777389681E12
13440 [Test worker] INFO  c.s.p.interceptor.ApiInterceptor - after completion is invoked Time took is -0.012 seconds.
13457 [Test worker] INFO  c.s.p.interceptor.ApiInterceptor - preHandle method is invoked /api/courses/insertMany POST 1.689777389701E12
13462 [Test worker] INFO  c.s.p.interceptor.ApiInterceptor - after completion is invoked Time took is -0.032 seconds.
13519 [Test worker] INFO  c.s.p.c.EmployeeControllerTest - Starting EmployeeControllerTest using Java 17.0.7 with PID 31640 (started by ssama in C:\Users\ssama\Desktop\project\springproject - Copy)
13519 [Test worker] DEBUG c.s.p.c.EmployeeControllerTest - Running with Spring Boot v3.1.1, Spring v6.0.10
13520 [Test worker] INFO  c.s.p.c.EmployeeControllerTest - No active profile set, falling back to 1 default profile: "default"
14483 [Test worker] INFO  c.s.p.c.EmployeeControllerTest - Started EmployeeControllerTest in 1.001 seconds (process running for 15.872)
14495 [Test worker] INFO  c.s.p.interceptor.ApiInterceptor - preHandle method is invoked /api/employee/15 GET 1.689777390738E12
14520 [Test worker] INFO  c.s.p.interceptor.ApiInterceptor - preHandle method is invoked /api/employee/department GET 1.689777390764E12
14539 [Test worker] INFO  c.s.p.interceptor.ApiInterceptor - postHandle method is invoked /api/employee/department GET 1.689777390783E12
14539 [Test worker] INFO  c.s.p.interceptor.ApiInterceptor - after completion is invoked Time took is 0.019 seconds.
14546 [Test worker] INFO  c.s.p.interceptor.ApiInterceptor - preHandle method is invoked /api/employee/maxSalary GET 1.68977739079E12
14547 [Test worker] INFO  c.s.p.interceptor.ApiInterceptor - postHandle method is invoked /api/employee/maxSalary GET 1.689777390791E12
14547 [Test worker] INFO  c.s.p.interceptor.ApiInterceptor - after completion is invoked Time took is 0.001 seconds.
14568 [Test worker] INFO  c.s.p.interceptor.ApiInterceptor - preHandle method is invoked /api/employee/updateSalaryById PUT 1.689777390812E12
14573 [Test worker] INFO  c.s.p.interceptor.ApiInterceptor - postHandle method is invoked /api/employee/updateSalaryById PUT 1.689777390817E12
14573 [Test worker] INFO  c.s.p.interceptor.ApiInterceptor - after completion is invoked Time took is 0.005 seconds.
14582 [Test worker] INFO  c.s.p.interceptor.ApiInterceptor - preHandle method is invoked /api/employee/findAll GET 1.689777390826E12
14584 [Test worker] INFO  c.s.p.interceptor.ApiInterceptor - postHandle method is invoked /api/employee/findAll GET 1.689777390828E12
14584 [Test worker] INFO  c.s.p.interceptor.ApiInterceptor - after completion is invoked Time took is 0.002 seconds.
14594 [Test worker] INFO  c.s.p.interceptor.ApiInterceptor - preHandle method is invoked /api/employee/course GET 1.689777390838E12
14597 [Test worker] INFO  c.s.p.interceptor.ApiInterceptor - postHandle method is invoked /api/employee/course GET 1.689777390841E12
14598 [Test worker] INFO  c.s.p.interceptor.ApiInterceptor - after completion is invoked Time took is 0.003 seconds.
14608 [Test worker] INFO  c.s.p.interceptor.ApiInterceptor - preHandle method is invoked /api/employee POST 1.689777390852E12
14617 [Test worker] INFO  c.s.p.interceptor.ApiInterceptor - postHandle method is invoked /api/employee POST 1.689777390861E12
14617 [Test worker] INFO  c.s.p.interceptor.ApiInterceptor - after completion is invoked Time took is 0.009 seconds.
14625 [Test worker] INFO  c.s.p.interceptor.ApiInterceptor - preHandle method is invoked /api/employee GET 1.689777390869E12
14632 [Test worker] INFO  c.s.p.interceptor.ApiInterceptor - after completion is invoked Time took is -0.008 seconds.
14638 [Test worker] INFO  c.s.p.interceptor.ApiInterceptor - preHandle method is invoked /api/employee PUT 1.689777390882E12
14640 [Test worker] INFO  c.s.p.interceptor.ApiInterceptor - after completion is invoked Time took is -0.021 seconds.
14650 [Test worker] INFO  c.s.p.interceptor.ApiInterceptor - preHandle method is invoked /api/employee GET 1.689777390894E12
14681 [Test worker] INFO  c.s.p.interceptor.ApiInterceptor - after completion is invoked Time took is -0.033 seconds.
14689 [Test worker] INFO  c.s.p.interceptor.ApiInterceptor - preHandle method is invoked /api/employee/1 DELETE 1.689777390933E12
14692 [Test worker] INFO  c.s.p.interceptor.ApiInterceptor - postHandle method is invoked /api/employee/1 DELETE 1.689777390936E12
14694 [Test worker] INFO  c.s.p.interceptor.ApiInterceptor - after completion is invoked Time took is 0.003 seconds.
14702 [Test worker] INFO  c.s.p.interceptor.ApiInterceptor - preHandle method is invoked /api/employee/department/maxSalary GET 1.689777390946E12
14705 [Test worker] INFO  c.s.p.interceptor.ApiInterceptor - after completion is invoked Time took is -0.01 seconds.
14713 [Test worker] INFO  c.s.p.interceptor.ApiInterceptor - preHandle method is invoked /api/employee/maxSalary GET 1.689777390957E12
14714 [Test worker] INFO  c.s.p.interceptor.ApiInterceptor - after completion is invoked Time took is -0.021 seconds.
14722 [Test worker] INFO  c.s.p.interceptor.ApiInterceptor - preHandle method is invoked /api/employee PUT 1.689777390966E12
14724 [Test worker] INFO  c.s.p.interceptor.ApiInterceptor - postHandle method is invoked /api/employee PUT 1.689777390968E12
14724 [Test worker] INFO  c.s.p.interceptor.ApiInterceptor - after completion is invoked Time took is 0.002 seconds.
14731 [Test worker] INFO  c.s.p.interceptor.ApiInterceptor - preHandle method is invoked /api/employee/insertAll POST 1.689777390975E12
14736 [Test worker] INFO  c.s.p.interceptor.ApiInterceptor - postHandle method is invoked /api/employee/insertAll POST 1.68977739098E12
14736 [Test worker] INFO  c.s.p.interceptor.ApiInterceptor - after completion is invoked Time took is 0.005 seconds.
14743 [Test worker] INFO  c.s.p.interceptor.ApiInterceptor - preHandle method is invoked /api/employee/1 DELETE 1.689777390987E12
14747 [Test worker] INFO  c.s.p.interceptor.ApiInterceptor - after completion is invoked Time took is -0.007 seconds.
14757 [Test worker] INFO  c.s.p.interceptor.ApiInterceptor - preHandle method is invoked /api/employee/1 GET 1.689777391001E12
14761 [Test worker] INFO  c.s.p.interceptor.ApiInterceptor - postHandle method is invoked /api/employee/1 GET 1.689777391005E12
14762 [Test worker] INFO  c.s.p.interceptor.ApiInterceptor - after completion is invoked Time took is 0.004 seconds.
14772 [Test worker] INFO  c.s.p.interceptor.ApiInterceptor - preHandle method is invoked /api/employee/department GET 1.689777391016E12
14775 [Test worker] INFO  c.s.p.interceptor.ApiInterceptor - after completion is invoked Time took is -0.011 seconds.
14782 [Test worker] INFO  c.s.p.interceptor.ApiInterceptor - preHandle method is invoked /api/employee/0 GET 1.689777391026E12
14787 [Test worker] INFO  c.s.p.interceptor.ApiInterceptor - after completion is invoked Time took is -0.021 seconds.
14797 [Test worker] INFO  c.s.p.interceptor.ApiInterceptor - preHandle method is invoked /api/employee/findAll GET 1.689777391041E12
14802 [Test worker] INFO  c.s.p.interceptor.ApiInterceptor - after completion is invoked Time took is -0.036 seconds.
14810 [Test worker] INFO  c.s.p.interceptor.ApiInterceptor - preHandle method is invoked /api/employee/course GET 1.689777391054E12
14813 [Test worker] INFO  c.s.p.interceptor.ApiInterceptor - after completion is invoked Time took is -0.049 seconds.
14821 [Test worker] INFO  c.s.p.interceptor.ApiInterceptor - preHandle method is invoked /api/employee/updateSalaryById PUT 1.689777391065E12
14824 [Test worker] INFO  c.s.p.interceptor.ApiInterceptor - after completion is invoked Time took is -0.06 seconds.
14829 [Test worker] INFO  c.s.p.interceptor.ApiInterceptor - preHandle method is invoked /api/employee/department/maxSalary GET 1.689777391073E12
14833 [Test worker] INFO  c.s.p.interceptor.ApiInterceptor - postHandle method is invoked /api/employee/department/maxSalary GET 1.689777391077E12
14833 [Test worker] INFO  c.s.p.interceptor.ApiInterceptor - after completion is invoked Time took is 0.004 seconds.
14840 [Test worker] INFO  c.s.p.interceptor.ApiInterceptor - preHandle method is invoked /api/employee GET 1.689777391084E12
14841 [Test worker] INFO  c.s.p.interceptor.ApiInterceptor - postHandle method is invoked /api/employee GET 1.689777391085E12
14842 [Test worker] INFO  c.s.p.interceptor.ApiInterceptor - after completion is invoked Time took is 0.001 seconds.
15050 [Test worker] INFO  c.s.p.service.AddressServiceTest - Starting AddressServiceTest using Java 17.0.7 with PID 31640 (started by ssama in C:\Users\ssama\Desktop\project\springproject - Copy)
15051 [Test worker] DEBUG c.s.p.service.AddressServiceTest - Running with Spring Boot v3.1.1, Spring v6.0.10
15051 [Test worker] INFO  c.s.p.service.AddressServiceTest - No active profile set, falling back to 1 default profile: "default"
16085 [Test worker] INFO  c.s.p.service.AddressServiceTest - Started AddressServiceTest in 1.092 seconds (process running for 17.475)
16156 [Test worker] INFO  c.s.p.service.CourseServiceTest - Starting CourseServiceTest using Java 17.0.7 with PID 31640 (started by ssama in C:\Users\ssama\Desktop\project\springproject - Copy)
16156 [Test worker] DEBUG c.s.p.service.CourseServiceTest - Running with Spring Boot v3.1.1, Spring v6.0.10
16156 [Test worker] INFO  c.s.p.service.CourseServiceTest - No active profile set, falling back to 1 default profile: "default"
16955 [Test worker] INFO  c.s.p.service.CourseServiceTest - Started CourseServiceTest in 0.82 seconds (process running for 18.344)
16963 [Test worker] ERROR c.s.p.service.CourseServiceImpl - Invalid coursename
17045 [Test worker] INFO  c.s.p.service.EmployeeServiceTest - Starting EmployeeServiceTest using Java 17.0.7 with PID 31640 (started by ssama in C:\Users\ssama\Desktop\project\springproject - Copy)
17046 [Test worker] DEBUG c.s.p.service.EmployeeServiceTest - Running with Spring Boot v3.1.1, Spring v6.0.10
17046 [Test worker] INFO  c.s.p.service.EmployeeServiceTest - No active profile set, falling back to 1 default profile: "default"
17966 [Test worker] INFO  c.s.p.service.EmployeeServiceTest - Started EmployeeServiceTest in 0.951 seconds (process running for 19.355)
18014 [Test worker] INFO  c.s.p.service.EmployeeServiceImpl - Course already exists !
18015 [Test worker] INFO  c.s.p.service.EmployeeServiceImpl - Course already exists !
18067 [Test worker] INFO  c.s.p.service.EmployeeServiceImpl - Course already exists !
18067 [Test worker] INFO  c.s.p.service.EmployeeServiceImpl - Course already exists !
18096 [Test worker] ERROR c.s.p.service.EmployeeServiceImpl - Employee with id : 0  does not exist ! 
18152 [Test worker] ERROR c.s.p.service.EmployeeServiceImpl - Employee with lastname sujith is not inserted
7665 [Test worker] INFO  c.sujith.project.ProjectApplication - Starting ProjectApplication using Java 17.0.7 with PID 18228 (started by ssama in C:\Users\ssama\Desktop\project\springproject - Copy)
7666 [Test worker] DEBUG c.sujith.project.ProjectApplication - Running with Spring Boot v3.1.1, Spring v6.0.10
7667 [Test worker] INFO  c.sujith.project.ProjectApplication - No active profile set, falling back to 1 default profile: "default"
8965 [Test worker] INFO  c.sujith.project.ProjectApplication - Started ProjectApplication in 1.339 seconds (process running for 10.539)
9059 [Test worker] INFO  c.s.p.c.AddressControllerTest - Starting AddressControllerTest using Java 17.0.7 with PID 18228 (started by ssama in C:\Users\ssama\Desktop\project\springproject - Copy)
9059 [Test worker] DEBUG c.s.p.c.AddressControllerTest - Running with Spring Boot v3.1.1, Spring v6.0.10
9060 [Test worker] INFO  c.s.p.c.AddressControllerTest - No active profile set, falling back to 1 default profile: "default"
10624 [Test worker] INFO  c.s.p.c.AddressControllerTest - Started AddressControllerTest in 1.603 seconds (process running for 12.198)
10801 [Test worker] INFO  c.s.p.interceptor.ApiInterceptor - preHandle method is invoked /api/address GET 1.689777612922E12
11092 [Test worker] INFO  c.s.p.interceptor.ApiInterceptor - postHandle method is invoked /api/address GET 1.689777613213E12
11096 [Test worker] INFO  c.s.p.interceptor.ApiInterceptor - after completion is invoked Time took is 0.291 seconds.
11127 [Test worker] INFO  c.s.p.interceptor.ApiInterceptor - preHandle method is invoked /api/address GET 1.689777613248E12
11150 [Test worker] INFO  c.s.p.interceptor.ApiInterceptor - after completion is invoked Time took is -0.035 seconds.
11297 [Test worker] INFO  c.s.p.c.CourseControllerTest - Starting CourseControllerTest using Java 17.0.7 with PID 18228 (started by ssama in C:\Users\ssama\Desktop\project\springproject - Copy)
11298 [Test worker] DEBUG c.s.p.c.CourseControllerTest - Running with Spring Boot v3.1.1, Spring v6.0.10
11298 [Test worker] INFO  c.s.p.c.CourseControllerTest - No active profile set, falling back to 1 default profile: "default"
12369 [Test worker] INFO  c.s.p.c.CourseControllerTest - Started CourseControllerTest in 1.108 seconds (process running for 13.942)
12379 [Test worker] INFO  c.s.p.interceptor.ApiInterceptor - preHandle method is invoked /api/courses GET 1.6897776145E12
12384 [Test worker] INFO  c.s.p.interceptor.ApiInterceptor - postHandle method is invoked /api/courses GET 1.689777614505E12
12386 [Test worker] INFO  c.s.p.interceptor.ApiInterceptor - after completion is invoked Time took is 0.005 seconds.
12398 [Test worker] INFO  c.s.p.interceptor.ApiInterceptor - preHandle method is invoked /api/courses/insertMany POST 1.689777614519E12
12511 [Test worker] INFO  c.s.p.interceptor.ApiInterceptor - postHandle method is invoked /api/courses/insertMany POST 1.689777614632E12
12513 [Test worker] INFO  c.s.p.interceptor.ApiInterceptor - after completion is invoked Time took is 0.113 seconds.
12523 [Test worker] INFO  c.s.p.interceptor.ApiInterceptor - preHandle method is invoked /api/courses POST 1.689777614644E12
12534 [Test worker] INFO  c.s.p.interceptor.ApiInterceptor - after completion is invoked Time took is -0.012 seconds.
12546 [Test worker] INFO  c.s.p.interceptor.ApiInterceptor - preHandle method is invoked /api/courses POST 1.689777614667E12
12552 [Test worker] INFO  c.s.p.interceptor.ApiInterceptor - postHandle method is invoked /api/courses POST 1.689777614673E12
12552 [Test worker] INFO  c.s.p.interceptor.ApiInterceptor - after completion is invoked Time took is 0.006 seconds.
12563 [Test worker] INFO  c.s.p.interceptor.ApiInterceptor - preHandle method is invoked /api/courses GET 1.689777614684E12
12567 [Test worker] INFO  c.s.p.interceptor.ApiInterceptor - after completion is invoked Time took is -0.011 seconds.
12578 [Test worker] INFO  c.s.p.interceptor.ApiInterceptor - preHandle method is invoked /api/courses/insertMany POST 1.689777614699E12
12582 [Test worker] INFO  c.s.p.interceptor.ApiInterceptor - after completion is invoked Time took is -0.026 seconds.
12649 [Test worker] INFO  c.s.p.c.EmployeeControllerTest - Starting EmployeeControllerTest using Java 17.0.7 with PID 18228 (started by ssama in C:\Users\ssama\Desktop\project\springproject - Copy)
12650 [Test worker] DEBUG c.s.p.c.EmployeeControllerTest - Running with Spring Boot v3.1.1, Spring v6.0.10
12650 [Test worker] INFO  c.s.p.c.EmployeeControllerTest - No active profile set, falling back to 1 default profile: "default"
13692 [Test worker] INFO  c.s.p.c.EmployeeControllerTest - Started EmployeeControllerTest in 1.09 seconds (process running for 15.266)
13704 [Test worker] INFO  c.s.p.interceptor.ApiInterceptor - preHandle method is invoked /api/employee/15 GET 1.689777615825E12
13724 [Test worker] INFO  c.s.p.interceptor.ApiInterceptor - preHandle method is invoked /api/employee/department GET 1.689777615845E12
13744 [Test worker] INFO  c.s.p.interceptor.ApiInterceptor - postHandle method is invoked /api/employee/department GET 1.689777615865E12
13744 [Test worker] INFO  c.s.p.interceptor.ApiInterceptor - after completion is invoked Time took is 0.02 seconds.
13750 [Test worker] INFO  c.s.p.interceptor.ApiInterceptor - preHandle method is invoked /api/employee/maxSalary GET 1.689777615871E12
13752 [Test worker] INFO  c.s.p.interceptor.ApiInterceptor - postHandle method is invoked /api/employee/maxSalary GET 1.689777615873E12
13753 [Test worker] INFO  c.s.p.interceptor.ApiInterceptor - after completion is invoked Time took is 0.002 seconds.
13771 [Test worker] INFO  c.s.p.interceptor.ApiInterceptor - preHandle method is invoked /api/employee/updateSalaryById PUT 1.689777615892E12
13776 [Test worker] INFO  c.s.p.interceptor.ApiInterceptor - postHandle method is invoked /api/employee/updateSalaryById PUT 1.689777615897E12
13777 [Test worker] INFO  c.s.p.interceptor.ApiInterceptor - after completion is invoked Time took is 0.005 seconds.
13787 [Test worker] INFO  c.s.p.interceptor.ApiInterceptor - preHandle method is invoked /api/employee/findAll GET 1.689777615908E12
13788 [Test worker] INFO  c.s.p.interceptor.ApiInterceptor - postHandle method is invoked /api/employee/findAll GET 1.689777615909E12
13788 [Test worker] INFO  c.s.p.interceptor.ApiInterceptor - after completion is invoked Time took is 0.001 seconds.
13795 [Test worker] INFO  c.s.p.interceptor.ApiInterceptor - preHandle method is invoked /api/employee/course GET 1.689777615916E12
13798 [Test worker] INFO  c.s.p.interceptor.ApiInterceptor - postHandle method is invoked /api/employee/course GET 1.689777615919E12
13798 [Test worker] INFO  c.s.p.interceptor.ApiInterceptor - after completion is invoked Time took is 0.003 seconds.
13808 [Test worker] INFO  c.s.p.interceptor.ApiInterceptor - preHandle method is invoked /api/employee POST 1.689777615929E12
13814 [Test worker] INFO  c.s.p.interceptor.ApiInterceptor - postHandle method is invoked /api/employee POST 1.689777615935E12
13816 [Test worker] INFO  c.s.p.interceptor.ApiInterceptor - after completion is invoked Time took is 0.006 seconds.
13823 [Test worker] INFO  c.s.p.interceptor.ApiInterceptor - preHandle method is invoked /api/employee GET 1.689777615944E12
13826 [Test worker] INFO  c.s.p.interceptor.ApiInterceptor - after completion is invoked Time took is -0.009 seconds.
13835 [Test worker] INFO  c.s.p.interceptor.ApiInterceptor - preHandle method is invoked /api/employee PUT 1.689777615956E12
13839 [Test worker] INFO  c.s.p.interceptor.ApiInterceptor - after completion is invoked Time took is -0.021 seconds.
13851 [Test worker] INFO  c.s.p.interceptor.ApiInterceptor - preHandle method is invoked /api/employee GET 1.689777615972E12
13885 [Test worker] INFO  c.s.p.interceptor.ApiInterceptor - after completion is invoked Time took is -0.037 seconds.
13895 [Test worker] INFO  c.s.p.interceptor.ApiInterceptor - preHandle method is invoked /api/employee/1 DELETE 1.689777616016E12
13898 [Test worker] INFO  c.s.p.interceptor.ApiInterceptor - postHandle method is invoked /api/employee/1 DELETE 1.689777616018E12
13898 [Test worker] INFO  c.s.p.interceptor.ApiInterceptor - after completion is invoked Time took is 0.002 seconds.
13907 [Test worker] INFO  c.s.p.interceptor.ApiInterceptor - preHandle method is invoked /api/employee/department/maxSalary GET 1.689777616028E12
13911 [Test worker] INFO  c.s.p.interceptor.ApiInterceptor - after completion is invoked Time took is -0.01 seconds.
13921 [Test worker] INFO  c.s.p.interceptor.ApiInterceptor - preHandle method is invoked /api/employee/maxSalary GET 1.689777616042E12
13923 [Test worker] INFO  c.s.p.interceptor.ApiInterceptor - after completion is invoked Time took is -0.024 seconds.
13931 [Test worker] INFO  c.s.p.interceptor.ApiInterceptor - preHandle method is invoked /api/employee PUT 1.689777616052E12
13936 [Test worker] INFO  c.s.p.interceptor.ApiInterceptor - postHandle method is invoked /api/employee PUT 1.689777616057E12
13937 [Test worker] INFO  c.s.p.interceptor.ApiInterceptor - after completion is invoked Time took is 0.005 seconds.
13947 [Test worker] INFO  c.s.p.interceptor.ApiInterceptor - preHandle method is invoked /api/employee/insertAll POST 1.689777616068E12
13955 [Test worker] INFO  c.s.p.interceptor.ApiInterceptor - postHandle method is invoked /api/employee/insertAll POST 1.689777616076E12
13955 [Test worker] INFO  c.s.p.interceptor.ApiInterceptor - after completion is invoked Time took is 0.008 seconds.
13964 [Test worker] INFO  c.s.p.interceptor.ApiInterceptor - preHandle method is invoked /api/employee/1 DELETE 1.689777616085E12
13972 [Test worker] INFO  c.s.p.interceptor.ApiInterceptor - after completion is invoked Time took is -0.009 seconds.
13985 [Test worker] INFO  c.s.p.interceptor.ApiInterceptor - preHandle method is invoked /api/employee/1 GET 1.689777616106E12
13991 [Test worker] INFO  c.s.p.interceptor.ApiInterceptor - postHandle method is invoked /api/employee/1 GET 1.689777616112E12
13992 [Test worker] INFO  c.s.p.interceptor.ApiInterceptor - after completion is invoked Time took is 0.006 seconds.
14003 [Test worker] INFO  c.s.p.interceptor.ApiInterceptor - preHandle method is invoked /api/employee/department GET 1.689777616124E12
14006 [Test worker] INFO  c.s.p.interceptor.ApiInterceptor - after completion is invoked Time took is -0.012 seconds.
14014 [Test worker] INFO  c.s.p.interceptor.ApiInterceptor - preHandle method is invoked /api/employee/0 GET 1.689777616135E12
14018 [Test worker] INFO  c.s.p.interceptor.ApiInterceptor - after completion is invoked Time took is -0.023 seconds.
14028 [Test worker] INFO  c.s.p.interceptor.ApiInterceptor - preHandle method is invoked /api/employee/findAll GET 1.689777616149E12
14031 [Test worker] INFO  c.s.p.interceptor.ApiInterceptor - after completion is invoked Time took is -0.037 seconds.
14044 [Test worker] INFO  c.s.p.interceptor.ApiInterceptor - preHandle method is invoked /api/employee/course GET 1.689777616165E12
14049 [Test worker] INFO  c.s.p.interceptor.ApiInterceptor - after completion is invoked Time took is -0.053 seconds.
14055 [Test worker] INFO  c.s.p.interceptor.ApiInterceptor - preHandle method is invoked /api/employee/updateSalaryById PUT 1.689777616176E12
14058 [Test worker] INFO  c.s.p.interceptor.ApiInterceptor - after completion is invoked Time took is -0.064 seconds.
14071 [Test worker] INFO  c.s.p.interceptor.ApiInterceptor - preHandle method is invoked /api/employee/department/maxSalary GET 1.689777616192E12
14074 [Test worker] INFO  c.s.p.interceptor.ApiInterceptor - postHandle method is invoked /api/employee/department/maxSalary GET 1.689777616195E12
14074 [Test worker] INFO  c.s.p.interceptor.ApiInterceptor - after completion is invoked Time took is 0.003 seconds.
14083 [Test worker] INFO  c.s.p.interceptor.ApiInterceptor - preHandle method is invoked /api/employee GET 1.689777616204E12
14086 [Test worker] INFO  c.s.p.interceptor.ApiInterceptor - postHandle method is invoked /api/employee GET 1.689777616207E12
14086 [Test worker] INFO  c.s.p.interceptor.ApiInterceptor - after completion is invoked Time took is 0.003 seconds.
14148 [Test worker] INFO  c.s.p.service.AddressServiceTest - Starting AddressServiceTest using Java 17.0.7 with PID 18228 (started by ssama in C:\Users\ssama\Desktop\project\springproject - Copy)
14149 [Test worker] DEBUG c.s.p.service.AddressServiceTest - Running with Spring Boot v3.1.1, Spring v6.0.10
14149 [Test worker] INFO  c.s.p.service.AddressServiceTest - No active profile set, falling back to 1 default profile: "default"
15127 [Test worker] INFO  c.s.p.service.AddressServiceTest - Started AddressServiceTest in 1.01 seconds (process running for 16.7)
15219 [Test worker] INFO  c.s.p.service.CourseServiceTest - Starting CourseServiceTest using Java 17.0.7 with PID 18228 (started by ssama in C:\Users\ssama\Desktop\project\springproject - Copy)
15219 [Test worker] DEBUG c.s.p.service.CourseServiceTest - Running with Spring Boot v3.1.1, Spring v6.0.10
15220 [Test worker] INFO  c.s.p.service.CourseServiceTest - No active profile set, falling back to 1 default profile: "default"
16238 [Test worker] INFO  c.s.p.service.CourseServiceTest - Started CourseServiceTest in 1.049 seconds (process running for 17.812)
16249 [Test worker] ERROR c.s.p.service.CourseServiceImpl - Invalid coursename
16334 [Test worker] INFO  c.s.p.service.EmployeeServiceTest - Starting EmployeeServiceTest using Java 17.0.7 with PID 18228 (started by ssama in C:\Users\ssama\Desktop\project\springproject - Copy)
16334 [Test worker] DEBUG c.s.p.service.EmployeeServiceTest - Running with Spring Boot v3.1.1, Spring v6.0.10
16335 [Test worker] INFO  c.s.p.service.EmployeeServiceTest - No active profile set, falling back to 1 default profile: "default"
17260 [Test worker] INFO  c.s.p.service.EmployeeServiceTest - Started EmployeeServiceTest in 0.958 seconds (process running for 18.834)
17302 [Test worker] INFO  c.s.p.service.EmployeeServiceImpl - Course already exists !
17303 [Test worker] INFO  c.s.p.service.EmployeeServiceImpl - Course already exists !
17345 [Test worker] INFO  c.s.p.service.EmployeeServiceImpl - Course already exists !
17346 [Test worker] INFO  c.s.p.service.EmployeeServiceImpl - Course already exists !
17372 [Test worker] ERROR c.s.p.service.EmployeeServiceImpl - Employee with id : 0  does not exist ! 
17430 [Test worker] ERROR c.s.p.service.EmployeeServiceImpl - Employee with lastname sujith is not inserted
1209 [restartedMain] INFO  c.sujith.project.ProjectApplication - Starting ProjectApplication using Java 17.0.7 with PID 9268 (C:\Users\ssama\Desktop\project\springproject - Copy\build\classes\java\main started by ssama in C:\Users\ssama\Desktop\project\springproject - Copy)
1211 [restartedMain] DEBUG c.sujith.project.ProjectApplication - Running with Spring Boot v3.1.1, Spring v6.0.10
1212 [restartedMain] INFO  c.sujith.project.ProjectApplication - No active profile set, falling back to 1 default profile: "default"
5480 [restartedMain] INFO  c.sujith.project.ProjectApplication - Started ProjectApplication in 5.035 seconds (process running for 6.052)
14732 [http-nio-8080-exec-1] INFO  c.s.p.interceptor.ApiInterceptor - preHandle method is invoked /api/employee/1 GET 1.689778028835E12
20538 [http-nio-8080-exec-2] INFO  c.s.p.interceptor.ApiInterceptor - preHandle method is invoked /api/employee/0 GET 1.689778034641E12
20539 [http-nio-8080-exec-2] ERROR c.s.p.service.EmployeeServiceImpl - Employee with id : 0  does not exist ! 
24285 [http-nio-8080-exec-7] INFO  c.s.p.interceptor.ApiInterceptor - preHandle method is invoked /api/employee/findAll GET 1.689778038388E12
24872 [http-nio-8080-exec-7] WARN  c.s.project.dao.EmployeeDaoImpl - Database is Empty !
30396 [http-nio-8080-exec-5] INFO  c.s.p.interceptor.ApiInterceptor - preHandle method is invoked /api/employee GET 1.689778044499E12
30513 [http-nio-8080-exec-5] WARN  c.s.project.dao.EmployeeDaoImpl - No employees were found with given name : Ava
36084 [http-nio-8080-exec-6] INFO  c.s.p.interceptor.ApiInterceptor - preHandle method is invoked /api/employee/department GET 1.689778050187E12
40786 [http-nio-8080-exec-4] INFO  c.s.p.interceptor.ApiInterceptor - preHandle method is invoked /api/employee/department/maxSalary GET 1.689778054889E12
44187 [http-nio-8080-exec-8] INFO  c.s.p.interceptor.ApiInterceptor - preHandle method is invoked /api/employee/maxSalary GET 1.68977805829E12
136819 [http-nio-8080-exec-3] INFO  c.s.p.interceptor.ApiInterceptor - preHandle method is invoked /api/address GET 1.689778150922E12
141278 [http-nio-8080-exec-1] INFO  c.s.p.interceptor.ApiInterceptor - preHandle method is invoked /api/employee/course GET 1.689778155381E12
146513 [http-nio-8080-exec-2] INFO  c.s.p.interceptor.ApiInterceptor - preHandle method is invoked /api/courses GET 1.689778160616E12
151615 [http-nio-8080-exec-7] INFO  c.s.p.interceptor.ApiInterceptor - preHandle method is invoked /api/employee/1 DELETE 1.689778165718E12
174169 [http-nio-8080-exec-4] INFO  c.s.p.interceptor.ApiInterceptor - preHandle method is invoked /api/employee PUT 1.689778188272E12
178676 [http-nio-8080-exec-8] INFO  c.s.p.interceptor.ApiInterceptor - preHandle method is invoked /api/employee/updateSalaryById PUT 1.689778192779E12
194142 [http-nio-8080-exec-9] INFO  c.s.p.interceptor.ApiInterceptor - preHandle method is invoked /api/employee POST 1.689778208245E12
204820 [http-nio-8080-exec-3] INFO  c.s.p.interceptor.ApiInterceptor - preHandle method is invoked /api/employee POST 1.689778218923E12
205120 [http-nio-8080-exec-3] INFO  c.s.p.interceptor.ApiInterceptor - postHandle method is invoked /api/employee POST 1.689778219223E12
205123 [http-nio-8080-exec-3] INFO  c.s.p.interceptor.ApiInterceptor - after completion is invoked Time took is 0.3 seconds.
209836 [http-nio-8080-exec-1] INFO  c.s.p.interceptor.ApiInterceptor - preHandle method is invoked /api/employee/insertAll POST 1.689778223939E12
209851 [http-nio-8080-exec-1] ERROR c.s.p.service.EmployeeServiceImpl - Employee with lastname Doe is not inserted
210131 [http-nio-8080-exec-1] INFO  c.s.p.interceptor.ApiInterceptor - postHandle method is invoked /api/employee/insertAll POST 1.689778224234E12
210133 [http-nio-8080-exec-1] INFO  c.s.p.interceptor.ApiInterceptor - after completion is invoked Time took is 0.295 seconds.
214625 [http-nio-8080-exec-2] INFO  c.s.p.interceptor.ApiInterceptor - preHandle method is invoked /api/courses POST 1.689778228728E12
214645 [http-nio-8080-exec-2] INFO  c.s.p.interceptor.ApiInterceptor - after completion is invoked Time took is -4.494 seconds.
232522 [http-nio-8080-exec-7] INFO  c.s.p.interceptor.ApiInterceptor - preHandle method is invoked /api/courses POST 1.689778246625E12
232537 [http-nio-8080-exec-7] INFO  c.s.p.interceptor.ApiInterceptor - postHandle method is invoked /api/courses POST 1.68977824664E12
232537 [http-nio-8080-exec-7] INFO  c.s.p.interceptor.ApiInterceptor - after completion is invoked Time took is 0.015 seconds.
235698 [http-nio-8080-exec-5] INFO  c.s.p.interceptor.ApiInterceptor - preHandle method is invoked /api/courses POST 1.689778249801E12
235700 [http-nio-8080-exec-5] ERROR c.sujith.project.dao.CourseDaoImpl - Course already exist with name : MYSQL 
235707 [http-nio-8080-exec-5] INFO  c.s.p.interceptor.ApiInterceptor - after completion is invoked Time took is -3.161 seconds.
241831 [http-nio-8080-exec-6] INFO  c.s.p.interceptor.ApiInterceptor - preHandle method is invoked /api/courses/insertMany POST 1.689778255934E12
241850 [http-nio-8080-exec-6] INFO  c.s.p.interceptor.ApiInterceptor - postHandle method is invoked /api/courses/insertMany POST 1.689778255953E12
241850 [http-nio-8080-exec-6] INFO  c.s.p.interceptor.ApiInterceptor - after completion is invoked Time took is 0.019 seconds.
244928 [http-nio-8080-exec-4] INFO  c.s.p.interceptor.ApiInterceptor - preHandle method is invoked /api/courses/insertMany POST 1.689778259031E12
244933 [http-nio-8080-exec-4] ERROR c.sujith.project.dao.CourseDaoImpl - Course already exist with name : Git 
244936 [http-nio-8080-exec-4] INFO  c.s.p.interceptor.ApiInterceptor - after completion is invoked Time took is -3.078 seconds.
249555 [http-nio-8080-exec-8] INFO  c.s.p.interceptor.ApiInterceptor - preHandle method is invoked /api/employee/insertAll POST 1.689778263658E12
251590 [http-nio-8080-exec-8] INFO  c.s.p.interceptor.ApiInterceptor - postHandle method is invoked /api/employee/insertAll POST 1.689778265693E12
251591 [http-nio-8080-exec-8] INFO  c.s.p.interceptor.ApiInterceptor - after completion is invoked Time took is 2.035 seconds.
1501 [restartedMain] INFO  c.sujith.project.ProjectApplication - Starting ProjectApplication using Java 17.0.7 with PID 19400 (C:\Users\ssama\Desktop\project\springproject - final\build\classes\java\main started by ssama in C:\Users\ssama\Desktop\project\springproject - final)
1502 [restartedMain] DEBUG c.sujith.project.ProjectApplication - Running with Spring Boot v3.1.1, Spring v6.0.10
1503 [restartedMain] INFO  c.sujith.project.ProjectApplication - No active profile set, falling back to 1 default profile: "default"
894  [restartedMain] INFO  c.sujith.project.ProjectApplication - Starting ProjectApplication using Java 17.0.7 with PID 19968 (C:\Users\ssama\Desktop\project\springproject - final\build\classes\java\main started by ssama in C:\Users\ssama\Desktop\project\springproject - final)
895  [restartedMain] DEBUG c.sujith.project.ProjectApplication - Running with Spring Boot v3.1.1, Spring v6.0.10
899  [restartedMain] INFO  c.sujith.project.ProjectApplication - No active profile set, falling back to 1 default profile: "default"
4908 [restartedMain] INFO  c.sujith.project.ProjectApplication - Started ProjectApplication in 4.379 seconds (process running for 5.379)
186427 [http-nio-8080-exec-2] INFO  c.s.p.interceptor.ApiInterceptor - preHandle method is invoked /favicon.ico GET 1.689837675817E12
186476 [http-nio-8080-exec-2] INFO  c.s.p.interceptor.ApiInterceptor - postHandle method is invoked /favicon.ico GET 1.689837675866E12
186478 [http-nio-8080-exec-2] INFO  c.s.p.interceptor.ApiInterceptor - after completion is invoked Time took is 0.049 seconds.
186483 [http-nio-8080-exec-2] INFO  c.s.p.interceptor.ApiInterceptor - preHandle method is invoked /error GET 1.689837675873E12
186508 [http-nio-8080-exec-2] INFO  c.s.p.interceptor.ApiInterceptor - postHandle method is invoked /error GET 1.689837675898E12
186508 [http-nio-8080-exec-2] INFO  c.s.p.interceptor.ApiInterceptor - after completion is invoked Time took is 0.025 seconds.
278886 [http-nio-8080-exec-8] INFO  c.s.p.interceptor.ApiInterceptor - preHandle method is invoked /api/employee POST 1.689837768276E12
278910 [http-nio-8080-exec-8] INFO  c.s.p.interceptor.ApiInterceptor - after completion is invoked Time took is -92.378 seconds.
345238 [http-nio-8080-exec-1] INFO  c.s.p.interceptor.ApiInterceptor - preHandle method is invoked /api/employee GET 1.689837834628E12
345246 [http-nio-8080-exec-1] INFO  c.s.p.interceptor.ApiInterceptor - after completion is invoked Time took is -158.73 seconds.
414453 [http-nio-8080-exec-3] INFO  c.s.p.interceptor.ApiInterceptor - preHandle method is invoked /api/employee GET 1.689837903843E12
414457 [http-nio-8080-exec-3] INFO  c.s.p.interceptor.ApiInterceptor - after completion is invoked Time took is -227.945 seconds.
503824 [http-nio-8080-exec-5] INFO  c.s.p.interceptor.ApiInterceptor - preHandle method is invoked /api/employee GET 1.689837993214E12
503826 [http-nio-8080-exec-5] INFO  c.s.p.interceptor.ApiInterceptor - after completion is invoked Time took is -317.316 seconds.
625915 [http-nio-8080-exec-8] INFO  c.s.p.interceptor.ApiInterceptor - preHandle method is invoked /api/employee GET 1.689838115305E12
625919 [http-nio-8080-exec-8] INFO  c.s.p.interceptor.ApiInterceptor - after completion is invoked Time took is -439.407 seconds.
633904 [http-nio-8080-exec-9] INFO  c.s.p.interceptor.ApiInterceptor - preHandle method is invoked /api/employee$%7BfirstName%7D GET 1.689838123294E12
633908 [http-nio-8080-exec-9] INFO  c.s.p.interceptor.ApiInterceptor - postHandle method is invoked /api/employee$%7BfirstName%7D GET 1.689838123298E12
633909 [http-nio-8080-exec-9] INFO  c.s.p.interceptor.ApiInterceptor - after completion is invoked Time took is 0.004 seconds.
633910 [http-nio-8080-exec-9] INFO  c.s.p.interceptor.ApiInterceptor - preHandle method is invoked /error GET 1.6898381233E12
633923 [http-nio-8080-exec-9] INFO  c.s.p.interceptor.ApiInterceptor - postHandle method is invoked /error GET 1.689838123313E12
633934 [http-nio-8080-exec-9] INFO  c.s.p.interceptor.ApiInterceptor - after completion is invoked Time took is 0.013 seconds.
659152 [http-nio-8080-exec-2] INFO  c.s.p.interceptor.ApiInterceptor - preHandle method is invoked /api/employee GET 1.689838148542E12
659154 [http-nio-8080-exec-2] INFO  c.s.p.interceptor.ApiInterceptor - after completion is invoked Time took is -25.229 seconds.
709484 [http-nio-8080-exec-4] INFO  c.s.p.interceptor.ApiInterceptor - preHandle method is invoked /api/employee GET 1.689838198874E12
709486 [http-nio-8080-exec-4] INFO  c.s.p.interceptor.ApiInterceptor - after completion is invoked Time took is -75.561 seconds.
713001 [http-nio-8080-exec-5] INFO  c.s.p.interceptor.ApiInterceptor - preHandle method is invoked /api/employee/findAll GET 1.689838202391E12
713314 [http-nio-8080-exec-5] WARN  c.s.project.dao.EmployeeDaoImpl - Database is Empty !
713324 [http-nio-8080-exec-5] INFO  c.s.p.interceptor.ApiInterceptor - after completion is invoked Time took is -79.078 seconds.
756375 [http-nio-8080-exec-9] INFO  c.s.p.interceptor.ApiInterceptor - preHandle method is invoked /api/employee/insertAll POST 1.689838245765E12
757068 [http-nio-8080-exec-9] INFO  c.s.p.interceptor.ApiInterceptor - postHandle method is invoked /api/employee/insertAll POST 1.689838246458E12
757073 [http-nio-8080-exec-9] INFO  c.s.p.interceptor.ApiInterceptor - after completion is invoked Time took is 0.693 seconds.
762736 [http-nio-8080-exec-1] INFO  c.s.p.interceptor.ApiInterceptor - preHandle method is invoked /api/employee/findAll GET 1.689838252126E12
762811 [http-nio-8080-exec-1] INFO  c.s.p.interceptor.ApiInterceptor - postHandle method is invoked /api/employee/findAll GET 1.689838252201E12
762811 [http-nio-8080-exec-1] INFO  c.s.p.interceptor.ApiInterceptor - after completion is invoked Time took is 0.075 seconds.
901084 [http-nio-8080-exec-4] INFO  c.s.p.interceptor.ApiInterceptor - preHandle method is invoked /api/employee/ GET 1.689838390474E12
901090 [http-nio-8080-exec-4] INFO  c.s.p.interceptor.ApiInterceptor - postHandle method is invoked /api/employee/ GET 1.68983839048E12
901091 [http-nio-8080-exec-4] INFO  c.s.p.interceptor.ApiInterceptor - after completion is invoked Time took is 0.006 seconds.
901093 [http-nio-8080-exec-4] INFO  c.s.p.interceptor.ApiInterceptor - preHandle method is invoked /error GET 1.689838390483E12
901119 [http-nio-8080-exec-4] INFO  c.s.p.interceptor.ApiInterceptor - postHandle method is invoked /error GET 1.689838390509E12
901121 [http-nio-8080-exec-4] INFO  c.s.p.interceptor.ApiInterceptor - after completion is invoked Time took is 0.026 seconds.
943694 [http-nio-8080-exec-6] INFO  c.s.p.interceptor.ApiInterceptor - preHandle method is invoked /api/employee/ GET 1.689838433084E12
943704 [http-nio-8080-exec-6] INFO  c.s.p.interceptor.ApiInterceptor - postHandle method is invoked /api/employee/ GET 1.689838433093E12
943704 [http-nio-8080-exec-6] INFO  c.s.p.interceptor.ApiInterceptor - after completion is invoked Time took is 0.009 seconds.
943705 [http-nio-8080-exec-6] INFO  c.s.p.interceptor.ApiInterceptor - preHandle method is invoked /error GET 1.689838433095E12
943722 [http-nio-8080-exec-6] INFO  c.s.p.interceptor.ApiInterceptor - postHandle method is invoked /error GET 1.689838433112E12
943723 [http-nio-8080-exec-6] INFO  c.s.p.interceptor.ApiInterceptor - after completion is invoked Time took is 0.017 seconds.
949432 [http-nio-8080-exec-8] INFO  c.s.p.interceptor.ApiInterceptor - preHandle method is invoked /api/employee/ GET 1.689838438822E12
949433 [http-nio-8080-exec-8] INFO  c.s.p.interceptor.ApiInterceptor - postHandle method is invoked /api/employee/ GET 1.689838438823E12
949434 [http-nio-8080-exec-8] INFO  c.s.p.interceptor.ApiInterceptor - after completion is invoked Time took is 0.001 seconds.
949435 [http-nio-8080-exec-8] INFO  c.s.p.interceptor.ApiInterceptor - preHandle method is invoked /error GET 1.689838438825E12
949454 [http-nio-8080-exec-8] INFO  c.s.p.interceptor.ApiInterceptor - postHandle method is invoked /error GET 1.689838438844E12
949456 [http-nio-8080-exec-8] INFO  c.s.p.interceptor.ApiInterceptor - after completion is invoked Time took is 0.019 seconds.
992909 [http-nio-8080-exec-2] INFO  c.s.p.interceptor.ApiInterceptor - preHandle method is invoked /api/employee/ GET 1.689838482299E12
992912 [http-nio-8080-exec-2] INFO  c.s.p.interceptor.ApiInterceptor - postHandle method is invoked /api/employee/ GET 1.689838482302E12
992912 [http-nio-8080-exec-2] INFO  c.s.p.interceptor.ApiInterceptor - after completion is invoked Time took is 0.003 seconds.
992914 [http-nio-8080-exec-2] INFO  c.s.p.interceptor.ApiInterceptor - preHandle method is invoked /error GET 1.689838482304E12
992943 [http-nio-8080-exec-2] INFO  c.s.p.interceptor.ApiInterceptor - postHandle method is invoked /error GET 1.689838482333E12
992944 [http-nio-8080-exec-2] INFO  c.s.p.interceptor.ApiInterceptor - after completion is invoked Time took is 0.029 seconds.
1002426 [http-nio-8080-exec-4] INFO  c.s.p.interceptor.ApiInterceptor - preHandle method is invoked /api/employee/ GET 1.689838491816E12
1002428 [http-nio-8080-exec-4] INFO  c.s.p.interceptor.ApiInterceptor - postHandle method is invoked /api/employee/ GET 1.689838491818E12
1002428 [http-nio-8080-exec-4] INFO  c.s.p.interceptor.ApiInterceptor - after completion is invoked Time took is 0.002 seconds.
1002429 [http-nio-8080-exec-4] INFO  c.s.p.interceptor.ApiInterceptor - preHandle method is invoked /error GET 1.689838491819E12
1002453 [http-nio-8080-exec-4] INFO  c.s.p.interceptor.ApiInterceptor - postHandle method is invoked /error GET 1.689838491843E12
1002454 [http-nio-8080-exec-4] INFO  c.s.p.interceptor.ApiInterceptor - after completion is invoked Time took is 0.024 seconds.
1011181 [http-nio-8080-exec-6] INFO  c.s.p.interceptor.ApiInterceptor - preHandle method is invoked /api/employee/ GET 1.689838500571E12
1011186 [http-nio-8080-exec-6] INFO  c.s.p.interceptor.ApiInterceptor - postHandle method is invoked /api/employee/ GET 1.689838500576E12
1011188 [http-nio-8080-exec-6] INFO  c.s.p.interceptor.ApiInterceptor - after completion is invoked Time took is 0.005 seconds.
1011191 [http-nio-8080-exec-6] INFO  c.s.p.interceptor.ApiInterceptor - preHandle method is invoked /error GET 1.689838500581E12
1011217 [http-nio-8080-exec-6] INFO  c.s.p.interceptor.ApiInterceptor - postHandle method is invoked /error GET 1.689838500606E12
1011217 [http-nio-8080-exec-6] INFO  c.s.p.interceptor.ApiInterceptor - after completion is invoked Time took is 0.025 seconds.
1039308 [http-nio-8080-exec-9] INFO  c.s.p.interceptor.ApiInterceptor - preHandle method is invoked /api/employee/ GET 1.689838528698E12
1039314 [http-nio-8080-exec-9] INFO  c.s.p.interceptor.ApiInterceptor - postHandle method is invoked /api/employee/ GET 1.689838528704E12
1039314 [http-nio-8080-exec-9] INFO  c.s.p.interceptor.ApiInterceptor - after completion is invoked Time took is 0.006 seconds.
1039317 [http-nio-8080-exec-9] INFO  c.s.p.interceptor.ApiInterceptor - preHandle method is invoked /error GET 1.689838528707E12
1039338 [http-nio-8080-exec-9] INFO  c.s.p.interceptor.ApiInterceptor - postHandle method is invoked /error GET 1.689838528728E12
1039339 [http-nio-8080-exec-9] INFO  c.s.p.interceptor.ApiInterceptor - after completion is invoked Time took is 0.021 seconds.
1059626 [http-nio-8080-exec-3] INFO  c.s.p.interceptor.ApiInterceptor - preHandle method is invoked /api/employee/ GET 1.689838549016E12
1059628 [http-nio-8080-exec-3] INFO  c.s.p.interceptor.ApiInterceptor - postHandle method is invoked /api/employee/ GET 1.689838549018E12
1059629 [http-nio-8080-exec-3] INFO  c.s.p.interceptor.ApiInterceptor - after completion is invoked Time took is 0.002 seconds.
1059631 [http-nio-8080-exec-3] INFO  c.s.p.interceptor.ApiInterceptor - preHandle method is invoked /error GET 1.689838549021E12
1059651 [http-nio-8080-exec-3] INFO  c.s.p.interceptor.ApiInterceptor - postHandle method is invoked /error GET 1.68983854904E12
1059651 [http-nio-8080-exec-3] INFO  c.s.p.interceptor.ApiInterceptor - after completion is invoked Time took is 0.019 seconds.
1065766 [http-nio-8080-exec-7] INFO  c.s.p.interceptor.ApiInterceptor - preHandle method is invoked /api/employee GET 1.689838555156E12
1065807 [http-nio-8080-exec-7] INFO  c.s.p.interceptor.ApiInterceptor - postHandle method is invoked /api/employee GET 1.689838555197E12
1065808 [http-nio-8080-exec-7] INFO  c.s.p.interceptor.ApiInterceptor - after completion is invoked Time took is 0.041 seconds.
1099889 [http-nio-8080-exec-8] INFO  c.s.p.interceptor.ApiInterceptor - preHandle method is invoked /api/employee GET 1.689838589279E12
1099901 [http-nio-8080-exec-8] INFO  c.s.p.interceptor.ApiInterceptor - postHandle method is invoked /api/employee GET 1.689838589291E12
1099901 [http-nio-8080-exec-8] INFO  c.s.p.interceptor.ApiInterceptor - after completion is invoked Time took is 0.012 seconds.
1148570 [http-nio-8080-exec-10] INFO  c.s.p.interceptor.ApiInterceptor - preHandle method is invoked /api/employee GET 1.68983863796E12
1148577 [http-nio-8080-exec-10] INFO  c.s.p.interceptor.ApiInterceptor - postHandle method is invoked /api/employee GET 1.689838637967E12
1148577 [http-nio-8080-exec-10] INFO  c.s.p.interceptor.ApiInterceptor - after completion is invoked Time took is 0.007 seconds.
13799 [Test worker] INFO  c.sujith.project.ProjectApplication - Starting ProjectApplication using Java 17.0.7 with PID 21076 (started by ssama in C:\Users\ssama\Desktop\project\springproject - final)
13800 [Test worker] DEBUG c.sujith.project.ProjectApplication - Running with Spring Boot v3.1.1, Spring v6.0.10
13802 [Test worker] INFO  c.sujith.project.ProjectApplication - No active profile set, falling back to 1 default profile: "default"
15634 [Test worker] INFO  c.sujith.project.ProjectApplication - Started ProjectApplication in 1.883 seconds (process running for 17.712)
15813 [Test worker] INFO  c.s.p.c.AddressControllerTest - Starting AddressControllerTest using Java 17.0.7 with PID 21076 (started by ssama in C:\Users\ssama\Desktop\project\springproject - final)
15813 [Test worker] DEBUG c.s.p.c.AddressControllerTest - Running with Spring Boot v3.1.1, Spring v6.0.10
15820 [Test worker] INFO  c.s.p.c.AddressControllerTest - No active profile set, falling back to 1 default profile: "default"
17469 [Test worker] INFO  c.s.p.c.AddressControllerTest - Started AddressControllerTest in 1.709 seconds (process running for 19.546)
17712 [Test worker] INFO  c.s.p.interceptor.ApiInterceptor - preHandle method is invoked /api/address GET 1.689838760182E12
18163 [Test worker] INFO  c.s.p.interceptor.ApiInterceptor - postHandle method is invoked /api/address GET 1.689838760633E12
18169 [Test worker] INFO  c.s.p.interceptor.ApiInterceptor - after completion is invoked Time took is 0.451 seconds.
18208 [Test worker] INFO  c.s.p.interceptor.ApiInterceptor - preHandle method is invoked /api/address GET 1.689838760678E12
18235 [Test worker] INFO  c.s.p.interceptor.ApiInterceptor - after completion is invoked Time took is -0.045 seconds.
18443 [Test worker] INFO  c.s.p.c.CourseControllerTest - Starting CourseControllerTest using Java 17.0.7 with PID 21076 (started by ssama in C:\Users\ssama\Desktop\project\springproject - final)
18444 [Test worker] DEBUG c.s.p.c.CourseControllerTest - Running with Spring Boot v3.1.1, Spring v6.0.10
18444 [Test worker] INFO  c.s.p.c.CourseControllerTest - No active profile set, falling back to 1 default profile: "default"
19530 [Test worker] INFO  c.s.p.c.CourseControllerTest - Started CourseControllerTest in 1.125 seconds (process running for 21.607)
19541 [Test worker] INFO  c.s.p.interceptor.ApiInterceptor - preHandle method is invoked /api/courses GET 1.689838762011E12
19547 [Test worker] INFO  c.s.p.interceptor.ApiInterceptor - postHandle method is invoked /api/courses GET 1.689838762017E12
19548 [Test worker] INFO  c.s.p.interceptor.ApiInterceptor - after completion is invoked Time took is 0.006 seconds.
19564 [Test worker] INFO  c.s.p.interceptor.ApiInterceptor - preHandle method is invoked /api/courses/insertMany POST 1.689838762033E12
19734 [Test worker] INFO  c.s.p.interceptor.ApiInterceptor - postHandle method is invoked /api/courses/insertMany POST 1.689838762203E12
19734 [Test worker] INFO  c.s.p.interceptor.ApiInterceptor - after completion is invoked Time took is 0.17 seconds.
19744 [Test worker] INFO  c.s.p.interceptor.ApiInterceptor - preHandle method is invoked /api/courses POST 1.689838762214E12
19757 [Test worker] INFO  c.s.p.interceptor.ApiInterceptor - after completion is invoked Time took is -0.011 seconds.
19766 [Test worker] INFO  c.s.p.interceptor.ApiInterceptor - preHandle method is invoked /api/courses POST 1.689838762236E12
19773 [Test worker] INFO  c.s.p.interceptor.ApiInterceptor - postHandle method is invoked /api/courses POST 1.689838762243E12
19775 [Test worker] INFO  c.s.p.interceptor.ApiInterceptor - after completion is invoked Time took is 0.007 seconds.
19784 [Test worker] INFO  c.s.p.interceptor.ApiInterceptor - preHandle method is invoked /api/courses GET 1.689838762254E12
19786 [Test worker] INFO  c.s.p.interceptor.ApiInterceptor - after completion is invoked Time took is -0.011 seconds.
19801 [Test worker] INFO  c.s.p.interceptor.ApiInterceptor - preHandle method is invoked /api/courses/insertMany POST 1.689838762271E12
19805 [Test worker] INFO  c.s.p.interceptor.ApiInterceptor - after completion is invoked Time took is -0.028 seconds.
19859 [Test worker] INFO  c.s.p.c.EmployeeControllerTest - Starting EmployeeControllerTest using Java 17.0.7 with PID 21076 (started by ssama in C:\Users\ssama\Desktop\project\springproject - final)
19859 [Test worker] DEBUG c.s.p.c.EmployeeControllerTest - Running with Spring Boot v3.1.1, Spring v6.0.10
19860 [Test worker] INFO  c.s.p.c.EmployeeControllerTest - No active profile set, falling back to 1 default profile: "default"
20803 [Test worker] INFO  c.s.p.c.EmployeeControllerTest - Started EmployeeControllerTest in 0.98 seconds (process running for 22.879)
20812 [Test worker] INFO  c.s.p.interceptor.ApiInterceptor - preHandle method is invoked /api/employee/15 GET 1.689838763282E12
20829 [Test worker] INFO  c.s.p.interceptor.ApiInterceptor - preHandle method is invoked /api/employee/department GET 1.689838763299E12
20848 [Test worker] INFO  c.s.p.interceptor.ApiInterceptor - postHandle method is invoked /api/employee/department GET 1.689838763318E12
20849 [Test worker] INFO  c.s.p.interceptor.ApiInterceptor - after completion is invoked Time took is 0.019 seconds.
20860 [Test worker] INFO  c.s.p.interceptor.ApiInterceptor - preHandle method is invoked /api/employee/maxSalary GET 1.68983876333E12
20864 [Test worker] INFO  c.s.p.interceptor.ApiInterceptor - postHandle method is invoked /api/employee/maxSalary GET 1.689838763334E12
20865 [Test worker] INFO  c.s.p.interceptor.ApiInterceptor - after completion is invoked Time took is 0.004 seconds.
20907 [Test worker] INFO  c.s.p.interceptor.ApiInterceptor - preHandle method is invoked /api/employee/updateSalaryById PUT 1.689838763377E12
20914 [Test worker] INFO  c.s.p.interceptor.ApiInterceptor - postHandle method is invoked /api/employee/updateSalaryById PUT 1.689838763384E12
20915 [Test worker] INFO  c.s.p.interceptor.ApiInterceptor - after completion is invoked Time took is 0.007 seconds.
20924 [Test worker] INFO  c.s.p.interceptor.ApiInterceptor - preHandle method is invoked /api/employee/findAll GET 1.689838763394E12
20926 [Test worker] INFO  c.s.p.interceptor.ApiInterceptor - postHandle method is invoked /api/employee/findAll GET 1.689838763396E12
20926 [Test worker] INFO  c.s.p.interceptor.ApiInterceptor - after completion is invoked Time took is 0.002 seconds.
20934 [Test worker] INFO  c.s.p.interceptor.ApiInterceptor - preHandle method is invoked /api/employee/course GET 1.689838763404E12
20936 [Test worker] INFO  c.s.p.interceptor.ApiInterceptor - postHandle method is invoked /api/employee/course GET 1.689838763406E12
20938 [Test worker] INFO  c.s.p.interceptor.ApiInterceptor - after completion is invoked Time took is 0.002 seconds.
20948 [Test worker] INFO  c.s.p.interceptor.ApiInterceptor - preHandle method is invoked /api/employee POST 1.689838763418E12
20962 [Test worker] INFO  c.s.p.interceptor.ApiInterceptor - postHandle method is invoked /api/employee POST 1.689838763432E12
20964 [Test worker] INFO  c.s.p.interceptor.ApiInterceptor - after completion is invoked Time took is 0.014 seconds.
20973 [Test worker] INFO  c.s.p.interceptor.ApiInterceptor - preHandle method is invoked /api/employee GET 1.689838763443E12
20978 [Test worker] INFO  c.s.p.interceptor.ApiInterceptor - after completion is invoked Time took is -0.011 seconds.
20986 [Test worker] INFO  c.s.p.interceptor.ApiInterceptor - preHandle method is invoked /api/employee PUT 1.689838763456E12
20989 [Test worker] INFO  c.s.p.interceptor.ApiInterceptor - after completion is invoked Time took is -0.024 seconds.
20999 [Test worker] INFO  c.s.p.interceptor.ApiInterceptor - preHandle method is invoked /api/employee GET 1.689838763469E12
21053 [Test worker] INFO  c.s.p.interceptor.ApiInterceptor - after completion is invoked Time took is -0.037 seconds.
21063 [Test worker] INFO  c.s.p.interceptor.ApiInterceptor - preHandle method is invoked /api/employee/1 DELETE 1.689838763533E12
21065 [Test worker] INFO  c.s.p.interceptor.ApiInterceptor - postHandle method is invoked /api/employee/1 DELETE 1.689838763535E12
21067 [Test worker] INFO  c.s.p.interceptor.ApiInterceptor - after completion is invoked Time took is 0.002 seconds.
21075 [Test worker] INFO  c.s.p.interceptor.ApiInterceptor - preHandle method is invoked /api/employee/department/maxSalary GET 1.689838763545E12
21078 [Test worker] INFO  c.s.p.interceptor.ApiInterceptor - after completion is invoked Time took is -0.01 seconds.
21087 [Test worker] INFO  c.s.p.interceptor.ApiInterceptor - preHandle method is invoked /api/employee/maxSalary GET 1.689838763557E12
21090 [Test worker] INFO  c.s.p.interceptor.ApiInterceptor - after completion is invoked Time took is -0.022 seconds.
21096 [Test worker] INFO  c.s.p.interceptor.ApiInterceptor - preHandle method is invoked /api/employee PUT 1.689838763566E12
21099 [Test worker] INFO  c.s.p.interceptor.ApiInterceptor - postHandle method is invoked /api/employee PUT 1.689838763569E12
21099 [Test worker] INFO  c.s.p.interceptor.ApiInterceptor - after completion is invoked Time took is 0.003 seconds.
21110 [Test worker] INFO  c.s.p.interceptor.ApiInterceptor - preHandle method is invoked /api/employee/insertAll POST 1.68983876358E12
21123 [Test worker] INFO  c.s.p.interceptor.ApiInterceptor - postHandle method is invoked /api/employee/insertAll POST 1.689838763593E12
21124 [Test worker] INFO  c.s.p.interceptor.ApiInterceptor - after completion is invoked Time took is 0.013 seconds.
21138 [Test worker] INFO  c.s.p.interceptor.ApiInterceptor - preHandle method is invoked /api/employee/1 DELETE 1.689838763608E12
21143 [Test worker] INFO  c.s.p.interceptor.ApiInterceptor - after completion is invoked Time took is -0.015 seconds.
21154 [Test worker] INFO  c.s.p.interceptor.ApiInterceptor - preHandle method is invoked /api/employee/1 GET 1.689838763624E12
21162 [Test worker] INFO  c.s.p.interceptor.ApiInterceptor - postHandle method is invoked /api/employee/1 GET 1.689838763632E12
21164 [Test worker] INFO  c.s.p.interceptor.ApiInterceptor - after completion is invoked Time took is 0.008 seconds.
21171 [Test worker] INFO  c.s.p.interceptor.ApiInterceptor - preHandle method is invoked /api/employee/department GET 1.689838763641E12
21173 [Test worker] INFO  c.s.p.interceptor.ApiInterceptor - after completion is invoked Time took is -0.009 seconds.
21183 [Test worker] INFO  c.s.p.interceptor.ApiInterceptor - preHandle method is invoked /api/employee/0 GET 1.689838763653E12
21186 [Test worker] INFO  c.s.p.interceptor.ApiInterceptor - after completion is invoked Time took is -0.021 seconds.
21194 [Test worker] INFO  c.s.p.interceptor.ApiInterceptor - preHandle method is invoked /api/employee/findAll GET 1.689838763664E12
21197 [Test worker] INFO  c.s.p.interceptor.ApiInterceptor - after completion is invoked Time took is -0.032 seconds.
21206 [Test worker] INFO  c.s.p.interceptor.ApiInterceptor - preHandle method is invoked /api/employee/course GET 1.689838763676E12
21209 [Test worker] INFO  c.s.p.interceptor.ApiInterceptor - after completion is invoked Time took is -0.044 seconds.
21228 [Test worker] INFO  c.s.p.interceptor.ApiInterceptor - preHandle method is invoked /api/employee/updateSalaryById PUT 1.689838763698E12
21231 [Test worker] INFO  c.s.p.interceptor.ApiInterceptor - after completion is invoked Time took is -0.066 seconds.
21239 [Test worker] INFO  c.s.p.interceptor.ApiInterceptor - preHandle method is invoked /api/employee/department/maxSalary GET 1.689838763709E12
21240 [Test worker] INFO  c.s.p.interceptor.ApiInterceptor - postHandle method is invoked /api/employee/department/maxSalary GET 1.68983876371E12
21241 [Test worker] INFO  c.s.p.interceptor.ApiInterceptor - after completion is invoked Time took is 0.001 seconds.
21249 [Test worker] INFO  c.s.p.interceptor.ApiInterceptor - preHandle method is invoked /api/employee GET 1.689838763719E12
21251 [Test worker] INFO  c.s.p.interceptor.ApiInterceptor - postHandle method is invoked /api/employee GET 1.689838763721E12
21252 [Test worker] INFO  c.s.p.interceptor.ApiInterceptor - after completion is invoked Time took is 0.002 seconds.
21310 [Test worker] INFO  c.s.p.service.AddressServiceTest - Starting AddressServiceTest using Java 17.0.7 with PID 21076 (started by ssama in C:\Users\ssama\Desktop\project\springproject - final)
21310 [Test worker] DEBUG c.s.p.service.AddressServiceTest - Running with Spring Boot v3.1.1, Spring v6.0.10
21312 [Test worker] INFO  c.s.p.service.AddressServiceTest - No active profile set, falling back to 1 default profile: "default"
22271 [Test worker] INFO  c.s.p.service.AddressServiceTest - Started AddressServiceTest in 0.989 seconds (process running for 24.348)
22369 [Test worker] INFO  c.s.p.service.CourseServiceTest - Starting CourseServiceTest using Java 17.0.7 with PID 21076 (started by ssama in C:\Users\ssama\Desktop\project\springproject - final)
22370 [Test worker] DEBUG c.s.p.service.CourseServiceTest - Running with Spring Boot v3.1.1, Spring v6.0.10
22370 [Test worker] INFO  c.s.p.service.CourseServiceTest - No active profile set, falling back to 1 default profile: "default"
23218 [Test worker] INFO  c.s.p.service.CourseServiceTest - Started CourseServiceTest in 0.887 seconds (process running for 25.296)
23231 [Test worker] ERROR c.s.p.service.CourseServiceImpl - Invalid coursename
23313 [Test worker] INFO  c.s.p.service.EmployeeServiceTest - Starting EmployeeServiceTest using Java 17.0.7 with PID 21076 (started by ssama in C:\Users\ssama\Desktop\project\springproject - final)
23315 [Test worker] DEBUG c.s.p.service.EmployeeServiceTest - Running with Spring Boot v3.1.1, Spring v6.0.10
23315 [Test worker] INFO  c.s.p.service.EmployeeServiceTest - No active profile set, falling back to 1 default profile: "default"
24123 [Test worker] INFO  c.s.p.service.EmployeeServiceTest - Started EmployeeServiceTest in 0.842 seconds (process running for 26.201)
24168 [Test worker] INFO  c.s.p.service.EmployeeServiceImpl - Course already exists !
24168 [Test worker] INFO  c.s.p.service.EmployeeServiceImpl - Course already exists !
24208 [Test worker] INFO  c.s.p.service.EmployeeServiceImpl - Course already exists !
24208 [Test worker] INFO  c.s.p.service.EmployeeServiceImpl - Course already exists !
24240 [Test worker] ERROR c.s.p.service.EmployeeServiceImpl - Employee with id : 0  does not exist ! 
24293 [Test worker] ERROR c.s.p.service.EmployeeServiceImpl - Employee with lastname sujith is not inserted
17409 [Test worker] INFO  c.sujith.project.ProjectApplication - Starting ProjectApplication using Java 17.0.7 with PID 13516 (started by ssama in C:\Users\ssama\workspace\git_space\SpringApplication-jpa)
17409 [Test worker] DEBUG c.sujith.project.ProjectApplication - Running with Spring Boot v3.1.1, Spring v6.0.10
17411 [Test worker] INFO  c.sujith.project.ProjectApplication - No active profile set, falling back to 1 default profile: "default"
19720 [Test worker] INFO  c.sujith.project.ProjectApplication - Started ProjectApplication in 2.381 seconds (process running for 23.459)
19906 [Test worker] INFO  c.s.p.c.AddressControllerTest - Starting AddressControllerTest using Java 17.0.7 with PID 13516 (started by ssama in C:\Users\ssama\workspace\git_space\SpringApplication-jpa)
19906 [Test worker] DEBUG c.s.p.c.AddressControllerTest - Running with Spring Boot v3.1.1, Spring v6.0.10
19907 [Test worker] INFO  c.s.p.c.AddressControllerTest - No active profile set, falling back to 1 default profile: "default"
21904 [Test worker] INFO  c.s.p.c.AddressControllerTest - Started AddressControllerTest in 2.085 seconds (process running for 25.643)
22312 [Test worker] INFO  c.s.p.interceptor.ApiInterceptor - preHandle method is invoked /api/address GET 1.690555590644E12
22964 [Test worker] INFO  c.s.p.interceptor.ApiInterceptor - postHandle method is invoked /api/address GET 1.690555591296E12
22975 [Test worker] INFO  c.s.p.interceptor.ApiInterceptor - after completion is invoked Time took is 0.652 seconds.
23052 [Test worker] INFO  c.s.p.interceptor.ApiInterceptor - preHandle method is invoked /api/address GET 1.690555591384E12
23114 [Test worker] INFO  c.s.p.interceptor.ApiInterceptor - after completion is invoked Time took is -0.088 seconds.
23450 [Test worker] INFO  c.s.p.c.CourseControllerTest - Starting CourseControllerTest using Java 17.0.7 with PID 13516 (started by ssama in C:\Users\ssama\workspace\git_space\SpringApplication-jpa)
23452 [Test worker] DEBUG c.s.p.c.CourseControllerTest - Running with Spring Boot v3.1.1, Spring v6.0.10
23453 [Test worker] INFO  c.s.p.c.CourseControllerTest - No active profile set, falling back to 1 default profile: "default"
24937 [Test worker] INFO  c.s.p.c.CourseControllerTest - Started CourseControllerTest in 1.538 seconds (process running for 28.676)
24951 [Test worker] INFO  c.s.p.interceptor.ApiInterceptor - preHandle method is invoked /api/courses GET 1.690555593283E12
24962 [Test worker] INFO  c.s.p.interceptor.ApiInterceptor - postHandle method is invoked /api/courses GET 1.690555593294E12
24964 [Test worker] INFO  c.s.p.interceptor.ApiInterceptor - after completion is invoked Time took is 0.011 seconds.
24981 [Test worker] INFO  c.s.p.interceptor.ApiInterceptor - preHandle method is invoked /api/courses/insertMany POST 1.690555593313E12
25201 [Test worker] INFO  c.s.p.interceptor.ApiInterceptor - postHandle method is invoked /api/courses/insertMany POST 1.690555593533E12
25202 [Test worker] INFO  c.s.p.interceptor.ApiInterceptor - after completion is invoked Time took is 0.22 seconds.
25212 [Test worker] INFO  c.s.p.interceptor.ApiInterceptor - preHandle method is invoked /api/courses POST 1.690555593544E12
25228 [Test worker] INFO  c.s.p.interceptor.ApiInterceptor - after completion is invoked Time took is -0.011 seconds.
25249 [Test worker] INFO  c.s.p.interceptor.ApiInterceptor - preHandle method is invoked /api/courses POST 1.690555593581E12
25272 [Test worker] INFO  c.s.p.interceptor.ApiInterceptor - postHandle method is invoked /api/courses POST 1.690555593604E12
25272 [Test worker] INFO  c.s.p.interceptor.ApiInterceptor - after completion is invoked Time took is 0.023 seconds.
25317 [Test worker] INFO  c.s.p.interceptor.ApiInterceptor - preHandle method is invoked /api/courses GET 1.690555593649E12
25321 [Test worker] INFO  c.s.p.interceptor.ApiInterceptor - after completion is invoked Time took is -0.045 seconds.
25355 [Test worker] INFO  c.s.p.interceptor.ApiInterceptor - preHandle method is invoked /api/courses/insertMany POST 1.690555593687E12
25361 [Test worker] INFO  c.s.p.interceptor.ApiInterceptor - after completion is invoked Time took is -0.083 seconds.
25439 [Test worker] INFO  c.s.p.c.EmployeeControllerTest - Starting EmployeeControllerTest using Java 17.0.7 with PID 13516 (started by ssama in C:\Users\ssama\workspace\git_space\SpringApplication-jpa)
25440 [Test worker] DEBUG c.s.p.c.EmployeeControllerTest - Running with Spring Boot v3.1.1, Spring v6.0.10
25440 [Test worker] INFO  c.s.p.c.EmployeeControllerTest - No active profile set, falling back to 1 default profile: "default"
26721 [Test worker] INFO  c.s.p.c.EmployeeControllerTest - Started EmployeeControllerTest in 1.33 seconds (process running for 30.46)
26734 [Test worker] INFO  c.s.p.interceptor.ApiInterceptor - preHandle method is invoked /api/employee/15 GET 1.690555595066E12
26759 [Test worker] INFO  c.s.p.interceptor.ApiInterceptor - preHandle method is invoked /api/employee/department GET 1.690555595091E12
26793 [Test worker] INFO  c.s.p.interceptor.ApiInterceptor - postHandle method is invoked /api/employee/department GET 1.690555595125E12
26794 [Test worker] INFO  c.s.p.interceptor.ApiInterceptor - after completion is invoked Time took is 0.034 seconds.
26806 [Test worker] INFO  c.s.p.interceptor.ApiInterceptor - preHandle method is invoked /api/employee/maxSalary GET 1.690555595138E12
26811 [Test worker] INFO  c.s.p.interceptor.ApiInterceptor - postHandle method is invoked /api/employee/maxSalary GET 1.690555595143E12
26812 [Test worker] INFO  c.s.p.interceptor.ApiInterceptor - after completion is invoked Time took is 0.005 seconds.
26853 [Test worker] INFO  c.s.p.interceptor.ApiInterceptor - preHandle method is invoked /api/employee/updateSalaryById PUT 1.690555595185E12
26862 [Test worker] INFO  c.s.p.interceptor.ApiInterceptor - postHandle method is invoked /api/employee/updateSalaryById PUT 1.690555595194E12
26863 [Test worker] INFO  c.s.p.interceptor.ApiInterceptor - after completion is invoked Time took is 0.009 seconds.
26876 [Test worker] INFO  c.s.p.interceptor.ApiInterceptor - preHandle method is invoked /api/employee/findAll GET 1.690555595208E12
26878 [Test worker] INFO  c.s.p.interceptor.ApiInterceptor - postHandle method is invoked /api/employee/findAll GET 1.69055559521E12
26880 [Test worker] INFO  c.s.p.interceptor.ApiInterceptor - after completion is invoked Time took is 0.002 seconds.
26891 [Test worker] INFO  c.s.p.interceptor.ApiInterceptor - preHandle method is invoked /api/employee/course GET 1.690555595223E12
26895 [Test worker] INFO  c.s.p.interceptor.ApiInterceptor - postHandle method is invoked /api/employee/course GET 1.690555595227E12
26896 [Test worker] INFO  c.s.p.interceptor.ApiInterceptor - after completion is invoked Time took is 0.004 seconds.
26913 [Test worker] INFO  c.s.p.interceptor.ApiInterceptor - preHandle method is invoked /api/employee POST 1.690555595245E12
26927 [Test worker] INFO  c.s.p.interceptor.ApiInterceptor - postHandle method is invoked /api/employee POST 1.690555595259E12
26929 [Test worker] INFO  c.s.p.interceptor.ApiInterceptor - after completion is invoked Time took is 0.014 seconds.
26944 [Test worker] INFO  c.s.p.interceptor.ApiInterceptor - preHandle method is invoked /api/employee GET 1.690555595276E12
26955 [Test worker] INFO  c.s.p.interceptor.ApiInterceptor - after completion is invoked Time took is -0.017 seconds.
26972 [Test worker] INFO  c.s.p.interceptor.ApiInterceptor - preHandle method is invoked /api/employee PUT 1.690555595304E12
26977 [Test worker] INFO  c.s.p.interceptor.ApiInterceptor - after completion is invoked Time took is -0.045 seconds.
26988 [Test worker] INFO  c.s.p.interceptor.ApiInterceptor - preHandle method is invoked /api/employee GET 1.69055559532E12
27040 [Test worker] INFO  c.s.p.interceptor.ApiInterceptor - after completion is invoked Time took is -0.061 seconds.
27052 [Test worker] INFO  c.s.p.interceptor.ApiInterceptor - preHandle method is invoked /api/employee/1 DELETE 1.690555595384E12
27055 [Test worker] INFO  c.s.p.interceptor.ApiInterceptor - postHandle method is invoked /api/employee/1 DELETE 1.690555595387E12
27056 [Test worker] INFO  c.s.p.interceptor.ApiInterceptor - after completion is invoked Time took is 0.003 seconds.
27066 [Test worker] INFO  c.s.p.interceptor.ApiInterceptor - preHandle method is invoked /api/employee/department/maxSalary GET 1.690555595398E12
27070 [Test worker] INFO  c.s.p.interceptor.ApiInterceptor - after completion is invoked Time took is -0.011 seconds.
27095 [Test worker] INFO  c.s.p.interceptor.ApiInterceptor - preHandle method is invoked /api/employee/maxSalary GET 1.690555595427E12
27098 [Test worker] INFO  c.s.p.interceptor.ApiInterceptor - after completion is invoked Time took is -0.04 seconds.
27121 [Test worker] INFO  c.s.p.interceptor.ApiInterceptor - preHandle method is invoked /api/employee PUT 1.690555595453E12
27125 [Test worker] INFO  c.s.p.interceptor.ApiInterceptor - postHandle method is invoked /api/employee PUT 1.690555595457E12
27126 [Test worker] INFO  c.s.p.interceptor.ApiInterceptor - after completion is invoked Time took is 0.004 seconds.
27150 [Test worker] INFO  c.s.p.interceptor.ApiInterceptor - preHandle method is invoked /api/employee/insertAll POST 1.690555595482E12
27163 [Test worker] INFO  c.s.p.interceptor.ApiInterceptor - postHandle method is invoked /api/employee/insertAll POST 1.690555595495E12
27165 [Test worker] INFO  c.s.p.interceptor.ApiInterceptor - after completion is invoked Time took is 0.013 seconds.
27201 [Test worker] INFO  c.s.p.interceptor.ApiInterceptor - preHandle method is invoked /api/employee/1 DELETE 1.690555595533E12
27206 [Test worker] INFO  c.s.p.interceptor.ApiInterceptor - after completion is invoked Time took is -0.038 seconds.
27214 [Test worker] INFO  c.s.p.interceptor.ApiInterceptor - preHandle method is invoked /api/employee/1 GET 1.690555595546E12
27224 [Test worker] INFO  c.s.p.interceptor.ApiInterceptor - postHandle method is invoked /api/employee/1 GET 1.690555595556E12
27228 [Test worker] INFO  c.s.p.interceptor.ApiInterceptor - after completion is invoked Time took is 0.01 seconds.
27243 [Test worker] INFO  c.s.p.interceptor.ApiInterceptor - preHandle method is invoked /api/employee/department GET 1.690555595575E12
27250 [Test worker] INFO  c.s.p.interceptor.ApiInterceptor - after completion is invoked Time took is -0.019 seconds.
27268 [Test worker] INFO  c.s.p.interceptor.ApiInterceptor - preHandle method is invoked /api/employee/0 GET 1.6905555956E12
27273 [Test worker] INFO  c.s.p.interceptor.ApiInterceptor - after completion is invoked Time took is -0.044 seconds.
27300 [Test worker] INFO  c.s.p.interceptor.ApiInterceptor - preHandle method is invoked /api/employee/findAll GET 1.690555595632E12
27312 [Test worker] INFO  c.s.p.interceptor.ApiInterceptor - after completion is invoked Time took is -0.076 seconds.
27322 [Test worker] INFO  c.s.p.interceptor.ApiInterceptor - preHandle method is invoked /api/employee/course GET 1.690555595654E12
27326 [Test worker] INFO  c.s.p.interceptor.ApiInterceptor - after completion is invoked Time took is -0.098 seconds.
27336 [Test worker] INFO  c.s.p.interceptor.ApiInterceptor - preHandle method is invoked /api/employee/updateSalaryById PUT 1.690555595668E12
27339 [Test worker] INFO  c.s.p.interceptor.ApiInterceptor - after completion is invoked Time took is -0.112 seconds.
27347 [Test worker] INFO  c.s.p.interceptor.ApiInterceptor - preHandle method is invoked /api/employee/department/maxSalary GET 1.690555595679E12
27349 [Test worker] INFO  c.s.p.interceptor.ApiInterceptor - postHandle method is invoked /api/employee/department/maxSalary GET 1.690555595681E12
27350 [Test worker] INFO  c.s.p.interceptor.ApiInterceptor - after completion is invoked Time took is 0.002 seconds.
27386 [Test worker] INFO  c.s.p.interceptor.ApiInterceptor - preHandle method is invoked /api/employee GET 1.690555595718E12
27390 [Test worker] INFO  c.s.p.interceptor.ApiInterceptor - postHandle method is invoked /api/employee GET 1.690555595722E12
27391 [Test worker] INFO  c.s.p.interceptor.ApiInterceptor - after completion is invoked Time took is 0.004 seconds.
27484 [Test worker] INFO  c.s.p.service.AddressServiceTest - Starting AddressServiceTest using Java 17.0.7 with PID 13516 (started by ssama in C:\Users\ssama\workspace\git_space\SpringApplication-jpa)
27485 [Test worker] DEBUG c.s.p.service.AddressServiceTest - Running with Spring Boot v3.1.1, Spring v6.0.10
27485 [Test worker] INFO  c.s.p.service.AddressServiceTest - No active profile set, falling back to 1 default profile: "default"
28695 [Test worker] INFO  c.s.p.service.AddressServiceTest - Started AddressServiceTest in 1.252 seconds (process running for 32.435)
28822 [Test worker] INFO  c.s.p.service.CourseServiceTest - Starting CourseServiceTest using Java 17.0.7 with PID 13516 (started by ssama in C:\Users\ssama\workspace\git_space\SpringApplication-jpa)
28823 [Test worker] DEBUG c.s.p.service.CourseServiceTest - Running with Spring Boot v3.1.1, Spring v6.0.10
28823 [Test worker] INFO  c.s.p.service.CourseServiceTest - No active profile set, falling back to 1 default profile: "default"
29851 [Test worker] INFO  c.s.p.service.CourseServiceTest - Started CourseServiceTest in 1.061 seconds (process running for 33.59)
29874 [Test worker] ERROR c.s.p.service.CourseServiceImpl - Invalid coursename
29998 [Test worker] INFO  c.s.p.service.EmployeeServiceTest - Starting EmployeeServiceTest using Java 17.0.7 with PID 13516 (started by ssama in C:\Users\ssama\workspace\git_space\SpringApplication-jpa)
29998 [Test worker] DEBUG c.s.p.service.EmployeeServiceTest - Running with Spring Boot v3.1.1, Spring v6.0.10
29998 [Test worker] INFO  c.s.p.service.EmployeeServiceTest - No active profile set, falling back to 1 default profile: "default"
31162 [Test worker] INFO  c.s.p.service.EmployeeServiceTest - Started EmployeeServiceTest in 1.212 seconds (process running for 34.901)
31237 [Test worker] INFO  c.s.p.service.EmployeeServiceImpl - Course already exists !
31238 [Test worker] INFO  c.s.p.service.EmployeeServiceImpl - Course already exists !
31312 [Test worker] INFO  c.s.p.service.EmployeeServiceImpl - Course already exists !
31313 [Test worker] INFO  c.s.p.service.EmployeeServiceImpl - Course already exists !
31357 [Test worker] ERROR c.s.p.service.EmployeeServiceImpl - Employee with id : 0  does not exist ! 
31449 [Test worker] ERROR c.s.p.service.EmployeeServiceImpl - Employee with lastname sujith is not inserted
14486 [Test worker] INFO  c.sujith.project.ProjectApplication - Starting ProjectApplication using Java 17.0.7 with PID 28108 (started by ssama in C:\Users\ssama\workspace\git_space\SpringApplication-jpa)
14487 [Test worker] DEBUG c.sujith.project.ProjectApplication - Running with Spring Boot v3.1.1, Spring v6.0.10
14488 [Test worker] INFO  c.sujith.project.ProjectApplication - No active profile set, falling back to 1 default profile: "default"
16387 [Test worker] INFO  c.sujith.project.ProjectApplication - Started ProjectApplication in 2.004 seconds (process running for 20.287)
16501 [Test worker] INFO  c.s.p.c.AddressControllerTest - Starting AddressControllerTest using Java 17.0.7 with PID 28108 (started by ssama in C:\Users\ssama\workspace\git_space\SpringApplication-jpa)
16501 [Test worker] DEBUG c.s.p.c.AddressControllerTest - Running with Spring Boot v3.1.1, Spring v6.0.10
16502 [Test worker] INFO  c.s.p.c.AddressControllerTest - No active profile set, falling back to 1 default profile: "default"
18976 [Test worker] INFO  c.s.p.c.AddressControllerTest - Started AddressControllerTest in 2.519 seconds (process running for 22.877)
19261 [Test worker] INFO  c.s.p.interceptor.ApiInterceptor - preHandle method is invoked /api/address GET 1.690555647125E12
19745 [Test worker] INFO  c.s.p.interceptor.ApiInterceptor - postHandle method is invoked /api/address GET 1.690555647609E12
19753 [Test worker] INFO  c.s.p.interceptor.ApiInterceptor - after completion is invoked Time took is 0.484 seconds.
19797 [Test worker] INFO  c.s.p.interceptor.ApiInterceptor - preHandle method is invoked /api/address GET 1.690555647661E12
19831 [Test worker] INFO  c.s.p.interceptor.ApiInterceptor - after completion is invoked Time took is -0.052 seconds.
20054 [Test worker] INFO  c.s.p.c.CourseControllerTest - Starting CourseControllerTest using Java 17.0.7 with PID 28108 (started by ssama in C:\Users\ssama\workspace\git_space\SpringApplication-jpa)
20056 [Test worker] DEBUG c.s.p.c.CourseControllerTest - Running with Spring Boot v3.1.1, Spring v6.0.10
20057 [Test worker] INFO  c.s.p.c.CourseControllerTest - No active profile set, falling back to 1 default profile: "default"
21773 [Test worker] INFO  c.s.p.c.CourseControllerTest - Started CourseControllerTest in 1.774 seconds (process running for 25.673)
21787 [Test worker] INFO  c.s.p.interceptor.ApiInterceptor - preHandle method is invoked /api/courses GET 1.690555649651E12
21794 [Test worker] INFO  c.s.p.interceptor.ApiInterceptor - postHandle method is invoked /api/courses GET 1.690555649658E12
21795 [Test worker] INFO  c.s.p.interceptor.ApiInterceptor - after completion is invoked Time took is 0.007 seconds.
21810 [Test worker] INFO  c.s.p.interceptor.ApiInterceptor - preHandle method is invoked /api/courses/insertMany POST 1.690555649674E12
21965 [Test worker] INFO  c.s.p.interceptor.ApiInterceptor - postHandle method is invoked /api/courses/insertMany POST 1.690555649829E12
21966 [Test worker] INFO  c.s.p.interceptor.ApiInterceptor - after completion is invoked Time took is 0.155 seconds.
21978 [Test worker] INFO  c.s.p.interceptor.ApiInterceptor - preHandle method is invoked /api/courses POST 1.690555649842E12
21997 [Test worker] INFO  c.s.p.interceptor.ApiInterceptor - after completion is invoked Time took is -0.013 seconds.
22012 [Test worker] INFO  c.s.p.interceptor.ApiInterceptor - preHandle method is invoked /api/courses POST 1.690555649876E12
22022 [Test worker] INFO  c.s.p.interceptor.ApiInterceptor - postHandle method is invoked /api/courses POST 1.690555649886E12
22022 [Test worker] INFO  c.s.p.interceptor.ApiInterceptor - after completion is invoked Time took is 0.01 seconds.
22035 [Test worker] INFO  c.s.p.interceptor.ApiInterceptor - preHandle method is invoked /api/courses GET 1.690555649899E12
22038 [Test worker] INFO  c.s.p.interceptor.ApiInterceptor - after completion is invoked Time took is -0.013 seconds.
22060 [Test worker] INFO  c.s.p.interceptor.ApiInterceptor - preHandle method is invoked /api/courses/insertMany POST 1.690555649924E12
22066 [Test worker] INFO  c.s.p.interceptor.ApiInterceptor - after completion is invoked Time took is -0.038 seconds.
22131 [Test worker] INFO  c.s.p.c.EmployeeControllerTest - Starting EmployeeControllerTest using Java 17.0.7 with PID 28108 (started by ssama in C:\Users\ssama\workspace\git_space\SpringApplication-jpa)
22132 [Test worker] DEBUG c.s.p.c.EmployeeControllerTest - Running with Spring Boot v3.1.1, Spring v6.0.10
22132 [Test worker] INFO  c.s.p.c.EmployeeControllerTest - No active profile set, falling back to 1 default profile: "default"
23537 [Test worker] INFO  c.s.p.c.EmployeeControllerTest - Started EmployeeControllerTest in 1.449 seconds (process running for 27.437)
23551 [Test worker] INFO  c.s.p.interceptor.ApiInterceptor - preHandle method is invoked /api/employee/15 GET 1.690555651415E12
23573 [Test worker] INFO  c.s.p.interceptor.ApiInterceptor - preHandle method is invoked /api/employee/department GET 1.690555651437E12
23597 [Test worker] INFO  c.s.p.interceptor.ApiInterceptor - postHandle method is invoked /api/employee/department GET 1.690555651461E12
23598 [Test worker] INFO  c.s.p.interceptor.ApiInterceptor - after completion is invoked Time took is 0.024 seconds.
23613 [Test worker] INFO  c.s.p.interceptor.ApiInterceptor - preHandle method is invoked /api/employee/maxSalary GET 1.690555651477E12
23615 [Test worker] INFO  c.s.p.interceptor.ApiInterceptor - postHandle method is invoked /api/employee/maxSalary GET 1.690555651479E12
23616 [Test worker] INFO  c.s.p.interceptor.ApiInterceptor - after completion is invoked Time took is 0.002 seconds.
23648 [Test worker] INFO  c.s.p.interceptor.ApiInterceptor - preHandle method is invoked /api/employee/updateSalaryById PUT 1.690555651512E12
23654 [Test worker] INFO  c.s.p.interceptor.ApiInterceptor - postHandle method is invoked /api/employee/updateSalaryById PUT 1.690555651518E12
23655 [Test worker] INFO  c.s.p.interceptor.ApiInterceptor - after completion is invoked Time took is 0.006 seconds.
23666 [Test worker] INFO  c.s.p.interceptor.ApiInterceptor - preHandle method is invoked /api/employee/findAll GET 1.69055565153E12
23668 [Test worker] INFO  c.s.p.interceptor.ApiInterceptor - postHandle method is invoked /api/employee/findAll GET 1.690555651532E12
23668 [Test worker] INFO  c.s.p.interceptor.ApiInterceptor - after completion is invoked Time took is 0.002 seconds.
23678 [Test worker] INFO  c.s.p.interceptor.ApiInterceptor - preHandle method is invoked /api/employee/course GET 1.690555651542E12
23680 [Test worker] INFO  c.s.p.interceptor.ApiInterceptor - postHandle method is invoked /api/employee/course GET 1.690555651544E12
23680 [Test worker] INFO  c.s.p.interceptor.ApiInterceptor - after completion is invoked Time took is 0.002 seconds.
23691 [Test worker] INFO  c.s.p.interceptor.ApiInterceptor - preHandle method is invoked /api/employee POST 1.690555651555E12
23700 [Test worker] INFO  c.s.p.interceptor.ApiInterceptor - postHandle method is invoked /api/employee POST 1.690555651564E12
23701 [Test worker] INFO  c.s.p.interceptor.ApiInterceptor - after completion is invoked Time took is 0.009 seconds.
23710 [Test worker] INFO  c.s.p.interceptor.ApiInterceptor - preHandle method is invoked /api/employee GET 1.690555651574E12
23714 [Test worker] INFO  c.s.p.interceptor.ApiInterceptor - after completion is invoked Time took is -0.01 seconds.
23723 [Test worker] INFO  c.s.p.interceptor.ApiInterceptor - preHandle method is invoked /api/employee PUT 1.690555651587E12
23727 [Test worker] INFO  c.s.p.interceptor.ApiInterceptor - after completion is invoked Time took is -0.023 seconds.
23736 [Test worker] INFO  c.s.p.interceptor.ApiInterceptor - preHandle method is invoked /api/employee GET 1.6905556516E12
23771 [Test worker] INFO  c.s.p.interceptor.ApiInterceptor - after completion is invoked Time took is -0.036 seconds.
23783 [Test worker] INFO  c.s.p.interceptor.ApiInterceptor - preHandle method is invoked /api/employee/1 DELETE 1.690555651647E12
23786 [Test worker] INFO  c.s.p.interceptor.ApiInterceptor - postHandle method is invoked /api/employee/1 DELETE 1.69055565165E12
23787 [Test worker] INFO  c.s.p.interceptor.ApiInterceptor - after completion is invoked Time took is 0.003 seconds.
23798 [Test worker] INFO  c.s.p.interceptor.ApiInterceptor - preHandle method is invoked /api/employee/department/maxSalary GET 1.690555651662E12
23803 [Test worker] INFO  c.s.p.interceptor.ApiInterceptor - after completion is invoked Time took is -0.012 seconds.
23812 [Test worker] INFO  c.s.p.interceptor.ApiInterceptor - preHandle method is invoked /api/employee/maxSalary GET 1.690555651676E12
23815 [Test worker] INFO  c.s.p.interceptor.ApiInterceptor - after completion is invoked Time took is -0.026 seconds.
23823 [Test worker] INFO  c.s.p.interceptor.ApiInterceptor - preHandle method is invoked /api/employee PUT 1.690555651687E12
23824 [Test worker] INFO  c.s.p.interceptor.ApiInterceptor - postHandle method is invoked /api/employee PUT 1.690555651688E12
23825 [Test worker] INFO  c.s.p.interceptor.ApiInterceptor - after completion is invoked Time took is 0.001 seconds.
23835 [Test worker] INFO  c.s.p.interceptor.ApiInterceptor - preHandle method is invoked /api/employee/insertAll POST 1.690555651699E12
23842 [Test worker] INFO  c.s.p.interceptor.ApiInterceptor - postHandle method is invoked /api/employee/insertAll POST 1.690555651706E12
23843 [Test worker] INFO  c.s.p.interceptor.ApiInterceptor - after completion is invoked Time took is 0.007 seconds.
23855 [Test worker] INFO  c.s.p.interceptor.ApiInterceptor - preHandle method is invoked /api/employee/1 DELETE 1.690555651719E12
23858 [Test worker] INFO  c.s.p.interceptor.ApiInterceptor - after completion is invoked Time took is -0.013 seconds.
23867 [Test worker] INFO  c.s.p.interceptor.ApiInterceptor - preHandle method is invoked /api/employee/1 GET 1.690555651731E12
23873 [Test worker] INFO  c.s.p.interceptor.ApiInterceptor - postHandle method is invoked /api/employee/1 GET 1.690555651737E12
23874 [Test worker] INFO  c.s.p.interceptor.ApiInterceptor - after completion is invoked Time took is 0.006 seconds.
23883 [Test worker] INFO  c.s.p.interceptor.ApiInterceptor - preHandle method is invoked /api/employee/department GET 1.690555651747E12
23886 [Test worker] INFO  c.s.p.interceptor.ApiInterceptor - after completion is invoked Time took is -0.01 seconds.
23894 [Test worker] INFO  c.s.p.interceptor.ApiInterceptor - preHandle method is invoked /api/employee/0 GET 1.690555651758E12
23897 [Test worker] INFO  c.s.p.interceptor.ApiInterceptor - after completion is invoked Time took is -0.021 seconds.
23905 [Test worker] INFO  c.s.p.interceptor.ApiInterceptor - preHandle method is invoked /api/employee/findAll GET 1.690555651769E12
23909 [Test worker] INFO  c.s.p.interceptor.ApiInterceptor - after completion is invoked Time took is -0.032 seconds.
23917 [Test worker] INFO  c.s.p.interceptor.ApiInterceptor - preHandle method is invoked /api/employee/course GET 1.690555651781E12
23920 [Test worker] INFO  c.s.p.interceptor.ApiInterceptor - after completion is invoked Time took is -0.044 seconds.
23928 [Test worker] INFO  c.s.p.interceptor.ApiInterceptor - preHandle method is invoked /api/employee/updateSalaryById PUT 1.690555651792E12
23930 [Test worker] INFO  c.s.p.interceptor.ApiInterceptor - after completion is invoked Time took is -0.055 seconds.
23938 [Test worker] INFO  c.s.p.interceptor.ApiInterceptor - preHandle method is invoked /api/employee/department/maxSalary GET 1.690555651802E12
23940 [Test worker] INFO  c.s.p.interceptor.ApiInterceptor - postHandle method is invoked /api/employee/department/maxSalary GET 1.690555651804E12
23940 [Test worker] INFO  c.s.p.interceptor.ApiInterceptor - after completion is invoked Time took is 0.002 seconds.
23949 [Test worker] INFO  c.s.p.interceptor.ApiInterceptor - preHandle method is invoked /api/employee GET 1.690555651813E12
23950 [Test worker] INFO  c.s.p.interceptor.ApiInterceptor - postHandle method is invoked /api/employee GET 1.690555651814E12
23951 [Test worker] INFO  c.s.p.interceptor.ApiInterceptor - after completion is invoked Time took is 0.001 seconds.
24058 [Test worker] INFO  c.s.p.service.AddressServiceTest - Starting AddressServiceTest using Java 17.0.7 with PID 28108 (started by ssama in C:\Users\ssama\workspace\git_space\SpringApplication-jpa)
24059 [Test worker] DEBUG c.s.p.service.AddressServiceTest - Running with Spring Boot v3.1.1, Spring v6.0.10
24059 [Test worker] INFO  c.s.p.service.AddressServiceTest - No active profile set, falling back to 1 default profile: "default"
25520 [Test worker] INFO  c.s.p.service.AddressServiceTest - Started AddressServiceTest in 1.515 seconds (process running for 29.42)
25647 [Test worker] INFO  c.s.p.service.CourseServiceTest - Starting CourseServiceTest using Java 17.0.7 with PID 28108 (started by ssama in C:\Users\ssama\workspace\git_space\SpringApplication-jpa)
25647 [Test worker] DEBUG c.s.p.service.CourseServiceTest - Running with Spring Boot v3.1.1, Spring v6.0.10
25648 [Test worker] INFO  c.s.p.service.CourseServiceTest - No active profile set, falling back to 1 default profile: "default"
26811 [Test worker] INFO  c.s.p.service.CourseServiceTest - Started CourseServiceTest in 1.208 seconds (process running for 30.711)
26824 [Test worker] ERROR c.s.p.service.CourseServiceImpl - Invalid coursename
26920 [Test worker] INFO  c.s.p.service.EmployeeServiceTest - Starting EmployeeServiceTest using Java 17.0.7 with PID 28108 (started by ssama in C:\Users\ssama\workspace\git_space\SpringApplication-jpa)
26921 [Test worker] DEBUG c.s.p.service.EmployeeServiceTest - Running with Spring Boot v3.1.1, Spring v6.0.10
26921 [Test worker] INFO  c.s.p.service.EmployeeServiceTest - No active profile set, falling back to 1 default profile: "default"
28078 [Test worker] INFO  c.s.p.service.EmployeeServiceTest - Started EmployeeServiceTest in 1.195 seconds (process running for 31.978)
28134 [Test worker] INFO  c.s.p.service.EmployeeServiceImpl - Course already exists !
28134 [Test worker] INFO  c.s.p.service.EmployeeServiceImpl - Course already exists !
28184 [Test worker] INFO  c.s.p.service.EmployeeServiceImpl - Course already exists !
28184 [Test worker] INFO  c.s.p.service.EmployeeServiceImpl - Course already exists !
28213 [Test worker] ERROR c.s.p.service.EmployeeServiceImpl - Employee with id : 0  does not exist ! 
28269 [Test worker] ERROR c.s.p.service.EmployeeServiceImpl - Employee with lastname sujith is not inserted
10446 [Test worker] INFO  c.sujith.project.ProjectApplication - Starting ProjectApplication using Java 17.0.7 with PID 21444 (started by ssama in C:\Users\ssama\workspace\git_space\SpringApplication-jpa)
10448 [Test worker] DEBUG c.sujith.project.ProjectApplication - Running with Spring Boot v3.1.1, Spring v6.0.10
10449 [Test worker] INFO  c.sujith.project.ProjectApplication - No active profile set, falling back to 1 default profile: "default"
12199 [Test worker] INFO  c.sujith.project.ProjectApplication - Started ProjectApplication in 1.815 seconds (process running for 14.265)
12297 [Test worker] INFO  c.s.p.c.AddressControllerTest - Starting AddressControllerTest using Java 17.0.7 with PID 21444 (started by ssama in C:\Users\ssama\workspace\git_space\SpringApplication-jpa)
12297 [Test worker] DEBUG c.s.p.c.AddressControllerTest - Running with Spring Boot v3.1.1, Spring v6.0.10
12298 [Test worker] INFO  c.s.p.c.AddressControllerTest - No active profile set, falling back to 1 default profile: "default"
14793 [Test worker] INFO  c.s.p.c.AddressControllerTest - Started AddressControllerTest in 2.531 seconds (process running for 16.859)
15060 [Test worker] INFO  c.s.p.interceptor.ApiInterceptor - preHandle method is invoked /api/address GET 1.690555769505E12
15497 [Test worker] INFO  c.s.p.interceptor.ApiInterceptor - postHandle method is invoked /api/address GET 1.690555769942E12
15503 [Test worker] INFO  c.s.p.interceptor.ApiInterceptor - after completion is invoked Time took is 0.437 seconds.
15544 [Test worker] INFO  c.s.p.interceptor.ApiInterceptor - preHandle method is invoked /api/address GET 1.690555769989E12
15576 [Test worker] INFO  c.s.p.interceptor.ApiInterceptor - after completion is invoked Time took is -0.047 seconds.
15816 [Test worker] INFO  c.s.p.c.CourseControllerTest - Starting CourseControllerTest using Java 17.0.7 with PID 21444 (started by ssama in C:\Users\ssama\workspace\git_space\SpringApplication-jpa)
15817 [Test worker] DEBUG c.s.p.c.CourseControllerTest - Running with Spring Boot v3.1.1, Spring v6.0.10
15817 [Test worker] INFO  c.s.p.c.CourseControllerTest - No active profile set, falling back to 1 default profile: "default"
17433 [Test worker] INFO  c.s.p.c.CourseControllerTest - Started CourseControllerTest in 1.676 seconds (process running for 19.5)
17451 [Test worker] INFO  c.s.p.interceptor.ApiInterceptor - preHandle method is invoked /api/courses GET 1.690555771896E12
17461 [Test worker] INFO  c.s.p.interceptor.ApiInterceptor - postHandle method is invoked /api/courses GET 1.690555771906E12
17463 [Test worker] INFO  c.s.p.interceptor.ApiInterceptor - after completion is invoked Time took is 0.01 seconds.
17486 [Test worker] INFO  c.s.p.interceptor.ApiInterceptor - preHandle method is invoked /api/courses/insertMany POST 1.690555771931E12
17718 [Test worker] INFO  c.s.p.interceptor.ApiInterceptor - postHandle method is invoked /api/courses/insertMany POST 1.690555772163E12
17719 [Test worker] INFO  c.s.p.interceptor.ApiInterceptor - after completion is invoked Time took is 0.232 seconds.
17734 [Test worker] INFO  c.s.p.interceptor.ApiInterceptor - preHandle method is invoked /api/courses POST 1.690555772179E12
17753 [Test worker] INFO  c.s.p.interceptor.ApiInterceptor - after completion is invoked Time took is -0.016 seconds.
17765 [Test worker] INFO  c.s.p.interceptor.ApiInterceptor - preHandle method is invoked /api/courses POST 1.69055577221E12
17774 [Test worker] INFO  c.s.p.interceptor.ApiInterceptor - postHandle method is invoked /api/courses POST 1.690555772219E12
17776 [Test worker] INFO  c.s.p.interceptor.ApiInterceptor - after completion is invoked Time took is 0.009 seconds.
17796 [Test worker] INFO  c.s.p.interceptor.ApiInterceptor - preHandle method is invoked /api/courses GET 1.690555772241E12
17801 [Test worker] INFO  c.s.p.interceptor.ApiInterceptor - after completion is invoked Time took is -0.022 seconds.
17825 [Test worker] INFO  c.s.p.interceptor.ApiInterceptor - preHandle method is invoked /api/courses/insertMany POST 1.69055577227E12
17830 [Test worker] INFO  c.s.p.interceptor.ApiInterceptor - after completion is invoked Time took is -0.051 seconds.
17908 [Test worker] INFO  c.s.p.c.EmployeeControllerTest - Starting EmployeeControllerTest using Java 17.0.7 with PID 21444 (started by ssama in C:\Users\ssama\workspace\git_space\SpringApplication-jpa)
17909 [Test worker] DEBUG c.s.p.c.EmployeeControllerTest - Running with Spring Boot v3.1.1, Spring v6.0.10
17909 [Test worker] INFO  c.s.p.c.EmployeeControllerTest - No active profile set, falling back to 1 default profile: "default"
19423 [Test worker] INFO  c.s.p.c.EmployeeControllerTest - Started EmployeeControllerTest in 1.568 seconds (process running for 21.49)
19438 [Test worker] INFO  c.s.p.interceptor.ApiInterceptor - preHandle method is invoked /api/employee/15 GET 1.690555773883E12
19460 [Test worker] INFO  c.s.p.interceptor.ApiInterceptor - preHandle method is invoked /api/employee/department GET 1.690555773904E12
19487 [Test worker] INFO  c.s.p.interceptor.ApiInterceptor - postHandle method is invoked /api/employee/department GET 1.690555773932E12
19489 [Test worker] INFO  c.s.p.interceptor.ApiInterceptor - after completion is invoked Time took is 0.028 seconds.
19503 [Test worker] INFO  c.s.p.interceptor.ApiInterceptor - preHandle method is invoked /api/employee/maxSalary GET 1.690555773948E12
19507 [Test worker] INFO  c.s.p.interceptor.ApiInterceptor - postHandle method is invoked /api/employee/maxSalary GET 1.690555773952E12
19508 [Test worker] INFO  c.s.p.interceptor.ApiInterceptor - after completion is invoked Time took is 0.004 seconds.
19554 [Test worker] INFO  c.s.p.interceptor.ApiInterceptor - preHandle method is invoked /api/employee/updateSalaryById PUT 1.690555773999E12
19564 [Test worker] INFO  c.s.p.interceptor.ApiInterceptor - postHandle method is invoked /api/employee/updateSalaryById PUT 1.690555774009E12
19566 [Test worker] INFO  c.s.p.interceptor.ApiInterceptor - after completion is invoked Time took is 0.01 seconds.
19578 [Test worker] INFO  c.s.p.interceptor.ApiInterceptor - preHandle method is invoked /api/employee/findAll GET 1.690555774023E12
19580 [Test worker] INFO  c.s.p.interceptor.ApiInterceptor - postHandle method is invoked /api/employee/findAll GET 1.690555774025E12
19582 [Test worker] INFO  c.s.p.interceptor.ApiInterceptor - after completion is invoked Time took is 0.002 seconds.
19595 [Test worker] INFO  c.s.p.interceptor.ApiInterceptor - preHandle method is invoked /api/employee/course GET 1.69055577404E12
19599 [Test worker] INFO  c.s.p.interceptor.ApiInterceptor - postHandle method is invoked /api/employee/course GET 1.690555774044E12
19600 [Test worker] INFO  c.s.p.interceptor.ApiInterceptor - after completion is invoked Time took is 0.004 seconds.
19616 [Test worker] INFO  c.s.p.interceptor.ApiInterceptor - preHandle method is invoked /api/employee POST 1.690555774061E12
19635 [Test worker] INFO  c.s.p.interceptor.ApiInterceptor - postHandle method is invoked /api/employee POST 1.69055577408E12
19637 [Test worker] INFO  c.s.p.interceptor.ApiInterceptor - after completion is invoked Time took is 0.019 seconds.
19655 [Test worker] INFO  c.s.p.interceptor.ApiInterceptor - preHandle method is invoked /api/employee GET 1.6905557741E12
19663 [Test worker] INFO  c.s.p.interceptor.ApiInterceptor - after completion is invoked Time took is -0.02 seconds.
19675 [Test worker] INFO  c.s.p.interceptor.ApiInterceptor - preHandle method is invoked /api/employee PUT 1.69055577412E12
19679 [Test worker] INFO  c.s.p.interceptor.ApiInterceptor - after completion is invoked Time took is -0.04 seconds.
19689 [Test worker] INFO  c.s.p.interceptor.ApiInterceptor - preHandle method is invoked /api/employee GET 1.690555774134E12
19724 [Test worker] INFO  c.s.p.interceptor.ApiInterceptor - after completion is invoked Time took is -0.054 seconds.
19732 [Test worker] INFO  c.s.p.interceptor.ApiInterceptor - preHandle method is invoked /api/employee/1 DELETE 1.690555774177E12
19734 [Test worker] INFO  c.s.p.interceptor.ApiInterceptor - postHandle method is invoked /api/employee/1 DELETE 1.690555774179E12
19734 [Test worker] INFO  c.s.p.interceptor.ApiInterceptor - after completion is invoked Time took is 0.002 seconds.
19750 [Test worker] INFO  c.s.p.interceptor.ApiInterceptor - preHandle method is invoked /api/employee/department/maxSalary GET 1.690555774195E12
19752 [Test worker] INFO  c.s.p.interceptor.ApiInterceptor - after completion is invoked Time took is -0.016 seconds.
19760 [Test worker] INFO  c.s.p.interceptor.ApiInterceptor - preHandle method is invoked /api/employee/maxSalary GET 1.690555774205E12
19764 [Test worker] INFO  c.s.p.interceptor.ApiInterceptor - after completion is invoked Time took is -0.026 seconds.
19771 [Test worker] INFO  c.s.p.interceptor.ApiInterceptor - preHandle method is invoked /api/employee PUT 1.690555774216E12
19773 [Test worker] INFO  c.s.p.interceptor.ApiInterceptor - postHandle method is invoked /api/employee PUT 1.690555774218E12
19774 [Test worker] INFO  c.s.p.interceptor.ApiInterceptor - after completion is invoked Time took is 0.002 seconds.
19781 [Test worker] INFO  c.s.p.interceptor.ApiInterceptor - preHandle method is invoked /api/employee/insertAll POST 1.690555774226E12
19786 [Test worker] INFO  c.s.p.interceptor.ApiInterceptor - postHandle method is invoked /api/employee/insertAll POST 1.690555774231E12
19787 [Test worker] INFO  c.s.p.interceptor.ApiInterceptor - after completion is invoked Time took is 0.005 seconds.
19797 [Test worker] INFO  c.s.p.interceptor.ApiInterceptor - preHandle method is invoked /api/employee/1 DELETE 1.690555774242E12
19801 [Test worker] INFO  c.s.p.interceptor.ApiInterceptor - after completion is invoked Time took is -0.011 seconds.
19808 [Test worker] INFO  c.s.p.interceptor.ApiInterceptor - preHandle method is invoked /api/employee/1 GET 1.690555774253E12
19814 [Test worker] INFO  c.s.p.interceptor.ApiInterceptor - postHandle method is invoked /api/employee/1 GET 1.690555774259E12
19815 [Test worker] INFO  c.s.p.interceptor.ApiInterceptor - after completion is invoked Time took is 0.006 seconds.
19827 [Test worker] INFO  c.s.p.interceptor.ApiInterceptor - preHandle method is invoked /api/employee/department GET 1.690555774272E12
19830 [Test worker] INFO  c.s.p.interceptor.ApiInterceptor - after completion is invoked Time took is -0.013 seconds.
19839 [Test worker] INFO  c.s.p.interceptor.ApiInterceptor - preHandle method is invoked /api/employee/0 GET 1.690555774284E12
19842 [Test worker] INFO  c.s.p.interceptor.ApiInterceptor - after completion is invoked Time took is -0.025 seconds.
19848 [Test worker] INFO  c.s.p.interceptor.ApiInterceptor - preHandle method is invoked /api/employee/findAll GET 1.690555774293E12
19851 [Test worker] INFO  c.s.p.interceptor.ApiInterceptor - after completion is invoked Time took is -0.034 seconds.
19859 [Test worker] INFO  c.s.p.interceptor.ApiInterceptor - preHandle method is invoked /api/employee/course GET 1.690555774304E12
19861 [Test worker] INFO  c.s.p.interceptor.ApiInterceptor - after completion is invoked Time took is -0.045 seconds.
19869 [Test worker] INFO  c.s.p.interceptor.ApiInterceptor - preHandle method is invoked /api/employee/updateSalaryById PUT 1.690555774314E12
19872 [Test worker] INFO  c.s.p.interceptor.ApiInterceptor - after completion is invoked Time took is -0.055 seconds.
19880 [Test worker] INFO  c.s.p.interceptor.ApiInterceptor - preHandle method is invoked /api/employee/department/maxSalary GET 1.690555774325E12
19881 [Test worker] INFO  c.s.p.interceptor.ApiInterceptor - postHandle method is invoked /api/employee/department/maxSalary GET 1.690555774326E12
19882 [Test worker] INFO  c.s.p.interceptor.ApiInterceptor - after completion is invoked Time took is 0.001 seconds.
19889 [Test worker] INFO  c.s.p.interceptor.ApiInterceptor - preHandle method is invoked /api/employee GET 1.690555774334E12
19892 [Test worker] INFO  c.s.p.interceptor.ApiInterceptor - postHandle method is invoked /api/employee GET 1.690555774337E12
19892 [Test worker] INFO  c.s.p.interceptor.ApiInterceptor - after completion is invoked Time took is 0.003 seconds.
19972 [Test worker] INFO  c.s.p.service.AddressServiceTest - Starting AddressServiceTest using Java 17.0.7 with PID 21444 (started by ssama in C:\Users\ssama\workspace\git_space\SpringApplication-jpa)
19973 [Test worker] DEBUG c.s.p.service.AddressServiceTest - Running with Spring Boot v3.1.1, Spring v6.0.10
19973 [Test worker] INFO  c.s.p.service.AddressServiceTest - No active profile set, falling back to 1 default profile: "default"
21221 [Test worker] INFO  c.s.p.service.AddressServiceTest - Started AddressServiceTest in 1.294 seconds (process running for 23.288)
21338 [Test worker] INFO  c.s.p.service.CourseServiceTest - Starting CourseServiceTest using Java 17.0.7 with PID 21444 (started by ssama in C:\Users\ssama\workspace\git_space\SpringApplication-jpa)
21338 [Test worker] DEBUG c.s.p.service.CourseServiceTest - Running with Spring Boot v3.1.1, Spring v6.0.10
21338 [Test worker] INFO  c.s.p.service.CourseServiceTest - No active profile set, falling back to 1 default profile: "default"
22395 [Test worker] INFO  c.s.p.service.CourseServiceTest - Started CourseServiceTest in 1.091 seconds (process running for 24.461)
22407 [Test worker] ERROR c.s.p.service.CourseServiceImpl - Invalid coursename
22506 [Test worker] INFO  c.s.p.service.EmployeeServiceTest - Starting EmployeeServiceTest using Java 17.0.7 with PID 21444 (started by ssama in C:\Users\ssama\workspace\git_space\SpringApplication-jpa)
22506 [Test worker] DEBUG c.s.p.service.EmployeeServiceTest - Running with Spring Boot v3.1.1, Spring v6.0.10
22507 [Test worker] INFO  c.s.p.service.EmployeeServiceTest - No active profile set, falling back to 1 default profile: "default"
23530 [Test worker] INFO  c.s.p.service.EmployeeServiceTest - Started EmployeeServiceTest in 1.067 seconds (process running for 25.597)
23576 [Test worker] INFO  c.s.p.service.EmployeeServiceImpl - Course already exists !
23577 [Test worker] INFO  c.s.p.service.EmployeeServiceImpl - Course already exists !
23619 [Test worker] INFO  c.s.p.service.EmployeeServiceImpl - Course already exists !
23619 [Test worker] INFO  c.s.p.service.EmployeeServiceImpl - Course already exists !
23658 [Test worker] ERROR c.s.p.service.EmployeeServiceImpl - Employee with id : 0  does not exist ! 
23719 [Test worker] ERROR c.s.p.service.EmployeeServiceImpl - Employee with lastname sujith is not inserted
687  [restartedMain] INFO  c.sujith.project.ProjectApplication - Starting ProjectApplication using Java 17.0.8 with PID 26288 (C:\Users\ssama\workspace\git_space\SpringApplication-jpa\build\classes\java\main started by ssama in C:\Users\ssama\workspace\git_space\SpringApplication-jpa)
687  [restartedMain] DEBUG c.sujith.project.ProjectApplication - Running with Spring Boot v3.1.1, Spring v6.0.10
688  [restartedMain] INFO  c.sujith.project.ProjectApplication - No active profile set, falling back to 1 default profile: "default"
5589 [restartedMain] INFO  c.sujith.project.ProjectApplication - Started ProjectApplication in 5.283 seconds (process running for 6.082)
